[2026-07-25T22:46:23.3540790Z] screenshot frame=600 cameraPos=(212.00,50.07,180.56) cameraTarget=(212.00,8.00,150.00)
[2026-07-25T22:46:23.3718552Z] timing frame=1.63ms fps=612.9 cleanPerf=0 visibleEntities=6 performerActive=32 performerDefs=rts.frontline.harvester.team_band:2,rts.frontline.harvester.cab:2,rts.frontline.harvester.cargo:2,rts.frontline.harvester.chassis:2,rts.frontline.infantry.team_band:2,rts.frontline.infantry.helmet:2,rts.frontline.infantry.body:2,rts.frontline.crystal.right:2 primitiveRaw=21 primitiveStaticRaw=21 skinnedRaw=0 gpuSkinned=0/0 gpuSkinBuild=0.00 gpuSkinDraw=0.00 gap=0.00 poll=0.00 pre=0.01 tick=0.72 post=0.01 begin=0.00 sim=0.00 simTop1=:0.00 simTop2=:0.00 simTop3=:0.00 presentation=0.57 presTop1=:0.00 presTop2=:0.00 presTop3=:0.00 behavior=0.04 behaviorBoot=1 behaviorOwner=0 behaviorAttr=0 behaviorTag=0 behaviorTick=0 animator=0.00 transformSync=0.01 minimapCollect=0.00 minimapMarkers=0/0 minimapProject=0.00 minimapScreen=0/0 heightSync=0.00 heightSamples=7 requestFlush=0.01 spawnBatch=0.00/0.00/0.00/0.00 spawnPerf=0.00/0.00/0.00 spawnPerfParts=0.00/0.00/0.00/0.00/0.00/0.00 spawnPerfChildParts=0.00/0.00/0.00/0.00/0.00 cull=0.08 cullSpatial=0.06 cullStatic=0.00 cullDyn=0.01 cullEntity=0.01 cullSync=0.00 hudProj=0.00 hudRaw=0 hudProjected=0 hudDensitySkip=0 mode3D=0.57 terrain=0.08 terrainChunks=16/0 field=0.00 fieldCount=0 fieldDirty=0 fieldArea=0 fieldDraws=0 primitive=0.10 primSync=0.00 primBucket=0.00 primImmediate=0.10 primImmediateSkip=0 primBuild=0.00 primDraw=0.00 primInstances=21 primBatches=12 primCache=0/0 ground=0.06 groundCount=1 groundRaw=1 spline=0.00 splineCount=0 splineRaw=0 debugDraw=0.00 debugDrawCount=0 debugDrawRaw=0 overlay=0.18 overlayBuild=0.00 overlayDirtyLanes=0 overlayItems=12 overlayRebuilt=0 overlayPaint=0.00 overlayComposite=0.00 uiRender=0.00 uiUpload=0.00 overlayFinal=0.17 nativeDiag=0.00 emit=0.03 emitDirty=0.00 emitDirtyCount=0 emitRetained=0.02 emitRetainedCount=1 emitRetainedDirectPath=0/1/1 endDraw=0.13 screenshot=0.00 worldHud=0 screenBars=0 screenText=0 worldHudDrops=0 screenHudDrops=0 overlaySceneDrops=0
[2026-07-25T22:46:23.3750349Z] prefab-visual-counts lastFrame(mesh=21,decal=0,vfx=0,surface=0) total(mesh=10839,decal=0,vfx=0,surface=0)
[2026-07-25T22:46:23.3766979Z] primitive-lane bucketCount=0
[2026-07-25T22:46:23.3913118Z] presentation-receipt template=rts.frontline.core.base templateId=41 submitted=1 onscreen=1 minShortEdgePx=54.32 minAreaPx2=4329.29
[2026-07-25T22:46:23.3920069Z] presentation-receipt template=rts.frontline.core.reactor templateId=42 submitted=1 onscreen=1 minShortEdgePx=19.96 minAreaPx2=423.59
[2026-07-25T22:46:23.3924038Z] presentation-receipt template=rts.frontline.core.beacon templateId=43 submitted=1 onscreen=1 minShortEdgePx=2.91 minAreaPx2=10.21
[2026-07-25T22:46:23.3931272Z] presentation-receipt template=rts.frontline.core.team_band templateId=44 submitted=1 onscreen=1 minShortEdgePx=27.08 minAreaPx2=1099.13
[2026-07-25T22:46:23.3938912Z] presentation-receipt template=rts.frontline.harvester.chassis templateId=46 submitted=2 onscreen=2 minShortEdgePx=30.71 minAreaPx2=1041.66
[2026-07-25T22:46:23.3945693Z] presentation-receipt template=rts.frontline.harvester.cargo templateId=47 submitted=2 onscreen=2 minShortEdgePx=11.99 minAreaPx2=194.50
[2026-07-25T22:46:23.3952363Z] presentation-receipt template=rts.frontline.harvester.cab templateId=48 submitted=2 onscreen=2 minShortEdgePx=7.39 minAreaPx2=60.65
[2026-07-25T22:46:23.3957730Z] presentation-receipt template=rts.frontline.harvester.team_band templateId=49 submitted=2 onscreen=2 minShortEdgePx=32.94 minAreaPx2=1263.46
[2026-07-25T22:46:23.3961693Z] presentation-receipt template=rts.frontline.infantry.body templateId=50 submitted=2 onscreen=2 minShortEdgePx=23.03 minAreaPx2=591.07
[2026-07-25T22:46:23.3965166Z] presentation-receipt template=rts.frontline.infantry.helmet templateId=51 submitted=2 onscreen=2 minShortEdgePx=16.07 minAreaPx2=404.21
[2026-07-25T22:46:23.3968398Z] presentation-receipt template=rts.frontline.infantry.team_band templateId=52 submitted=2 onscreen=2 minShortEdgePx=14.04 minAreaPx2=357.19
[2026-07-25T22:46:23.3972575Z] presentation-receipt template=rts.frontline.crystal.center templateId=54 submitted=1 onscreen=1 minShortEdgePx=38.96 minAreaPx2=1615.60
[2026-07-25T22:46:23.3976944Z] presentation-receipt template=rts.frontline.crystal.left templateId=55 submitted=1 onscreen=1 minShortEdgePx=20.52 minAreaPx2=440.74
[2026-07-25T22:46:23.3980590Z] presentation-receipt template=rts.frontline.crystal.right templateId=56 submitted=1 onscreen=1 minShortEdgePx=15.15 minAreaPx2=241.39
[2026-07-25T22:46:23.4027821Z] windowFocused=True pointer=(0,0) authPointer=(0,0) liveSelect[down=False,pressed=False,released=False] authSelect[down=False,pressed=False,released=False] liveCommand[down=False,pressed=False,released=False] authCommand[down=False,pressed=False,released=False] hovered=(none) commandSource=Crystal Harvester#11 uiCaptured=False drag=idle targets=(none)
[2026-07-25T22:46:29.5097315Z] screenshot frame=6100 cameraPos=(212.00,50.07,180.56) cameraTarget=(212.00,8.00,150.00)
[2026-07-25T22:46:29.5107208Z] timing frame=0.86ms fps=1161.0 cleanPerf=0 visibleEntities=6 performerActive=32 performerDefs=rts.frontline.harvester.team_band:2,rts.frontline.harvester.cab:2,rts.frontline.harvester.cargo:2,rts.frontline.harvester.chassis:2,rts.frontline.infantry.team_band:2,rts.frontline.infantry.helmet:2,rts.frontline.infantry.body:2,rts.frontline.crystal.right:2 primitiveRaw=21 primitiveStaticRaw=21 skinnedRaw=0 gpuSkinned=0/0 gpuSkinBuild=0.00 gpuSkinDraw=0.00 gap=0.00 poll=0.00 pre=0.01 tick=0.35 post=0.01 begin=0.00 sim=0.00 simTop1=:0.00 simTop2=:0.00 simTop3=:0.00 presentation=0.20 presTop1=:0.00 presTop2=:0.00 presTop3=:0.00 behavior=0.02 behaviorBoot=1 behaviorOwner=0 behaviorAttr=0 behaviorTag=0 behaviorTick=0 animator=0.00 transformSync=0.00 minimapCollect=0.00 minimapMarkers=0/0 minimapProject=0.00 minimapScreen=0/0 heightSync=0.00 heightSamples=7 requestFlush=0.01 spawnBatch=0.00/0.00/0.00/0.00 spawnPerf=0.00/0.00/0.00 spawnPerfParts=0.00/0.00/0.00/0.00/0.00/0.00 spawnPerfChildParts=0.00/0.00/0.00/0.00/0.00 cull=0.05 cullSpatial=0.03 cullStatic=0.00 cullDyn=0.01 cullEntity=0.01 cullSync=0.00 hudProj=0.00 hudRaw=0 hudProjected=0 hudDensitySkip=0 mode3D=0.32 terrain=0.05 terrainChunks=16/0 field=0.00 fieldCount=0 fieldDirty=0 fieldArea=0 fieldDraws=0 primitive=0.09 primSync=0.00 primBucket=0.00 primImmediate=0.09 primImmediateSkip=0 primBuild=0.00 primDraw=0.00 primInstances=21 primBatches=12 primCache=0/0 ground=0.05 groundCount=1 groundRaw=1 spline=0.00 splineCount=0 splineRaw=0 debugDraw=0.00 debugDrawCount=0 debugDrawRaw=0 overlay=0.09 overlayBuild=0.00 overlayDirtyLanes=0 overlayItems=12 overlayRebuilt=0 overlayPaint=0.00 overlayComposite=0.00 uiRender=0.00 uiUpload=0.00 overlayFinal=0.09 nativeDiag=0.00 emit=0.02 emitDirty=0.00 emitDirtyCount=0 emitRetained=0.01 emitRetainedCount=1 emitRetainedDirectPath=0/1/1 endDraw=0.08 screenshot=140.44 worldHud=0 screenBars=0 screenText=0 worldHudDrops=0 screenHudDrops=0 overlaySceneDrops=0
[2026-07-25T22:46:29.5111976Z] prefab-visual-counts lastFrame(mesh=21,decal=0,vfx=0,surface=0) total(mesh=126339,decal=0,vfx=0,surface=0)
[2026-07-25T22:46:29.5115443Z] primitive-lane bucketCount=0
[2026-07-25T22:46:29.5121165Z] presentation-receipt template=rts.frontline.core.base templateId=41 submitted=1 onscreen=1 minShortEdgePx=54.32 minAreaPx2=4329.29
[2026-07-25T22:46:29.5125860Z] presentation-receipt template=rts.frontline.core.reactor templateId=42 submitted=1 onscreen=1 minShortEdgePx=19.96 minAreaPx2=423.59
[2026-07-25T22:46:29.5129299Z] presentation-receipt template=rts.frontline.core.beacon templateId=43 submitted=1 onscreen=1 minShortEdgePx=2.91 minAreaPx2=10.21
[2026-07-25T22:46:29.5132508Z] presentation-receipt template=rts.frontline.core.team_band templateId=44 submitted=1 onscreen=1 minShortEdgePx=27.08 minAreaPx2=1099.13
[2026-07-25T22:46:29.5135642Z] presentation-receipt template=rts.frontline.harvester.chassis templateId=46 submitted=2 onscreen=2 minShortEdgePx=30.71 minAreaPx2=1041.66
[2026-07-25T22:46:29.5139342Z] presentation-receipt template=rts.frontline.harvester.cargo templateId=47 submitted=2 onscreen=2 minShortEdgePx=11.99 minAreaPx2=194.50
[2026-07-25T22:46:29.5143601Z] presentation-receipt template=rts.frontline.harvester.cab templateId=48 submitted=2 onscreen=2 minShortEdgePx=7.39 minAreaPx2=60.65
[2026-07-25T22:46:29.5147100Z] presentation-receipt template=rts.frontline.harvester.team_band templateId=49 submitted=2 onscreen=2 minShortEdgePx=32.94 minAreaPx2=1263.46
[2026-07-25T22:46:29.5150276Z] presentation-receipt template=rts.frontline.infantry.body templateId=50 submitted=2 onscreen=2 minShortEdgePx=23.03 minAreaPx2=591.07
[2026-07-25T22:46:29.5153407Z] presentation-receipt template=rts.frontline.infantry.helmet templateId=51 submitted=2 onscreen=2 minShortEdgePx=16.07 minAreaPx2=404.21
[2026-07-25T22:46:29.5156418Z] presentation-receipt template=rts.frontline.infantry.team_band templateId=52 submitted=2 onscreen=2 minShortEdgePx=14.04 minAreaPx2=357.19
[2026-07-25T22:46:29.5159672Z] presentation-receipt template=rts.frontline.crystal.center templateId=54 submitted=1 onscreen=1 minShortEdgePx=38.96 minAreaPx2=1615.60
[2026-07-25T22:46:29.5163320Z] presentation-receipt template=rts.frontline.crystal.left templateId=55 submitted=1 onscreen=1 minShortEdgePx=20.52 minAreaPx2=440.74
[2026-07-25T22:46:29.5166606Z] presentation-receipt template=rts.frontline.crystal.right templateId=56 submitted=1 onscreen=1 minShortEdgePx=15.15 minAreaPx2=241.39
[2026-07-25T22:46:29.5171715Z] windowFocused=True pointer=(0,0) authPointer=(0,0) liveSelect[down=False,pressed=False,released=False] authSelect[down=False,pressed=False,released=False] liveCommand[down=False,pressed=False,released=False] authCommand[down=False,pressed=False,released=False] hovered=(none) commandSource=Crystal Harvester#11 uiCaptured=False drag=idle targets=(none)
[2026-07-25T22:46:30.6315068Z] screenshot frame=7000 cameraPos=(212.00,50.07,180.56) cameraTarget=(212.00,8.00,150.00)
[2026-07-25T22:46:30.6324879Z] timing frame=0.90ms fps=1115.1 cleanPerf=0 visibleEntities=6 performerActive=32 performerDefs=rts.frontline.harvester.team_band:2,rts.frontline.harvester.cab:2,rts.frontline.harvester.cargo:2,rts.frontline.harvester.chassis:2,rts.frontline.infantry.team_band:2,rts.frontline.infantry.helmet:2,rts.frontline.infantry.body:2,rts.frontline.crystal.right:2 primitiveRaw=21 primitiveStaticRaw=21 skinnedRaw=0 gpuSkinned=0/0 gpuSkinBuild=0.00 gpuSkinDraw=0.00 gap=0.01 poll=0.00 pre=0.01 tick=0.29 post=0.00 begin=0.00 sim=0.00 simTop1=:0.00 simTop2=:0.00 simTop3=:0.00 presentation=0.14 presTop1=:0.00 presTop2=:0.00 presTop3=:0.00 behavior=0.01 behaviorBoot=1 behaviorOwner=0 behaviorAttr=0 behaviorTag=0 behaviorTick=0 animator=0.00 transformSync=0.00 minimapCollect=0.00 minimapMarkers=0/0 minimapProject=0.00 minimapScreen=0/0 heightSync=0.00 heightSamples=7 requestFlush=0.01 spawnBatch=0.00/0.00/0.00/0.00 spawnPerf=0.00/0.00/0.00 spawnPerfParts=0.00/0.00/0.00/0.00/0.00/0.00 spawnPerfChildParts=0.00/0.00/0.00/0.00/0.00 cull=0.03 cullSpatial=0.02 cullStatic=0.00 cullDyn=0.01 cullEntity=0.01 cullSync=0.00 hudProj=0.00 hudRaw=0 hudProjected=0 hudDensitySkip=0 mode3D=0.28 terrain=0.05 terrainChunks=16/0 field=0.00 fieldCount=0 fieldDirty=0 fieldArea=0 fieldDraws=0 primitive=0.09 primSync=0.00 primBucket=0.00 primImmediate=0.09 primImmediateSkip=0 primBuild=0.00 primDraw=0.00 primInstances=21 primBatches=12 primCache=0/0 ground=0.05 groundCount=1 groundRaw=1 spline=0.00 splineCount=0 splineRaw=0 debugDraw=0.00 debugDrawCount=0 debugDrawRaw=0 overlay=0.09 overlayBuild=0.00 overlayDirtyLanes=0 overlayItems=12 overlayRebuilt=0 overlayPaint=0.00 overlayComposite=0.00 uiRender=0.00 uiUpload=0.00 overlayFinal=0.09 nativeDiag=0.00 emit=0.02 emitDirty=0.00 emitDirtyCount=0 emitRetained=0.01 emitRetainedCount=1 emitRetainedDirectPath=0/1/1 endDraw=0.21 screenshot=200.73 worldHud=0 screenBars=0 screenText=0 worldHudDrops=0 screenHudDrops=0 overlaySceneDrops=0
[2026-07-25T22:46:30.6329959Z] prefab-visual-counts lastFrame(mesh=21,decal=0,vfx=0,surface=0) total(mesh=145239,decal=0,vfx=0,surface=0)
[2026-07-25T22:46:30.6339041Z] primitive-lane bucketCount=0
[2026-07-25T22:46:30.6349994Z] presentation-receipt template=rts.frontline.core.base templateId=41 submitted=1 onscreen=1 minShortEdgePx=54.32 minAreaPx2=4329.29
[2026-07-25T22:46:30.6355910Z] presentation-receipt template=rts.frontline.core.reactor templateId=42 submitted=1 onscreen=1 minShortEdgePx=19.96 minAreaPx2=423.59
[2026-07-25T22:46:30.6359499Z] presentation-receipt template=rts.frontline.core.beacon templateId=43 submitted=1 onscreen=1 minShortEdgePx=2.91 minAreaPx2=10.21
[2026-07-25T22:46:30.6362544Z] presentation-receipt template=rts.frontline.core.team_band templateId=44 submitted=1 onscreen=1 minShortEdgePx=27.08 minAreaPx2=1099.13
[2026-07-25T22:46:30.6366436Z] presentation-receipt template=rts.frontline.harvester.chassis templateId=46 submitted=2 onscreen=2 minShortEdgePx=30.71 minAreaPx2=1041.66
[2026-07-25T22:46:30.6374409Z] presentation-receipt template=rts.frontline.harvester.cargo templateId=47 submitted=2 onscreen=2 minShortEdgePx=11.99 minAreaPx2=194.50
[2026-07-25T22:46:30.6379691Z] presentation-receipt template=rts.frontline.harvester.cab templateId=48 submitted=2 onscreen=2 minShortEdgePx=7.39 minAreaPx2=60.65
[2026-07-25T22:46:30.6384547Z] presentation-receipt template=rts.frontline.harvester.team_band templateId=49 submitted=2 onscreen=2 minShortEdgePx=32.94 minAreaPx2=1263.46
[2026-07-25T22:46:30.6390647Z] presentation-receipt template=rts.frontline.infantry.body templateId=50 submitted=2 onscreen=2 minShortEdgePx=23.03 minAreaPx2=591.07
[2026-07-25T22:46:30.6394349Z] presentation-receipt template=rts.frontline.infantry.helmet templateId=51 submitted=2 onscreen=2 minShortEdgePx=16.07 minAreaPx2=404.21
[2026-07-25T22:46:30.6397484Z] presentation-receipt template=rts.frontline.infantry.team_band templateId=52 submitted=2 onscreen=2 minShortEdgePx=14.04 minAreaPx2=357.19
[2026-07-25T22:46:30.6400631Z] presentation-receipt template=rts.frontline.crystal.center templateId=54 submitted=1 onscreen=1 minShortEdgePx=38.96 minAreaPx2=1615.60
[2026-07-25T22:46:30.6404466Z] presentation-receipt template=rts.frontline.crystal.left templateId=55 submitted=1 onscreen=1 minShortEdgePx=20.52 minAreaPx2=440.74
[2026-07-25T22:46:30.6412387Z] presentation-receipt template=rts.frontline.crystal.right templateId=56 submitted=1 onscreen=1 minShortEdgePx=15.15 minAreaPx2=241.39
[2026-07-25T22:46:30.6421429Z] windowFocused=True pointer=(0,0) authPointer=(0,0) liveSelect[down=False,pressed=False,released=False] authSelect[down=False,pressed=False,released=False] liveCommand[down=False,pressed=False,released=False] authCommand[down=False,pressed=False,released=False] hovered=(none) commandSource=Crystal Harvester#11 uiCaptured=False drag=idle targets=(none)
