[INF][Engine] Initializing with ConfigPipeline...
[INF][Engine] Applying explicit mod plan: mods=5
[INF][ModLoader] Resolved Mod Load Order (launcher graph):
[INF][ModLoader] - LudotsCoreMod (P:-1000)
[INF][ModLoader] - SangoContentMod (P:0)
[INF][ModLoader] - SangoTerrainMod (P:0)
[INF][ModLoader] - SangoSimMod (P:5)
[INF][ModLoader] - AgentBridgeMod (P:950)
[INF][ModLoader] Loading DLL for LudotsCoreMod at C:\001_AI\SangoPort\ludots\mods\LudotsCoreMod\bin\net9.0\LudotsCoreMod.dll
[INF][ModLoader] Scanning 2 types in assembly...
[INF][ModLoader] Instantiated entry for LudotsCoreMod. Calling OnLoad...
[INF][Mod.LudotsCoreMod] [LudotsCoreMod] Loaded - Core game framework initialized
[INF][ModLoader] LudotsCoreMod OnLoad completed.
[INF][ModLoader] Loaded LudotsCoreMod
[INF][ModLoader] Loading DLL for SangoContentMod at C:\001_AI\SangoPort\ludots\mods\sango\SangoContentMod\bin\net9.0\SangoContentMod.dll
[INF][ModLoader] Scanning 32 types in assembly...
[INF][ModLoader] Instantiated entry for SangoContentMod. Calling OnLoad...
[INF][Mod.SangoContentMod] [SangoContentMod] Loaded (assets/Data tables + assets/Scenario; table loading lands with the sim milestone).
[INF][ModLoader] SangoContentMod OnLoad completed.
[INF][ModLoader] Loaded SangoContentMod
[INF][ModLoader] Skip code load for SangoTerrainMod: manifest has no 'main' (asset-only mod).
[INF][ModLoader] Loading DLL for SangoSimMod at C:\001_AI\SangoPort\ludots\mods\sango\SangoSimMod\bin\net9.0\SangoSimMod.dll
[INF][ModLoader] Scanning 1124 types in assembly...
[INF][ModLoader] Instantiated entry for SangoSimMod. Calling OnLoad...
[INF][Mod.SangoSimMod] [SangoSimMod] Loaded (M1.b: kernel boot on first manual turn, assets via VFS; M1.d: sango.sim save participant; M2.a: MapLoaded field/city-marker sync; M2.b: troop markers + seed event; M2.d: step-turns/journal dev events; M3.f: combat challenge trigger online; M3-end: entity mirror read model; D-1': native city entities + GAS attributes; D-2': native person entities + GAS attributes; D-3': native troop/corps entities + GAS attributes)
[INF][ModLoader] SangoSimMod OnLoad completed.
[INF][ModLoader] Loaded SangoSimMod
[INF][ModLoader] Loading DLL for AgentBridgeMod at C:\001_AI\SangoPort\ludots\mods\AgentBridgeMod\bin\net9.0\AgentBridgeMod.dll
[INF][ModLoader] Scanning 3 types in assembly...
[INF][ModLoader] Instantiated entry for AgentBridgeMod. Calling OnLoad...
[INF][ModLoader] AgentBridgeMod OnLoad completed.
[INF][ModLoader] Loaded AgentBridgeMod
[INF][Config] Merged fragment from: Core:game.json
[INF][Config] Merged fragment from: LudotsCoreMod:assets/game.json
[INF][Config] Merged fragment from: SangoTerrainMod:assets/game.json
[INF][Config] Merged fragment from: Core:config_catalog.json
[INF][Config] Merged fragment from: Core:Navigation/agent_profiles.json
[INF][Engine] Merged GameConfig: StartupMapId=sango_default, DefaultCoreMod=LudotsCoreMod
[INF][Engine] Constants loaded: OrderTypeIds=4, ResponseChainOrderTypeIds=3
[INF][Engine] Initializing JobScheduler...
[INF][Config] Loading DataRegistry<EntityTemplate> from Entities/templates.json...
[INF][Config] Merged fragment from: LudotsCoreMod:assets/Entities/templates.json
[INF][Config] Merged fragment from: SangoTerrainMod:assets/Entities/templates.json
[INF][Config] Merged fragment from: SangoSimMod:assets/Entities/templates.json
[INF][Config] Loaded 11 DataRegistry<EntityTemplate> items.
[INF][Engine] Initializing Core GAS Systems...
[INF][Config] Merged fragment from: Core:Engine/clock.json
[INF][Config] Merged fragment from: Core:Relationships/catalog.json
[INF][Config] Merged fragment from: LudotsCoreMod:assets/Relationships/catalog.json
[INF][Config] Merged fragment from: Core:Relationships/control_profiles.json
[INF][Config] Merged fragment from: Core:GAS/target_dispatch_presets.json
[INF][Config] Merged fragment from: Core:GAS/clock.json
[INF][Config] Merged fragment from: SangoSimMod:assets/GAS/clock.json
[INF][Config] Merged fragment from: Core:Physics2D/clock.json
[INF][Config] Merged fragment from: Core:Physics2D/solver.json
[INF][Config] Merged fragment from: Core:Physics2D/kinematic.json
[INF][Config] Merged fragment from: Core:GAS/attribute_constraints.json
[INF][Config] Merged fragment from: Core:Enums/enums.json
[INF][Config] Merged fragment from: Core:Vision/fog_layers.json
[INF][Config] Merged fragment from: SangoSimMod:assets/Fields/layers.json
[INF][Config] Merged fragment from: LudotsCoreMod:assets/Presentation/text_tokens.json
[INF][Config] Merged fragment from: SangoTerrainMod:assets/Presentation/text_tokens.json
[INF][Config] Merged fragment from: LudotsCoreMod:assets/Presentation/text_tokens.json
[INF][Config] Merged fragment from: SangoTerrainMod:assets/Presentation/text_tokens.json
[INF][Config] Merged fragment from: LudotsCoreMod:assets/Presentation/text_locales.json
[INF][Config] Merged fragment from: SangoTerrainMod:assets/Presentation/text_locales.json
[INF][Config] Merged fragment from: Core:GraphTables/lookup_tables.json
[INF][Config] Merged fragment from: Core:GAS/graphs.json
[INF][Config] Merged fragment from: Core:GAS/preset_types.json
[INF][Config] Merged fragment from: SangoSimMod:assets/GAS/preset_types.json
[INF][Config] Merged fragment from: Core:Exchange/operations.json
[INF][Config] Merged fragment from: Core:Progression/scopes.json
[INF][Config] Merged fragment from: Core:Progression/progressions.json
[INF][Config] Merged fragment from: Core:Progression/requirements.json
[INF][Config] Merged fragment from: LudotsCoreMod:assets/GAS/order_types.json
[INF][Config] Merged fragment from: Core:GAS/effects.json
[INF][Config] Merged fragment from: SangoSimMod:assets/GAS/effects.json
[INF][Config] Merged fragment from: SangoSimMod:assets/GAS/abilities.json
[INF][Config] Merged fragment from: Core:GAS/func_lib.json
[INF][Config] Merged fragment from: Core:GAS/action_lib.json
[INF][Config] Merged fragment from: Core:Items/shapes.json
[INF][Config] Merged fragment from: Core:Items/layouts.json
[INF][Config] Merged fragment from: Core:Items/definitions.json
[INF][Config] Merged fragment from: Core:Exchange/operations.json
[INF][Config] Merged fragment from: Core:Panels/panel_templates.json
[INF][Config] Merged fragment from: Core:Input/filter_profiles.json
[INF][Config] Merged fragment from: Core:Presentation/lod_profiles.json
[INF][Config] Merged fragment from: Core:Presentation/particle_vfx.json
[INF][Config] Merged fragment from: LudotsCoreMod:assets/Presentation/mesh_assets.json
[INF][Config] Merged fragment from: SangoTerrainMod:assets/Presentation/mesh_assets.json
[INF][Config] Merged fragment from: LudotsCoreMod:assets/Presentation/material_assets.json
[INF][Config] Merged fragment from: SangoTerrainMod:assets/Presentation/instanced_batches.json
[INF][Config] Merged fragment from: LudotsCoreMod:assets/Presentation/animator_controllers.json
[INF][Config] Merged fragment from: LudotsCoreMod:assets/Presentation/animation_clips.json
[INF][Config] Merged fragment from: LudotsCoreMod:assets/Presentation/animation_profiles.json
[INF][Config] Merged fragment from: Core:Input/interaction_context_profiles.json
[INF][Config] Merged fragment from: LudotsCoreMod:assets/Presentation/presenters.json
[INF][Config] Merged fragment from: SangoTerrainMod:assets/Presentation/presenters.json
[INF][Config] Merged fragment from: SangoSimMod:assets/Presentation/presenters.json
[INF][Config] Merged fragment from: Core:GAS/attribute_bindings.json
[INF][Config] Merged fragment from: Core:config_catalog.json
[INF][Config] Merged fragment from: Core:Input/default_input.json
[INF][Config] Merged fragment from: Core:Input/action_attribute_bindings.json
[INF][Config] Merged fragment from: Core:Input/command_intent_profiles.json
[INF][Config] Merged fragment from: Core:Input/cast_commit_profiles.json
[INF][Config] Merged fragment from: Core:Input/cast_commit_locks.json
[INF][Config] Merged fragment from: Core:Input/cast_dispatch_profiles.json
[INF][Config] Merged fragment from: Core:Input/control_schemes.json
[INF][Config] Merged fragment from: Core:Input/interaction_prefs.json
[INF][Config] Merged fragment from: Core:Input/interaction_modes.json
[INF][Config] Merged fragment from: Core:UI/ability_aggregation_profiles.json
[INF][Config] Merged fragment from: Core:UI/command_deck_profiles.json
[INF][Config] Merged fragment from: Core:UI/production_overview_profiles.json
[INF][Config] Merged fragment from: Core:AI/behavior_trees.json
[INF][Config] Merged fragment from: Core:AI/hfsm.json
[INF][Config] Merged fragment from: Core:Presentation/semantic_maps.json
[INF][Config] Merged fragment from: Core:Presentation/image_assets.json
[INF][Config] Merged fragment from: Core:Camera/virtual_cameras.json
[INF][Config] Merged fragment from: SangoTerrainMod:assets/Camera/virtual_cameras.json
[INF][Config] Merged fragment from: Core:Story/lines.json
[INF][Config] Merged fragment from: Core:Story/presentation_profiles.json
[INF][Config] Merged fragment from: Core:Story/speakers.json
[INF][Config] Merged fragment from: Core:Dialogue/dialogues.json
[INF][Config] Merged fragment from: Core:Sequencer/sequences.json
[INF][ModLoader] No registration conflicts detected.
[INF][Config] Merged fragment from: SangoTerrainMod:assets/Presentation/host_assets.json
[INF][Config] Merged fragment from: Core:config_catalog.json
[INF][Config] Merged fragment from: Core:Input/default_input.json
INFO: Initializing raylib 5.5
INFO: Platform backend: DESKTOP (GLFW)
INFO: Supported raylib modules:
INFO:     > rcore:..... loaded (mandatory)
INFO:     > rlgl:...... loaded (mandatory)
INFO:     > rshapes:... loaded (optional)
INFO:     > rtextures:. loaded (optional)
INFO:     > rtext:..... loaded (optional)
INFO:     > rmodels:... loaded (optional)
INFO:     > raudio:.... loaded (optional)
INFO: DISPLAY: Device initialized successfully
INFO:     > Display size: 2560 x 1600
INFO:     > Screen size:  1600 x 900
INFO:     > Render size:  1600 x 900
INFO:     > Viewport offsets: 0, 0
INFO: GLAD: OpenGL extensions loaded successfully
INFO: GL: Supported extensions count: 296
INFO: GL: OpenGL device information:
INFO:     > Vendor:   ATI Technologies Inc.
INFO:     > Renderer: AMD Radeon(TM) 8060S Graphics
INFO:     > Version:  3.3.0 Core Profile Context 26.10.32.01.260717
INFO:     > GLSL:     4.60
INFO: GL: VAO extension detected, VAO functions loaded successfully
INFO: GL: NPOT textures extension detected, full NPOT textures supported
INFO: GL: DXT compressed textures supported
INFO: GL: ETC2/EAC compressed textures supported
INFO: PLATFORM: DESKTOP (GLFW - Win32): Initialized successfully
INFO: TEXTURE: [ID 1] Texture loaded successfully (1x1 | R8G8B8A8 | 1 mipmaps)
INFO: TEXTURE: [ID 1] Default texture loaded successfully
INFO: SHADER: [ID 1] Vertex shader compiled successfully
INFO: SHADER: [ID 2] Fragment shader compiled successfully
INFO: SHADER: [ID 3] Program shader loaded successfully
INFO: SHADER: [ID 3] Default shader loaded successfully
INFO: RLGL: Render batch vertex buffers loaded successfully in RAM (CPU)
INFO: RLGL: Render batch vertex buffers loaded successfully in VRAM (GPU)
INFO: RLGL: Default OpenGL state initialized successfully
INFO: TEXTURE: [ID 2] Texture loaded successfully (128x128 | GRAY_ALPHA | 1 mipmaps)
INFO: FONT: Default font loaded successfully (224 glyphs)
INFO: SYSTEM: Working Directory: C:\001_AI\SangoPort\ludots\src\Apps\Raylib\Ludots.App.Raylib\bin\Debug\net9.0
INFO: TIMER: Target time per frame: 0.000 milliseconds
INFO: AUDIO: Device initialized successfully
INFO:     > Backend:       miniaudio | WASAPI
INFO:     > Format:        32-bit IEEE Floating Point -> 32-bit IEEE Floating Point
INFO:     > Channels:      2 -> 2
INFO:     > Sample rate:   48000 -> 48000
INFO:     > Periods size:  1440
[INF][Presentation] GPU Accelerated: False (raster UI compositor)
INFO: TEXTURE: [ID 3] Texture loaded successfully (2560x1511 | R8G8B8A8 | 1 mipmaps)
[INF][Presentation] Skia overlay backend: GPU direct framebuffer underlay with raster compositor for UI/top overlay
[INF][Config] Merged fragment from: SangoTerrainMod:assets/Presentation/water_environments.json
[INF][Config] Merged fragment from: SangoTerrainMod:assets/Presentation/terrain_albedo_environments.json
[INF][Engine] Firing GameStart event...
[LudotsCoreMod] Core systems installed
[INF][Engine] [AgentBridge] listening on http://127.0.0.1:47921/ (discovery: C:\001_AI\SangoPort\ludots\artifacts\agent-bridge\sessions\40736.json)
[INF][Mod.AgentBridgeMod] [AgentBridgeMod] Agent bridge active: http://127.0.0.1:47921/ (38 tools)
[INF][Engine] Activated system 'AgentBridge' (group=SchemaUpdate, presentation=True).
[INF][Engine] Loading Map: sango_default
[INF][Map] Loading Map: sango_default
[INF][Config] Merged fragment from: SangoTerrainMod:assets/Maps/sango_default.json
[INF][Map] Map 'sango_default' loaded.
[INF][Map] Creating HexGridBoard 'default' (1x1 macroTiles, hexEdge=2000cm)
[INF][Engine] Created Board 'default' (type=HexGrid) for map 'sango_default'
[INF][Map] Map 'sango_default' pushed to focus (stack depth=1).
[INF][Engine] Loaded VertexMap 4x4 for board 'default'
[INF][Config] Merged fragment from: Core:Navigation/pathing.json
[INF][Engine] Pathing bootstrap skipped for map 'sango_default': no node-graph board or navmesh query service is loaded.
[INF][Engine] Creating Entities from MapConfig...
[INF][Engine] Applied DefaultCamera: yaw=45 pitch=45 dist=400000cm fov=55
[INF][Engine] Firing MapLoaded event for sango_default...
GameData.Init()
SkillConfigManager.Init()
[INF][Mod.SangoSimMod] [SangoEntityMirror] rebuilt for scenario turn 0: 0 cities, 0 persons, 0 troops
[INF][Config] Merged fragment from: LudotsCoreMod:assets/game.json
[INF][Config] Merged fragment from: SangoSimMod:assets/GAS/preset_types.json
[INF][Config] Merged fragment from: SangoSimMod:assets/GAS/effects.json
[INF][Config] Merged fragment from: SangoSimMod:assets/GAS/abilities.json
[WRN][GAS] AbilityId 1 registered by '(core)', overwritten by '(core)' (last-wins).
[WRN][GAS] AbilityId 2 registered by '(core)', overwritten by '(core)' (last-wins).
[WRN][GAS] AbilityId 3 registered by '(core)', overwritten by '(core)' (last-wins).
[WRN][GAS] AbilityId 4 registered by '(core)', overwritten by '(core)' (last-wins).
[WRN][GAS] AbilityId 5 registered by '(core)', overwritten by '(core)' (last-wins).
[WRN][GAS] AbilityId 6 registered by '(core)', overwritten by '(core)' (last-wins).
[WRN][GAS] AbilityId 7 registered by '(core)', overwritten by '(core)' (last-wins).
[WRN][GAS] AbilityId 8 registered by '(core)', overwritten by '(core)' (last-wins).
[WRN][GAS] AbilityId 9 registered by '(core)', overwritten by '(core)' (last-wins).
[WRN][GAS] AbilityId 10 registered by '(core)', overwritten by '(core)' (last-wins).
[WRN][GAS] AbilityId 11 registered by '(core)', overwritten by '(core)' (last-wins).
[WRN][GAS] AbilityId 12 registered by '(core)', overwritten by '(core)' (last-wins).
[WRN][GAS] AbilityId 13 registered by '(core)', overwritten by '(core)' (last-wins).
[WRN][GAS] AbilityId 14 registered by '(core)', overwritten by '(core)' (last-wins).
[WRN][GAS] AbilityId 15 registered by '(core)', overwritten by '(core)' (last-wins).
[WRN][GAS] AbilityId 16 registered by '(core)', overwritten by '(core)' (last-wins).
[WRN][GAS] AbilityId 17 registered by '(core)', overwritten by '(core)' (last-wins).
[WRN][GAS] AbilityId 18 registered by '(core)', overwritten by '(core)' (last-wins).
[WRN][GAS] AbilityId 19 registered by '(core)', overwritten by '(core)' (last-wins).
[WRN][GAS] AbilityId 20 registered by '(core)', overwritten by '(core)' (last-wins).
[WRN][GAS] AbilityId 21 registered by '(core)', overwritten by '(core)' (last-wins).
[WRN][GAS] AbilityId 22 registered by '(core)', overwritten by '(core)' (last-wins).
[WRN][GAS] AbilityId 23 registered by '(core)', overwritten by '(core)' (last-wins).
[WRN][GAS] AbilityId 24 registered by '(core)', overwritten by '(core)' (last-wins).
[WRN][GAS] AbilityId 25 registered by '(core)', overwritten by '(core)' (last-wins).
[WRN][GAS] AbilityId 26 registered by '(core)', overwritten by '(core)' (last-wins).
[WRN][GAS] AbilityId 27 registered by '(core)', overwritten by '(core)' (last-wins).
[WRN][GAS] AbilityId 28 registered by '(core)', overwritten by '(core)' (last-wins).
[WRN][GAS] AbilityId 29 registered by '(core)', overwritten by '(core)' (last-wins).
[WRN][GAS] AbilityId 30 registered by '(core)', overwritten by '(core)' (last-wins).
[INF][Mod.SangoSimMod] [SangoSimMod] M2.a: field layers populated; 88 city markers spawned; M3.b: 177 map labels spawned; M2.b/D-3': troop marker runtime online on native troop entities (0 troops)
INFO: TEXTURE: [ID 4] Texture loaded successfully (1x1 | R8G8B8A8 | 1 mipmaps)
INFO: SHADER: [ID 4] Vertex shader compiled successfully
INFO: SHADER: [ID 5] Fragment shader compiled successfully
INFO: SHADER: [ID 6] Program shader loaded successfully
INFO: FILEIO: [C:\001_AI\SangoPort\ludots\mods\sango\SangoTerrainMod\assets\Textures\terrain_sand.png] File loaded successfully
INFO: IMAGE: Data loaded successfully (256x256 | R8G8B8 | 1 mipmaps)
INFO: TEXTURE: [ID 5] Texture loaded successfully (256x256 | R8G8B8 | 1 mipmaps)
INFO: FILEIO: [C:\001_AI\SangoPort\ludots\mods\sango\SangoTerrainMod\assets\Textures\terrain_grass.png] File loaded successfully
INFO: IMAGE: Data loaded successfully (256x256 | R8G8B8 | 1 mipmaps)
INFO: TEXTURE: [ID 6] Texture loaded successfully (256x256 | R8G8B8 | 1 mipmaps)
INFO: FILEIO: [C:\001_AI\SangoPort\ludots\mods\sango\SangoTerrainMod\assets\Textures\terrain_dirt.png] File loaded successfully
INFO: IMAGE: Data loaded successfully (256x256 | R8G8B8 | 1 mipmaps)
INFO: TEXTURE: [ID 7] Texture loaded successfully (256x256 | R8G8B8 | 1 mipmaps)
INFO: FILEIO: [C:\001_AI\SangoPort\ludots\mods\sango\SangoTerrainMod\assets\Textures\terrain_rock.png] File loaded successfully
INFO: IMAGE: Data loaded successfully (256x256 | R8G8B8 | 1 mipmaps)
INFO: TEXTURE: [ID 8] Texture loaded successfully (256x256 | R8G8B8 | 1 mipmaps)
INFO: FILEIO: [C:\001_AI\SangoPort\ludots\mods\sango\SangoTerrainMod\assets\Textures\terrain_control_weights.png] File loaded successfully
INFO: IMAGE: Data loaded successfully (2048x2048 | R8G8B8A8 | 1 mipmaps)
INFO: TEXTURE: [ID 9] Texture loaded successfully (2048x2048 | R8G8B8A8 | 1 mipmaps)
INFO: TEXTURE: [ID 10] Texture loaded successfully (1280x756 | R8G8B8A8 | 1 mipmaps)
INFO: TEXTURE: [ID 1] Depth renderbuffer loaded successfully (32 bits)
INFO: FBO: [ID 1] Framebuffer object created successfully
INFO: TEXTURE: [ID 11] Texture loaded successfully (1280x756 | R8G8B8A8 | 1 mipmaps)
INFO: TEXTURE: [ID 2] Depth renderbuffer loaded successfully (32 bits)
INFO: FBO: [ID 2] Framebuffer object created successfully
INFO: VAO: [ID 2] Mesh uploaded successfully to VRAM (GPU)
INFO: SHADER: [ID 4] Vertex shader compiled successfully
INFO: SHADER: [ID 5] Fragment shader compiled successfully
INFO: SHADER: [ID 7] Program shader loaded successfully
INFO: FILEIO: [C:\001_AI\SangoPort\ludots\src\Apps\Raylib\Ludots.App.Raylib\bin\Debug\net9.0\water.vs] Text file loaded successfully
INFO: FILEIO: [C:\001_AI\SangoPort\ludots\src\Apps\Raylib\Ludots.App.Raylib\bin\Debug\net9.0\water.fs] Text file loaded successfully
INFO: SHADER: [ID 4] Vertex shader compiled successfully
INFO: SHADER: [ID 5] Fragment shader compiled successfully
INFO: SHADER: [ID 8] Program shader loaded successfully
INFO: VAO: [ID 3] Mesh uploaded successfully to VRAM (GPU)
INFO: VAO: [ID 4] Mesh uploaded successfully to VRAM (GPU)
INFO: TEXTURE: [ID 12] Texture loaded successfully (200x200 | R8G8B8A8 | 1 mipmaps)
INFO: TEXTURE: [ID 13] Texture loaded successfully (200x200 | R8G8B8A8 | 1 mipmaps)
INFO: VAO: [ID 5] Mesh uploaded successfully to VRAM (GPU)
INFO: VAO: [ID 6] Mesh uploaded successfully to VRAM (GPU)
INFO: VAO: [ID 7] Mesh uploaded successfully to VRAM (GPU)
INFO: VAO: [ID 8] Mesh uploaded successfully to VRAM (GPU)
INFO: FILEIO: [C:\001_AI\SangoPort\ludots\src\Apps\Raylib\Ludots.App.Raylib\bin\Debug\net9.0\vfx_unlit_tint.vs] Text file loaded successfully
INFO: FILEIO: [C:\001_AI\SangoPort\ludots\src\Apps\Raylib\Ludots.App.Raylib\bin\Debug\net9.0\vfx_unlit_tint.fs] Text file loaded successfully
INFO: SHADER: [ID 4] Vertex shader compiled successfully
INFO: SHADER: [ID 5] Fragment shader compiled successfully
INFO: SHADER: [ID 9] Program shader loaded successfully
INFO: SHADER: [ID 4] Vertex shader compiled successfully
INFO: SHADER: [ID 5] Fragment shader compiled successfully
INFO: SHADER: [ID 10] Program shader loaded successfully
INFO: TEXTURE: [ID 14] Texture loaded successfully (512x512 | R8G8B8A8 | 1 mipmaps)
INFO: TEXTURE: [ID 15] Cubemap texture loaded successfully (64x64)
[WRN][Presentation] Raylib renderer skipped instanced static mesh bucket stableId=1800: meshAssetId=6 could not be loaded. No placeholder model is drawn.
INFO: FILEIO: [C:\001_AI\SangoPort\ludots\mods\sango\SangoTerrainMod\assets\Models\cc0\castle-kit\wall-corner.glb] File loaded successfully
INFO: MODEL: [C:\001_AI\SangoPort\ludots\mods\sango\SangoTerrainMod\assets\Models\cc0\castle-kit\wall-corner.glb] Model basic data (glb) loaded successfully
INFO:     > Meshes count: 1
INFO:     > Materials count: 1 (+1 default)
INFO: FILEIO: [C:\001_AI\SangoPort\ludots\mods\sango\SangoTerrainMod\assets\Models\cc0\castle-kit/Textures/colormap.png] File loaded successfully
INFO: IMAGE: Data loaded successfully (512x512 | R8G8B8 | 1 mipmaps)
INFO: TEXTURE: [ID 16] Texture loaded successfully (512x512 | R8G8B8 | 1 mipmaps)
INFO: VAO: [ID 9] Mesh uploaded successfully to VRAM (GPU)
[WRN][Presentation] Raylib renderer skipped instanced static mesh bucket stableId=1804: meshAssetId=5 could not be loaded. No placeholder model is drawn.
INFO: FILEIO: [C:\001_AI\SangoPort\ludots\mods\sango\SangoTerrainMod\assets\Models\cc0\castle-kit\wall.glb] File loaded successfully
INFO: MODEL: [C:\001_AI\SangoPort\ludots\mods\sango\SangoTerrainMod\assets\Models\cc0\castle-kit\wall.glb] Model basic data (glb) loaded successfully
INFO:     > Meshes count: 1
INFO:     > Materials count: 1 (+1 default)
INFO: FILEIO: [C:\001_AI\SangoPort\ludots\mods\sango\SangoTerrainMod\assets\Models\cc0\castle-kit/Textures/colormap.png] File loaded successfully
INFO: IMAGE: Data loaded successfully (512x512 | R8G8B8 | 1 mipmaps)
INFO: TEXTURE: [ID 17] Texture loaded successfully (512x512 | R8G8B8 | 1 mipmaps)
INFO: VAO: [ID 10] Mesh uploaded successfully to VRAM (GPU)
[WRN][Presentation] Raylib renderer skipped instanced static mesh bucket stableId=1807: meshAssetId=7 could not be loaded. No placeholder model is drawn.
INFO: FILEIO: [C:\001_AI\SangoPort\ludots\mods\sango\SangoTerrainMod\assets\Models\cc0\pirate-kit\castle-gate.glb] File loaded successfully
INFO: MODEL: [C:\001_AI\SangoPort\ludots\mods\sango\SangoTerrainMod\assets\Models\cc0\pirate-kit\castle-gate.glb] Model basic data (glb) loaded successfully
INFO:     > Meshes count: 1
INFO:     > Materials count: 1 (+1 default)
INFO: FILEIO: [C:\001_AI\SangoPort\ludots\mods\sango\SangoTerrainMod\assets\Models\cc0\pirate-kit/Textures/colormap.png] File loaded successfully
INFO: IMAGE: Data loaded successfully (512x512 | R8G8B8A8 | 1 mipmaps)
INFO: TEXTURE: [ID 18] Texture loaded successfully (512x512 | R8G8B8A8 | 1 mipmaps)
INFO: VAO: [ID 11] Mesh uploaded successfully to VRAM (GPU)
[WRN][Presentation] Raylib renderer skipped instanced static mesh bucket stableId=1808: meshAssetId=8 could not be loaded. No placeholder model is drawn.
INFO: FILEIO: [C:\001_AI\SangoPort\ludots\mods\sango\SangoTerrainMod\assets\Models\cc0\castle-kit\flag-banner-long.glb] File loaded successfully
INFO: MODEL: [C:\001_AI\SangoPort\ludots\mods\sango\SangoTerrainMod\assets\Models\cc0\castle-kit\flag-banner-long.glb] Model basic data (glb) loaded successfully
INFO:     > Meshes count: 1
INFO:     > Materials count: 1 (+1 default)
INFO: FILEIO: [C:\001_AI\SangoPort\ludots\mods\sango\SangoTerrainMod\assets\Models\cc0\castle-kit/Textures/colormap.png] File loaded successfully
INFO: IMAGE: Data loaded successfully (512x512 | R8G8B8 | 1 mipmaps)
INFO: TEXTURE: [ID 19] Texture loaded successfully (512x512 | R8G8B8 | 1 mipmaps)
INFO: VAO: [ID 12] Mesh uploaded successfully to VRAM (GPU)
[WRN][Presentation] Raylib renderer skipped instanced static mesh bucket stableId=2180: meshAssetId=9 could not be loaded. No placeholder model is drawn.
INFO: FILEIO: [C:\001_AI\SangoPort\ludots\mods\sango\SangoTerrainMod\assets\Models\cc0\castle-kit\flag.glb] File loaded successfully
INFO: MODEL: [C:\001_AI\SangoPort\ludots\mods\sango\SangoTerrainMod\assets\Models\cc0\castle-kit\flag.glb] Model basic data (glb) loaded successfully
INFO:     > Meshes count: 1
INFO:     > Materials count: 1 (+1 default)
INFO: FILEIO: [C:\001_AI\SangoPort\ludots\mods\sango\SangoTerrainMod\assets\Models\cc0\castle-kit/Textures/colormap.png] File loaded successfully
INFO: IMAGE: Data loaded successfully (512x512 | R8G8B8 | 1 mipmaps)
INFO: TEXTURE: [ID 20] Texture loaded successfully (512x512 | R8G8B8 | 1 mipmaps)
INFO: VAO: [ID 13] Mesh uploaded successfully to VRAM (GPU)
[WRN][Presentation] Raylib renderer skipped instanced static mesh bucket stableId=2208: meshAssetId=17 could not be loaded. No placeholder model is drawn.
INFO: FILEIO: [C:\001_AI\SangoPort\ludots\mods\sango\SangoTerrainMod\assets\Models\cc0\pirate-kit\tower-watch.glb] File loaded successfully
INFO: MODEL: [C:\001_AI\SangoPort\ludots\mods\sango\SangoTerrainMod\assets\Models\cc0\pirate-kit\tower-watch.glb] Model basic data (glb) loaded successfully
INFO:     > Meshes count: 1
INFO:     > Materials count: 1 (+1 default)
INFO: FILEIO: [C:\001_AI\SangoPort\ludots\mods\sango\SangoTerrainMod\assets\Models\cc0\pirate-kit/Textures/colormap.png] File loaded successfully
INFO: IMAGE: Data loaded successfully (512x512 | R8G8B8A8 | 1 mipmaps)
INFO: TEXTURE: [ID 21] Texture loaded successfully (512x512 | R8G8B8A8 | 1 mipmaps)
INFO: VAO: [ID 14] Mesh uploaded successfully to VRAM (GPU)
[WRN][Presentation] Raylib renderer skipped instanced static mesh bucket stableId=2209: meshAssetId=16 could not be loaded. No placeholder model is drawn.
INFO: FILEIO: [C:\001_AI\SangoPort\ludots\mods\sango\SangoTerrainMod\assets\Models\cc0\pirate-kit\ship-small.glb] File loaded successfully
INFO: MODEL: [C:\001_AI\SangoPort\ludots\mods\sango\SangoTerrainMod\assets\Models\cc0\pirate-kit\ship-small.glb] Model basic data (glb) loaded successfully
INFO:     > Meshes count: 4
INFO:     > Materials count: 1 (+1 default)
INFO: FILEIO: [C:\001_AI\SangoPort\ludots\mods\sango\SangoTerrainMod\assets\Models\cc0\pirate-kit/Textures/colormap.png] File loaded successfully
INFO: IMAGE: Data loaded successfully (512x512 | R8G8B8A8 | 1 mipmaps)
INFO: TEXTURE: [ID 22] Texture loaded successfully (512x512 | R8G8B8A8 | 1 mipmaps)
INFO: VAO: [ID 15] Mesh uploaded successfully to VRAM (GPU)
INFO: VAO: [ID 16] Mesh uploaded successfully to VRAM (GPU)
INFO: VAO: [ID 17] Mesh uploaded successfully to VRAM (GPU)
INFO: VAO: [ID 18] Mesh uploaded successfully to VRAM (GPU)
[WRN][Presentation] Raylib renderer skipped instanced static mesh bucket stableId=2210: meshAssetId=18 could not be loaded. No placeholder model is drawn.
INFO: FILEIO: [C:\001_AI\SangoPort\ludots\mods\sango\SangoTerrainMod\assets\Models\cc0\pirate-kit\crate.glb] File loaded successfully
INFO: MODEL: [C:\001_AI\SangoPort\ludots\mods\sango\SangoTerrainMod\assets\Models\cc0\pirate-kit\crate.glb] Model basic data (glb) loaded successfully
INFO:     > Meshes count: 1
INFO:     > Materials count: 1 (+1 default)
INFO: FILEIO: [C:\001_AI\SangoPort\ludots\mods\sango\SangoTerrainMod\assets\Models\cc0\pirate-kit/Textures/colormap.png] File loaded successfully
INFO: IMAGE: Data loaded successfully (512x512 | R8G8B8A8 | 1 mipmaps)
INFO: TEXTURE: [ID 23] Texture loaded successfully (512x512 | R8G8B8A8 | 1 mipmaps)
INFO: VAO: [ID 19] Mesh uploaded successfully to VRAM (GPU)
[WRN][Presentation] Raylib renderer skipped instanced static mesh bucket stableId=2211: meshAssetId=10 could not be loaded. No placeholder model is drawn.
INFO: FILEIO: [C:\001_AI\SangoPort\ludots\mods\sango\SangoTerrainMod\assets\Models\cc0\pirate-kit\flag-high-pennant.glb] File loaded successfully
INFO: MODEL: [C:\001_AI\SangoPort\ludots\mods\sango\SangoTerrainMod\assets\Models\cc0\pirate-kit\flag-high-pennant.glb] Model basic data (glb) loaded successfully
INFO:     > Meshes count: 1
INFO:     > Materials count: 1 (+1 default)
INFO: FILEIO: [C:\001_AI\SangoPort\ludots\mods\sango\SangoTerrainMod\assets\Models\cc0\pirate-kit/Textures/colormap.png] File loaded successfully
INFO: IMAGE: Data loaded successfully (512x512 | R8G8B8A8 | 1 mipmaps)
INFO: TEXTURE: [ID 24] Texture loaded successfully (512x512 | R8G8B8A8 | 1 mipmaps)
INFO: VAO: [ID 20] Mesh uploaded successfully to VRAM (GPU)
[WRN][Presentation] Raylib renderer skipped instanced static mesh bucket stableId=2352: meshAssetId=15 could not be loaded. No placeholder model is drawn.
INFO: FILEIO: [C:\001_AI\SangoPort\ludots\mods\sango\SangoTerrainMod\assets\Models\cc0\pirate-kit\structure-platform-dock.glb] File loaded successfully
INFO: MODEL: [C:\001_AI\SangoPort\ludots\mods\sango\SangoTerrainMod\assets\Models\cc0\pirate-kit\structure-platform-dock.glb] Model basic data (glb) loaded successfully
INFO:     > Meshes count: 1
INFO:     > Materials count: 1 (+1 default)
INFO: FILEIO: [C:\001_AI\SangoPort\ludots\mods\sango\SangoTerrainMod\assets\Models\cc0\pirate-kit/Textures/colormap.png] File loaded successfully
INFO: IMAGE: Data loaded successfully (512x512 | R8G8B8A8 | 1 mipmaps)
INFO: TEXTURE: [ID 25] Texture loaded successfully (512x512 | R8G8B8A8 | 1 mipmaps)
INFO: VAO: [ID 21] Mesh uploaded successfully to VRAM (GPU)
[WRN][Presentation] Raylib renderer skipped instanced static mesh bucket stableId=2398: meshAssetId=4 could not be loaded. No placeholder model is drawn.
[WRN][Presentation] Raylib renderer skipped typed instanced batch lane: meshAssetId=11 could not be loaded. No placeholder model is drawn.
[WRN][Presentation] Raylib renderer skipped typed instanced batch lane: meshAssetId=12 could not be loaded. No placeholder model is drawn.
[WRN][Presentation] Raylib renderer skipped typed instanced batch lane: meshAssetId=13 could not be loaded. No placeholder model is drawn.
[WRN][Presentation] Raylib renderer skipped typed instanced batch lane: meshAssetId=14 could not be loaded. No placeholder model is drawn.
INFO: FILEIO: [C:\001_AI\SangoPort\ludots\mods\sango\SangoTerrainMod\assets\Models\cc0\castle-kit\tower-square.glb] File loaded successfully
INFO: MODEL: [C:\001_AI\SangoPort\ludots\mods\sango\SangoTerrainMod\assets\Models\cc0\castle-kit\tower-square.glb] Model basic data (glb) loaded successfully
INFO:     > Meshes count: 1
INFO:     > Materials count: 1 (+1 default)
INFO: FILEIO: [C:\001_AI\SangoPort\ludots\mods\sango\SangoTerrainMod\assets\Models\cc0\castle-kit/Textures/colormap.png] File loaded successfully
INFO: IMAGE: Data loaded successfully (512x512 | R8G8B8 | 1 mipmaps)
INFO: TEXTURE: [ID 26] Texture loaded successfully (512x512 | R8G8B8 | 1 mipmaps)
INFO: VAO: [ID 22] Mesh uploaded successfully to VRAM (GPU)
INFO: FILEIO: [C:\001_AI\SangoPort\ludots\mods\sango\SangoTerrainMod\assets\Models\cc0\castle-kit\tree-large.glb] File loaded successfully
INFO: MODEL: [C:\001_AI\SangoPort\ludots\mods\sango\SangoTerrainMod\assets\Models\cc0\castle-kit\tree-large.glb] Model basic data (glb) loaded successfully
INFO:     > Meshes count: 1
INFO:     > Materials count: 1 (+1 default)
INFO: FILEIO: [C:\001_AI\SangoPort\ludots\mods\sango\SangoTerrainMod\assets\Models\cc0\castle-kit/Textures/colormap.png] File loaded successfully
INFO: IMAGE: Data loaded successfully (512x512 | R8G8B8 | 1 mipmaps)
INFO: TEXTURE: [ID 27] Texture loaded successfully (512x512 | R8G8B8 | 1 mipmaps)
INFO: VAO: [ID 23] Mesh uploaded successfully to VRAM (GPU)
INFO: FILEIO: [C:\001_AI\SangoPort\ludots\mods\sango\SangoTerrainMod\assets\Models\cc0\castle-kit\tree-small.glb] File loaded successfully
INFO: MODEL: [C:\001_AI\SangoPort\ludots\mods\sango\SangoTerrainMod\assets\Models\cc0\castle-kit\tree-small.glb] Model basic data (glb) loaded successfully
INFO:     > Meshes count: 1
INFO:     > Materials count: 1 (+1 default)
INFO: FILEIO: [C:\001_AI\SangoPort\ludots\mods\sango\SangoTerrainMod\assets\Models\cc0\castle-kit/Textures/colormap.png] File loaded successfully
INFO: IMAGE: Data loaded successfully (512x512 | R8G8B8 | 1 mipmaps)
INFO: TEXTURE: [ID 28] Texture loaded successfully (512x512 | R8G8B8 | 1 mipmaps)
INFO: VAO: [ID 24] Mesh uploaded successfully to VRAM (GPU)
INFO: FILEIO: [C:\001_AI\SangoPort\ludots\mods\sango\SangoTerrainMod\assets\Models\cc0\castle-kit\rocks-large.glb] File loaded successfully
INFO: MODEL: [C:\001_AI\SangoPort\ludots\mods\sango\SangoTerrainMod\assets\Models\cc0\castle-kit\rocks-large.glb] Model basic data (glb) loaded successfully
INFO:     > Meshes count: 1
INFO:     > Materials count: 1 (+1 default)
INFO: FILEIO: [C:\001_AI\SangoPort\ludots\mods\sango\SangoTerrainMod\assets\Models\cc0\castle-kit/Textures/colormap.png] File loaded successfully
INFO: IMAGE: Data loaded successfully (512x512 | R8G8B8 | 1 mipmaps)
INFO: TEXTURE: [ID 29] Texture loaded successfully (512x512 | R8G8B8 | 1 mipmaps)
INFO: VAO: [ID 25] Mesh uploaded successfully to VRAM (GPU)
INFO: FILEIO: [C:\001_AI\SangoPort\ludots\mods\sango\SangoTerrainMod\assets\Models\cc0\castle-kit\rocks-small.glb] File loaded successfully
INFO: MODEL: [C:\001_AI\SangoPort\ludots\mods\sango\SangoTerrainMod\assets\Models\cc0\castle-kit\rocks-small.glb] Model basic data (glb) loaded successfully
INFO:     > Meshes count: 1
INFO:     > Materials count: 1 (+1 default)
INFO: FILEIO: [C:\001_AI\SangoPort\ludots\mods\sango\SangoTerrainMod\assets\Models\cc0\castle-kit/Textures/colormap.png] File loaded successfully
INFO: IMAGE: Data loaded successfully (512x512 | R8G8B8 | 1 mipmaps)
INFO: TEXTURE: [ID 30] Texture loaded successfully (512x512 | R8G8B8 | 1 mipmaps)
INFO: VAO: [ID 26] Mesh uploaded successfully to VRAM (GPU)
INFO: VAO: [ID 27] Mesh uploaded successfully to VRAM (GPU)
INFO: VAO: [ID 28] Mesh uploaded successfully to VRAM (GPU)
INFO: VAO: [ID 29] Mesh uploaded successfully to VRAM (GPU)
INFO: VAO: [ID 30] Mesh uploaded successfully to VRAM (GPU)
INFO: VAO: [ID 31] Mesh uploaded successfully to VRAM (GPU)
INFO: VAO: [ID 32] Mesh uploaded successfully to VRAM (GPU)
INFO: VAO: [ID 33] Mesh uploaded successfully to VRAM (GPU)
INFO: VAO: [ID 34] Mesh uploaded successfully to VRAM (GPU)
INFO: VAO: [ID 35] Mesh uploaded successfully to VRAM (GPU)
INFO: VAO: [ID 36] Mesh uploaded successfully to VRAM (GPU)
INFO: VAO: [ID 37] Mesh uploaded successfully to VRAM (GPU)
INFO: VAO: [ID 38] Mesh uploaded successfully to VRAM (GPU)
INFO: VAO: [ID 39] Mesh uploaded successfully to VRAM (GPU)
INFO: VAO: [ID 40] Mesh uploaded successfully to VRAM (GPU)
INFO: VAO: [ID 41] Mesh uploaded successfully to VRAM (GPU)
INFO: VAO: [ID 42] Mesh uploaded successfully to VRAM (GPU)
INFO: VAO: [ID 43] Mesh uploaded successfully to VRAM (GPU)
INFO: VAO: [ID 44] Mesh uploaded successfully to VRAM (GPU)
INFO: VAO: [ID 45] Mesh uploaded successfully to VRAM (GPU)
INFO: VAO: [ID 46] Mesh uploaded successfully to VRAM (GPU)
INFO: VAO: [ID 47] Mesh uploaded successfully to VRAM (GPU)
INFO: VAO: [ID 48] Mesh uploaded successfully to VRAM (GPU)
INFO: VAO: [ID 49] Mesh uploaded successfully to VRAM (GPU)
INFO: VAO: [ID 50] Mesh uploaded successfully to VRAM (GPU)
INFO: VAO: [ID 51] Mesh uploaded successfully to VRAM (GPU)
INFO: VAO: [ID 52] Mesh uploaded successfully to VRAM (GPU)
INFO: VAO: [ID 53] Mesh uploaded successfully to VRAM (GPU)
INFO: VAO: [ID 54] Mesh uploaded successfully to VRAM (GPU)
INFO: VAO: [ID 55] Mesh uploaded successfully to VRAM (GPU)
INFO: VAO: [ID 56] Mesh uploaded successfully to VRAM (GPU)
INFO: VAO: [ID 57] Mesh uploaded successfully to VRAM (GPU)
INFO: VAO: [ID 58] Mesh uploaded successfully to VRAM (GPU)
INFO: VAO: [ID 59] Mesh uploaded successfully to VRAM (GPU)
INFO: VAO: [ID 60] Mesh uploaded successfully to VRAM (GPU)
INFO: VAO: [ID 61] Mesh uploaded successfully to VRAM (GPU)
INFO: VAO: [ID 62] Mesh uploaded successfully to VRAM (GPU)
INFO: VAO: [ID 63] Mesh uploaded successfully to VRAM (GPU)
INFO: VAO: [ID 64] Mesh uploaded successfully to VRAM (GPU)
INFO: VAO: [ID 65] Mesh uploaded successfully to VRAM (GPU)
INFO: VAO: [ID 66] Mesh uploaded successfully to VRAM (GPU)
INFO: VAO: [ID 67] Mesh uploaded successfully to VRAM (GPU)
INFO: VAO: [ID 68] Mesh uploaded successfully to VRAM (GPU)
INFO: VAO: [ID 69] Mesh uploaded successfully to VRAM (GPU)
INFO: VAO: [ID 70] Mesh uploaded successfully to VRAM (GPU)
INFO: VAO: [ID 71] Mesh uploaded successfully to VRAM (GPU)
INFO: VAO: [ID 72] Mesh uploaded successfully to VRAM (GPU)
INFO: VAO: [ID 73] Mesh uploaded successfully to VRAM (GPU)
INFO: VAO: [ID 74] Mesh uploaded successfully to VRAM (GPU)
INFO: VAO: [ID 75] Mesh uploaded successfully to VRAM (GPU)
INFO: VAO: [ID 76] Mesh uploaded successfully to VRAM (GPU)
INFO: VAO: [ID 77] Mesh uploaded successfully to VRAM (GPU)
INFO: VAO: [ID 78] Mesh uploaded successfully to VRAM (GPU)
INFO: VAO: [ID 79] Mesh uploaded successfully to VRAM (GPU)
INFO: VAO: [ID 80] Mesh uploaded successfully to VRAM (GPU)
INFO: VAO: [ID 81] Mesh uploaded successfully to VRAM (GPU)
INFO: VAO: [ID 82] Mesh uploaded successfully to VRAM (GPU)
INFO: VAO: [ID 83] Mesh uploaded successfully to VRAM (GPU)
INFO: VAO: [ID 84] Mesh uploaded successfully to VRAM (GPU)
INFO: VAO: [ID 85] Mesh uploaded successfully to VRAM (GPU)
INFO: VAO: [ID 86] Mesh uploaded successfully to VRAM (GPU)
INFO: VAO: [ID 87] Mesh uploaded successfully to VRAM (GPU)
INFO: VAO: [ID 88] Mesh uploaded successfully to VRAM (GPU)
INFO: VAO: [ID 89] Mesh uploaded successfully to VRAM (GPU)
INFO: VAO: [ID 90] Mesh uploaded successfully to VRAM (GPU)
INFO: VAO: [ID 91] Mesh uploaded successfully to VRAM (GPU)
INFO: VAO: [ID 92] Mesh uploaded successfully to VRAM (GPU)
INFO: VAO: [ID 93] Mesh uploaded successfully to VRAM (GPU)
INFO: VAO: [ID 94] Mesh uploaded successfully to VRAM (GPU)
INFO: VAO: [ID 95] Mesh uploaded successfully to VRAM (GPU)
INFO: VAO: [ID 96] Mesh uploaded successfully to VRAM (GPU)
INFO: VAO: [ID 97] Mesh uploaded successfully to VRAM (GPU)
INFO: VAO: [ID 98] Mesh uploaded successfully to VRAM (GPU)
INFO: VAO: [ID 99] Mesh uploaded successfully to VRAM (GPU)
INFO: VAO: [ID 100] Mesh uploaded successfully to VRAM (GPU)
INFO: VAO: [ID 101] Mesh uploaded successfully to VRAM (GPU)
INFO: VAO: [ID 102] Mesh uploaded successfully to VRAM (GPU)
INFO: VAO: [ID 103] Mesh uploaded successfully to VRAM (GPU)
INFO: VAO: [ID 104] Mesh uploaded successfully to VRAM (GPU)
INFO: VAO: [ID 105] Mesh uploaded successfully to VRAM (GPU)
INFO: VAO: [ID 106] Mesh uploaded successfully to VRAM (GPU)
INFO: VAO: [ID 107] Mesh uploaded successfully to VRAM (GPU)
INFO: VAO: [ID 108] Mesh uploaded successfully to VRAM (GPU)
INFO: VAO: [ID 109] Mesh uploaded successfully to VRAM (GPU)
INFO: VAO: [ID 110] Mesh uploaded successfully to VRAM (GPU)
INFO: VAO: [ID 111] Mesh uploaded successfully to VRAM (GPU)
INFO: VAO: [ID 112] Mesh uploaded successfully to VRAM (GPU)
INFO: VAO: [ID 113] Mesh uploaded successfully to VRAM (GPU)
INFO: VAO: [ID 114] Mesh uploaded successfully to VRAM (GPU)
INFO: VAO: [ID 115] Mesh uploaded successfully to VRAM (GPU)
INFO: VAO: [ID 116] Mesh uploaded successfully to VRAM (GPU)
INFO: VAO: [ID 117] Mesh uploaded successfully to VRAM (GPU)
INFO: VAO: [ID 118] Mesh uploaded successfully to VRAM (GPU)
INFO: VAO: [ID 119] Mesh uploaded successfully to VRAM (GPU)
INFO: VAO: [ID 120] Mesh uploaded successfully to VRAM (GPU)
INFO: VAO: [ID 121] Mesh uploaded successfully to VRAM (GPU)
INFO: VAO: [ID 122] Mesh uploaded successfully to VRAM (GPU)
INFO: VAO: [ID 123] Mesh uploaded successfully to VRAM (GPU)
INFO: VAO: [ID 124] Mesh uploaded successfully to VRAM (GPU)
INFO: VAO: [ID 125] Mesh uploaded successfully to VRAM (GPU)
INFO: VAO: [ID 126] Mesh uploaded successfully to VRAM (GPU)
INFO: VAO: [ID 127] Mesh uploaded successfully to VRAM (GPU)
INFO: VAO: [ID 128] Mesh uploaded successfully to VRAM (GPU)
INFO: VAO: [ID 129] Mesh uploaded successfully to VRAM (GPU)
INFO: VAO: [ID 130] Mesh uploaded successfully to VRAM (GPU)
INFO: VAO: [ID 131] Mesh uploaded successfully to VRAM (GPU)
INFO: VAO: [ID 132] Mesh uploaded successfully to VRAM (GPU)
INFO: VAO: [ID 133] Mesh uploaded successfully to VRAM (GPU)
INFO: VAO: [ID 134] Mesh uploaded successfully to VRAM (GPU)
INFO: VAO: [ID 135] Mesh uploaded successfully to VRAM (GPU)
INFO: VAO: [ID 136] Mesh uploaded successfully to VRAM (GPU)
INFO: VAO: [ID 137] Mesh uploaded successfully to VRAM (GPU)
INFO: VAO: [ID 138] Mesh uploaded successfully to VRAM (GPU)
INFO: VAO: [ID 139] Mesh uploaded successfully to VRAM (GPU)
INFO: VAO: [ID 140] Mesh uploaded successfully to VRAM (GPU)
INFO: VAO: [ID 141] Mesh uploaded successfully to VRAM (GPU)
INFO: VAO: [ID 142] Mesh uploaded successfully to VRAM (GPU)
INFO: VAO: [ID 143] Mesh uploaded successfully to VRAM (GPU)
INFO: VAO: [ID 144] Mesh uploaded successfully to VRAM (GPU)
INFO: VAO: [ID 145] Mesh uploaded successfully to VRAM (GPU)
INFO: VAO: [ID 146] Mesh uploaded successfully to VRAM (GPU)
INFO: VAO: [ID 147] Mesh uploaded successfully to VRAM (GPU)
INFO: VAO: [ID 148] Mesh uploaded successfully to VRAM (GPU)
INFO: VAO: [ID 149] Mesh uploaded successfully to VRAM (GPU)
INFO: VAO: [ID 150] Mesh uploaded successfully to VRAM (GPU)
INFO: VAO: [ID 151] Mesh uploaded successfully to VRAM (GPU)
INFO: VAO: [ID 152] Mesh uploaded successfully to VRAM (GPU)
INFO: VAO: [ID 153] Mesh uploaded successfully to VRAM (GPU)
INFO: VAO: [ID 154] Mesh uploaded successfully to VRAM (GPU)
INFO: VAO: [ID 155] Mesh uploaded successfully to VRAM (GPU)
INFO: VAO: [ID 156] Mesh uploaded successfully to VRAM (GPU)
INFO: VAO: [ID 157] Mesh uploaded successfully to VRAM (GPU)
INFO: VAO: [ID 158] Mesh uploaded successfully to VRAM (GPU)
INFO: VAO: [ID 159] Mesh uploaded successfully to VRAM (GPU)
INFO: VAO: [ID 160] Mesh uploaded successfully to VRAM (GPU)
INFO: VAO: [ID 161] Mesh uploaded successfully to VRAM (GPU)
INFO: VAO: [ID 162] Mesh uploaded successfully to VRAM (GPU)
INFO: VAO: [ID 163] Mesh uploaded successfully to VRAM (GPU)
INFO: VAO: [ID 164] Mesh uploaded successfully to VRAM (GPU)
INFO: VAO: [ID 165] Mesh uploaded successfully to VRAM (GPU)
INFO: VAO: [ID 166] Mesh uploaded successfully to VRAM (GPU)
INFO: VAO: [ID 167] Mesh uploaded successfully to VRAM (GPU)
INFO: VAO: [ID 168] Mesh uploaded successfully to VRAM (GPU)
INFO: VAO: [ID 169] Mesh uploaded successfully to VRAM (GPU)
INFO: VAO: [ID 170] Mesh uploaded successfully to VRAM (GPU)
INFO: VAO: [ID 171] Mesh uploaded successfully to VRAM (GPU)
INFO: VAO: [ID 172] Mesh uploaded successfully to VRAM (GPU)
INFO: VAO: [ID 173] Mesh uploaded successfully to VRAM (GPU)
INFO: VAO: [ID 174] Mesh uploaded successfully to VRAM (GPU)
INFO: VAO: [ID 175] Mesh uploaded successfully to VRAM (GPU)
INFO: VAO: [ID 176] Mesh uploaded successfully to VRAM (GPU)
INFO: VAO: [ID 177] Mesh uploaded successfully to VRAM (GPU)
INFO: VAO: [ID 178] Mesh uploaded successfully to VRAM (GPU)
INFO: VAO: [ID 179] Mesh uploaded successfully to VRAM (GPU)
INFO: VAO: [ID 180] Mesh uploaded successfully to VRAM (GPU)
INFO: VAO: [ID 181] Mesh uploaded successfully to VRAM (GPU)
INFO: VAO: [ID 182] Mesh uploaded successfully to VRAM (GPU)
INFO: VAO: [ID 183] Mesh uploaded successfully to VRAM (GPU)
INFO: VAO: [ID 184] Mesh uploaded successfully to VRAM (GPU)
INFO: VAO: [ID 185] Mesh uploaded successfully to VRAM (GPU)
INFO: VAO: [ID 186] Mesh uploaded successfully to VRAM (GPU)
INFO: VAO: [ID 187] Mesh uploaded successfully to VRAM (GPU)
INFO: VAO: [ID 188] Mesh uploaded successfully to VRAM (GPU)
INFO: VAO: [ID 189] Mesh uploaded successfully to VRAM (GPU)
INFO: VAO: [ID 190] Mesh uploaded successfully to VRAM (GPU)
INFO: VAO: [ID 191] Mesh uploaded successfully to VRAM (GPU)
INFO: VAO: [ID 192] Mesh uploaded successfully to VRAM (GPU)
INFO: VAO: [ID 193] Mesh uploaded successfully to VRAM (GPU)
INFO: VAO: [ID 194] Mesh uploaded successfully to VRAM (GPU)
INFO: VAO: [ID 195] Mesh uploaded successfully to VRAM (GPU)
INFO: VAO: [ID 196] Mesh uploaded successfully to VRAM (GPU)
INFO: VAO: [ID 197] Mesh uploaded successfully to VRAM (GPU)
INFO: VAO: [ID 198] Mesh uploaded successfully to VRAM (GPU)
INFO: VAO: [ID 199] Mesh uploaded successfully to VRAM (GPU)
INFO: VAO: [ID 200] Mesh uploaded successfully to VRAM (GPU)
INFO: VAO: [ID 201] Mesh uploaded successfully to VRAM (GPU)
INFO: VAO: [ID 202] Mesh uploaded successfully to VRAM (GPU)
INFO: VAO: [ID 203] Mesh uploaded successfully to VRAM (GPU)
INFO: VAO: [ID 204] Mesh uploaded successfully to VRAM (GPU)
INFO: VAO: [ID 205] Mesh uploaded successfully to VRAM (GPU)
INFO: VAO: [ID 206] Mesh uploaded successfully to VRAM (GPU)
INFO: VAO: [ID 207] Mesh uploaded successfully to VRAM (GPU)
INFO: VAO: [ID 208] Mesh uploaded successfully to VRAM (GPU)
INFO: VAO: [ID 209] Mesh uploaded successfully to VRAM (GPU)
INFO: VAO: [ID 210] Mesh uploaded successfully to VRAM (GPU)
INFO: VAO: [ID 211] Mesh uploaded successfully to VRAM (GPU)
INFO: VAO: [ID 212] Mesh uploaded successfully to VRAM (GPU)
INFO: VAO: [ID 213] Mesh uploaded successfully to VRAM (GPU)
INFO: VAO: [ID 214] Mesh uploaded successfully to VRAM (GPU)
INFO: VAO: [ID 215] Mesh uploaded successfully to VRAM (GPU)
INFO: VAO: [ID 216] Mesh uploaded successfully to VRAM (GPU)
INFO: VAO: [ID 217] Mesh uploaded successfully to VRAM (GPU)
INFO: VAO: [ID 218] Mesh uploaded successfully to VRAM (GPU)
INFO: VAO: [ID 219] Mesh uploaded successfully to VRAM (GPU)
INFO: VAO: [ID 220] Mesh uploaded successfully to VRAM (GPU)
INFO: VAO: [ID 221] Mesh uploaded successfully to VRAM (GPU)
INFO: VAO: [ID 222] Mesh uploaded successfully to VRAM (GPU)
INFO: VAO: [ID 223] Mesh uploaded successfully to VRAM (GPU)
INFO: VAO: [ID 224] Mesh uploaded successfully to VRAM (GPU)
INFO: VAO: [ID 225] Mesh uploaded successfully to VRAM (GPU)
INFO: VAO: [ID 226] Mesh uploaded successfully to VRAM (GPU)
INFO: VAO: [ID 227] Mesh uploaded successfully to VRAM (GPU)
INFO: VAO: [ID 228] Mesh uploaded successfully to VRAM (GPU)
INFO: VAO: [ID 229] Mesh uploaded successfully to VRAM (GPU)
INFO: VAO: [ID 230] Mesh uploaded successfully to VRAM (GPU)
INFO: VAO: [ID 231] Mesh uploaded successfully to VRAM (GPU)
INFO: VAO: [ID 232] Mesh uploaded successfully to VRAM (GPU)
INFO: VAO: [ID 233] Mesh uploaded successfully to VRAM (GPU)
INFO: VAO: [ID 234] Mesh uploaded successfully to VRAM (GPU)
INFO: VAO: [ID 235] Mesh uploaded successfully to VRAM (GPU)
INFO: VAO: [ID 236] Mesh uploaded successfully to VRAM (GPU)
INFO: VAO: [ID 237] Mesh uploaded successfully to VRAM (GPU)
INFO: VAO: [ID 238] Mesh uploaded successfully to VRAM (GPU)
INFO: VAO: [ID 239] Mesh uploaded successfully to VRAM (GPU)
INFO: VAO: [ID 240] Mesh uploaded successfully to VRAM (GPU)
INFO: VAO: [ID 241] Mesh uploaded successfully to VRAM (GPU)
INFO: VAO: [ID 242] Mesh uploaded successfully to VRAM (GPU)
INFO: VAO: [ID 243] Mesh uploaded successfully to VRAM (GPU)
INFO: VAO: [ID 244] Mesh uploaded successfully to VRAM (GPU)
INFO: VAO: [ID 245] Mesh uploaded successfully to VRAM (GPU)
INFO: VAO: [ID 246] Mesh uploaded successfully to VRAM (GPU)
INFO: VAO: [ID 247] Mesh uploaded successfully to VRAM (GPU)
INFO: VAO: [ID 248] Mesh uploaded successfully to VRAM (GPU)
INFO: VAO: [ID 249] Mesh uploaded successfully to VRAM (GPU)
INFO: VAO: [ID 250] Mesh uploaded successfully to VRAM (GPU)
INFO: VAO: [ID 251] Mesh uploaded successfully to VRAM (GPU)
INFO: VAO: [ID 252] Mesh uploaded successfully to VRAM (GPU)
INFO: VAO: [ID 253] Mesh uploaded successfully to VRAM (GPU)
INFO: VAO: [ID 254] Mesh uploaded successfully to VRAM (GPU)
INFO: VAO: [ID 255] Mesh uploaded successfully to VRAM (GPU)
INFO: VAO: [ID 256] Mesh uploaded successfully to VRAM (GPU)
INFO: VAO: [ID 257] Mesh uploaded successfully to VRAM (GPU)
INFO: VAO: [ID 258] Mesh uploaded successfully to VRAM (GPU)
INFO: VAO: [ID 259] Mesh uploaded successfully to VRAM (GPU)
INFO: VAO: [ID 260] Mesh uploaded successfully to VRAM (GPU)
INFO: VAO: [ID 261] Mesh uploaded successfully to VRAM (GPU)
INFO: VAO: [ID 262] Mesh uploaded successfully to VRAM (GPU)
INFO: VAO: [ID 263] Mesh uploaded successfully to VRAM (GPU)
INFO: VAO: [ID 264] Mesh uploaded successfully to VRAM (GPU)
INFO: VAO: [ID 265] Mesh uploaded successfully to VRAM (GPU)
INFO: VAO: [ID 266] Mesh uploaded successfully to VRAM (GPU)
[INF][Mod.SangoSimMod] [SangoSimMod] M2.c seed battle: 蔡中队(襄阳) vs 王平队(江陵), mutual destroy missions, distance 22; advance turns to let the war unfold
[INF][Mod.SangoSimMod] [SangoSimMod] M2.d step turns: 18 manual step(s) requested via the engine clock; turns will advance one per fixed tick
[INF][Mod.SangoSimMod] [SangoSimMod] M2.d step turns: 12 manual step(s) requested via the engine clock; turns will advance one per fixed tick
[INF][Mod.SangoSimMod] [SangoSimMod] M2.d step turns: 20 manual step(s) requested via the engine clock; turns will advance one per fixed tick
[Error] 不是囚犯,无法逃跑!
[Error] 不是囚犯,无法逃跑!
[Error] 不是囚犯,无法逃跑!
