  正在确定要还原的项目…
  所有项目均是最新的，无法还原。
  Ludots.Contracts -> C:\001_AI\LudotsProd\src\Contracts\bin\Debug\net8.0\Ludots.Contracts.dll
  DotRecast.Core -> C:\001_AI\LudotsProd\src\Libraries\DotRecast\src\DotRecast.Core\bin\Debug\net8.0\DotRecast.Core.dll
  Ludots.UI -> C:\001_AI\LudotsProd\src\Libraries\Ludots.UI\bin\Debug\net8.0\Ludots.UI.dll
  Arch -> C:\001_AI\LudotsProd\src\Libraries\Arch\src\Arch\bin\Debug\net8.0\Arch.dll
  Ludots.Platform.Abstractions -> C:\001_AI\LudotsProd\src\Platform\Ludots.Platform.Abstractions\bin\Debug\net8.0\Ludots.Platform.Abstractions.dll
  Ludots.Graph.Abstractions -> C:\001_AI\LudotsProd\src\Graph\Ludots.Graph.Abstractions\bin\Debug\net8.0\Ludots.Graph.Abstractions.dll
  DotRecast.Detour -> C:\001_AI\LudotsProd\src\Libraries\DotRecast\src\DotRecast.Detour\bin\Debug\net8.0\DotRecast.Detour.dll
  DotRecast.Recast -> C:\001_AI\LudotsProd\src\Libraries\DotRecast\src\DotRecast.Recast\bin\Debug\net8.0\DotRecast.Recast.dll
  Arch.System -> C:\001_AI\LudotsProd\src\Libraries\Arch.Extended\Arch.System\bin\Debug\net7.0\Arch.System.dll
  Arch -> C:\001_AI\LudotsProd\src\Libraries\Arch\src\Arch\bin\Debug\net6.0\Arch.dll
  Arch.Relationships -> C:\001_AI\LudotsProd\src\Libraries\Arch.Extended\Arch.Relationships\bin\Debug\net7.0\Arch.Relationships.dll
  Arch.Persistence -> C:\001_AI\LudotsProd\src\Libraries\Arch.Extended\Arch.Persistence\bin\Debug\net7.0\Arch.Persistence.dll
  Ludots.Core -> C:\001_AI\LudotsProd\src\Core\bin\Debug\net8.0\Ludots.Core.dll
  RtsCncTrainingShowcaseMod -> C:\001_AI\LudotsProd\mods\showcases\rts_training_cnc\RtsCncTrainingShowcaseMod\bin\net8.0\RtsCncTrainingShowcaseMod.dll
  CoreInputMod -> C:\001_AI\LudotsProd\mods\CoreInputMod\bin\net8.0\CoreInputMod.dll
  EntityCommandPanelMod -> C:\001_AI\LudotsProd\mods\EntityCommandPanelMod\bin\net8.0\EntityCommandPanelMod.dll
  LudotsCoreMod -> C:\001_AI\LudotsProd\mods\LudotsCoreMod\bin\net8.0\LudotsCoreMod.dll
  RtsDemoMod -> C:\001_AI\LudotsProd\mods\showcases\rts_demo\RtsDemoMod\bin\net8.0\RtsDemoMod.dll
  PersistenceTests -> C:\001_AI\LudotsProd\src\Tests\PersistenceTests\bin\Debug\net8.0\PersistenceTests.dll
C:\001_AI\LudotsProd\src\Tests\PersistenceTests\bin\Debug\net8.0\PersistenceTests.dll (.NETCoreApp,Version=v8.0)的测试运行
总共 1 个测试文件与指定模式相匹配。
C:\001_AI\LudotsProd\src\Tests\PersistenceTests\bin\Debug\net8.0\PersistenceTests.dll
NUnit Adapter 4.6.0.0: Test execution started
Running selected tests in C:\001_AI\LudotsProd\src\Tests\PersistenceTests\bin\Debug\net8.0\PersistenceTests.dll
   NUnit3TestExecutor discovered 1 of 1 NUnit test cases using Current Discovery mode, Explicit run
[INF][Engine] Initializing with ConfigPipeline...
[INF][Engine] Resolving mod dependencies from explicit mod paths: mods=1
[INF][ModLoader] Mod Load Order:
[INF][ModLoader] - LudotsCoreMod (P:-1000)
[INF][ModLoader] Resolved Mod Load Order (launcher graph):
[INF][ModLoader] - LudotsCoreMod (P:-1000)
[INF][ModLoader] Loading DLL for LudotsCoreMod at C:\001_AI\LudotsProd\mods\LudotsCoreMod\bin\net8.0\LudotsCoreMod.dll
[INF][ModLoader] Scanning 2 types in assembly...
[INF][ModLoader] Instantiated entry for LudotsCoreMod. Calling OnLoad...
[INF][Mod.LudotsCoreMod] [LudotsCoreMod] Loaded - Core game framework initialized
[INF][ModLoader] LudotsCoreMod OnLoad completed.
[INF][ModLoader] Loaded LudotsCoreMod
[INF][Config] Merged fragment from: Core:game.json
[INF][Config] Merged fragment from: LudotsCoreMod:assets/game.json
[INF][Config] Merged fragment from: Core:config_catalog.json
[INF][Config] Merged fragment from: Core:Navigation/agent_profiles.json
[INF][Engine] Merged GameConfig: StartupMapId=entry, DefaultCoreMod=LudotsCoreMod
[INF][Engine] Constants loaded: OrderTypeIds=4, ResponseChainOrderTypeIds=3
[INF][Engine] Initializing JobScheduler...
[INF][Config] Loading DataRegistry<EntityTemplate> from Entities/templates.json...
[INF][Config] Merged fragment from: LudotsCoreMod:assets/Entities/templates.json
[INF][Config] Loaded 4 DataRegistry<EntityTemplate> items.
[INF][Engine] Initializing Core GAS Systems...
[INF][Config] Merged fragment from: Core:Engine/clock.json
[INF][Config] Merged fragment from: Core:Relationships/catalog.json
[INF][Config] Merged fragment from: LudotsCoreMod:assets/Relationships/catalog.json
[INF][Config] Merged fragment from: Core:Relationships/control_profiles.json
[INF][Config] Merged fragment from: Core:GAS/target_dispatch_presets.json
[INF][Config] Merged fragment from: Core:GAS/clock.json
[INF][Config] Merged fragment from: Core:Physics2D/clock.json
[INF][Config] Merged fragment from: Core:Physics2D/solver.json
[INF][Config] Merged fragment from: Core:Physics2D/kinematic.json
[INF][Config] Merged fragment from: Core:GAS/attribute_constraints.json
[INF][Config] Merged fragment from: Core:Vision/fog_layers.json
[INF][Config] Merged fragment from: LudotsCoreMod:assets/Presentation/text_tokens.json
[INF][Config] Merged fragment from: LudotsCoreMod:assets/Presentation/text_tokens.json
[INF][Config] Merged fragment from: LudotsCoreMod:assets/Presentation/text_locales.json
[INF][Config] Merged fragment from: Core:GraphTables/lookup_tables.json
[INF][Config] Merged fragment from: Core:GAS/graphs.json
[INF][Config] Merged fragment from: Core:GAS/preset_types.json
[INF][Config] Merged fragment from: Core:Exchange/operations.json
[INF][Config] Merged fragment from: Core:Progression/scopes.json
[INF][Config] Merged fragment from: Core:Progression/progressions.json
[INF][Config] Merged fragment from: Core:Progression/requirements.json
[INF][Config] Merged fragment from: LudotsCoreMod:assets/GAS/order_types.json
[INF][Config] Merged fragment from: Core:GAS/effects.json
[INF][Config] Merged fragment from: Core:GAS/func_lib.json
[INF][Config] Merged fragment from: Core:GAS/action_lib.json
[INF][Config] Merged fragment from: Core:Items/shapes.json
[INF][Config] Merged fragment from: Core:Items/layouts.json
[INF][Config] Merged fragment from: Core:Items/definitions.json
[INF][Config] Merged fragment from: Core:Exchange/operations.json
[INF][Config] Merged fragment from: Core:Panels/panel_templates.json
[INF][Config] Merged fragment from: Core:Input/filter_profiles.json
[INF][Config] Merged fragment from: Core:Presentation/lod_profiles.json
[INF][Config] Merged fragment from: Core:Presentation/particle_vfx.json
[INF][Config] Merged fragment from: LudotsCoreMod:assets/Presentation/mesh_assets.json
[INF][Config] Merged fragment from: LudotsCoreMod:assets/Presentation/material_assets.json
[INF][Config] Merged fragment from: LudotsCoreMod:assets/Presentation/animator_controllers.json
[INF][Config] Merged fragment from: LudotsCoreMod:assets/Presentation/animation_clips.json
[INF][Config] Merged fragment from: LudotsCoreMod:assets/Presentation/animation_profiles.json
[INF][Config] Merged fragment from: LudotsCoreMod:assets/Presentation/presenters.json
[INF][Config] Merged fragment from: Core:GAS/attribute_bindings.json
[INF][Config] Merged fragment from: Core:config_catalog.json
[INF][Config] Merged fragment from: Core:Input/default_input.json
[INF][Config] Merged fragment from: Core:Input/action_attribute_bindings.json
[INF][Config] Merged fragment from: Core:Input/command_intent_profiles.json
[INF][Config] Merged fragment from: Core:Input/interaction_context_profiles.json
[INF][Config] Merged fragment from: Core:Input/cast_commit_profiles.json
[INF][Config] Merged fragment from: Core:Input/cast_commit_locks.json
[INF][Config] Merged fragment from: Core:Input/cast_dispatch_profiles.json
[INF][Config] Merged fragment from: Core:Input/control_schemes.json
[INF][Config] Merged fragment from: Core:UI/ability_aggregation_profiles.json
[INF][Config] Merged fragment from: Core:UI/command_deck_profiles.json
[INF][Config] Merged fragment from: Core:UI/production_overview_profiles.json
[INF][Config] Merged fragment from: Core:AI/behavior_trees.json
[INF][Config] Merged fragment from: Core:AI/hfsm.json
[INF][Config] Merged fragment from: Core:Camera/virtual_cameras.json
[INF][Config] Merged fragment from: Core:Narrative/variables.json
[INF][Config] Merged fragment from: Core:Narrative/dialogues.json
[INF][Config] Merged fragment from: Core:Narrative/cinematics.json
[INF][ModLoader] No registration conflicts detected.
[INF][Engine] Loading Map: entry
[INF][Map] Loading Map: entry
[INF][Config] Merged fragment from: LudotsCoreMod:assets/Maps/entry.json
[INF][Map] Map 'entry' loaded.
[INF][Map] Map 'entry' pushed to focus (stack depth=1).
[INF][Config] Merged fragment from: Core:Navigation/pathing.json
[INF][Engine] Pathing bootstrap skipped for map 'entry': no node-graph board or navmesh query service is loaded.
[INF][Engine] Creating Entities from MapConfig...
[INF][Engine] Applied DefaultCamera: yaw=180 pitch=45 dist=3000cm fov=60
[INF][Engine] Firing MapLoaded event for entry...
attributes: [Attack,Camera.Behavior.FollowHold,Camera.Behavior.GrabDragHold,Camera.Behavior.LookX,Camera.Behavior.LookY,Camera.Behavior.MoveX,Camera.Behavior.MoveY,Camera.Behavior.PointerActive,Camera.Behavior.PointerDeltaX,Camera.Behavior.PointerDeltaY,Camera.Behavior.PointerX,Camera.Behavior.PointerY,Camera.Behavior.RotateHold,Camera.Behavior.RotateLeft,Camera.Behavior.RotateRight,Camera.Behavior.Zoom,Credits,Gas,Health,Lumber,Mana,Minerals,MoveSpeed,Physics.ForceRequestX,Physics.ForceRequestY,time.scale_permille]
tags: [Effect.ApplyForce,Role.Core.Researcher]
ambient==first.RegistrySet: True
[INF][Engine] Initializing with ConfigPipeline...
[INF][Engine] Resolving mod dependencies from explicit mod paths: mods=1
[INF][ModLoader] Mod Load Order:
[INF][ModLoader] - LudotsCoreMod (P:-1000)
[INF][ModLoader] Resolved Mod Load Order (launcher graph):
[INF][ModLoader] - LudotsCoreMod (P:-1000)
[INF][ModLoader] Loading DLL for LudotsCoreMod at C:\001_AI\LudotsProd\mods\LudotsCoreMod\bin\net8.0\LudotsCoreMod.dll
[INF][ModLoader] Scanning 2 types in assembly...
[INF][ModLoader] Instantiated entry for LudotsCoreMod. Calling OnLoad...
[INF][Mod.LudotsCoreMod] [LudotsCoreMod] Loaded - Core game framework initialized
[INF][ModLoader] LudotsCoreMod OnLoad completed.
[INF][ModLoader] Loaded LudotsCoreMod
[INF][Config] Merged fragment from: Core:game.json
[INF][Config] Merged fragment from: LudotsCoreMod:assets/game.json
[INF][Config] Merged fragment from: Core:config_catalog.json
[INF][Config] Merged fragment from: Core:Navigation/agent_profiles.json
[INF][Engine] Merged GameConfig: StartupMapId=entry, DefaultCoreMod=LudotsCoreMod
[INF][Engine] Constants loaded: OrderTypeIds=4, ResponseChainOrderTypeIds=3
[INF][Config] Loading DataRegistry<EntityTemplate> from Entities/templates.json...
[INF][Config] Merged fragment from: LudotsCoreMod:assets/Entities/templates.json
[INF][Config] Loaded 4 DataRegistry<EntityTemplate> items.
[INF][Engine] Initializing Core GAS Systems...
[INF][Config] Merged fragment from: Core:Engine/clock.json
[INF][Config] Merged fragment from: Core:Relationships/catalog.json
[INF][Config] Merged fragment from: LudotsCoreMod:assets/Relationships/catalog.json
[INF][Config] Merged fragment from: Core:Relationships/control_profiles.json
[INF][Config] Merged fragment from: Core:GAS/target_dispatch_presets.json
[INF][Config] Merged fragment from: Core:GAS/clock.json
[INF][Config] Merged fragment from: Core:Physics2D/clock.json
[INF][Config] Merged fragment from: Core:Physics2D/solver.json
[INF][Config] Merged fragment from: Core:Physics2D/kinematic.json
[INF][Config] Merged fragment from: Core:GAS/attribute_constraints.json
[INF][Config] Merged fragment from: Core:Vision/fog_layers.json
[INF][Config] Merged fragment from: LudotsCoreMod:assets/Presentation/text_tokens.json
[INF][Config] Merged fragment from: LudotsCoreMod:assets/Presentation/text_tokens.json
[INF][Config] Merged fragment from: LudotsCoreMod:assets/Presentation/text_locales.json
[INF][Config] Merged fragment from: Core:GraphTables/lookup_tables.json
[INF][Config] Merged fragment from: Core:GAS/graphs.json
[INF][Config] Merged fragment from: Core:GAS/preset_types.json
[INF][Config] Merged fragment from: Core:Exchange/operations.json
[INF][Config] Merged fragment from: Core:Progression/scopes.json
[INF][Config] Merged fragment from: Core:Progression/progressions.json
[INF][Config] Merged fragment from: Core:Progression/requirements.json
[INF][Config] Merged fragment from: LudotsCoreMod:assets/GAS/order_types.json
[INF][Config] Merged fragment from: Core:GAS/effects.json
[INF][Config] Merged fragment from: Core:GAS/func_lib.json
[INF][Config] Merged fragment from: Core:GAS/action_lib.json
[INF][Config] Merged fragment from: Core:Items/shapes.json
[INF][Config] Merged fragment from: Core:Items/layouts.json
[INF][Config] Merged fragment from: Core:Items/definitions.json
[INF][Config] Merged fragment from: Core:Exchange/operations.json
[INF][Config] Merged fragment from: Core:Panels/panel_templates.json
[INF][Config] Merged fragment from: Core:Input/filter_profiles.json
[INF][Config] Merged fragment from: Core:Presentation/lod_profiles.json
[INF][Config] Merged fragment from: Core:Presentation/particle_vfx.json
[INF][Config] Merged fragment from: LudotsCoreMod:assets/Presentation/mesh_assets.json
[INF][Config] Merged fragment from: LudotsCoreMod:assets/Presentation/material_assets.json
[INF][Config] Merged fragment from: LudotsCoreMod:assets/Presentation/animator_controllers.json
[INF][Config] Merged fragment from: LudotsCoreMod:assets/Presentation/animation_clips.json
[INF][Config] Merged fragment from: LudotsCoreMod:assets/Presentation/animation_profiles.json
[INF][Config] Merged fragment from: LudotsCoreMod:assets/Presentation/presenters.json
[INF][Config] Merged fragment from: Core:GAS/attribute_bindings.json
[INF][Config] Merged fragment from: Core:config_catalog.json
[INF][Config] Merged fragment from: Core:Input/default_input.json
[INF][Config] Merged fragment from: Core:Input/action_attribute_bindings.json
[INF][Config] Merged fragment from: Core:Input/command_intent_profiles.json
[INF][Config] Merged fragment from: Core:Input/interaction_context_profiles.json
[INF][Config] Merged fragment from: Core:Input/cast_commit_profiles.json
[INF][Config] Merged fragment from: Core:Input/cast_commit_locks.json
[INF][Config] Merged fragment from: Core:Input/cast_dispatch_profiles.json
[INF][Config] Merged fragment from: Core:Input/control_schemes.json
[INF][Config] Merged fragment from: Core:UI/ability_aggregation_profiles.json
[INF][Config] Merged fragment from: Core:UI/command_deck_profiles.json
[INF][Config] Merged fragment from: Core:UI/production_overview_profiles.json
[INF][Config] Merged fragment from: Core:AI/behavior_trees.json
[INF][Config] Merged fragment from: Core:AI/hfsm.json
[INF][Config] Merged fragment from: Core:Camera/virtual_cameras.json
[INF][Config] Merged fragment from: Core:Narrative/variables.json
[INF][Config] Merged fragment from: Core:Narrative/dialogues.json
[INF][Config] Merged fragment from: Core:Narrative/cinematics.json
[INF][ModLoader] No registration conflicts detected.
[INF][Engine] Loading Map: entry
[INF][Map] Loading Map: entry
[INF][Config] Merged fragment from: LudotsCoreMod:assets/Maps/entry.json
[INF][Map] Map 'entry' loaded.
[INF][Map] Map 'entry' pushed to focus (stack depth=1).
[INF][Config] Merged fragment from: Core:Navigation/pathing.json
[INF][Engine] Pathing bootstrap skipped for map 'entry': no node-graph board or navmesh query service is loaded.
[INF][Engine] Creating Entities from MapConfig...
[INF][Engine] Applied DefaultCamera: yaw=180 pitch=45 dist=3000cm fov=60
[INF][Engine] Firing MapLoaded event for entry...
ambient==second.RegistrySet: True
=== diff right after map load (before any tick) ===
A entities(24): 0:1,10:1,11:1,12:1,13:1,14:1,15:1,16:1,17:1,18:1,19:1,1:1,20:1,21:1,22:1,23:1,2:1,3:1,4:1,5:1,6:1,7:1,8:1,9:1
B entities(24): 0:1,10:1,11:1,12:1,13:1,14:1,15:1,16:1,17:1,18:1,19:1,1:1,20:1,21:1,22:1,23:1,2:1,3:1,4:1,5:1,6:1,7:1,8:1,9:1
DIFF 10:1/RelationshipInstanceCm
  A: C4200400000000000000010000000400000000000000010000000300000001000000
  B: C4200400000001000000010000000400000001000000010000000300000001000000
DIFF 11:1/RelationshipInstanceCm
  A: C4200400000000000000010000000400000000000000010000000500000001000000
  B: C4200400000001000000010000000400000001000000010000000500000001000000
DIFF 12:1/RelationshipInstanceCm
  A: C4200500000000000000010000000500000000000000010000000300000001000000
  B: C4200500000001000000010000000500000001000000010000000300000001000000
DIFF 13:1/RelationshipInstanceCm
  A: C4200500000000000000010000000500000000000000010000000500000001000000
  B: C4200500000001000000010000000500000001000000010000000500000001000000
DIFF 14:1/RelationshipInstanceCm
  A: C4200400000000000000010000000500000000000000010000000300000001000000
  B: C4200400000001000000010000000500000001000000010000000300000001000000
DIFF 15:1/RelationshipInstanceCm
  A: C4200500000000000000010000000400000000000000010000000300000001000000
  B: C4200500000001000000010000000400000001000000010000000300000001000000
DIFF 16:1/RelationshipInstanceCm
  A: C4200400000000000000010000000500000000000000010000000400000001000000
  B: C4200400000001000000010000000500000001000000010000000400000001000000
DIFF 17:1/RelationshipInstanceCm
  A: C4200500000000000000010000000400000000000000010000000400000001000000
  B: C4200500000001000000010000000400000001000000010000000400000001000000
DIFF 18:1/RelationshipInstanceCm
  A: C4200400000000000000010000000400000000000000010000000200000001000000
  B: C4200400000001000000010000000400000001000000010000000200000001000000
DIFF 19:1/RelationshipInstanceCm
  A: C4200500000000000000010000000500000000000000010000000200000001000000
  B: C4200500000001000000010000000500000001000000010000000200000001000000
DIFF 20:1/RelationshipInstanceCm
  A: C4200800000000000000010000000500000000000000010000000200000001000000
  B: C4200800000001000000010000000500000001000000010000000200000001000000
DIFF 21:1/RelationshipInstanceCm
  A: C4200700000000000000010000000500000000000000010000000200000001000000
  B: C4200700000001000000010000000500000001000000010000000200000001000000
total component diffs: 20 / 184
[INF][Engine] Firing GameStart event...
[LudotsCoreMod] Core systems installed
[INF][Engine] Firing GameStart event...
[LudotsCoreMod] Core systems installed
[WRN][Presentation] Terrain height sync requested VisualHeightmap, but none is registered; undeclared static pending may resolve flat while declared heightmap pending stays unresolved.
[WRN][Presentation] Terrain height sync requested VisualHeightmap, but none is registered; undeclared static pending may resolve flat while declared heightmap pending stays unresolved.
first:  tick=1;fixedFrame=1;worldHash=28B677771EEA208F1C1BF786F7395EE3C8C0846ED07E69FC96BF048F00D1ABDF
second: tick=1;fixedFrame=1;worldHash=08C1A9067827409AD5258B886245FC06D0C96767AD65E359010890468F04E4AA
no-restore two-engine equal: False
DIFF 10:1/RelationshipInstanceCm
  A: C4200400000000000000010000000400000000000000010000000300000001000000
  B: C4200400000001000000010000000400000001000000010000000300000001000000
DIFF 11:1/RelationshipInstanceCm
  A: C4200400000000000000010000000400000000000000010000000500000001000000
  B: C4200400000001000000010000000400000001000000010000000500000001000000
DIFF 12:1/RelationshipInstanceCm
  A: C4200500000000000000010000000500000000000000010000000300000001000000
  B: C4200500000001000000010000000500000001000000010000000300000001000000
DIFF 13:1/RelationshipInstanceCm
  A: C4200500000000000000010000000500000000000000010000000500000001000000
  B: C4200500000001000000010000000500000001000000010000000500000001000000
DIFF 14:1/RelationshipInstanceCm
  A: C4200400000000000000010000000500000000000000010000000300000001000000
  B: C4200400000001000000010000000500000001000000010000000300000001000000
DIFF 15:1/RelationshipInstanceCm
  A: C4200500000000000000010000000400000000000000010000000300000001000000
  B: C4200500000001000000010000000400000001000000010000000300000001000000
DIFF 16:1/RelationshipInstanceCm
  A: C4200400000000000000010000000500000000000000010000000400000001000000
  B: C4200400000001000000010000000500000001000000010000000400000001000000
DIFF 17:1/RelationshipInstanceCm
  A: C4200500000000000000010000000400000000000000010000000400000001000000
  B: C4200500000001000000010000000400000001000000010000000400000001000000
DIFF 18:1/RelationshipInstanceCm
  A: C4200400000000000000010000000400000000000000010000000200000001000000
  B: C4200400000001000000010000000400000001000000010000000200000001000000
DIFF 19:1/RelationshipInstanceCm
  A: C4200500000000000000010000000500000000000000010000000200000001000000
  B: C4200500000001000000010000000500000001000000010000000200000001000000
DIFF 20:1/RelationshipInstanceCm
  A: C4200800000000000000010000000500000000000000010000000200000001000000
  B: C4200800000001000000010000000500000001000000010000000200000001000000
DIFF 21:1/RelationshipInstanceCm
  A: C4200700000000000000010000000500000000000000010000000200000001000000
  B: C4200700000001000000010000000500000001000000010000000200000001000000
total component diffs: 32 / 337
[INF][Engine] Unloading ModLoader contexts...
[INF][Engine] Unloading ModLoader contexts...
[INF][Engine] Disposing JobScheduler...

NUnit Adapter 4.6.0.0: Test execution complete
  已通过 PrintRegisteredIdsAndCompareTwoEnginesWithoutRestore [2 s]
  标准输出消息:
 [INF][Engine] Initializing with ConfigPipeline...
 [INF][Engine] Resolving mod dependencies from explicit mod paths: mods=1
 [INF][ModLoader] Mod Load Order:
 [INF][ModLoader] - LudotsCoreMod (P:-1000)
 [INF][ModLoader] Resolved Mod Load Order (launcher graph):
 [INF][ModLoader] - LudotsCoreMod (P:-1000)
 [INF][ModLoader] Loading DLL for LudotsCoreMod at C:\001_AI\LudotsProd\mods\LudotsCoreMod\bin\net8.0\LudotsCoreMod.dll
 [INF][ModLoader] Scanning 2 types in assembly...
 [INF][ModLoader] Instantiated entry for LudotsCoreMod. Calling OnLoad...
 [INF][Mod.LudotsCoreMod] [LudotsCoreMod] Loaded - Core game framework initialized
 [INF][ModLoader] LudotsCoreMod OnLoad completed.
 [INF][ModLoader] Loaded LudotsCoreMod
 [INF][Config] Merged fragment from: Core:game.json
 [INF][Config] Merged fragment from: LudotsCoreMod:assets/game.json
 [INF][Config] Merged fragment from: Core:config_catalog.json
 [INF][Config] Merged fragment from: Core:Navigation/agent_profiles.json
 [INF][Engine] Merged GameConfig: StartupMapId=entry, DefaultCoreMod=LudotsCoreMod
 [INF][Engine] Constants loaded: OrderTypeIds=4, ResponseChainOrderTypeIds=3
 [INF][Engine] Initializing JobScheduler...
 [INF][Config] Loading DataRegistry<EntityTemplate> from Entities/templates.json...
 [INF][Config] Merged fragment from: LudotsCoreMod:assets/Entities/templates.json
 [INF][Config] Loaded 4 DataRegistry<EntityTemplate> items.
 [INF][Engine] Initializing Core GAS Systems...
 [INF][Config] Merged fragment from: Core:Engine/clock.json
 [INF][Config] Merged fragment from: Core:Relationships/catalog.json
 [INF][Config] Merged fragment from: LudotsCoreMod:assets/Relationships/catalog.json
 [INF][Config] Merged fragment from: Core:Relationships/control_profiles.json
 [INF][Config] Merged fragment from: Core:GAS/target_dispatch_presets.json
 [INF][Config] Merged fragment from: Core:GAS/clock.json
 [INF][Config] Merged fragment from: Core:Physics2D/clock.json
 [INF][Config] Merged fragment from: Core:Physics2D/solver.json
 [INF][Config] Merged fragment from: Core:Physics2D/kinematic.json
 [INF][Config] Merged fragment from: Core:GAS/attribute_constraints.json
 [INF][Config] Merged fragment from: Core:Vision/fog_layers.json
 [INF][Config] Merged fragment from: LudotsCoreMod:assets/Presentation/text_tokens.json
 [INF][Config] Merged fragment from: LudotsCoreMod:assets/Presentation/text_tokens.json
 [INF][Config] Merged fragment from: LudotsCoreMod:assets/Presentation/text_locales.json
 [INF][Config] Merged fragment from: Core:GraphTables/lookup_tables.json
 [INF][Config] Merged fragment from: Core:GAS/graphs.json
 [INF][Config] Merged fragment from: Core:GAS/preset_types.json
 [INF][Config] Merged fragment from: Core:Exchange/operations.json
 [INF][Config] Merged fragment from: Core:Progression/scopes.json
 [INF][Config] Merged fragment from: Core:Progression/progressions.json
 [INF][Config] Merged fragment from: Core:Progression/requirements.json
 [INF][Config] Merged fragment from: LudotsCoreMod:assets/GAS/order_types.json
 [INF][Config] Merged fragment from: Core:GAS/effects.json
 [INF][Config] Merged fragment from: Core:GAS/func_lib.json
 [INF][Config] Merged fragment from: Core:GAS/action_lib.json
 [INF][Config] Merged fragment from: Core:Items/shapes.json
 [INF][Config] Merged fragment from: Core:Items/layouts.json
 [INF][Config] Merged fragment from: Core:Items/definitions.json
 [INF][Config] Merged fragment from: Core:Exchange/operations.json
 [INF][Config] Merged fragment from: Core:Panels/panel_templates.json
 [INF][Config] Merged fragment from: Core:Input/filter_profiles.json
 [INF][Config] Merged fragment from: Core:Presentation/lod_profiles.json
 [INF][Config] Merged fragment from: Core:Presentation/particle_vfx.json
 [INF][Config] Merged fragment from: LudotsCoreMod:assets/Presentation/mesh_assets.json
 [INF][Config] Merged fragment from: LudotsCoreMod:assets/Presentation/material_assets.json
 [INF][Config] Merged fragment from: LudotsCoreMod:assets/Presentation/animator_controllers.json
 [INF][Config] Merged fragment from: LudotsCoreMod:assets/Presentation/animation_clips.json
 [INF][Config] Merged fragment from: LudotsCoreMod:assets/Presentation/animation_profiles.json
 [INF][Config] Merged fragment from: LudotsCoreMod:assets/Presentation/presenters.json
 [INF][Config] Merged fragment from: Core:GAS/attribute_bindings.json
 [INF][Config] Merged fragment from: Core:config_catalog.json
 [INF][Config] Merged fragment from: Core:Input/default_input.json
 [INF][Config] Merged fragment from: Core:Input/action_attribute_bindings.json
 [INF][Config] Merged fragment from: Core:Input/command_intent_profiles.json
 [INF][Config] Merged fragment from: Core:Input/interaction_context_profiles.json
 [INF][Config] Merged fragment from: Core:Input/cast_commit_profiles.json
 [INF][Config] Merged fragment from: Core:Input/cast_commit_locks.json
 [INF][Config] Merged fragment from: Core:Input/cast_dispatch_profiles.json
 [INF][Config] Merged fragment from: Core:Input/control_schemes.json
 [INF][Config] Merged fragment from: Core:UI/ability_aggregation_profiles.json
 [INF][Config] Merged fragment from: Core:UI/command_deck_profiles.json
 [INF][Config] Merged fragment from: Core:UI/production_overview_profiles.json
 [INF][Config] Merged fragment from: Core:AI/behavior_trees.json
 [INF][Config] Merged fragment from: Core:AI/hfsm.json
 [INF][Config] Merged fragment from: Core:Camera/virtual_cameras.json
 [INF][Config] Merged fragment from: Core:Narrative/variables.json
 [INF][Config] Merged fragment from: Core:Narrative/dialogues.json
 [INF][Config] Merged fragment from: Core:Narrative/cinematics.json
 [INF][ModLoader] No registration conflicts detected.
 [INF][Engine] Loading Map: entry
 [INF][Map] Loading Map: entry
 [INF][Config] Merged fragment from: LudotsCoreMod:assets/Maps/entry.json
 [INF][Map] Map 'entry' loaded.
 [INF][Map] Map 'entry' pushed to focus (stack depth=1).
 [INF][Config] Merged fragment from: Core:Navigation/pathing.json
 [INF][Engine] Pathing bootstrap skipped for map 'entry': no node-graph board or navmesh query service is loaded.
 [INF][Engine] Creating Entities from MapConfig...
 [INF][Engine] Applied DefaultCamera: yaw=180 pitch=45 dist=3000cm fov=60
 [INF][Engine] Firing MapLoaded event for entry...
 attributes: [Attack,Camera.Behavior.FollowHold,Camera.Behavior.GrabDragHold,Camera.Behavior.LookX,Camera.Behavior.LookY,Camera.Behavior.MoveX,Camera.Behavior.MoveY,Camera.Behavior.PointerActive,Camera.Behavior.PointerDeltaX,Camera.Behavior.PointerDeltaY,Camera.Behavior.PointerX,Camera.Behavior.PointerY,Camera.Behavior.RotateHold,Camera.Behavior.RotateLeft,Camera.Behavior.RotateRight,Camera.Behavior.Zoom,Credits,Gas,Health,Lumber,Mana,Minerals,MoveSpeed,Physics.ForceRequestX,Physics.ForceRequestY,time.scale_permille]
 tags: [Effect.ApplyForce,Role.Core.Researcher]
 ambient==first.RegistrySet: True
 [INF][Engine] Initializing with ConfigPipeline...
 [INF][Engine] Resolving mod dependencies from explicit mod paths: mods=1
 [INF][ModLoader] Mod Load Order:
 [INF][ModLoader] - LudotsCoreMod (P:-1000)
 [INF][ModLoader] Resolved Mod Load Order (launcher graph):
 [INF][ModLoader] - LudotsCoreMod (P:-1000)
 [INF][ModLoader] Loading DLL for LudotsCoreMod at C:\001_AI\LudotsProd\mods\LudotsCoreMod\bin\net8.0\LudotsCoreMod.dll
 [INF][ModLoader] Scanning 2 types in assembly...
 [INF][ModLoader] Instantiated entry for LudotsCoreMod. Calling OnLoad...
 [INF][Mod.LudotsCoreMod] [LudotsCoreMod] Loaded - Core game framework initialized
 [INF][ModLoader] LudotsCoreMod OnLoad completed.
 [INF][ModLoader] Loaded LudotsCoreMod
 [INF][Config] Merged fragment from: Core:game.json
 [INF][Config] Merged fragment from: LudotsCoreMod:assets/game.json
 [INF][Config] Merged fragment from: Core:config_catalog.json
 [INF][Config] Merged fragment from: Core:Navigation/agent_profiles.json
 [INF][Engine] Merged GameConfig: StartupMapId=entry, DefaultCoreMod=LudotsCoreMod
 [INF][Engine] Constants loaded: OrderTypeIds=4, ResponseChainOrderTypeIds=3
 [INF][Config] Loading DataRegistry<EntityTemplate> from Entities/templates.json...
 [INF][Config] Merged fragment from: LudotsCoreMod:assets/Entities/templates.json
 [INF][Config] Loaded 4 DataRegistry<EntityTemplate> items.
 [INF][Engine] Initializing Core GAS Systems...
 [INF][Config] Merged fragment from: Core:Engine/clock.json
 [INF][Config] Merged fragment from: Core:Relationships/catalog.json
 [INF][Config] Merged fragment from: LudotsCoreMod:assets/Relationships/catalog.json
 [INF][Config] Merged fragment from: Core:Relationships/control_profiles.json
 [INF][Config] Merged fragment from: Core:GAS/target_dispatch_presets.json
 [INF][Config] Merged fragment from: Core:GAS/clock.json
 [INF][Config] Merged fragment from: Core:Physics2D/clock.json
 [INF][Config] Merged fragment from: Core:Physics2D/solver.json
 [INF][Config] Merged fragment from: Core:Physics2D/kinematic.json
 [INF][Config] Merged fragment from: Core:GAS/attribute_constraints.json
 [INF][Config] Merged fragment from: Core:Vision/fog_layers.json
 [INF][Config] Merged fragment from: LudotsCoreMod:assets/Presentation/text_tokens.json
 [INF][Config] Merged fragment from: LudotsCoreMod:assets/Presentation/text_tokens.json
 [INF][Config] Merged fragment from: LudotsCoreMod:assets/Presentation/text_locales.json
 [INF][Config] Merged fragment from: Core:GraphTables/lookup_tables.json
 [INF][Config] Merged fragment from: Core:GAS/graphs.json
 [INF][Config] Merged fragment from: Core:GAS/preset_types.json
 [INF][Config] Merged fragment from: Core:Exchange/operations.json
 [INF][Config] Merged fragment from: Core:Progression/scopes.json
 [INF][Config] Merged fragment from: Core:Progression/progressions.json
 [INF][Config] Merged fragment from: Core:Progression/requirements.json
 [INF][Config] Merged fragment from: LudotsCoreMod:assets/GAS/order_types.json
 [INF][Config] Merged fragment from: Core:GAS/effects.json
 [INF][Config] Merged fragment from: Core:GAS/func_lib.json
 [INF][Config] Merged fragment from: Core:GAS/action_lib.json
 [INF][Config] Merged fragment from: Core:Items/shapes.json
 [INF][Config] Merged fragment from: Core:Items/layouts.json
 [INF][Config] Merged fragment from: Core:Items/definitions.json
 [INF][Config] Merged fragment from: Core:Exchange/operations.json
 [INF][Config] Merged fragment from: Core:Panels/panel_templates.json
 [INF][Config] Merged fragment from: Core:Input/filter_profiles.json
 [INF][Config] Merged fragment from: Core:Presentation/lod_profiles.json
 [INF][Config] Merged fragment from: Core:Presentation/particle_vfx.json
 [INF][Config] Merged fragment from: LudotsCoreMod:assets/Presentation/mesh_assets.json
 [INF][Config] Merged fragment from: LudotsCoreMod:assets/Presentation/material_assets.json
 [INF][Config] Merged fragment from: LudotsCoreMod:assets/Presentation/animator_controllers.json
 [INF][Config] Merged fragment from: LudotsCoreMod:assets/Presentation/animation_clips.json
 [INF][Config] Merged fragment from: LudotsCoreMod:assets/Presentation/animation_profiles.json
 [INF][Config] Merged fragment from: LudotsCoreMod:assets/Presentation/presenters.json
 [INF][Config] Merged fragment from: Core:GAS/attribute_bindings.json
 [INF][Config] Merged fragment from: Core:config_catalog.json
 [INF][Config] Merged fragment from: Core:Input/default_input.json
 [INF][Config] Merged fragment from: Core:Input/action_attribute_bindings.json
 [INF][Config] Merged fragment from: Core:Input/command_intent_profiles.json
 [INF][Config] Merged fragment from: Core:Input/interaction_context_profiles.json
 [INF][Config] Merged fragment from: Core:Input/cast_commit_profiles.json
 [INF][Config] Merged fragment from: Core:Input/cast_commit_locks.json
 [INF][Config] Merged fragment from: Core:Input/cast_dispatch_profiles.json
 [INF][Config] Merged fragment from: Core:Input/control_schemes.json
 [INF][Config] Merged fragment from: Core:UI/ability_aggregation_profiles.json
 [INF][Config] Merged fragment from: Core:UI/command_deck_profiles.json
 [INF][Config] Merged fragment from: Core:UI/production_overview_profiles.json
 [INF][Config] Merged fragment from: Core:AI/behavior_trees.json
 [INF][Config] Merged fragment from: Core:AI/hfsm.json
 [INF][Config] Merged fragment from: Core:Camera/virtual_cameras.json
 [INF][Config] Merged fragment from: Core:Narrative/variables.json
 [INF][Config] Merged fragment from: Core:Narrative/dialogues.json
 [INF][Config] Merged fragment from: Core:Narrative/cinematics.json
 [INF][ModLoader] No registration conflicts detected.
 [INF][Engine] Loading Map: entry
 [INF][Map] Loading Map: entry
 [INF][Config] Merged fragment from: LudotsCoreMod:assets/Maps/entry.json
 [INF][Map] Map 'entry' loaded.
 [INF][Map] Map 'entry' pushed to focus (stack depth=1).
 [INF][Config] Merged fragment from: Core:Navigation/pathing.json
 [INF][Engine] Pathing bootstrap skipped for map 'entry': no node-graph board or navmesh query service is loaded.
 [INF][Engine] Creating Entities from MapConfig...
 [INF][Engine] Applied DefaultCamera: yaw=180 pitch=45 dist=3000cm fov=60
 [INF][Engine] Firing MapLoaded event for entry...
 ambient==second.RegistrySet: True
 === diff right after map load (before any tick) ===
 A entities(24): 0:1,10:1,11:1,12:1,13:1,14:1,15:1,16:1,17:1,18:1,19:1,1:1,20:1,21:1,22:1,23:1,2:1,3:1,4:1,5:1,6:1,7:1,8:1,9:1
 B entities(24): 0:1,10:1,11:1,12:1,13:1,14:1,15:1,16:1,17:1,18:1,19:1,1:1,20:1,21:1,22:1,23:1,2:1,3:1,4:1,5:1,6:1,7:1,8:1,9:1
 DIFF 10:1/RelationshipInstanceCm
   A: C4200400000000000000010000000400000000000000010000000300000001000000
   B: C4200400000001000000010000000400000001000000010000000300000001000000
 DIFF 11:1/RelationshipInstanceCm
   A: C4200400000000000000010000000400000000000000010000000500000001000000
   B: C4200400000001000000010000000400000001000000010000000500000001000000
 DIFF 12:1/RelationshipInstanceCm
   A: C4200500000000000000010000000500000000000000010000000300000001000000
   B: C4200500000001000000010000000500000001000000010000000300000001000000
 DIFF 13:1/RelationshipInstanceCm
   A: C4200500000000000000010000000500000000000000010000000500000001000000
   B: C4200500000001000000010000000500000001000000010000000500000001000000
 DIFF 14:1/RelationshipInstanceCm
   A: C4200400000000000000010000000500000000000000010000000300000001000000
   B: C4200400000001000000010000000500000001000000010000000300000001000000
 DIFF 15:1/RelationshipInstanceCm
   A: C4200500000000000000010000000400000000000000010000000300000001000000
   B: C4200500000001000000010000000400000001000000010000000300000001000000
 DIFF 16:1/RelationshipInstanceCm
   A: C4200400000000000000010000000500000000000000010000000400000001000000
   B: C4200400000001000000010000000500000001000000010000000400000001000000
 DIFF 17:1/RelationshipInstanceCm
   A: C4200500000000000000010000000400000000000000010000000400000001000000
   B: C4200500000001000000010000000400000001000000010000000400000001000000
 DIFF 18:1/RelationshipInstanceCm
   A: C4200400000000000000010000000400000000000000010000000200000001000000
   B: C4200400000001000000010000000400000001000000010000000200000001000000
 DIFF 19:1/RelationshipInstanceCm
   A: C4200500000000000000010000000500000000000000010000000200000001000000
   B: C4200500000001000000010000000500000001000000010000000200000001000000
 DIFF 20:1/RelationshipInstanceCm
   A: C4200800000000000000010000000500000000000000010000000200000001000000
   B: C4200800000001000000010000000500000001000000010000000200000001000000
 DIFF 21:1/RelationshipInstanceCm
   A: C4200700000000000000010000000500000000000000010000000200000001000000
   B: C4200700000001000000010000000500000001000000010000000200000001000000
 total component diffs: 20 / 184
 [INF][Engine] Firing GameStart event...
 [LudotsCoreMod] Core systems installed
 [INF][Engine] Firing GameStart event...
 [LudotsCoreMod] Core systems installed
 [WRN][Presentation] Terrain height sync requested VisualHeightmap, but none is registered; undeclared static pending may resolve flat while declared heightmap pending stays unresolved.
 [WRN][Presentation] Terrain height sync requested VisualHeightmap, but none is registered; undeclared static pending may resolve flat while declared heightmap pending stays unresolved.
 first:  tick=1;fixedFrame=1;worldHash=28B677771EEA208F1C1BF786F7395EE3C8C0846ED07E69FC96BF048F00D1ABDF
 second: tick=1;fixedFrame=1;worldHash=08C1A9067827409AD5258B886245FC06D0C96767AD65E359010890468F04E4AA
 no-restore two-engine equal: False
 DIFF 10:1/RelationshipInstanceCm
   A: C4200400000000000000010000000400000000000000010000000300000001000000
   B: C4200400000001000000010000000400000001000000010000000300000001000000
 DIFF 11:1/RelationshipInstanceCm
   A: C4200400000000000000010000000400000000000000010000000500000001000000
   B: C4200400000001000000010000000400000001000000010000000500000001000000
 DIFF 12:1/RelationshipInstanceCm
   A: C4200500000000000000010000000500000000000000010000000300000001000000
   B: C4200500000001000000010000000500000001000000010000000300000001000000
 DIFF 13:1/RelationshipInstanceCm
   A: C4200500000000000000010000000500000000000000010000000500000001000000
   B: C4200500000001000000010000000500000001000000010000000500000001000000
 DIFF 14:1/RelationshipInstanceCm
   A: C4200400000000000000010000000500000000000000010000000300000001000000
   B: C4200400000001000000010000000500000001000000010000000300000001000000
 DIFF 15:1/RelationshipInstanceCm
   A: C4200500000000000000010000000400000000000000010000000300000001000000
   B: C4200500000001000000010000000400000001000000010000000300000001000000
 DIFF 16:1/RelationshipInstanceCm
   A: C4200400000000000000010000000500000000000000010000000400000001000000
   B: C4200400000001000000010000000500000001000000010000000400000001000000
 DIFF 17:1/RelationshipInstanceCm
   A: C4200500000000000000010000000400000000000000010000000400000001000000
   B: C4200500000001000000010000000400000001000000010000000400000001000000
 DIFF 18:1/RelationshipInstanceCm
   A: C4200400000000000000010000000400000000000000010000000200000001000000
   B: C4200400000001000000010000000400000001000000010000000200000001000000
 DIFF 19:1/RelationshipInstanceCm
   A: C4200500000000000000010000000500000000000000010000000200000001000000
   B: C4200500000001000000010000000500000001000000010000000200000001000000
 DIFF 20:1/RelationshipInstanceCm
   A: C4200800000000000000010000000500000000000000010000000200000001000000
   B: C4200800000001000000010000000500000001000000010000000200000001000000
 DIFF 21:1/RelationshipInstanceCm
   A: C4200700000000000000010000000500000000000000010000000200000001000000
   B: C4200700000001000000010000000500000001000000010000000200000001000000
 total component diffs: 32 / 337
 [INF][Engine] Unloading ModLoader contexts...
 [INF][Engine] Unloading ModLoader contexts...
 [INF][Engine] Disposing JobScheduler...



测试运行成功。
测试总数: 1
     通过数: 1
总时间: 3.0565 秒

有可用的工作负载更新。有关详细信息，请运行 `dotnet workload list`。
