  正在确定要还原的项目…
  所有项目均是最新的，无法还原。
  Ludots.Contracts -> C:\001_AI\LudotsProd\src\Contracts\bin\Debug\net9.0\Ludots.Contracts.dll
  Ludots.Platform.Abstractions -> C:\001_AI\LudotsProd\src\Platform\Ludots.Platform.Abstractions\bin\Debug\net9.0\Ludots.Platform.Abstractions.dll
  Ludots.UI -> C:\001_AI\LudotsProd\src\Libraries\Ludots.UI\bin\Debug\net9.0\Ludots.UI.dll
  SkiaSharp -> C:\001_AI\LudotsProd\src\Libraries\SkiaSharp\SkiaSharp\bin\Debug\net8.0\SkiaSharp.dll
  ExCSS -> C:\001_AI\LudotsProd\src\Libraries\ExCSS\bin\Debug\net8.0\ExCSS.dll
  Arch -> C:\001_AI\LudotsProd\src\Libraries\Arch\src\Arch\bin\Debug\net8.0\Arch.dll
  Ludots.Platform.Desktop -> C:\001_AI\LudotsProd\src\Platform\Ludots.Platform.Desktop\bin\Debug\net9.0\Ludots.Platform.Desktop.dll
  Ludots.Graph.Abstractions -> C:\001_AI\LudotsProd\src\Graph\Ludots.Graph.Abstractions\bin\Debug\net9.0\Ludots.Graph.Abstractions.dll
  Ludots.UI.Browser -> C:\001_AI\LudotsProd\src\Libraries\Ludots.UI.Browser\bin\Debug\net9.0\Ludots.UI.Browser.dll
  ShimSkiaSharp -> C:\001_AI\LudotsProd\src\Libraries\Svg.Skia\ShimSkiaSharp\bin\Debug\net8.0\ShimSkiaSharp.dll
  Svg.Generators -> C:\001_AI\LudotsProd\src\Libraries\Svg.Skia\externals\SVG\Generators\bin\Debug\netstandard2.0\Svg.Generators.dll
  Arch -> C:\001_AI\LudotsProd\src\Libraries\Arch\src\Arch\bin\Debug\net6.0\Arch.dll
  Arch.System -> C:\001_AI\LudotsProd\src\Libraries\Arch.Extended\Arch.System\bin\Debug\net7.0\Arch.System.dll
  Svg.Custom -> C:\001_AI\LudotsProd\src\Libraries\Svg.Skia\Svg.Custom\bin\Debug\net8.0\Svg.Custom.dll
  Arch.Persistence -> C:\001_AI\LudotsProd\src\Libraries\Arch.Extended\Arch.Persistence\bin\Debug\net7.0\Arch.Persistence.dll
  Arch.Relationships -> C:\001_AI\LudotsProd\src\Libraries\Arch.Extended\Arch.Relationships\bin\Debug\net7.0\Arch.Relationships.dll
  Svg.Model -> C:\001_AI\LudotsProd\src\Libraries\Svg.Skia\Svg.Model\bin\Debug\net8.0\Svg.Model.dll
  Svg.Skia -> C:\001_AI\LudotsProd\src\Libraries\Svg.Skia\Svg.Skia\bin\Debug\net8.0\Svg.Skia.dll
  DotRecast.Core -> C:\001_AI\LudotsProd\src\Libraries\DotRecast\src\DotRecast.Core\bin\Debug\net9.0\DotRecast.Core.dll
  Ludots.UI.Skia -> C:\001_AI\LudotsProd\src\Libraries\Ludots.UI.Skia\bin\Debug\net9.0\Ludots.UI.Skia.dll
  DotRecast.Detour -> C:\001_AI\LudotsProd\src\Libraries\DotRecast\src\DotRecast.Detour\bin\Debug\net9.0\DotRecast.Detour.dll
  DotRecast.Recast -> C:\001_AI\LudotsProd\src\Libraries\DotRecast\src\DotRecast.Recast\bin\Debug\net9.0\DotRecast.Recast.dll
  Ludots.Core -> C:\001_AI\LudotsProd\src\Core\bin\Debug\net9.0\Ludots.Core.dll
  DepApiMod -> C:\001_AI\LudotsProd\mods\fixtures\dep_api\DepApiMod\bin\net9.0\DepApiMod.dll
  ScopeSwitchShowcaseMod -> C:\001_AI\LudotsProd\mods\showcases\scope_switch\ScopeSwitchShowcaseMod\bin\net9.0\ScopeSwitchShowcaseMod.dll
  AIInspectorMod -> C:\001_AI\LudotsProd\mods\AIInspectorMod\bin\net9.0\AIInspectorMod.dll
  DiagnosticsOverlayMod -> C:\001_AI\LudotsProd\mods\DiagnosticsOverlayMod\bin\net9.0\DiagnosticsOverlayMod.dll
  PanelEntityListShowcaseMod -> C:\001_AI\LudotsProd\mods\showcases\panel_entity_list\PanelEntityListShowcaseMod\bin\net9.0\PanelEntityListShowcaseMod.dll
  TeamResearchShowcaseMod -> C:\001_AI\LudotsProd\mods\showcases\team_research\TeamResearchShowcaseMod\bin\net9.0\TeamResearchShowcaseMod.dll
  CameraBootstrapMod -> C:\001_AI\LudotsProd\mods\capabilities\camera\CameraBootstrapMod\bin\net9.0\CameraBootstrapMod.dll
  HtmlTestMod -> C:\001_AI\LudotsProd\mods\showcases\html_test\HtmlTestMod\bin\net9.0\HtmlTestMod.dll
  UiPlayerAggregateGraphMvpShowcaseMod -> C:\001_AI\LudotsProd\mods\showcases\ui_player_aggregate_graph_mvp\UiPlayerAggregateGraphMvpShowcaseMod\bin\net9.0\UiPlayerAggregateGraphMvpShowcaseMod.dll
  FourXDemoMod -> C:\001_AI\LudotsProd\mods\showcases\fourx_demo\FourXDemoMod\bin\net9.0\FourXDemoMod.dll
  ProgressionScopeShowcaseMod -> C:\001_AI\LudotsProd\mods\showcases\progression_scope\ProgressionScopeShowcaseMod\bin\net9.0\ProgressionScopeShowcaseMod.dll
  SplineSurfaceUatMod -> C:\001_AI\LudotsProd\mods\showcases\spline_surface_uat\SplineSurfaceUatMod\bin\net9.0\SplineSurfaceUatMod.dll
  DiplomacyTradeGateShowcaseMod -> C:\001_AI\LudotsProd\mods\showcases\diplomacy_trade_gate\DiplomacyTradeGateShowcaseMod\bin\net9.0\DiplomacyTradeGateShowcaseMod.dll
  CycleAMod -> C:\001_AI\LudotsProd\mods\fixtures\cycle_a\CycleAMod\bin\net9.0\CycleAMod.dll
  MultiLayerFogFieldShowcaseMod -> C:\001_AI\LudotsProd\mods\showcases\fog_of_war\MultiLayerFogFieldShowcaseMod\bin\net9.0\MultiLayerFogFieldShowcaseMod.dll
  TerrainBenchmarkMod -> C:\001_AI\LudotsProd\mods\TerrainBenchmarkMod\bin\net9.0\TerrainBenchmarkMod.dll
  ExploredMemoryShowcaseMod -> C:\001_AI\LudotsProd\mods\showcases\fog_of_war\ExploredMemoryShowcaseMod\bin\net9.0\ExploredMemoryShowcaseMod.dll
  DepConsumerMod -> C:\001_AI\LudotsProd\mods\fixtures\dep_consumer\DepConsumerMod\bin\net9.0\DepConsumerMod.dll
  TcgDemoMod -> C:\001_AI\LudotsProd\mods\showcases\tcg_demo\TcgDemoMod\bin\net9.0\TcgDemoMod.dll
  VersionMismatchMod -> C:\001_AI\LudotsProd\mods\fixtures\version_mismatch\VersionMismatchMod\bin\net9.0\VersionMismatchMod.dll
  ItemSystemShowcaseMod -> C:\001_AI\LudotsProd\mods\showcases\item_system\ItemSystemShowcaseMod\bin\net9.0\ItemSystemShowcaseMod.dll
  AssociationStressShowcaseMod -> C:\001_AI\LudotsProd\mods\showcases\association_stress\AssociationStressShowcaseMod\bin\net9.0\AssociationStressShowcaseMod.dll
  VirtualCameraShotsMod -> C:\001_AI\LudotsProd\mods\capabilities\camera\VirtualCameraShotsMod\bin\net9.0\VirtualCameraShotsMod.dll
  CameraAcceptanceHotpathEntryMod -> C:\001_AI\LudotsProd\mods\fixtures\camera\CameraAcceptanceHotpathEntryMod\bin\net9.0\CameraAcceptanceHotpathEntryMod.dll
  AIDemoMod -> C:\001_AI\LudotsProd\mods\showcases\ai_demo\AIDemoMod\bin\net9.0\AIDemoMod.dll
  StealthDetectionShowcaseMod -> C:\001_AI\LudotsProd\mods\showcases\fog_of_war\StealthDetectionShowcaseMod\bin\net9.0\StealthDetectionShowcaseMod.dll
  ParticipantViewCapabilityMod -> C:\001_AI\LudotsProd\mods\capabilities\participant_view\ParticipantViewCapabilityMod\bin\net9.0\ParticipantViewCapabilityMod.dll
  Ludots.WebUI.DataPlane -> C:\001_AI\LudotsProd\src\Libraries\Ludots.WebUI.DataPlane\bin\Debug\net9.0\Ludots.WebUI.DataPlane.dll
  MassNavigationMod -> C:\001_AI\LudotsProd\mods\capabilities\navigation\MassNavigationMod\bin\net9.0\MassNavigationMod.dll
  GapGeneratorShowcaseMod -> C:\001_AI\LudotsProd\mods\showcases\fog_of_war\GapGeneratorShowcaseMod\bin\net9.0\GapGeneratorShowcaseMod.dll
  RtsWar3TrainingShowcaseMod -> C:\001_AI\LudotsProd\mods\showcases\rts_training_war3\RtsWar3TrainingShowcaseMod\bin\net9.0\RtsWar3TrainingShowcaseMod.dll
  RtsSc2TrainingShowcaseMod -> C:\001_AI\LudotsProd\mods\showcases\rts_training_sc2\RtsSc2TrainingShowcaseMod\bin\net9.0\RtsSc2TrainingShowcaseMod.dll
  RoadNetworkShowcaseData -> C:\001_AI\LudotsProd\mods\showcases\shared\RoadNetworkShowcaseData\bin\net9.0\RoadNetworkShowcaseData.dll
  CoreInputMod -> C:\001_AI\LudotsProd\mods\CoreInputMod\bin\net9.0\CoreInputMod.dll
  CapabilityStandardModExtensibleRuntimeShowcaseShared -> C:\001_AI\LudotsProd\mods\showcases\capability_standard\CapabilityStandardModExtensibleRuntimeShowcaseShared\bin\net9.0\CapabilityStandardModExtensibleRuntimeShowcaseShared.dll
  Ludots.AgentBridge -> C:\001_AI\LudotsProd\src\Libraries\Ludots.AgentBridge\bin\Debug\net9.0\Ludots.AgentBridge.dll
  Ludots.Physics.Broadphase -> C:\001_AI\LudotsProd\src\Core\Ludots.Physics.Broadphase\bin\Debug\net9.0\Ludots.Physics.Broadphase.dll
  OwnershipCascadeShowcaseMod -> C:\001_AI\LudotsProd\mods\showcases\ownership_cascade\OwnershipCascadeShowcaseMod\bin\net9.0\OwnershipCascadeShowcaseMod.dll
  FourXAssociationShowcaseMod -> C:\001_AI\LudotsProd\mods\showcases\fourx_association\FourXAssociationShowcaseMod\bin\net9.0\FourXAssociationShowcaseMod.dll
  CapabilityStandardGraphBehaviorCommon -> C:\001_AI\LudotsProd\mods\showcases\capability_standard\CapabilityStandardGraphBehaviorCommon\bin\net9.0\CapabilityStandardGraphBehaviorCommon.dll
  ItemLoadoutShowcaseMod -> C:\001_AI\LudotsProd\mods\showcases\item_system\ItemLoadoutShowcaseMod\bin\net9.0\ItemLoadoutShowcaseMod.dll
  VisionConeHighGroundShowcaseMod -> C:\001_AI\LudotsProd\mods\showcases\fog_of_war\VisionConeHighGroundShowcaseMod\bin\net9.0\VisionConeHighGroundShowcaseMod.dll
  EntityInfoPanelsMod -> C:\001_AI\LudotsProd\mods\capabilities\entityinfo\EntityInfoPanelsMod\bin\net9.0\EntityInfoPanelsMod.dll
  ForgeSocketShowcaseMod -> C:\001_AI\LudotsProd\mods\showcases\item_system\ForgeSocketShowcaseMod\bin\net9.0\ForgeSocketShowcaseMod.dll
  StaticObstaclePhysicsShowcaseMod -> C:\001_AI\LudotsProd\mods\showcases\static_obstacle_physics\StaticObstaclePhysicsShowcaseMod\bin\net9.0\StaticObstaclePhysicsShowcaseMod.dll
  EntityCommandPanelMod -> C:\001_AI\LudotsProd\mods\EntityCommandPanelMod\bin\net9.0\EntityCommandPanelMod.dll
  FogVisionDecayShowcaseMod -> C:\001_AI\LudotsProd\mods\showcases\fog_vision_decay\FogVisionDecayShowcaseMod\bin\net9.0\FogVisionDecayShowcaseMod.dll
  CapabilityStandardConfigShardsShowcaseMod -> C:\001_AI\LudotsProd\mods\showcases\capability_standard\CapabilityStandardConfigShardsShowcaseMod\bin\net9.0\CapabilityStandardConfigShardsShowcaseMod.dll
  UtilityAutocastShowcaseMod -> C:\001_AI\LudotsProd\mods\showcases\utility_autocast\UtilityAutocastShowcaseMod\bin\net9.0\UtilityAutocastShowcaseMod.dll
  CapabilityStandardPresenterBehaviorExtensionShowcaseMod -> C:\001_AI\LudotsProd\mods\showcases\capability_standard\CapabilityStandardPresenterBehaviorExtensionShowcaseMod\bin\net9.0\CapabilityStandardPresenterBehaviorExtensionShowcaseMod.dll
  CapabilityStandardEffectPresetTypeCodeShowcaseMod -> C:\001_AI\LudotsProd\mods\showcases\capability_standard\CapabilityStandardEffectPresetTypeCodeShowcaseMod\bin\net9.0\CapabilityStandardEffectPresetTypeCodeShowcaseMod.dll
  CapabilityStandardPresenterCommandExtensionShowcaseMod -> C:\001_AI\LudotsProd\mods\showcases\capability_standard\CapabilityStandardPresenterCommandExtensionShowcaseMod\bin\net9.0\CapabilityStandardPresenterCommandExtensionShowcaseMod.dll
  SharedVisionSnapshotShowcaseMod -> C:\001_AI\LudotsProd\mods\showcases\fog_of_war\SharedVisionSnapshotShowcaseMod\bin\net9.0\SharedVisionSnapshotShowcaseMod.dll
  RaidLoopShowcaseMod -> C:\001_AI\LudotsProd\mods\showcases\item_system\RaidLoopShowcaseMod\bin\net9.0\RaidLoopShowcaseMod.dll
  WeaponBenchShowcaseMod -> C:\001_AI\LudotsProd\mods\showcases\item_system\WeaponBenchShowcaseMod\bin\net9.0\WeaponBenchShowcaseMod.dll
  ExampleMod -> C:\001_AI\LudotsProd\mods\ExampleMod\bin\net9.0\ExampleMod.dll
  LudotsCoreMod -> C:\001_AI\LudotsProd\mods\LudotsCoreMod\bin\net9.0\LudotsCoreMod.dll
  LineOfSightBrushShowcaseMod -> C:\001_AI\LudotsProd\mods\showcases\fog_of_war\LineOfSightBrushShowcaseMod\bin\net9.0\LineOfSightBrushShowcaseMod.dll
  CapabilityStandardTransportNetworkMod -> C:\001_AI\LudotsProd\mods\showcases\capability_standard\CapabilityStandardTransportNetworkMod\bin\net9.0\CapabilityStandardTransportNetworkMod.dll
  Ludots.Graph.Codegen -> C:\001_AI\LudotsProd\src\Graph\Ludots.Graph.Codegen\bin\Debug\net9.0\Ludots.Graph.Codegen.dll
  RtsCncTrainingShowcaseMod -> C:\001_AI\LudotsProd\mods\showcases\rts_training_cnc\RtsCncTrainingShowcaseMod\bin\net9.0\RtsCncTrainingShowcaseMod.dll
  CombatStanceBehaviorMod -> C:\001_AI\LudotsProd\mods\CombatStanceBehaviorMod\bin\net9.0\CombatStanceBehaviorMod.dll
  GoldMarketShowcaseMod -> C:\001_AI\LudotsProd\mods\showcases\gold_market\GoldMarketShowcaseMod\bin\net9.0\GoldMarketShowcaseMod.dll
  CapabilityStandardHfsmSentryArenaMod -> C:\001_AI\LudotsProd\mods\showcases\capability_standard\CapabilityStandardHfsmSentryArenaMod\bin\net9.0\CapabilityStandardHfsmSentryArenaMod.dll
  CapabilityStandardGraphFormalTextShowcaseMod -> C:\001_AI\LudotsProd\mods\showcases\capability_standard\CapabilityStandardGraphFormalTextShowcaseMod\bin\net9.0\CapabilityStandardGraphFormalTextShowcaseMod.dll
  CapabilityStandardGraphBehaviorIntegrationMod -> C:\001_AI\LudotsProd\mods\showcases\capability_standard\CapabilityStandardGraphBehaviorIntegrationMod\bin\net9.0\CapabilityStandardGraphBehaviorIntegrationMod.dll
  CapabilityStandardScriptFlowSandboxMod -> C:\001_AI\LudotsProd\mods\showcases\capability_standard\CapabilityStandardScriptFlowSandboxMod\bin\net9.0\CapabilityStandardScriptFlowSandboxMod.dll
  CapabilityStandardBehaviorTreeArenaMod -> C:\001_AI\LudotsProd\mods\showcases\capability_standard\CapabilityStandardBehaviorTreeArenaMod\bin\net9.0\CapabilityStandardBehaviorTreeArenaMod.dll
  MissingDepMod -> C:\001_AI\LudotsProd\mods\fixtures\missing_dep\MissingDepMod\bin\net9.0\MissingDepMod.dll
  CapabilityStandardGraphScoreShowcaseMod -> C:\001_AI\LudotsProd\mods\showcases\capability_standard\CapabilityStandardGraphScoreShowcaseMod\bin\net9.0\CapabilityStandardGraphScoreShowcaseMod.dll
  Ludots.UI.HtmlEngine -> C:\001_AI\LudotsProd\src\Libraries\Ludots.UI.HtmlEngine\bin\Debug\net9.0\Ludots.UI.HtmlEngine.dll
  Ludots.Physics2D -> C:\001_AI\LudotsProd\src\Core\Ludots.Physics2D\bin\Debug\net9.0\Ludots.Physics2D.dll
  CapabilityStandardAbilityGraphSandboxMod -> C:\001_AI\LudotsProd\mods\showcases\capability_standard\CapabilityStandardAbilityGraphSandboxMod\bin\net9.0\CapabilityStandardAbilityGraphSandboxMod.dll
  CycleBMod -> C:\001_AI\LudotsProd\mods\fixtures\cycle_b\CycleBMod\bin\net9.0\CycleBMod.dll
  Ludots.WebUI.PanelKit -> C:\001_AI\LudotsProd\src\Libraries\Ludots.WebUI.PanelKit\bin\Debug\net9.0\Ludots.WebUI.PanelKit.dll
  Ludots.Launcher.Backend -> C:\001_AI\LudotsProd\src\Tools\Ludots.Launcher.Backend\bin\Debug\net9.0\Ludots.Launcher.Backend.dll
  CapabilityStandardParticipantViewsMod -> C:\001_AI\LudotsProd\mods\showcases\capability_standard\CapabilityStandardParticipantViewsMod\bin\net9.0\CapabilityStandardParticipantViewsMod.dll
  FogOfWarShowcaseMod -> C:\001_AI\LudotsProd\mods\showcases\fog_of_war\FogOfWarShowcaseMod\bin\net9.0\FogOfWarShowcaseMod.dll
  CombatStanceShowcaseMod -> C:\001_AI\LudotsProd\mods\showcases\combat_stance\CombatStanceShowcaseMod\bin\net9.0\CombatStanceShowcaseMod.dll
  CapabilityStandardPhysics2DMod -> C:\001_AI\LudotsProd\mods\showcases\capability_standard\CapabilityStandardPhysics2DMod\bin\net9.0\CapabilityStandardPhysics2DMod.dll
  Ludots.Movement.Physics2DBridge -> C:\001_AI\LudotsProd\src\Core\Ludots.Movement.Physics2DBridge\bin\Debug\net9.0\Ludots.Movement.Physics2DBridge.dll
  CapabilityStandardPhysics2DShowcaseMod -> C:\001_AI\LudotsProd\mods\showcases\capability_standard\CapabilityStandardPhysics2DShowcaseMod\bin\net9.0\CapabilityStandardPhysics2DShowcaseMod.dll
  CapabilityStandardPhysics2DStressMod -> C:\001_AI\LudotsProd\mods\showcases\capability_standard\CapabilityStandardPhysics2DStressMod\bin\net9.0\CapabilityStandardPhysics2DStressMod.dll
  CapabilityStandardTimeFlowShowcaseMod -> C:\001_AI\LudotsProd\mods\showcases\capability_standard\CapabilityStandardTimeFlowShowcaseMod\bin\net9.0\CapabilityStandardTimeFlowShowcaseMod.dll
  ChunkStreamingShowcaseMod -> C:\001_AI\LudotsProd\mods\showcases\chunk_streaming\ChunkStreamingShowcaseMod\bin\net9.0\ChunkStreamingShowcaseMod.dll
  ReactiveTestMod -> C:\001_AI\LudotsProd\mods\fixtures\reactive_test\ReactiveTestMod\bin\net9.0\ReactiveTestMod.dll
  GasBenchmarkMod -> C:\001_AI\LudotsProd\mods\GasBenchmarkMod\bin\net9.0\GasBenchmarkMod.dll
  UiTestMod -> C:\001_AI\LudotsProd\mods\UiTestMod\bin\net9.0\UiTestMod.dll
  RtsDemoMod -> C:\001_AI\LudotsProd\mods\showcases\rts_demo\RtsDemoMod\bin\net9.0\RtsDemoMod.dll
  MinimapShowcaseMod -> C:\001_AI\LudotsProd\mods\showcases\minimap\MinimapShowcaseMod\bin\net9.0\MinimapShowcaseMod.dll
  RoadNetworkShowcaseMod -> C:\001_AI\LudotsProd\mods\showcases\road_network\RoadNetworkShowcaseMod\bin\net9.0\RoadNetworkShowcaseMod.dll
  CameraShowcaseMod -> C:\001_AI\LudotsProd\mods\showcases\camera\CameraShowcaseMod\bin\net9.0\CameraShowcaseMod.dll
  CameraProfilesMod -> C:\001_AI\LudotsProd\mods\capabilities\camera\CameraProfilesMod\bin\net9.0\CameraProfilesMod.dll
  MobaDemoMod -> C:\001_AI\LudotsProd\mods\showcases\moba_demo\MobaDemoMod\bin\net9.0\MobaDemoMod.dll
  CapabilityStandardVirtualCameraShowcaseMod -> C:\001_AI\LudotsProd\mods\showcases\capability_standard\CapabilityStandardVirtualCameraShowcaseMod\bin\net9.0\CapabilityStandardVirtualCameraShowcaseMod.dll
  ArpgDemoMod -> C:\001_AI\LudotsProd\mods\showcases\arpg_demo\ArpgDemoMod\bin\net9.0\ArpgDemoMod.dll
  PerformanceVisualizationMod -> C:\001_AI\LudotsProd\mods\PerformanceVisualizationMod\bin\net9.0\PerformanceVisualizationMod.dll
C:\001_AI\LudotsProd\mods\showcases\capability_standard\CapabilityStandardGraphOpsNodeGalleryMod\CapabilityStandardGraphOpsNodeGalleryModEntry.cs(23,33): warning CS0618: “ScriptContextExtensions.GetEngine(ScriptContext)”已过时:“Do not take the concrete GameEngine from ScriptContext. Use IModContext and existing ScriptContext ports (GetWorld, CoreServiceKeys). Do not add new call sites.” [C:\001_AI\LudotsProd\mods\showcases\capability_standard\CapabilityStandardGraphOpsNodeGalleryMod\CapabilityStandardGraphOpsNodeGalleryMod.csproj]
C:\001_AI\LudotsProd\mods\showcases\capability_standard\CapabilityStandardGraphOpsNodeGalleryMod\Runtime\Drivers\BlackboardNodeDriver.cs(215,15): warning CS0219: 变量“hw”已被赋值，但从未使用过它的值 [C:\001_AI\LudotsProd\mods\showcases\capability_standard\CapabilityStandardGraphOpsNodeGalleryMod\CapabilityStandardGraphOpsNodeGalleryMod.csproj]
  Ludots.UI.Panels -> C:\001_AI\LudotsProd\src\Libraries\Ludots.UI.Panels\bin\Debug\net9.0\Ludots.UI.Panels.dll
  InteractionShowcaseMod -> C:\001_AI\LudotsProd\mods\showcases\interaction\InteractionShowcaseMod\bin\net9.0\InteractionShowcaseMod.dll
  CapabilityStandardGraphOpsNodeGalleryMod -> C:\001_AI\LudotsProd\mods\showcases\capability_standard\CapabilityStandardGraphOpsNodeGalleryMod\bin\net9.0\CapabilityStandardGraphOpsNodeGalleryMod.dll
  CameraAcceptanceMod -> C:\001_AI\LudotsProd\mods\fixtures\camera\CameraAcceptanceMod\bin\net9.0\CameraAcceptanceMod.dll
  UxPrototypeMod -> C:\001_AI\LudotsProd\mods\showcases\ux_prototype\UxPrototypeMod\bin\net9.0\UxPrototypeMod.dll
  ChampionSkillSandboxMod -> C:\001_AI\LudotsProd\mods\showcases\champion_skill_sandbox\ChampionSkillSandboxMod\bin\net9.0\ChampionSkillSandboxMod.dll
  SuperweaponContextShowcaseMod -> C:\001_AI\LudotsProd\mods\showcases\superweapon_context\SuperweaponContextShowcaseMod\bin\net9.0\SuperweaponContextShowcaseMod.dll
  PerformanceMod -> C:\001_AI\LudotsProd\mods\PerformanceMod\bin\net9.0\PerformanceMod.dll
  NarrativeFrontendMod -> C:\001_AI\LudotsProd\mods\capabilities\narrativefrontend\NarrativeFrontendMod\bin\net9.0\NarrativeFrontendMod.dll
  Ludots.WebUI.Browser -> C:\001_AI\LudotsProd\src\Libraries\Ludots.WebUI.Browser\bin\Debug\net9.0\Ludots.WebUI.Browser.dll
  CapabilityStandardLiveSkillWorkbenchShowcaseMod -> C:\001_AI\LudotsProd\mods\showcases\capability_standard\CapabilityStandardLiveSkillWorkbenchShowcaseMod\bin\net9.0\CapabilityStandardLiveSkillWorkbenchShowcaseMod.dll
  RelationshipShowcaseMod -> C:\001_AI\LudotsProd\mods\showcases\relationship\RelationshipShowcaseMod\bin\net9.0\RelationshipShowcaseMod.dll
  EntityCommandPanelShowcaseMod -> C:\001_AI\LudotsProd\mods\showcases\entity_command_panel\EntityCommandPanelShowcaseMod\bin\net9.0\EntityCommandPanelShowcaseMod.dll
  NarrativeShowcaseMod -> C:\001_AI\LudotsProd\mods\showcases\narrative\NarrativeShowcaseMod\bin\net9.0\NarrativeShowcaseMod.dll
  ControlPlaneProjectionShowcaseMod -> C:\001_AI\LudotsProd\mods\showcases\control_plane_projection\ControlPlaneProjectionShowcaseMod\bin\net9.0\ControlPlaneProjectionShowcaseMod.dll
  EntityQueryTacticsShowcaseMod -> C:\001_AI\LudotsProd\mods\showcases\entity_query_tactics\EntityQueryTacticsShowcaseMod\bin\net9.0\EntityQueryTacticsShowcaseMod.dll
  BrowserMinimapCompositedOverlayShowcaseMod -> C:\001_AI\LudotsProd\mods\showcases\browser_minimap_composited_overlay\BrowserMinimapCompositedOverlayShowcaseMod\bin\net9.0\BrowserMinimapCompositedOverlayShowcaseMod.dll
C:\001_AI\LudotsProd\src\Tests\GasTests\Presentation\PresenterBenchmarkTests.cs(30,7): warning CS0105: “Ludots.Platform.Abstractions”的 using 指令以前在此命名空间中出现过 [C:\001_AI\LudotsProd\src\Tests\GasTests\GasTests.csproj]
C:\001_AI\LudotsProd\src\Tests\GasTests\Presentation\PresenterEndToEndTests.cs(30,7): warning CS0105: “Ludots.Platform.Abstractions”的 using 指令以前在此命名空间中出现过 [C:\001_AI\LudotsProd\src\Tests\GasTests\GasTests.csproj]
C:\001_AI\LudotsProd\src\Tests\GasTests\Production\ProductionModDemoLogTests.cs(14,7): warning CS0105: “Ludots.Core.Gameplay.GAS.Orders”的 using 指令以前在此命名空间中出现过 [C:\001_AI\LudotsProd\src\Tests\GasTests\GasTests.csproj]
C:\001_AI\LudotsProd\src\Tests\GasTests\Physics2D\Physics2DKinematicBodyTests.cs(515,50): warning CS8625: 无法将 null 字面量转换为非 null 的引用类型。 [C:\001_AI\LudotsProd\src\Tests\GasTests\GasTests.csproj]
C:\001_AI\LudotsProd\src\Tests\GasTests\Physics2D\Physics2DKinematicBodyTests.cs(516,49): warning CS8625: 无法将 null 字面量转换为非 null 的引用类型。 [C:\001_AI\LudotsProd\src\Tests\GasTests\GasTests.csproj]
C:\001_AI\LudotsProd\src\Tests\GasTests\Physics2D\Physics2DKinematicBodyTests.cs(517,49): warning CS8625: 无法将 null 字面量转换为非 null 的引用类型。 [C:\001_AI\LudotsProd\src\Tests\GasTests\GasTests.csproj]
C:\001_AI\LudotsProd\src\Tests\GasTests\GasCore\TagEffectArchitectureTests.cs(2554,103): warning CS8625: 无法将 null 字面量转换为非 null 的引用类型。 [C:\001_AI\LudotsProd\src\Tests\GasTests\GasTests.csproj]
C:\001_AI\LudotsProd\src\Tests\GasTests\Config\ConfigMergeE2ETests.cs(48,58): warning CS8625: 无法将 null 字面量转换为非 null 的引用类型。 [C:\001_AI\LudotsProd\src\Tests\GasTests\GasTests.csproj]
C:\001_AI\LudotsProd\src\Tests\GasTests\Effect\PhaseListenerBatchHexTests.cs(1743,36): warning CS8625: 无法将 null 字面量转换为非 null 的引用类型。 [C:\001_AI\LudotsProd\src\Tests\GasTests\GasTests.csproj]
C:\001_AI\LudotsProd\src\Tests\GasTests\Association\ParticipantBindingContractTests.cs(494,43): warning CS8625: 无法将 null 字面量转换为非 null 的引用类型。 [C:\001_AI\LudotsProd\src\Tests\GasTests\GasTests.csproj]
C:\001_AI\LudotsProd\src\Tests\GasTests\Effect\RootBudgetTests.cs(54,10): warning CS0618: “TimeoutAttribute”已过时:“.NET No longer supports aborting threads as it is not a safe thing to do. Update your tests to use CancelAfterAttribute instead” [C:\001_AI\LudotsProd\src\Tests\GasTests\GasTests.csproj]
C:\001_AI\LudotsProd\src\Tests\GasTests\InteractionInput\ControlSchemeRuntimeTests.cs(485,73): warning CS8625: 无法将 null 字面量转换为非 null 的引用类型。 [C:\001_AI\LudotsProd\src\Tests\GasTests\GasTests.csproj]
C:\001_AI\LudotsProd\src\Tests\GasTests\Production\ProductionAllModsValidationTests.cs(22,42): warning CS8625: 无法将 null 字面量转换为非 null 的引用类型。 [C:\001_AI\LudotsProd\src\Tests\GasTests\GasTests.csproj]
C:\001_AI\LudotsProd\src\Tests\GasTests\Production\ProductionAllModsValidationTests.cs(23,46): warning CS8625: 无法将 null 字面量转换为非 null 的引用类型。 [C:\001_AI\LudotsProd\src\Tests\GasTests\GasTests.csproj]
C:\001_AI\LudotsProd\src\Tests\GasTests\Production\RtsStrategicShowcaseAcceptanceTests.cs(658,38): warning CS8625: 无法将 null 字面量转换为非 null 的引用类型。 [C:\001_AI\LudotsProd\src\Tests\GasTests\GasTests.csproj]
C:\001_AI\LudotsProd\src\Tests\GasTests\Config\ModRegistrationConflictTests.cs(63,42): warning CS8603: 可能返回 null 引用。 [C:\001_AI\LudotsProd\src\Tests\GasTests\GasTests.csproj]
C:\001_AI\LudotsProd\src\Tests\GasTests\Ability\AbilityAggregationProfileTests.cs(272,28): warning CS8601: 可能的 null 引用赋值。 [C:\001_AI\LudotsProd\src\Tests\GasTests\GasTests.csproj]
C:\001_AI\LudotsProd\src\Tests\GasTests\Ability\AbilityAggregationProfileTests.cs(276,17): warning CS8602: 解引用可能出现空引用。 [C:\001_AI\LudotsProd\src\Tests\GasTests\GasTests.csproj]
C:\001_AI\LudotsProd\src\Tests\GasTests\Ability\AbilityAggregationProfileTests.cs(282,28): warning CS8601: 可能的 null 引用赋值。 [C:\001_AI\LudotsProd\src\Tests\GasTests\GasTests.csproj]
C:\001_AI\LudotsProd\src\Tests\GasTests\Ability\AbilityAggregationProfileTests.cs(399,80): warning CS8625: 无法将 null 字面量转换为非 null 的引用类型。 [C:\001_AI\LudotsProd\src\Tests\GasTests\GasTests.csproj]
C:\001_AI\LudotsProd\src\Tests\GasTests\Ability\AbilityAggregationProfileTests.cs(400,75): warning CS8625: 无法将 null 字面量转换为非 null 的引用类型。 [C:\001_AI\LudotsProd\src\Tests\GasTests\GasTests.csproj]
C:\001_AI\LudotsProd\src\Tests\GasTests\Presentation\VisualSyncSystemCullTests.cs(62,30): warning CS0618: “GridVisualSyncSystem”已过时:“推荐使用 WorldToVisualSyncSystem。此系统仅用于纯网格定位的实体。” [C:\001_AI\LudotsProd\src\Tests\GasTests\GasTests.csproj]
C:\001_AI\LudotsProd\src\Tests\GasTests\Production\AgentBridgePresenterToolsTests.cs(52,31): warning CS8600: 将 null 文本或可能的 null 值转换为不可为 null 类型。 [C:\001_AI\LudotsProd\src\Tests\GasTests\GasTests.csproj]
C:\001_AI\LudotsProd\src\Tests\GasTests\Production\NightRaidPresenterSyncRegressionTests.cs(148,23): warning CS8600: 将 null 文本或可能的 null 值转换为不可为 null 类型。 [C:\001_AI\LudotsProd\src\Tests\GasTests\GasTests.csproj]
C:\001_AI\LudotsProd\src\Tests\GasTests\Production\AgentBridgePresenterToolsTests.cs(80,31): warning CS8600: 将 null 文本或可能的 null 值转换为不可为 null 类型。 [C:\001_AI\LudotsProd\src\Tests\GasTests\GasTests.csproj]
C:\001_AI\LudotsProd\src\Tests\GasTests\Production\AgentBridgePresenterToolsTests.cs(82,35): warning CS8600: 将 null 文本或可能的 null 值转换为不可为 null 类型。 [C:\001_AI\LudotsProd\src\Tests\GasTests\GasTests.csproj]
C:\001_AI\LudotsProd\src\Tests\GasTests\Engine\SaveToolsContractTests.cs(198,40): warning CS8604: “JsonNode? IAgentTool.Execute(JsonObject? args, AgentToolContext context)”中的形参“context”可能传入 null 引用实参。 [C:\001_AI\LudotsProd\src\Tests\GasTests\GasTests.csproj]
C:\001_AI\LudotsProd\src\Tests\GasTests\Graph\EnumCatalogTests.cs(72,21): warning CS8604: “ConfigFragment.ConfigFragment(JsonNode node, string sourceUri)”中的形参“node”可能传入 null 引用实参。 [C:\001_AI\LudotsProd\src\Tests\GasTests\GasTests.csproj]
C:\001_AI\LudotsProd\src\Tests\GasTests\Graph\EnumCatalogTests.cs(73,21): warning CS8604: “ConfigFragment.ConfigFragment(JsonNode node, string sourceUri)”中的形参“node”可能传入 null 引用实参。 [C:\001_AI\LudotsProd\src\Tests\GasTests\GasTests.csproj]
C:\001_AI\LudotsProd\src\Tests\GasTests\Production\AgentBridgePresenterToolsTests.cs(221,23): warning CS8600: 将 null 文本或可能的 null 值转换为不可为 null 类型。 [C:\001_AI\LudotsProd\src\Tests\GasTests\GasTests.csproj]
C:\001_AI\LudotsProd\src\Tests\GasTests\GasCore\Phase2InfrastructureTests.cs(361,17): warning CS0219: 变量“injectedValue”已被赋值，但从未使用过它的值 [C:\001_AI\LudotsProd\src\Tests\GasTests\GasTests.csproj]
C:\001_AI\LudotsProd\src\Tests\GasTests\Ability\ApplyForceEndToEndTests.cs(150,31): warning CS8629: 可为 null 的值类型可为 null。 [C:\001_AI\LudotsProd\src\Tests\GasTests\GasTests.csproj]
C:\001_AI\LudotsProd\src\Tests\GasTests\Graph\GraphFireEventKeyBridgeTests.cs(30,51): warning CS0618: “ContextKeys”已过时:“Use CoreServiceKeys with ServiceKey<T> for type-safe access. This class will be removed in a future release.” [C:\001_AI\LudotsProd\src\Tests\GasTests\GasTests.csproj]
C:\001_AI\LudotsProd\src\Tests\GasTests\Graph\GraphFsmSugarTests.cs(59,25): warning CS8629: 可为 null 的值类型可为 null。 [C:\001_AI\LudotsProd\src\Tests\GasTests\GasTests.csproj]
C:\001_AI\LudotsProd\src\Tests\GasTests\Graph\GraphFsmSugarTests.cs(59,73): warning CS8629: 可为 null 的值类型可为 null。 [C:\001_AI\LudotsProd\src\Tests\GasTests\GasTests.csproj]
C:\001_AI\LudotsProd\src\Tests\GasTests\Graph\GraphFsmSugarTests.cs(358,45): warning CS8629: 可为 null 的值类型可为 null。 [C:\001_AI\LudotsProd\src\Tests\GasTests\GasTests.csproj]
C:\001_AI\LudotsProd\src\Tests\GasTests\Graph\TriggerGraphRenameMigrationTests.cs(205,17): warning CS8600: 将 null 文本或可能的 null 值转换为不可为 null 类型。 [C:\001_AI\LudotsProd\src\Tests\GasTests\GasTests.csproj]
C:\001_AI\LudotsProd\src\Tests\GasTests\Graph\TriggerGraphRenameMigrationTests.cs(205,17): warning CS8604: “TriggerGraphMount TriggerGraphMount.ParseObject(JsonObject obj, string context)”中的形参“obj”可能传入 null 引用实参。 [C:\001_AI\LudotsProd\src\Tests\GasTests\GasTests.csproj]
C:\001_AI\LudotsProd\src\Tests\GasTests\AI\AiComponentAuthoringTests.cs(40,79): warning CS8625: 无法将 null 字面量转换为非 null 的引用类型。 [C:\001_AI\LudotsProd\src\Tests\GasTests\GasTests.csproj]
C:\001_AI\LudotsProd\src\Tests\GasTests\GasCore\TagEffectArchitectureTests.cs(223,18): warning CS8602: 解引用可能出现空引用。 [C:\001_AI\LudotsProd\src\Tests\GasTests\GasTests.csproj]
C:\001_AI\LudotsProd\src\Tests\GasTests\Ability\CommandIntentProfileTests.cs(313,75): warning CS8625: 无法将 null 字面量转换为非 null 的引用类型。 [C:\001_AI\LudotsProd\src\Tests\GasTests\GasTests.csproj]
C:\001_AI\LudotsProd\src\Tests\GasTests\Ability\CommandIntentProfileTests.cs(316,82): warning CS8625: 无法将 null 字面量转换为非 null 的引用类型。 [C:\001_AI\LudotsProd\src\Tests\GasTests\GasTests.csproj]
C:\001_AI\LudotsProd\src\Tests\GasTests\GasCore\TagEffectArchitectureTests.cs(248,18): warning CS8602: 解引用可能出现空引用。 [C:\001_AI\LudotsProd\src\Tests\GasTests\GasTests.csproj]
C:\001_AI\LudotsProd\src\Tests\GasTests\Graph\TriggerGraphPlacedVariableTests.cs(374,36): warning CS8601: 可能的 null 引用赋值。 [C:\001_AI\LudotsProd\src\Tests\GasTests\GasTests.csproj]
C:\001_AI\LudotsProd\src\Tests\GasTests\GasCore\TagEffectArchitectureTests.cs(315,147): warning CS8625: 无法将 null 字面量转换为非 null 的引用类型。 [C:\001_AI\LudotsProd\src\Tests\GasTests\GasTests.csproj]
C:\001_AI\LudotsProd\src\Tests\GasTests\GasCore\TagEffectArchitectureTests.cs(316,18): warning CS8602: 解引用可能出现空引用。 [C:\001_AI\LudotsProd\src\Tests\GasTests\GasTests.csproj]
C:\001_AI\LudotsProd\src\Tests\GasTests\GasCore\TagEffectArchitectureTests.cs(321,18): warning CS8602: 解引用可能出现空引用。 [C:\001_AI\LudotsProd\src\Tests\GasTests\GasTests.csproj]
C:\001_AI\LudotsProd\src\Tests\GasTests\Graph\MapVariableStoreTests.cs(50,29): warning CS8600: 将 null 文本或可能的 null 值转换为不可为 null 类型。 [C:\001_AI\LudotsProd\src\Tests\GasTests\GasTests.csproj]
C:\001_AI\LudotsProd\src\Tests\GasTests\Graph\MapVariableStoreTests.cs(71,29): warning CS8600: 将 null 文本或可能的 null 值转换为不可为 null 类型。 [C:\001_AI\LudotsProd\src\Tests\GasTests\GasTests.csproj]
C:\001_AI\LudotsProd\src\Tests\GasTests\Graph\MapVariableStoreTests.cs(81,29): warning CS8600: 将 null 文本或可能的 null 值转换为不可为 null 类型。 [C:\001_AI\LudotsProd\src\Tests\GasTests\GasTests.csproj]
C:\001_AI\LudotsProd\src\Tests\GasTests\Graph\MapVariableStoreTests.cs(91,29): warning CS8600: 将 null 文本或可能的 null 值转换为不可为 null 类型。 [C:\001_AI\LudotsProd\src\Tests\GasTests\GasTests.csproj]
C:\001_AI\LudotsProd\src\Tests\GasTests\Graph\MapVariableStoreTests.cs(101,29): warning CS8600: 将 null 文本或可能的 null 值转换为不可为 null 类型。 [C:\001_AI\LudotsProd\src\Tests\GasTests\GasTests.csproj]
C:\001_AI\LudotsProd\src\Tests\GasTests\Graph\MapVariableStoreTests.cs(117,29): warning CS8600: 将 null 文本或可能的 null 值转换为不可为 null 类型。 [C:\001_AI\LudotsProd\src\Tests\GasTests\GasTests.csproj]
C:\001_AI\LudotsProd\src\Tests\GasTests\Graph\MapVariableStoreTests.cs(127,29): warning CS8600: 将 null 文本或可能的 null 值转换为不可为 null 类型。 [C:\001_AI\LudotsProd\src\Tests\GasTests\GasTests.csproj]
C:\001_AI\LudotsProd\src\Tests\GasTests\Graph\MapVariableStoreTests.cs(137,29): warning CS8600: 将 null 文本或可能的 null 值转换为不可为 null 类型。 [C:\001_AI\LudotsProd\src\Tests\GasTests\GasTests.csproj]
C:\001_AI\LudotsProd\src\Tests\GasTests\Graph\MapVariableStoreTests.cs(147,29): warning CS8600: 将 null 文本或可能的 null 值转换为不可为 null 类型。 [C:\001_AI\LudotsProd\src\Tests\GasTests\GasTests.csproj]
C:\001_AI\LudotsProd\src\Tests\GasTests\Graph\MapVariableStoreTests.cs(165,29): warning CS8600: 将 null 文本或可能的 null 值转换为不可为 null 类型。 [C:\001_AI\LudotsProd\src\Tests\GasTests\GasTests.csproj]
C:\001_AI\LudotsProd\src\Tests\GasTests\Graph\MapVariableStoreTests.cs(186,29): warning CS8600: 将 null 文本或可能的 null 值转换为不可为 null 类型。 [C:\001_AI\LudotsProd\src\Tests\GasTests\GasTests.csproj]
C:\001_AI\LudotsProd\src\Tests\GasTests\Graph\MapTriggerRegionTests.cs(379,34): warning CS8601: 可能的 null 引用赋值。 [C:\001_AI\LudotsProd\src\Tests\GasTests\GasTests.csproj]
C:\001_AI\LudotsProd\src\Tests\GasTests\GasCore\TagEffectArchitectureTests.cs(708,50): warning CS8625: 无法将 null 字面量转换为非 null 的引用类型。 [C:\001_AI\LudotsProd\src\Tests\GasTests\GasTests.csproj]
C:\001_AI\LudotsProd\src\Tests\GasTests\Graph\TriggerGraphMountTests.cs(614,36): warning CS8601: 可能的 null 引用赋值。 [C:\001_AI\LudotsProd\src\Tests\GasTests\GasTests.csproj]
C:\001_AI\LudotsProd\src\Tests\GasTests\Map\NavGateShowcaseContractTests.cs(71,51): warning CS8625: 无法将 null 字面量转换为非 null 的引用类型。 [C:\001_AI\LudotsProd\src\Tests\GasTests\GasTests.csproj]
C:\001_AI\LudotsProd\src\Tests\GasTests\Map\NavGateShowcaseContractTests.cs(89,43): warning CS8625: 无法将 null 字面量转换为非 null 的引用类型。 [C:\001_AI\LudotsProd\src\Tests\GasTests\GasTests.csproj]
C:\001_AI\LudotsProd\src\Tests\GasTests\Map\NavGateShowcaseContractTests.cs(163,43): warning CS8625: 无法将 null 字面量转换为非 null 的引用类型。 [C:\001_AI\LudotsProd\src\Tests\GasTests\GasTests.csproj]
C:\001_AI\LudotsProd\src\Tests\GasTests\Graph\TriggerGraphDispatchMapEventTests.cs(201,50): warning CS0618: “ContextKeys”已过时:“Use CoreServiceKeys with ServiceKey<T> for type-safe access. This class will be removed in a future release.” [C:\001_AI\LudotsProd\src\Tests\GasTests\GasTests.csproj]
C:\001_AI\LudotsProd\src\Tests\GasTests\Graph\TriggerGraphGasBridgeTests.cs(59,42): warning CS0618: “ContextKeys”已过时:“Use CoreServiceKeys with ServiceKey<T> for type-safe access. This class will be removed in a future release.” [C:\001_AI\LudotsProd\src\Tests\GasTests\GasTests.csproj]
C:\001_AI\LudotsProd\src\Tests\GasTests\Graph\TriggerGraphEntryPayloadTests.cs(120,77): warning CS8625: 无法将 null 字面量转换为非 null 的引用类型。 [C:\001_AI\LudotsProd\src\Tests\GasTests\GasTests.csproj]
C:\001_AI\LudotsProd\src\Tests\GasTests\Config\ConfigMergerEntriesTests.cs(18,39): warning CS8604: “ConfigFragment.ConfigFragment(JsonNode node, string sourceUri)”中的形参“node”可能传入 null 引用实参。 [C:\001_AI\LudotsProd\src\Tests\GasTests\GasTests.csproj]
C:\001_AI\LudotsProd\src\Tests\GasTests\Graph\TriggerGraphGlobalEventTests.cs(359,36): warning CS8601: 可能的 null 引用赋值。 [C:\001_AI\LudotsProd\src\Tests\GasTests\GasTests.csproj]
C:\001_AI\LudotsProd\src\Tests\GasTests\Graph\TriggerGraphHookTests.cs(447,36): warning CS8601: 可能的 null 引用赋值。 [C:\001_AI\LudotsProd\src\Tests\GasTests\GasTests.csproj]
C:\001_AI\LudotsProd\src\Tests\GasTests\GasCore\TagEffectArchitectureTests.cs(1370,33): warning CS8625: 无法将 null 字面量转换为非 null 的引用类型。 [C:\001_AI\LudotsProd\src\Tests\GasTests\GasTests.csproj]
C:\001_AI\LudotsProd\src\Tests\GasTests\Config\PresetTypePerformanceTests.cs(302,23): warning CS8600: 将 null 文本或可能的 null 值转换为不可为 null 类型。 [C:\001_AI\LudotsProd\src\Tests\GasTests\GasTests.csproj]
C:\001_AI\LudotsProd\src\Tests\GasTests\Config\ConfigMergeE2ETests.cs(302,18): warning CS8602: 解引用可能出现空引用。 [C:\001_AI\LudotsProd\src\Tests\GasTests\GasTests.csproj]
C:\001_AI\LudotsProd\src\Tests\GasTests\Config\ConfigMergeE2ETests.cs(306,18): warning CS8602: 解引用可能出现空引用。 [C:\001_AI\LudotsProd\src\Tests\GasTests\GasTests.csproj]
C:\001_AI\LudotsProd\src\Tests\GasTests\Effect\ResponseWindowRobustnessTests.cs(269,73): warning CS8625: 无法将 null 字面量转换为非 null 的引用类型。 [C:\001_AI\LudotsProd\src\Tests\GasTests\GasTests.csproj]
C:\001_AI\LudotsProd\src\Tests\GasTests\Effect\ResponseWindowRobustnessTests.cs(269,94): warning CS8625: 无法将 null 字面量转换为非 null 的引用类型。 [C:\001_AI\LudotsProd\src\Tests\GasTests\GasTests.csproj]
C:\001_AI\LudotsProd\src\Tests\GasTests\Effect\ResponseWindowRobustnessTests.cs(298,88): warning CS8625: 无法将 null 字面量转换为非 null 的引用类型。 [C:\001_AI\LudotsProd\src\Tests\GasTests\GasTests.csproj]
C:\001_AI\LudotsProd\src\Tests\GasTests\GasCore\AttributeAggregatorTests.cs(123,17): warning CS0219: 变量“mods”已被赋值，但从未使用过它的值 [C:\001_AI\LudotsProd\src\Tests\GasTests\GasTests.csproj]
C:\001_AI\LudotsProd\src\Tests\GasTests\Association\ParticipantBindingContractTests.cs(373,78): warning CS8625: 无法将 null 字面量转换为非 null 的引用类型。 [C:\001_AI\LudotsProd\src\Tests\GasTests\GasTests.csproj]
C:\001_AI\LudotsProd\src\Tests\GasTests\Effect\AuditCoverageTests.cs(524,23): warning CS8600: 将 null 文本或可能的 null 值转换为不可为 null 类型。 [C:\001_AI\LudotsProd\src\Tests\GasTests\GasTests.csproj]
C:\001_AI\LudotsProd\src\Tests\GasTests\Graph\GraphApplyEffectTemplateArgsTests.cs(57,27): warning CS8629: 可为 null 的值类型可为 null。 [C:\001_AI\LudotsProd\src\Tests\GasTests\GasTests.csproj]
C:\001_AI\LudotsProd\src\Tests\GasTests\Effect\RootBudgetTests.cs(381,25): warning CS8625: 无法将 null 字面量转换为非 null 的引用类型。 [C:\001_AI\LudotsProd\src\Tests\GasTests\GasTests.csproj]
C:\001_AI\LudotsProd\src\Tests\GasTests\Effect\RootBudgetTests.cs(383,32): warning CS8625: 无法将 null 字面量转换为非 null 的引用类型。 [C:\001_AI\LudotsProd\src\Tests\GasTests\GasTests.csproj]
C:\001_AI\LudotsProd\src\Tests\GasTests\Effect\RootBudgetTests.cs(384,30): warning CS8625: 无法将 null 字面量转换为非 null 的引用类型。 [C:\001_AI\LudotsProd\src\Tests\GasTests\GasTests.csproj]
C:\001_AI\LudotsProd\src\Tests\GasTests\Effect\RootBudgetTests.cs(470,37): warning CS8625: 无法将 null 字面量转换为非 null 的引用类型。 [C:\001_AI\LudotsProd\src\Tests\GasTests\GasTests.csproj]
C:\001_AI\LudotsProd\src\Tests\GasTests\Graph\GraphNetworkTests.cs(323,66): warning CS8620: 由于引用类型的可为 null 性差异，InterLayerMapping?[] 类型的实参不能用于 MultiLayerGraph.MultiLayerGraph(NodeGraph[] layers, InterLayerMapping[] mappingFineToCoarse) 中 InterLayerMapping[] 类型的形参 mappingFineToCoarse。 [C:\001_AI\LudotsProd\src\Tests\GasTests\GasTests.csproj]
C:\001_AI\LudotsProd\src\Tests\GasTests\Integration\SystemIntegrationTests.cs(57,61): warning CS8625: 无法将 null 字面量转换为非 null 的引用类型。 [C:\001_AI\LudotsProd\src\Tests\GasTests\GasTests.csproj]
C:\001_AI\LudotsProd\src\Tests\GasTests\Integration\MudAbilityChainStressDemoTests.cs(160,21): warning CS8625: 无法将 null 字面量转换为非 null 的引用类型。 [C:\001_AI\LudotsProd\src\Tests\GasTests\GasTests.csproj]
C:\001_AI\LudotsProd\src\Tests\GasTests\Integration\MudAbilityChainStressDemoTests.cs(161,21): warning CS8625: 无法将 null 字面量转换为非 null 的引用类型。 [C:\001_AI\LudotsProd\src\Tests\GasTests\GasTests.csproj]
C:\001_AI\LudotsProd\src\Tests\GasTests\InteractionInput\ControlSchemeRuntimeTests.cs(326,96): warning CS8625: 无法将 null 字面量转换为非 null 的引用类型。 [C:\001_AI\LudotsProd\src\Tests\GasTests\GasTests.csproj]
C:\001_AI\LudotsProd\src\Tests\GasTests\InteractionInput\AxisMoveOrderSystemTests.cs(379,55): warning CS8625: 无法将 null 字面量转换为非 null 的引用类型。 [C:\001_AI\LudotsProd\src\Tests\GasTests\GasTests.csproj]
C:\001_AI\LudotsProd\src\Tests\GasTests\InteractionInput\ControlSchemeRuntimeTests.cs(362,93): warning CS8625: 无法将 null 字面量转换为非 null 的引用类型。 [C:\001_AI\LudotsProd\src\Tests\GasTests\GasTests.csproj]
C:\001_AI\LudotsProd\src\Tests\GasTests\Integration\MudAbilityChainStressDemoTests.cs(337,21): warning CS8625: 无法将 null 字面量转换为非 null 的引用类型。 [C:\001_AI\LudotsProd\src\Tests\GasTests\GasTests.csproj]
C:\001_AI\LudotsProd\src\Tests\GasTests\Integration\MudAbilityChainStressDemoTests.cs(338,21): warning CS8625: 无法将 null 字面量转换为非 null 的引用类型。 [C:\001_AI\LudotsProd\src\Tests\GasTests\GasTests.csproj]
C:\001_AI\LudotsProd\src\Tests\GasTests\InteractionInput\ControlSchemeRuntimeTests.cs(477,21): warning CS8604: “ControlSchemeRuntime.ControlSchemeRuntime(StringIntRegistry schemeIdRegistry, InteractionContextStack stack, CommandIntentProfileRegistry commandIntents, CastDispatchProfileRegistry castDispatchProfiles, OrderTypeRegistry orderTypes, Func<PlayerInputHandler> handlerProvider = null, ClientCastPreferenceStore preferences = null, InputConfigRoot inputConfig = null)”中的形参“handlerProvider”可能传入 null 引用实参。 [C:\001_AI\LudotsProd\src\Tests\GasTests\GasTests.csproj]
C:\001_AI\LudotsProd\src\Tests\GasTests\InteractionInput\ControlSchemeRuntimeTests.cs(479,34): warning CS8604: “ControlSchemeRuntime.ControlSchemeRuntime(StringIntRegistry schemeIdRegistry, InteractionContextStack stack, CommandIntentProfileRegistry commandIntents, CastDispatchProfileRegistry castDispatchProfiles, OrderTypeRegistry orderTypes, Func<PlayerInputHandler> handlerProvider = null, ClientCastPreferenceStore preferences = null, InputConfigRoot inputConfig = null)”中的形参“inputConfig”可能传入 null 引用实参。 [C:\001_AI\LudotsProd\src\Tests\GasTests\GasTests.csproj]
C:\001_AI\LudotsProd\src\Tests\GasTests\InteractionInput\ControlSchemeRuntimeTests.cs(406,39): warning CS8618: 在退出构造函数时，不可为 null 的 字段 "Handler" 必须包含非 null 值。请考虑添加 "required" 修饰符或将该 字段 声明为可为 null。 [C:\001_AI\LudotsProd\src\Tests\GasTests\GasTests.csproj]
C:\001_AI\LudotsProd\src\Tests\GasTests\InteractionInput\ControlSchemeRuntimeTests.cs(407,37): warning CS8618: 在退出构造函数时，不可为 null 的 字段 "Backend" 必须包含非 null 值。请考虑添加 "required" 修饰符或将该 字段 声明为可为 null。 [C:\001_AI\LudotsProd\src\Tests\GasTests\GasTests.csproj]
C:\001_AI\LudotsProd\src\Tests\GasTests\Map\LoadedChunksEventTests.cs(37,39): warning CS8618: 在退出构造函数时，不可为 null 的 事件 "ChunkLoaded" 必须包含非 null 值。请考虑添加 "required" 修饰符或将该 事件 声明为可为 null。 [C:\001_AI\LudotsProd\src\Tests\GasTests\GasTests.csproj]
C:\001_AI\LudotsProd\src\Tests\GasTests\Map\LoadedChunksEventTests.cs(38,39): warning CS8618: 在退出构造函数时，不可为 null 的 事件 "ChunkUnloaded" 必须包含非 null 值。请考虑添加 "required" 修饰符或将该 事件 声明为可为 null。 [C:\001_AI\LudotsProd\src\Tests\GasTests\GasTests.csproj]
C:\001_AI\LudotsProd\src\Tests\GasTests\InteractionInput\EffectPresetInteractionModeTests.cs(297,23): warning CS8600: 将 null 文本或可能的 null 值转换为不可为 null 类型。 [C:\001_AI\LudotsProd\src\Tests\GasTests\GasTests.csproj]
C:\001_AI\LudotsProd\src\Tests\GasTests\Integration\MudSc2AndYgoDemoTests.cs(514,21): warning CS8625: 无法将 null 字面量转换为非 null 的引用类型。 [C:\001_AI\LudotsProd\src\Tests\GasTests\GasTests.csproj]
C:\001_AI\LudotsProd\src\Tests\GasTests\Production\AcceptanceUiEvidenceWriter.cs(140,90): warning CS0618: “SKPaint.TextSize”已过时:“Use SKFont.Size instead.” [C:\001_AI\LudotsProd\src\Tests\GasTests\GasTests.csproj]
C:\001_AI\LudotsProd\src\Tests\GasTests\Production\AcceptanceUiEvidenceWriter.cs(141,102): warning CS0618: “SKPaint.TextSize”已过时:“Use SKFont.Size instead.” [C:\001_AI\LudotsProd\src\Tests\GasTests\GasTests.csproj]
C:\001_AI\LudotsProd\src\Tests\GasTests\Production\AcceptanceUiEvidenceWriter.cs(142,103): warning CS0618: “SKPaint.TextSize”已过时:“Use SKFont.Size instead.” [C:\001_AI\LudotsProd\src\Tests\GasTests\GasTests.csproj]
C:\001_AI\LudotsProd\src\Tests\GasTests\Production\AcceptanceUiEvidenceWriter.cs(143,102): warning CS0618: “SKPaint.TextSize”已过时:“Use SKFont.Size instead.” [C:\001_AI\LudotsProd\src\Tests\GasTests\GasTests.csproj]
C:\001_AI\LudotsProd\src\Tests\GasTests\Production\AcceptanceUiEvidenceWriter.cs(147,9): warning CS0618: “SKCanvas.DrawText(string, float, float, SKPaint)”已过时:“Use DrawText(string text, float x, float y, SKTextAlign textAlign, SKFont font, SKPaint paint) instead.” [C:\001_AI\LudotsProd\src\Tests\GasTests\GasTests.csproj]
C:\001_AI\LudotsProd\src\Tests\GasTests\Production\AcceptanceUiEvidenceWriter.cs(174,13): warning CS0618: “SKCanvas.DrawText(string, float, float, SKPaint)”已过时:“Use DrawText(string text, float x, float y, SKTextAlign textAlign, SKFont font, SKPaint paint) instead.” [C:\001_AI\LudotsProd\src\Tests\GasTests\GasTests.csproj]
C:\001_AI\LudotsProd\src\Tests\GasTests\Production\AcceptanceUiEvidenceWriter.cs(230,9): warning CS0618: “SKCanvas.DrawText(string, float, float, SKPaint)”已过时:“Use DrawText(string text, float x, float y, SKTextAlign textAlign, SKFont font, SKPaint paint) instead.” [C:\001_AI\LudotsProd\src\Tests\GasTests\GasTests.csproj]
C:\001_AI\LudotsProd\src\Tests\GasTests\Production\AcceptanceUiEvidenceWriter.cs(231,14): warning CS0618: “SKPaint.TextSize”已过时:“Use SKFont.Size instead.” [C:\001_AI\LudotsProd\src\Tests\GasTests\GasTests.csproj]
C:\001_AI\LudotsProd\src\Tests\GasTests\Production\CapabilityStandardShowcaseTestHarness.cs(144,19): warning CS8600: 将 null 文本或可能的 null 值转换为不可为 null 类型。 [C:\001_AI\LudotsProd\src\Tests\GasTests\GasTests.csproj]
C:\001_AI\LudotsProd\src\Tests\GasTests\Production\CapabilityStandardPhysics2DShowcaseAcceptanceTests.cs(483,23): warning CS8600: 将 null 文本或可能的 null 值转换为不可为 null 类型。 [C:\001_AI\LudotsProd\src\Tests\GasTests\GasTests.csproj]
C:\001_AI\LudotsProd\src\Tests\GasTests\Production\ProductionAllModsValidationTests.cs(323,23): warning CS8600: 将 null 文本或可能的 null 值转换为不可为 null 类型。 [C:\001_AI\LudotsProd\src\Tests\GasTests\GasTests.csproj]
C:\001_AI\LudotsProd\src\Tests\GasTests\Production\PerformanceVisualizationShowcaseAcceptanceTests.cs(214,23): warning CS8600: 将 null 文本或可能的 null 值转换为不可为 null 类型。 [C:\001_AI\LudotsProd\src\Tests\GasTests\GasTests.csproj]
C:\001_AI\LudotsProd\src\Tests\GasTests\Production\EntityQueryTacticsShowcasePlayableAcceptanceTests.cs(993,133): warning CS0618: “SKPaint.TextSize”已过时:“Use SKFont.Size instead.” [C:\001_AI\LudotsProd\src\Tests\GasTests\GasTests.csproj]
C:\001_AI\LudotsProd\src\Tests\GasTests\Production\EntityQueryTacticsShowcasePlayableAcceptanceTests.cs(994,138): warning CS0618: “SKPaint.TextSize”已过时:“Use SKFont.Size instead.” [C:\001_AI\LudotsProd\src\Tests\GasTests\GasTests.csproj]
C:\001_AI\LudotsProd\src\Tests\GasTests\Production\EntityQueryTacticsShowcasePlayableAcceptanceTests.cs(1021,13): warning CS0618: “SKCanvas.DrawText(string, float, float, SKPaint)”已过时:“Use DrawText(string text, float x, float y, SKTextAlign textAlign, SKFont font, SKPaint paint) instead.” [C:\001_AI\LudotsProd\src\Tests\GasTests\GasTests.csproj]
C:\001_AI\LudotsProd\src\Tests\GasTests\Production\EntityQueryTacticsShowcasePlayableAcceptanceTests.cs(1022,13): warning CS0618: “SKCanvas.DrawText(string, float, float, SKPaint)”已过时:“Use DrawText(string text, float x, float y, SKTextAlign textAlign, SKFont font, SKPaint paint) instead.” [C:\001_AI\LudotsProd\src\Tests\GasTests\GasTests.csproj]
C:\001_AI\LudotsProd\src\Tests\GasTests\Production\EntityQueryTacticsShowcasePlayableAcceptanceTests.cs(1030,17): warning CS0618: “SKCanvas.DrawText(string, float, float, SKPaint)”已过时:“Use DrawText(string text, float x, float y, SKTextAlign textAlign, SKFont font, SKPaint paint) instead.” [C:\001_AI\LudotsProd\src\Tests\GasTests\GasTests.csproj]
C:\001_AI\LudotsProd\src\Tests\GasTests\Production\GasProductionFeatureReportTests.cs(501,23): warning CS8600: 将 null 文本或可能的 null 值转换为不可为 null 类型。 [C:\001_AI\LudotsProd\src\Tests\GasTests\GasTests.csproj]
C:\001_AI\LudotsProd\src\Tests\GasTests\Production\EntityQueryTacticsShowcasePlayableAcceptanceTests.cs(1105,17): warning CS0618: “SKCanvas.DrawText(string, float, float, SKPaint)”已过时:“Use DrawText(string text, float x, float y, SKTextAlign textAlign, SKFont font, SKPaint paint) instead.” [C:\001_AI\LudotsProd\src\Tests\GasTests\GasTests.csproj]
C:\001_AI\LudotsProd\src\Tests\GasTests\Production\EntityQueryTacticsShowcasePlayableAcceptanceTests.cs(1109,17): warning CS0618: “SKCanvas.DrawText(string, float, float, SKPaint)”已过时:“Use DrawText(string text, float x, float y, SKTextAlign textAlign, SKFont font, SKPaint paint) instead.” [C:\001_AI\LudotsProd\src\Tests\GasTests\GasTests.csproj]
C:\001_AI\LudotsProd\src\Tests\GasTests\Production\EntityQueryTacticsShowcasePlayableAcceptanceTests.cs(1185,13): warning CS0618: “SKCanvas.DrawText(string, float, float, SKPaint)”已过时:“Use DrawText(string text, float x, float y, SKTextAlign textAlign, SKFont font, SKPaint paint) instead.” [C:\001_AI\LudotsProd\src\Tests\GasTests\GasTests.csproj]
C:\001_AI\LudotsProd\src\Tests\GasTests\Production\EntityQueryTacticsShowcasePlayableAcceptanceTests.cs(1186,13): warning CS0618: “SKCanvas.DrawText(string, float, float, SKPaint)”已过时:“Use DrawText(string text, float x, float y, SKTextAlign textAlign, SKFont font, SKPaint paint) instead.” [C:\001_AI\LudotsProd\src\Tests\GasTests\GasTests.csproj]
C:\001_AI\LudotsProd\src\Tests\GasTests\Production\EntityQueryTacticsShowcasePlayableAcceptanceTests.cs(1187,13): warning CS0618: “SKCanvas.DrawText(string, float, float, SKPaint)”已过时:“Use DrawText(string text, float x, float y, SKTextAlign textAlign, SKFont font, SKPaint paint) instead.” [C:\001_AI\LudotsProd\src\Tests\GasTests\GasTests.csproj]
C:\001_AI\LudotsProd\src\Tests\GasTests\Production\EntityQueryTacticsShowcasePlayableAcceptanceTests.cs(1316,13): warning CS0618: “SKCanvas.DrawText(string, float, float, SKPaint)”已过时:“Use DrawText(string text, float x, float y, SKTextAlign textAlign, SKFont font, SKPaint paint) instead.” [C:\001_AI\LudotsProd\src\Tests\GasTests\GasTests.csproj]
C:\001_AI\LudotsProd\src\Tests\GasTests\Production\EntityQueryTacticsShowcasePlayableAcceptanceTests.cs(1317,13): warning CS0618: “SKCanvas.DrawText(string, float, float, SKPaint)”已过时:“Use DrawText(string text, float x, float y, SKTextAlign textAlign, SKFont font, SKPaint paint) instead.” [C:\001_AI\LudotsProd\src\Tests\GasTests\GasTests.csproj]
C:\001_AI\LudotsProd\src\Tests\GasTests\Production\EntityQueryTacticsShowcasePlayableAcceptanceTests.cs(1318,13): warning CS0618: “SKCanvas.DrawText(string, float, float, SKPaint)”已过时:“Use DrawText(string text, float x, float y, SKTextAlign textAlign, SKFont font, SKPaint paint) instead.” [C:\001_AI\LudotsProd\src\Tests\GasTests\GasTests.csproj]
C:\001_AI\LudotsProd\src\Tests\GasTests\Production\EntityQueryTacticsShowcasePlayableAcceptanceTests.cs(1375,13): warning CS0618: “SKCanvas.DrawText(string, float, float, SKPaint)”已过时:“Use DrawText(string text, float x, float y, SKTextAlign textAlign, SKFont font, SKPaint paint) instead.” [C:\001_AI\LudotsProd\src\Tests\GasTests\GasTests.csproj]
C:\001_AI\LudotsProd\src\Tests\GasTests\Production\EntityQueryTacticsShowcasePlayableAcceptanceTests.cs(1385,13): warning CS0618: “SKCanvas.DrawText(string, float, float, SKPaint)”已过时:“Use DrawText(string text, float x, float y, SKTextAlign textAlign, SKFont font, SKPaint paint) instead.” [C:\001_AI\LudotsProd\src\Tests\GasTests\GasTests.csproj]
C:\001_AI\LudotsProd\src\Tests\GasTests\Production\RtsSpawnTargetAcceptanceTests.cs(418,23): warning CS8600: 将 null 文本或可能的 null 值转换为不可为 null 类型。 [C:\001_AI\LudotsProd\src\Tests\GasTests\GasTests.csproj]
C:\001_AI\LudotsProd\src\Tests\GasTests\Production\ItemSystemShowcasePlayableAcceptanceTests.cs(930,33): warning CS8600: 将 null 文本或可能的 null 值转换为不可为 null 类型。 [C:\001_AI\LudotsProd\src\Tests\GasTests\GasTests.csproj]
C:\001_AI\LudotsProd\src\Tests\GasTests\Production\ItemSystemShowcasePlayableAcceptanceTests.cs(936,33): warning CS8600: 将 null 文本或可能的 null 值转换为不可为 null 类型。 [C:\001_AI\LudotsProd\src\Tests\GasTests\GasTests.csproj]
C:\001_AI\LudotsProd\src\Tests\GasTests\Production\ItemSystemShowcasePlayableAcceptanceTests.cs(942,31): warning CS8600: 将 null 文本或可能的 null 值转换为不可为 null 类型。 [C:\001_AI\LudotsProd\src\Tests\GasTests\GasTests.csproj]
C:\001_AI\LudotsProd\src\Tests\GasTests\Production\StaticObstaclePhysicsShowcaseAcceptanceTests.cs(414,23): warning CS8600: 将 null 文本或可能的 null 值转换为不可为 null 类型。 [C:\001_AI\LudotsProd\src\Tests\GasTests\GasTests.csproj]
C:\001_AI\LudotsProd\src\Tests\GasTests\Production\ProductionModDemoLogTests.cs(1004,23): warning CS8600: 将 null 文本或可能的 null 值转换为不可为 null 类型。 [C:\001_AI\LudotsProd\src\Tests\GasTests\GasTests.csproj]
C:\001_AI\LudotsProd\src\Tests\GasTests\Production\MinimapShowcaseAcceptanceTests.cs(747,25): warning CS0649: 从未对字段“MinimapShowcaseAcceptanceTests.TestInputBackend._mousePosition”赋值，字段将一直保持其默认值 [C:\001_AI\LudotsProd\src\Tests\GasTests\GasTests.csproj]
C:\001_AI\LudotsProd\src\Tests\GasTests\Production\NarrativeTriggerGraphWireAcceptanceTests.cs(212,45): warning CS0649: 从未对字段“NarrativeTriggerGraphWireAcceptanceTests.TestInputBackend._mousePosition”赋值，字段将一直保持其默认值 [C:\001_AI\LudotsProd\src\Tests\GasTests\GasTests.csproj]
C:\001_AI\LudotsProd\src\Tests\GasTests\Spatial\ISpatialPartitionWorldTests.cs(43,39): warning CA2014: 潜在的堆栈溢出。将 stackalloc 移出循环。 (https://learn.microsoft.com/dotnet/fundamentals/code-analysis/quality-rules/ca2014) [C:\001_AI\LudotsProd\src\Tests\GasTests\GasTests.csproj]
C:\001_AI\LudotsProd\src\Tests\GasTests\Spatial\ISpatialPartitionWorldTests.cs(61,39): warning CA2014: 潜在的堆栈溢出。将 stackalloc 移出循环。 (https://learn.microsoft.com/dotnet/fundamentals/code-analysis/quality-rules/ca2014) [C:\001_AI\LudotsProd\src\Tests\GasTests\GasTests.csproj]
C:\001_AI\LudotsProd\src\Tests\GasTests\Spatial\ISpatialPartitionWorldTests.cs(78,39): warning CA2014: 潜在的堆栈溢出。将 stackalloc 移出循环。 (https://learn.microsoft.com/dotnet/fundamentals/code-analysis/quality-rules/ca2014) [C:\001_AI\LudotsProd\src\Tests\GasTests\GasTests.csproj]
C:\001_AI\LudotsProd\src\Tests\GasTests\Spatial\ISpatialPartitionWorldTests.cs(109,39): warning CA2014: 潜在的堆栈溢出。将 stackalloc 移出循环。 (https://learn.microsoft.com/dotnet/fundamentals/code-analysis/quality-rules/ca2014) [C:\001_AI\LudotsProd\src\Tests\GasTests\GasTests.csproj]
C:\001_AI\LudotsProd\src\Tests\GasTests\Spatial\ISpatialPartitionWorldTests.cs(130,39): warning CA2014: 潜在的堆栈溢出。将 stackalloc 移出循环。 (https://learn.microsoft.com/dotnet/fundamentals/code-analysis/quality-rules/ca2014) [C:\001_AI\LudotsProd\src\Tests\GasTests\GasTests.csproj]
C:\001_AI\LudotsProd\src\Tests\GasTests\AI\FsmRuntimeTests.cs(150,13): warning NUnit1033: The Write methods are wrappers on TestContext.Out (https://github.com/nunit/nunit.analyzers/tree/master/documentation/NUnit1033.md) [C:\001_AI\LudotsProd\src\Tests\GasTests\GasTests.csproj]
C:\001_AI\LudotsProd\src\Tests\GasTests\AI\FsmRuntimeTests.cs(204,13): warning NUnit1033: The Write methods are wrappers on TestContext.Out (https://github.com/nunit/nunit.analyzers/tree/master/documentation/NUnit1033.md) [C:\001_AI\LudotsProd\src\Tests\GasTests\GasTests.csproj]
C:\001_AI\LudotsProd\src\Tests\GasTests\AI\GraphBehaviorArenaAcceptanceTests.cs(88,13): warning NUnit1033: The Write methods are wrappers on TestContext.Out (https://github.com/nunit/nunit.analyzers/tree/master/documentation/NUnit1033.md) [C:\001_AI\LudotsProd\src\Tests\GasTests\GasTests.csproj]
C:\001_AI\LudotsProd\src\Tests\GasTests\Physics2D\Physics2DIntegrationTests.cs(83,13): warning NUnit1033: The Write methods are wrappers on TestContext.Out (https://github.com/nunit/nunit.analyzers/tree/master/documentation/NUnit1033.md) [C:\001_AI\LudotsProd\src\Tests\GasTests\GasTests.csproj]
C:\001_AI\LudotsProd\src\Tests\GasTests\Graph\GraphFsmSugarTests.cs(416,17): warning NUnit1033: The Write methods are wrappers on TestContext.Out (https://github.com/nunit/nunit.analyzers/tree/master/documentation/NUnit1033.md) [C:\001_AI\LudotsProd\src\Tests\GasTests\GasTests.csproj]
C:\001_AI\LudotsProd\src\Tests\GasTests\Graph\GraphFsmSugarTests.cs(450,13): warning NUnit1033: The Write methods are wrappers on TestContext.Out (https://github.com/nunit/nunit.analyzers/tree/master/documentation/NUnit1033.md) [C:\001_AI\LudotsProd\src\Tests\GasTests\GasTests.csproj]
C:\001_AI\LudotsProd\src\Tests\GasTests\Production\GraphBehaviorSeparatedShowcaseAcceptanceTests.cs(144,13): warning NUnit1033: The Write methods are wrappers on TestContext.Out (https://github.com/nunit/nunit.analyzers/tree/master/documentation/NUnit1033.md) [C:\001_AI\LudotsProd\src\Tests\GasTests\GasTests.csproj]
C:\001_AI\LudotsProd\src\Tests\GasTests\Production\GraphBehaviorSeparatedShowcaseAcceptanceTests.cs(204,13): warning NUnit1033: The Write methods are wrappers on TestContext.Out (https://github.com/nunit/nunit.analyzers/tree/master/documentation/NUnit1033.md) [C:\001_AI\LudotsProd\src\Tests\GasTests\GasTests.csproj]
C:\001_AI\LudotsProd\src\Tests\GasTests\Production\GraphBehaviorSeparatedShowcaseAcceptanceTests.cs(266,13): warning NUnit1033: The Write methods are wrappers on TestContext.Out (https://github.com/nunit/nunit.analyzers/tree/master/documentation/NUnit1033.md) [C:\001_AI\LudotsProd\src\Tests\GasTests\GasTests.csproj]
C:\001_AI\LudotsProd\src\Tests\GasTests\Spatial\SpatialQueryBackendParityTests.cs(52,38): warning CA2014: 潜在的堆栈溢出。将 stackalloc 移出循环。 (https://learn.microsoft.com/dotnet/fundamentals/code-analysis/quality-rules/ca2014) [C:\001_AI\LudotsProd\src\Tests\GasTests\GasTests.csproj]
C:\001_AI\LudotsProd\src\Tests\GasTests\Spatial\SpatialQueryBackendParityTests.cs(53,38): warning CA2014: 潜在的堆栈溢出。将 stackalloc 移出循环。 (https://learn.microsoft.com/dotnet/fundamentals/code-analysis/quality-rules/ca2014) [C:\001_AI\LudotsProd\src\Tests\GasTests\GasTests.csproj]
C:\001_AI\LudotsProd\src\Tests\GasTests\Spatial\SpatialQueryBackendParityTests.cs(73,38): warning CA2014: 潜在的堆栈溢出。将 stackalloc 移出循环。 (https://learn.microsoft.com/dotnet/fundamentals/code-analysis/quality-rules/ca2014) [C:\001_AI\LudotsProd\src\Tests\GasTests\GasTests.csproj]
C:\001_AI\LudotsProd\src\Tests\GasTests\Spatial\SpatialQueryBackendParityTests.cs(74,38): warning CA2014: 潜在的堆栈溢出。将 stackalloc 移出循环。 (https://learn.microsoft.com/dotnet/fundamentals/code-analysis/quality-rules/ca2014) [C:\001_AI\LudotsProd\src\Tests\GasTests\GasTests.csproj]
C:\001_AI\LudotsProd\src\Tests\GasTests\Spatial\SpatialQueryBackendParityTests.cs(129,44): warning CA2014: 潜在的堆栈溢出。将 stackalloc 移出循环。 (https://learn.microsoft.com/dotnet/fundamentals/code-analysis/quality-rules/ca2014) [C:\001_AI\LudotsProd\src\Tests\GasTests\GasTests.csproj]
C:\001_AI\LudotsProd\src\Tests\GasTests\Spatial\SpatialQueryBackendParityTests.cs(130,47): warning CA2014: 潜在的堆栈溢出。将 stackalloc 移出循环。 (https://learn.microsoft.com/dotnet/fundamentals/code-analysis/quality-rules/ca2014) [C:\001_AI\LudotsProd\src\Tests\GasTests\GasTests.csproj]
C:\001_AI\LudotsProd\src\Tests\GasTests\Spatial\SpatialQueryBackendParityTests.cs(158,44): warning CA2014: 潜在的堆栈溢出。将 stackalloc 移出循环。 (https://learn.microsoft.com/dotnet/fundamentals/code-analysis/quality-rules/ca2014) [C:\001_AI\LudotsProd\src\Tests\GasTests\GasTests.csproj]
C:\001_AI\LudotsProd\src\Tests\GasTests\Spatial\SpatialQueryBackendParityTests.cs(159,47): warning CA2014: 潜在的堆栈溢出。将 stackalloc 移出循环。 (https://learn.microsoft.com/dotnet/fundamentals/code-analysis/quality-rules/ca2014) [C:\001_AI\LudotsProd\src\Tests\GasTests\GasTests.csproj]
C:\001_AI\LudotsProd\src\Tests\GasTests\Production\NarrativeShowcasePlayableAcceptanceTests.cs(657,13): warning NUnit1033: The Write methods are wrappers on TestContext.Out (https://github.com/nunit/nunit.analyzers/tree/master/documentation/NUnit1033.md) [C:\001_AI\LudotsProd\src\Tests\GasTests\GasTests.csproj]
  GasTests -> C:\001_AI\LudotsProd\src\Tests\GasTests\bin\Debug\net9.0\GasTests.dll
C:\001_AI\LudotsProd\src\Tests\GasTests\bin\Debug\net9.0\GasTests.dll (.NETCoreApp,Version=v9.0)的测试运行
总共 1 个测试文件与指定模式相匹配。
  失败 OfferActivity_RollCallOffersGalleryActivityEachWave [2 s]
  错误消息:
   System.InvalidOperationException : OfferActivity requires a registered program so Symbols[Imm] can supply the activity id.
  堆栈跟踪:
     at Ludots.Core.NodeLibraries.GASGraph.GasGraphOpHandlerTable.HandleOfferActivity(GraphExecutionState& s, GraphInstruction& ins, Int32& pc) in C:\001_AI\LudotsProd\src\Core\NodeLibraries\GASGraph\GasGraphOpHandlerTable.cs:line 1339
   at Ludots.Core.NodeLibraries.GASGraph.GasGraphOpHandlerTable.ExecuteSliceCore(GraphExecutionState& state, ReadOnlySpan`1 program, GasGraphOpHandlerTable handlers, GraphExecutionCursor& cursor, Int32 budgetSteps) in C:\001_AI\LudotsProd\src\Core\NodeLibraries\GASGraph\GasGraphOpHandlerTable.cs:line 649
   at Ludots.Core.NodeLibraries.GASGraph.GasGraphOpHandlerTable.Execute(GraphExecutionState& state, ReadOnlySpan`1 program, GasGraphOpHandlerTable handlers, Int32 startPc) in C:\001_AI\LudotsProd\src\Core\NodeLibraries\GASGraph\GasGraphOpHandlerTable.cs:line 374
   at CapabilityStandardGraphOpsNodeGalleryMod.Runtime.GraphOpsNodeDriverContext.ExecuteFeaturedGraphBody() in C:\001_AI\LudotsProd\mods\showcases\capability_standard\CapabilityStandardGraphOpsNodeGalleryMod\Runtime\IGraphOpsNodeDriver.cs:line 174
   at CapabilityStandardGraphOpsNodeGalleryMod.Runtime.GraphOpsNodeDriverContext.ExecuteFeaturedGraph() in C:\001_AI\LudotsProd\mods\showcases\capability_standard\CapabilityStandardGraphOpsNodeGalleryMod\Runtime\IGraphOpsNodeDriver.cs:line 110
   at CapabilityStandardGraphOpsNodeGalleryMod.Runtime.Drivers.ActivityNodeDriver.Tick(GraphOpsNodeDriverContext ctx) in C:\001_AI\LudotsProd\mods\showcases\capability_standard\CapabilityStandardGraphOpsNodeGalleryMod\Runtime\Drivers\ActivityNodeDriver.cs:line 22
   at CapabilityStandardGraphOpsNodeGalleryMod.Runtime.GraphOpsNodeGalleryRuntime.Tick(Single dt) in C:\001_AI\LudotsProd\mods\showcases\capability_standard\CapabilityStandardGraphOpsNodeGalleryMod\Runtime\GraphOpsNodeGalleryRuntime.cs:line 138
   at Ludots.Tests.Gas.Production.GraphOpsNodeGalleryOfferActivityAcceptanceTests.OfferActivity_RollCallOffersGalleryActivityEachWave() in C:\001_AI\LudotsProd\src\Tests\GasTests\Production\GraphOpsNodeGalleryOfferActivityAcceptanceTests.cs:line 32
   at System.RuntimeMethodHandle.InvokeMethod(Object target, Void** arguments, Signature sig, Boolean isConstructor)
   at System.Reflection.MethodBaseInvoker.InvokeWithNoArgs(Object obj, BindingFlags invokeAttr)

  标准输出消息:
 [INF][Engine] Initializing with ConfigPipeline...
 [INF][Engine] Resolving mod dependencies from explicit mod paths: mods=4
 [INF][ModLoader] Mod Load Order:
 [INF][ModLoader] - LudotsCoreMod (P:-1000)
 [INF][ModLoader] - CoreInputMod (P:0)
 [INF][ModLoader] - CameraProfilesMod (P:0)
 [INF][ModLoader] - CapabilityStandardGraphOpsNodeGalleryMod (P:-1890)
 [INF][ModLoader] Resolved Mod Load Order (launcher graph):
 [INF][ModLoader] - LudotsCoreMod (P:-1000)
 [INF][ModLoader] - CoreInputMod (P:0)
 [INF][ModLoader] - CameraProfilesMod (P:0)
 [INF][ModLoader] - CapabilityStandardGraphOpsNodeGalleryMod (P:-1890)
 [INF][ModLoader] Loading DLL for LudotsCoreMod at C:\001_AI\LudotsProd\mods\LudotsCoreMod\bin\net9.0\LudotsCoreMod.dll
 [INF][ModLoader] Scanning 2 types in assembly...
 [INF][ModLoader] Instantiated entry for LudotsCoreMod. Calling OnLoad...
 [INF][Mod.LudotsCoreMod] [LudotsCoreMod] Loaded - Core game framework initialized
 [INF][ModLoader] LudotsCoreMod OnLoad completed.
 [INF][ModLoader] Loaded LudotsCoreMod
 [INF][ModLoader] Loading DLL for CoreInputMod at C:\001_AI\LudotsProd\mods\CoreInputMod\bin\net9.0\CoreInputMod.dll
 [INF][ModLoader] Scanning 33 types in assembly...
 [INF][ModLoader] Instantiated entry for CoreInputMod. Calling OnLoad...
 [INF][Mod.CoreInputMod] [CoreInputMod] Loaded - generic command-source and GAS input
 [INF][ModLoader] CoreInputMod OnLoad completed.
 [INF][ModLoader] Loaded CoreInputMod
 [INF][ModLoader] Loading DLL for CameraProfilesMod at C:\001_AI\LudotsProd\mods\capabilities\camera\CameraProfilesMod\bin\net9.0\CameraProfilesMod.dll
 [INF][ModLoader] Scanning 2 types in assembly...
 [INF][ModLoader] Instantiated entry for CameraProfilesMod. Calling OnLoad...
 [INF][Mod.CameraProfilesMod] [CameraProfilesMod] Loaded
 [INF][ModLoader] CameraProfilesMod OnLoad completed.
 [INF][ModLoader] Loaded CameraProfilesMod
 [INF][ModLoader] Reusing preloaded assembly for CapabilityStandardGraphOpsNodeGalleryMod: C:\001_AI\LudotsProd\src\Tests\GasTests\bin\Debug\net9.0\CapabilityStandardGraphOpsNodeGalleryMod.dll
 [INF][ModLoader] Scanning 55 types in assembly...
 [INF][ModLoader] Instantiated entry for CapabilityStandardGraphOpsNodeGalleryMod. Calling OnLoad...
 [INF][Mod.CapabilityStandardGraphOpsNodeGalleryMod] [CapabilityStandardGraphOpsNodeGalleryMod] Loaded (per-op GraphNodeOp gallery host)
 [INF][ModLoader] CapabilityStandardGraphOpsNodeGalleryMod OnLoad completed.
 [INF][ModLoader] Loaded CapabilityStandardGraphOpsNodeGalleryMod
 [INF][Config] Merged fragment from: Core:game.json
 [INF][Config] Merged fragment from: LudotsCoreMod:assets/game.json
 [INF][Config] Merged fragment from: Core:config_catalog.json
 [INF][Config] Merged fragment from: CapabilityStandardGraphOpsNodeGalleryMod:assets/config_catalog.json
 [INF][Config] Merged fragment from: Core:Navigation/agent_profiles.json
 [INF][Engine] Merged GameConfig: StartupMapId=entry, DefaultCoreMod=LudotsCoreMod
 [INF][Engine] Constants loaded: OrderTypeIds=4, ResponseChainOrderTypeIds=3
 [INF][Engine] Initializing JobScheduler...
 [INF][Config] Loading DataRegistry<EntityTemplate> from Entities/templates.json...
 [INF][Config] Merged fragment from: LudotsCoreMod:assets/Entities/templates.json
 [INF][Config] Merged fragment from: CapabilityStandardGraphOpsNodeGalleryMod:assets/Entities/templates.json
 [INF][Config] Loaded 9 DataRegistry<EntityTemplate> items.
 [INF][Engine] Initializing Core GAS Systems...
 [INF][Config] Merged fragment from: Core:Engine/clock.json
 [INF][Config] Merged fragment from: Core:Relationships/catalog.json
 [INF][Config] Merged fragment from: LudotsCoreMod:assets/Relationships/catalog.json
 [INF][Config] Merged fragment from: CapabilityStandardGraphOpsNodeGalleryMod:assets/Relationships/catalog.json
 [INF][Config] Merged fragment from: Core:Relationships/control_profiles.json
 [INF][Config] Merged fragment from: Core:GAS/target_dispatch_presets.json
 [INF][Config] Merged fragment from: Core:GAS/clock.json
 [INF][Config] Merged fragment from: Core:Physics2D/clock.json
 [INF][Config] Merged fragment from: Core:Physics2D/solver.json
 [INF][Config] Merged fragment from: Core:Physics2D/kinematic.json
 [INF][Config] Merged fragment from: Core:GAS/attribute_constraints.json
 [INF][Config] Merged fragment from: Core:Enums/enums.json
 [INF][Config] Merged fragment from: Core:Vision/fog_layers.json
 [INF][Config] Merged fragment from: LudotsCoreMod:assets/Presentation/text_tokens.json
 [INF][Config] Merged fragment from: CapabilityStandardGraphOpsNodeGalleryMod:assets/Presentation/text_tokens.json
 [INF][Config] Merged fragment from: LudotsCoreMod:assets/Presentation/text_tokens.json
 [INF][Config] Merged fragment from: CapabilityStandardGraphOpsNodeGalleryMod:assets/Presentation/text_tokens.json
 [INF][Config] Merged fragment from: LudotsCoreMod:assets/Presentation/text_locales.json
 [INF][Config] Merged fragment from: CapabilityStandardGraphOpsNodeGalleryMod:assets/Presentation/text_locales.json
 [INF][Config] Merged fragment from: CapabilityStandardGraphOpsNodeGalleryMod:assets/Rng/distributions.json
 [INF][Config] Merged fragment from: Core:GraphTables/lookup_tables.json
 [INF][Config] Merged fragment from: CapabilityStandardGraphOpsNodeGalleryMod:assets/GraphTables/lookup_tables.json
 [INF][Config] Merged fragment from: Core:GAS/graphs.json
 [INF][Config] Merged fragment from: CapabilityStandardGraphOpsNodeGalleryMod:assets/GAS/graphs/AbsFloat.json
 [INF][Config] Merged fragment from: CapabilityStandardGraphOpsNodeGalleryMod:assets/GAS/graphs/AddFloat.json
 [INF][Config] Merged fragment from: CapabilityStandardGraphOpsNodeGalleryMod:assets/GAS/graphs/AddInt.json
 [INF][Config] Merged fragment from: CapabilityStandardGraphOpsNodeGalleryMod:assets/GAS/graphs/AggAverageAttribute.json
 [INF][Config] Merged fragment from: CapabilityStandardGraphOpsNodeGalleryMod:assets/GAS/graphs/AggCount.json
 [INF][Config] Merged fragment from: CapabilityStandardGraphOpsNodeGalleryMod:assets/GAS/graphs/AggMaxAttribute.json
 [INF][Config] Merged fragment from: CapabilityStandardGraphOpsNodeGalleryMod:assets/GAS/graphs/AggMaxEntityByAttribute.json
 [INF][Config] Merged fragment from: CapabilityStandardGraphOpsNodeGalleryMod:assets/GAS/graphs/AggMinAttribute.json
 [INF][Config] Merged fragment from: CapabilityStandardGraphOpsNodeGalleryMod:assets/GAS/graphs/AggMinByDistance.json
 [INF][Config] Merged fragment from: CapabilityStandardGraphOpsNodeGalleryMod:assets/GAS/graphs/AggMinEntityByAttribute.json
 [INF][Config] Merged fragment from: CapabilityStandardGraphOpsNodeGalleryMod:assets/GAS/graphs/AggSumAttribute.json
 [INF][Config] Merged fragment from: CapabilityStandardGraphOpsNodeGalleryMod:assets/GAS/graphs/ApplyEffectDynamic.json
 [INF][Config] Merged fragment from: CapabilityStandardGraphOpsNodeGalleryMod:assets/GAS/graphs/ApplyEffectTemplate.json
 [INF][Config] Merged fragment from: CapabilityStandardGraphOpsNodeGalleryMod:assets/GAS/graphs/AwaitCallback.json
 [INF][Config] Merged fragment from: CapabilityStandardGraphOpsNodeGalleryMod:assets/GAS/graphs/BeginLifecycleTransaction.json
 [INF][Config] Merged fragment from: CapabilityStandardGraphOpsNodeGalleryMod:assets/GAS/graphs/Call.json
 [INF][Config] Merged fragment from: CapabilityStandardGraphOpsNodeGalleryMod:assets/GAS/graphs/ClampFloat.json
 [INF][Config] Merged fragment from: CapabilityStandardGraphOpsNodeGalleryMod:assets/GAS/graphs/ClampTargetToRange.json
 [INF][Config] Merged fragment from: CapabilityStandardGraphOpsNodeGalleryMod:assets/GAS/graphs/CompareEqEntity.json
 [INF][Config] Merged fragment from: CapabilityStandardGraphOpsNodeGalleryMod:assets/GAS/graphs/CompareEqInt.json
 [INF][Config] Merged fragment from: CapabilityStandardGraphOpsNodeGalleryMod:assets/GAS/graphs/CompareGtFloat.json
 [INF][Config] Merged fragment from: CapabilityStandardGraphOpsNodeGalleryMod:assets/GAS/graphs/CompareLtInt.json
 [INF][Config] Merged fragment from: CapabilityStandardGraphOpsNodeGalleryMod:assets/GAS/graphs/ConcatText.json
 [INF][Config] Merged fragment from: CapabilityStandardGraphOpsNodeGalleryMod:assets/GAS/graphs/ConstBool.json
 [INF][Config] Merged fragment from: CapabilityStandardGraphOpsNodeGalleryMod:assets/GAS/graphs/ConstFloat.json
 [INF][Config] Merged fragment from: CapabilityStandardGraphOpsNodeGalleryMod:assets/GAS/graphs/ConstInt.json
 [INF][Config] Merged fragment from: CapabilityStandardGraphOpsNodeGalleryMod:assets/GAS/graphs/ConstText.json
 [INF][Config] Merged fragment from: CapabilityStandardGraphOpsNodeGalleryMod:assets/GAS/graphs/ControlDomainControls.json
 [INF][Config] Merged fragment from: CapabilityStandardGraphOpsNodeGalleryMod:assets/GAS/graphs/ControlDomainResolve.json
 [INF][Config] Merged fragment from: CapabilityStandardGraphOpsNodeGalleryMod:assets/GAS/graphs/CreatePanel.json
 [INF][Config] Merged fragment from: CapabilityStandardGraphOpsNodeGalleryMod:assets/GAS/graphs/DestroyPanel.json
 [INF][Config] Merged fragment from: CapabilityStandardGraphOpsNodeGalleryMod:assets/GAS/graphs/DispatchMapEvent.json
 [INF][Config] Merged fragment from: CapabilityStandardGraphOpsNodeGalleryMod:assets/GAS/graphs/DivFloat.json
 [INF][Config] Merged fragment from: CapabilityStandardGraphOpsNodeGalleryMod:assets/GAS/graphs/FanOutApplyEffect.json
 [INF][Config] Merged fragment from: CapabilityStandardGraphOpsNodeGalleryMod:assets/GAS/graphs/FanOutApplyEffectDynamic.json
 [INF][Config] Merged fragment from: CapabilityStandardGraphOpsNodeGalleryMod:assets/GAS/graphs/FanOutDispatchEffect.json
 [INF][Config] Merged fragment from: CapabilityStandardGraphOpsNodeGalleryMod:assets/GAS/graphs/FanOutDispatchEffectDynamic.json
 [INF][Config] Merged fragment from: CapabilityStandardGraphOpsNodeGalleryMod:assets/GAS/graphs/FloatToText.json
 [INF][Config] Merged fragment from: CapabilityStandardGraphOpsNodeGalleryMod:assets/GAS/graphs/HaltReturnInt.json
 [INF][Config] Merged fragment from: CapabilityStandardGraphOpsNodeGalleryMod:assets/GAS/graphs/HasTag.json
 [INF][Config] Merged fragment from: CapabilityStandardGraphOpsNodeGalleryMod:assets/GAS/graphs/HidePanel.json
 [INF][Config] Merged fragment from: CapabilityStandardGraphOpsNodeGalleryMod:assets/GAS/graphs/IntToText.json
 [INF][Config] Merged fragment from: CapabilityStandardGraphOpsNodeGalleryMod:assets/GAS/graphs/InvokeBuiltin.json
 [INF][Config] Merged fragment from: CapabilityStandardGraphOpsNodeGalleryMod:assets/GAS/graphs/InvokeGraph.json
 [INF][Config] Merged fragment from: CapabilityStandardGraphOpsNodeGalleryMod:assets/GAS/graphs/InvokeScript.json
 [INF][Config] Merged fragment from: CapabilityStandardGraphOpsNodeGalleryMod:assets/GAS/graphs/IsPointInCircle.json
 [INF][Config] Merged fragment from: CapabilityStandardGraphOpsNodeGalleryMod:assets/GAS/graphs/Jump.json
 [INF][Config] Merged fragment from: CapabilityStandardGraphOpsNodeGalleryMod:assets/GAS/graphs/JumpIfFalse.json
 [INF][Config] Merged fragment from: CapabilityStandardGraphOpsNodeGalleryMod:assets/GAS/graphs/KnowledgeHasProjection.json
 [INF][Config] Merged fragment from: CapabilityStandardGraphOpsNodeGalleryMod:assets/GAS/graphs/LoadAttribute.json
 [INF][Config] Merged fragment from: CapabilityStandardGraphOpsNodeGalleryMod:assets/GAS/graphs/LoadCaster.json
 [INF][Config] Merged fragment from: CapabilityStandardGraphOpsNodeGalleryMod:assets/GAS/graphs/LoadConfigEffectId.json
 [INF][Config] Merged fragment from: CapabilityStandardGraphOpsNodeGalleryMod:assets/GAS/graphs/LoadConfigFloat.json
 [INF][Config] Merged fragment from: CapabilityStandardGraphOpsNodeGalleryMod:assets/GAS/graphs/LoadConfigInt.json
 [INF][Config] Merged fragment from: CapabilityStandardGraphOpsNodeGalleryMod:assets/GAS/graphs/LoadContextSource.json
 [INF][Config] Merged fragment from: CapabilityStandardGraphOpsNodeGalleryMod:assets/GAS/graphs/LoadContextTarget.json
 [INF][Config] Merged fragment from: CapabilityStandardGraphOpsNodeGalleryMod:assets/GAS/graphs/LoadContextTargetContext.json
 [INF][Config] Merged fragment from: CapabilityStandardGraphOpsNodeGalleryMod:assets/GAS/graphs/LoadEntryPayloadEntity.json
 [INF][Config] Merged fragment from: CapabilityStandardGraphOpsNodeGalleryMod:assets/GAS/graphs/LoadEntryPayloadFloat.json
 [INF][Config] Merged fragment from: CapabilityStandardGraphOpsNodeGalleryMod:assets/GAS/graphs/LoadEntryPayloadInt.json
 [INF][Config] Merged fragment from: CapabilityStandardGraphOpsNodeGalleryMod:assets/GAS/graphs/LoadEventPayloadFloat.json
 [INF][Config] Merged fragment from: CapabilityStandardGraphOpsNodeGalleryMod:assets/GAS/graphs/LoadEventPayloadFloat.producer.json
 [INF][Config] Merged fragment from: CapabilityStandardGraphOpsNodeGalleryMod:assets/GAS/graphs/LoadEventPayloadInt.json
 [INF][Config] Merged fragment from: CapabilityStandardGraphOpsNodeGalleryMod:assets/GAS/graphs/LoadExplicitTarget.json
 [INF][Config] Merged fragment from: CapabilityStandardGraphOpsNodeGalleryMod:assets/GAS/graphs/LoadPlacedAnchor.json
 [INF][Config] Merged fragment from: CapabilityStandardGraphOpsNodeGalleryMod:assets/GAS/graphs/LoadPlacedEntity.json
 [INF][Config] Merged fragment from: CapabilityStandardGraphOpsNodeGalleryMod:assets/GAS/graphs/LoadPlacedRegion.json
 [INF][Config] Merged fragment from: CapabilityStandardGraphOpsNodeGalleryMod:assets/GAS/graphs/LoadSelfAttribute.json
 [INF][Config] Merged fragment from: CapabilityStandardGraphOpsNodeGalleryMod:assets/GAS/graphs/LoadTargetPosX.json
 [INF][Config] Merged fragment from: CapabilityStandardGraphOpsNodeGalleryMod:assets/GAS/graphs/LoadTargetPosY.json
 [INF][Config] Merged fragment from: CapabilityStandardGraphOpsNodeGalleryMod:assets/GAS/graphs/LoadTextKey.json
 [INF][Config] Merged fragment from: CapabilityStandardGraphOpsNodeGalleryMod:assets/GAS/graphs/LoadViewer.json
 [INF][Config] Merged fragment from: CapabilityStandardGraphOpsNodeGalleryMod:assets/GAS/graphs/MaxFloat.json
 [INF][Config] Merged fragment from: CapabilityStandardGraphOpsNodeGalleryMod:assets/GAS/graphs/MinFloat.json
 [INF][Config] Merged fragment from: CapabilityStandardGraphOpsNodeGalleryMod:assets/GAS/graphs/ModifyAttributeAdd.json
 [INF][Config] Merged fragment from: CapabilityStandardGraphOpsNodeGalleryMod:assets/GAS/graphs/MoveInt.json
 [INF][Config] Merged fragment from: CapabilityStandardGraphOpsNodeGalleryMod:assets/GAS/graphs/MulFloat.json
 [INF][Config] Merged fragment from: CapabilityStandardGraphOpsNodeGalleryMod:assets/GAS/graphs/NegFloat.json
 [INF][Config] Merged fragment from: CapabilityStandardGraphOpsNodeGalleryMod:assets/GAS/graphs/OfferActivity.json
 [INF][Config] Merged fragment from: CapabilityStandardGraphOpsNodeGalleryMod:assets/GAS/graphs/PanelValues.json
 [INF][Config] Merged fragment from: CapabilityStandardGraphOpsNodeGalleryMod:assets/GAS/graphs/QueryAllMapEntities.json
 [INF][Config] Merged fragment from: CapabilityStandardGraphOpsNodeGalleryMod:assets/GAS/graphs/QueryCone.json
 [INF][Config] Merged fragment from: CapabilityStandardGraphOpsNodeGalleryMod:assets/GAS/graphs/QueryFilterAttributeRange.json
 [INF][Config] Merged fragment from: CapabilityStandardGraphOpsNodeGalleryMod:assets/GAS/graphs/QueryFilterLayer.json
 [INF][Config] Merged fragment from: CapabilityStandardGraphOpsNodeGalleryMod:assets/GAS/graphs/QueryFilterNotEntity.json
 [INF][Config] Merged fragment from: CapabilityStandardGraphOpsNodeGalleryMod:assets/GAS/graphs/QueryFilterRelationship.json
 [INF][Config] Merged fragment from: CapabilityStandardGraphOpsNodeGalleryMod:assets/GAS/graphs/QueryFilterTagAny.json
 [INF][Config] Merged fragment from: CapabilityStandardGraphOpsNodeGalleryMod:assets/GAS/graphs/QueryFilterTagNone.json
 [INF][Config] Merged fragment from: CapabilityStandardGraphOpsNodeGalleryMod:assets/GAS/graphs/QueryFilterTeam.json
 [INF][Config] Merged fragment from: CapabilityStandardGraphOpsNodeGalleryMod:assets/GAS/graphs/QueryFilterTemplate.json
 [INF][Config] Merged fragment from: CapabilityStandardGraphOpsNodeGalleryMod:assets/GAS/graphs/QueryFromCollection.json
 [INF][Config] Merged fragment from: CapabilityStandardGraphOpsNodeGalleryMod:assets/GAS/graphs/QueryHexNeighbors.json
 [INF][Config] Merged fragment from: CapabilityStandardGraphOpsNodeGalleryMod:assets/GAS/graphs/QueryHexRange.json
 [INF][Config] Merged fragment from: CapabilityStandardGraphOpsNodeGalleryMod:assets/GAS/graphs/QueryHexRing.json
 [INF][Config] Merged fragment from: CapabilityStandardGraphOpsNodeGalleryMod:assets/GAS/graphs/QueryLimit.json
 [INF][Config] Merged fragment from: CapabilityStandardGraphOpsNodeGalleryMod:assets/GAS/graphs/QueryLine.json
 [INF][Config] Merged fragment from: CapabilityStandardGraphOpsNodeGalleryMod:assets/GAS/graphs/QueryRadius.json
 [INF][Config] Merged fragment from: CapabilityStandardGraphOpsNodeGalleryMod:assets/GAS/graphs/QueryRectangle.json
 [INF][Config] Merged fragment from: CapabilityStandardGraphOpsNodeGalleryMod:assets/GAS/graphs/QuerySortByAttribute.json
 [INF][Config] Merged fragment from: CapabilityStandardGraphOpsNodeGalleryMod:assets/GAS/graphs/QuerySortStable.json
 [INF][Config] Merged fragment from: CapabilityStandardGraphOpsNodeGalleryMod:assets/GAS/graphs/RandomFloat01.json
 [INF][Config] Merged fragment from: CapabilityStandardGraphOpsNodeGalleryMod:assets/GAS/graphs/ReadBlackboardEntity.json
 [INF][Config] Merged fragment from: CapabilityStandardGraphOpsNodeGalleryMod:assets/GAS/graphs/ReadBlackboardFloat.json
 [INF][Config] Merged fragment from: CapabilityStandardGraphOpsNodeGalleryMod:assets/GAS/graphs/ReadBlackboardInt.json
 [INF][Config] Merged fragment from: CapabilityStandardGraphOpsNodeGalleryMod:assets/GAS/graphs/ReadMapVarFloat.json
 [INF][Config] Merged fragment from: CapabilityStandardGraphOpsNodeGalleryMod:assets/GAS/graphs/ReadMapVarInt.json
 [INF][Config] Merged fragment from: CapabilityStandardGraphOpsNodeGalleryMod:assets/GAS/graphs/RelationshipAddMetric.json
 [INF][Config] Merged fragment from: CapabilityStandardGraphOpsNodeGalleryMod:assets/GAS/graphs/RelationshipAggAverageMetric.json
 [INF][Config] Merged fragment from: CapabilityStandardGraphOpsNodeGalleryMod:assets/GAS/graphs/RelationshipAggMaxEntityByMetric.json
 [INF][Config] Merged fragment from: CapabilityStandardGraphOpsNodeGalleryMod:assets/GAS/graphs/RelationshipAggMaxMetric.json
 [INF][Config] Merged fragment from: CapabilityStandardGraphOpsNodeGalleryMod:assets/GAS/graphs/RelationshipAggMinEntityByMetric.json
 [INF][Config] Merged fragment from: CapabilityStandardGraphOpsNodeGalleryMod:assets/GAS/graphs/RelationshipAggMinMetric.json
 [INF][Config] Merged fragment from: CapabilityStandardGraphOpsNodeGalleryMod:assets/GAS/graphs/RelationshipAggSumMetric.json
 [INF][Config] Merged fragment from: CapabilityStandardGraphOpsNodeGalleryMod:assets/GAS/graphs/RelationshipEnsureLink.json
 [INF][Config] Merged fragment from: CapabilityStandardGraphOpsNodeGalleryMod:assets/GAS/graphs/RelationshipFilterFlag.json
 [INF][Config] Merged fragment from: CapabilityStandardGraphOpsNodeGalleryMod:assets/GAS/graphs/RelationshipFilterMetricRange.json
 [INF][Config] Merged fragment from: CapabilityStandardGraphOpsNodeGalleryMod:assets/GAS/graphs/RelationshipGetMetric.json
 [INF][Config] Merged fragment from: CapabilityStandardGraphOpsNodeGalleryMod:assets/GAS/graphs/RelationshipHasFlag.json
 [INF][Config] Merged fragment from: CapabilityStandardGraphOpsNodeGalleryMod:assets/GAS/graphs/RelationshipHasLink.json
 [INF][Config] Merged fragment from: CapabilityStandardGraphOpsNodeGalleryMod:assets/GAS/graphs/RelationshipQueryBetweenPair.json
 [INF][Config] Merged fragment from: CapabilityStandardGraphOpsNodeGalleryMod:assets/GAS/graphs/RelationshipQueryIncoming.json
 [INF][Config] Merged fragment from: CapabilityStandardGraphOpsNodeGalleryMod:assets/GAS/graphs/RelationshipQueryMutual.json
 [INF][Config] Merged fragment from: CapabilityStandardGraphOpsNodeGalleryMod:assets/GAS/graphs/RelationshipQueryOutgoing.json
 [INF][Config] Merged fragment from: CapabilityStandardGraphOpsNodeGalleryMod:assets/GAS/graphs/RelationshipRemoveLink.json
 [INF][Config] Merged fragment from: CapabilityStandardGraphOpsNodeGalleryMod:assets/GAS/graphs/RelationshipSetFlag.json
 [INF][Config] Merged fragment from: CapabilityStandardGraphOpsNodeGalleryMod:assets/GAS/graphs/RelationshipSetMetric.json
 [INF][Config] Merged fragment from: CapabilityStandardGraphOpsNodeGalleryMod:assets/GAS/graphs/RelationshipSortByMetric.json
 [INF][Config] Merged fragment from: CapabilityStandardGraphOpsNodeGalleryMod:assets/GAS/graphs/RemoveEffectTemplate.json
 [INF][Config] Merged fragment from: CapabilityStandardGraphOpsNodeGalleryMod:assets/GAS/graphs/ResolveTableRow.json
 [INF][Config] Merged fragment from: CapabilityStandardGraphOpsNodeGalleryMod:assets/GAS/graphs/Return.json
 [INF][Config] Merged fragment from: CapabilityStandardGraphOpsNodeGalleryMod:assets/GAS/graphs/SelectEntity.json
 [INF][Config] Merged fragment from: CapabilityStandardGraphOpsNodeGalleryMod:assets/GAS/graphs/SendEvent.json
 [INF][Config] Merged fragment from: CapabilityStandardGraphOpsNodeGalleryMod:assets/GAS/graphs/SendEvent.listener.json
 [INF][Config] Merged fragment from: CapabilityStandardGraphOpsNodeGalleryMod:assets/GAS/graphs/SetWorldPosition.json
 [INF][Config] Merged fragment from: CapabilityStandardGraphOpsNodeGalleryMod:assets/GAS/graphs/ShowPanel.json
 [INF][Config] Merged fragment from: CapabilityStandardGraphOpsNodeGalleryMod:assets/GAS/graphs/SinkPresentationText.json
 [INF][Config] Merged fragment from: CapabilityStandardGraphOpsNodeGalleryMod:assets/GAS/graphs/SnapToNearestGraphEdge.json
 [INF][Config] Merged fragment from: CapabilityStandardGraphOpsNodeGalleryMod:assets/GAS/graphs/SnapToNearestInCollection.json
 [INF][Config] Merged fragment from: CapabilityStandardGraphOpsNodeGalleryMod:assets/GAS/graphs/SpawnTemplate.json
 [INF][Config] Merged fragment from: CapabilityStandardGraphOpsNodeGalleryMod:assets/GAS/graphs/StoreArgEntity.json
 [INF][Config] Merged fragment from: CapabilityStandardGraphOpsNodeGalleryMod:assets/GAS/graphs/StoreArgFloat.json
 [INF][Config] Merged fragment from: CapabilityStandardGraphOpsNodeGalleryMod:assets/GAS/graphs/StoreArgInt.json
 [INF][Config] Merged fragment from: CapabilityStandardGraphOpsNodeGalleryMod:assets/GAS/graphs/SubFloat.json
 [INF][Config] Merged fragment from: CapabilityStandardGraphOpsNodeGalleryMod:assets/GAS/graphs/TableReadFloat.json
 [INF][Config] Merged fragment from: CapabilityStandardGraphOpsNodeGalleryMod:assets/GAS/graphs/TableReadInt.json
 [INF][Config] Merged fragment from: CapabilityStandardGraphOpsNodeGalleryMod:assets/GAS/graphs/TargetListGet.json
 [INF][Config] Merged fragment from: CapabilityStandardGraphOpsNodeGalleryMod:assets/GAS/graphs/WeightedPick.json
 [INF][Config] Merged fragment from: CapabilityStandardGraphOpsNodeGalleryMod:assets/GAS/graphs/WriteBlackboardEntity.json
 [INF][Config] Merged fragment from: CapabilityStandardGraphOpsNodeGalleryMod:assets/GAS/graphs/WriteBlackboardFloat.json
 [INF][Config] Merged fragment from: CapabilityStandardGraphOpsNodeGalleryMod:assets/GAS/graphs/WriteBlackboardInt.json
 [INF][Config] Merged fragment from: CapabilityStandardGraphOpsNodeGalleryMod:assets/GAS/graphs/WriteMapVarFloat.json
 [INF][Config] Merged fragment from: CapabilityStandardGraphOpsNodeGalleryMod:assets/GAS/graphs/WriteMapVarInt.json
 [INF][Config] Merged fragment from: CapabilityStandardGraphOpsNodeGalleryMod:assets/GAS/graphs/WriteSelfAttribute.json
 [INF][Config] Merged fragment from: CapabilityStandardGraphOpsNodeGalleryMod:assets/GAS/graphs/Yield.json
 [INF][Config] Merged fragment from: CapabilityStandardGraphOpsNodeGalleryMod:assets/GAS/graphs/_constSevenCallee.json
 [INF][Config] Merged fragment from: CapabilityStandardGraphOpsNodeGalleryMod:assets/GAS/graphs/_invokeArgCallee.json
 [INF][Config] Merged fragment from: Core:GAS/preset_types.json
 [INF][Config] Merged fragment from: Core:Exchange/operations.json
 [INF][Config] Merged fragment from: Core:Progression/scopes.json
 [INF][Config] Merged fragment from: Core:Progression/progressions.json
 [INF][Config] Merged fragment from: Core:Progression/requirements.json
 [INF][Config] Merged fragment from: LudotsCoreMod:assets/GAS/order_types.json
 [INF][Config] Merged fragment from: Core:GAS/effects.json
 [INF][Config] Merged fragment from: CapabilityStandardGraphOpsNodeGalleryMod:assets/GAS/effects.json
 [INF][Config] Merged fragment from: CapabilityStandardGraphOpsNodeGalleryMod:assets/GAS/tag_rules.json
 [INF][Config] Merged fragment from: Core:GAS/func_lib.json
 [INF][Config] Merged fragment from: Core:GAS/action_lib.json
 [INF][Config] Merged fragment from: Core:Items/shapes.json
 [INF][Config] Merged fragment from: Core:Items/layouts.json
 [INF][Config] Merged fragment from: Core:Items/definitions.json
 [INF][Config] Merged fragment from: Core:Exchange/operations.json
 [INF][Config] Merged fragment from: Core:Panels/panel_templates.json
 [INF][Config] Merged fragment from: CapabilityStandardGraphOpsNodeGalleryMod:assets/Panels/panel_templates.json
 [INF][Config] Merged fragment from: Core:Input/filter_profiles.json
 [INF][Config] Merged fragment from: Core:Presentation/lod_profiles.json
 [INF][Config] Merged fragment from: Core:Presentation/particle_vfx.json
 [INF][Config] Merged fragment from: LudotsCoreMod:assets/Presentation/mesh_assets.json
 [INF][Config] Merged fragment from: LudotsCoreMod:assets/Presentation/material_assets.json
 [INF][Config] Merged fragment from: LudotsCoreMod:assets/Presentation/animator_controllers.json
 [INF][Config] Merged fragment from: LudotsCoreMod:assets/Presentation/animation_clips.json
 [INF][Config] Merged fragment from: LudotsCoreMod:assets/Presentation/animation_profiles.json
 [INF][Config] Merged fragment from: LudotsCoreMod:assets/Presentation/presenters.json
 [INF][Config] Merged fragment from: CoreInputMod:assets/Presentation/presenters.json
 [INF][Config] Merged fragment from: CapabilityStandardGraphOpsNodeGalleryMod:assets/Presentation/presenters.json
 [INF][Config] Merged fragment from: Core:GAS/attribute_bindings.json
 [INF][Config] Merged fragment from: Core:config_catalog.json
 [INF][Config] Merged fragment from: CapabilityStandardGraphOpsNodeGalleryMod:assets/config_catalog.json
 [INF][Config] Merged fragment from: Core:Input/default_input.json
 [INF][Config] Merged fragment from: CoreInputMod:assets/Input/default_input.json
 [INF][Config] Merged fragment from: CameraProfilesMod:assets/Input/default_input.json
 [INF][Config] Merged fragment from: Core:Input/action_attribute_bindings.json
 [INF][Config] Merged fragment from: Core:Input/command_intent_profiles.json
 [INF][Config] Merged fragment from: Core:Input/interaction_context_profiles.json
 [INF][Config] Merged fragment from: Core:Input/cast_commit_profiles.json
 [INF][Config] Merged fragment from: Core:Input/cast_commit_locks.json
 [INF][Config] Merged fragment from: Core:Input/cast_dispatch_profiles.json
 [INF][Config] Merged fragment from: Core:Input/control_schemes.json
 [INF][Config] Merged fragment from: Core:UI/ability_aggregation_profiles.json
 [INF][Config] Merged fragment from: Core:UI/command_deck_profiles.json
 [INF][Config] Merged fragment from: Core:UI/production_overview_profiles.json
 [INF][Config] Merged fragment from: Core:AI/behavior_trees.json
 [INF][Config] Merged fragment from: Core:AI/hfsm.json
 [INF][Config] Merged fragment from: Core:Presentation/semantic_maps.json
 [INF][Config] Merged fragment from: Core:Presentation/image_assets.json
 [INF][Config] Merged fragment from: Core:Camera/virtual_cameras.json
 [INF][Config] Merged fragment from: CameraProfilesMod:assets/Camera/virtual_cameras.json
 [INF][Config] Merged fragment from: CapabilityStandardGraphOpsNodeGalleryMod:assets/Camera/virtual_cameras.json
 [INF][Config] Merged fragment from: CapabilityStandardGraphOpsNodeGalleryMod:assets/Activities/activities.json
 [INF][Config] Merged fragment from: Core:Story/lines.json
 [INF][Config] Merged fragment from: Core:Story/presentation_profiles.json
 [INF][Config] Merged fragment from: Core:Story/speakers.json
 [INF][Config] Merged fragment from: Core:Dialogue/dialogues.json
 [INF][Config] Merged fragment from: Core:Sequencer/sequences.json
 [INF][ModLoader] No registration conflicts detected.
 [INF][Config] Merged fragment from: Core:config_catalog.json
 [INF][Config] Merged fragment from: CapabilityStandardGraphOpsNodeGalleryMod:assets/config_catalog.json
 [INF][Config] Merged fragment from: Core:Input/default_input.json
 [INF][Config] Merged fragment from: CoreInputMod:assets/Input/default_input.json
 [INF][Config] Merged fragment from: CameraProfilesMod:assets/Input/default_input.json
 [INF][Engine] Firing GameStart event...
 [LudotsCoreMod] Core systems installed
 [INF][Mod.CoreInputMod] [CoreInputMod] No viewmodes.json found, skipping.
 [INF][Mod.CoreInputMod] [CoreInputMod] No viewmodes.json found, skipping.
 [INF][Mod.CoreInputMod] [CoreInputMod] Registered 3 view modes from CameraProfilesMod.
 [INF][Mod.CoreInputMod] [CoreInputMod] No viewmodes.json found, skipping.
 [INF][Mod.CoreInputMod] [CoreInputMod] CommandSourceAcquisition, GasInputResponse, SkillBar, CommandSourceDragOverlay, AbilityAimPresentation, CommandActorMovePathPresentation, TabTarget, ViewMode registered
 [INF][Engine] Loading Map: capability_standard_graph_op_OfferActivity
 [INF][Map] Loading Map: capability_standard_graph_op_OfferActivity
 [INF][Config] Merged fragment from: CapabilityStandardGraphOpsNodeGalleryMod:assets/Maps/capability_standard_graph_op_OfferActivity.json
 [INF][Map] Map 'capability_standard_graph_op_OfferActivity' loaded.
 [INF][Map] Map 'capability_standard_graph_op_OfferActivity' pushed to focus (stack depth=1).
 [INF][Config] Merged fragment from: Core:Navigation/pathing.json
 [INF][Engine] Pathing bootstrap skipped for map 'capability_standard_graph_op_OfferActivity': no node-graph board or navmesh query service is loaded.
 [INF][Engine] Creating Entities from MapConfig...
 [INF][Engine] Applied DefaultCamera: yaw=180 pitch=75 dist=2600cm fov=50
 [INF][Engine] Firing MapLoaded event for capability_standard_graph_op_OfferActivity...
 [WRN][Presentation] Terrain height sync requested VisualHeightmap, but none is registered; undeclared static pending may resolve flat while declared heightmap pending stays unresolved.
 [INF][Config] Merged fragment from: Core:GraphTables/lookup_tables.json



失败!  - 失败:     1，通过:     0，已跳过:     0，总计:     1，持续时间: 2 s - GasTests.dll (net9.0)

有可用的工作负载更新。有关详细信息，请运行 `dotnet workload list`。
