C:\001_AI\_audit_1485_ab\src\Tests\PresentationTests\bin\Release\net9.0\PresentationTests.dll (.NETCoreApp,Version=v9.0)的测试运行
VSTest 版本 17.14.1 (x64)

正在启动测试执行，请稍候...
总共 1 个测试文件与指定模式相匹配。
NUnit Adapter 4.6.0.0: Test execution started
Running selected tests in C:\001_AI\_audit_1485_ab\src\Tests\PresentationTests\bin\Release\net9.0\PresentationTests.dll
   NUnit3TestExecutor discovered 1 of 1 NUnit test cases using Current Discovery mode, Non-Explicit run
[INF][Engine] Initializing with ConfigPipeline...
[INF][Engine] Resolving mod dependencies from explicit mod paths: mods=5
[INF][ModLoader] Mod Load Order:
[INF][ModLoader] - LudotsCoreMod (P:-1000)
[INF][ModLoader] - CoreInputMod (P:0)
[INF][ModLoader] - SelectionInteractionMod (P:0)
[INF][ModLoader] - MassNavigationMod (P:0)
[INF][ModLoader] - CapabilityStandardMassNavigationLargeWorld10kMod (P:-2000)
[INF][ModLoader] Resolved Mod Load Order (launcher graph):
[INF][ModLoader] - LudotsCoreMod (P:-1000)
[INF][ModLoader] - CoreInputMod (P:0)
[INF][ModLoader] - SelectionInteractionMod (P:0)
[INF][ModLoader] - MassNavigationMod (P:0)
[INF][ModLoader] - CapabilityStandardMassNavigationLargeWorld10kMod (P:-2000)
[INF][ModLoader] Loading DLL for LudotsCoreMod at C:\001_AI\_audit_1485_ab\mods\LudotsCoreMod\bin\net9.0\LudotsCoreMod.dll
[INF][ModLoader] Scanning 2 types in assembly...
[INF][ModLoader] Instantiated entry for LudotsCoreMod. Calling OnLoad...
[INF][Mod.LudotsCoreMod] [LudotsCoreMod] Loaded - Core game framework initialized
[INF][ModLoader] LudotsCoreMod OnLoad completed.
[INF][ModLoader] Loaded LudotsCoreMod
[INF][ModLoader] Loading DLL for CoreInputMod at C:\001_AI\_audit_1485_ab\mods\CoreInputMod\bin\net9.0\CoreInputMod.dll
[INF][ModLoader] Scanning 33 types in assembly...
[INF][ModLoader] Instantiated entry for CoreInputMod. Calling OnLoad...
[INF][Mod.CoreInputMod] [CoreInputMod] Loaded - generic command-source and GAS input
[INF][ModLoader] CoreInputMod OnLoad completed.
[INF][ModLoader] Loaded CoreInputMod
[INF][ModLoader] Skip code load for SelectionInteractionMod: manifest has no 'main' (asset-only mod).
[INF][ModLoader] Loading DLL for MassNavigationMod at C:\001_AI\_audit_1485_ab\mods\capabilities\navigation\MassNavigationMod\bin\net9.0\MassNavigationMod.dll
[INF][ModLoader] Scanning 2 types in assembly...
[INF][ModLoader] Instantiated entry for MassNavigationMod. Calling OnLoad...
[INF][Mod.MassNavigationMod] [MassNavigationMod] Loaded MassNavigation assets and MovePlan order adapter.
[INF][ModLoader] MassNavigationMod OnLoad completed.
[INF][ModLoader] Loaded MassNavigationMod
[INF][ModLoader] Loading DLL for CapabilityStandardMassNavigationLargeWorld10kMod at C:\001_AI\_audit_1485_ab\mods\showcases\capability_standard\CapabilityStandardMassNavigationLargeWorld10kMod\bin\net9.0\CapabilityStandardMassNavigationLargeWorld10kMod.dll
[INF][ModLoader] Scanning 4 types in assembly...
[INF][ModLoader] Instantiated entry for CapabilityStandardMassNavigationLargeWorld10kMod. Calling OnLoad...
[INF][Mod.CapabilityStandardMassNavigationLargeWorld10kMod] [CapabilityStandardMassNavigationLargeWorld10kMod] Loaded
[INF][ModLoader] CapabilityStandardMassNavigationLargeWorld10kMod OnLoad completed.
[INF][ModLoader] Loaded CapabilityStandardMassNavigationLargeWorld10kMod
[INF][Config] Merged fragment from: Core:game.json
[INF][Config] Merged fragment from: LudotsCoreMod:assets/game.json
[INF][Config] Merged fragment from: MassNavigationMod:assets/game.json
[INF][Config] Merged fragment from: CapabilityStandardMassNavigationLargeWorld10kMod:assets/game.json
[INF][Config] Merged fragment from: Core:config_catalog.json
[INF][Config] Merged fragment from: MassNavigationMod:assets/config_catalog.json
[INF][Config] Merged fragment from: CapabilityStandardMassNavigationLargeWorld10kMod:assets/config_catalog.json
[INF][Config] Merged fragment from: Core:Navigation/agent_profiles.json
[INF][Engine] Merged GameConfig: StartupMapId=mass_navigation, DefaultCoreMod=LudotsCoreMod
[INF][Engine] Constants loaded: OrderTypeIds=4, ResponseChainOrderTypeIds=3
[INF][Engine] Initializing JobScheduler...
[INF][Config] Loading DataRegistry<EntityTemplate> from Entities/templates.json...
[INF][Config] Merged fragment from: LudotsCoreMod:assets/Entities/templates.json
[INF][Config] Merged fragment from: MassNavigationMod:assets/Entities/templates.json
[INF][Config] Loaded 16 DataRegistry<EntityTemplate> items.
[INF][Engine] Initializing Core GAS Systems...
[INF][Config] Merged fragment from: Core:Engine/clock.json
[INF][Config] Merged fragment from: Core:Relationships/catalog.json
[INF][Config] Merged fragment from: LudotsCoreMod:assets/Relationships/catalog.json
[INF][Config] Merged fragment from: Core:Relationships/control_profiles.json
[INF][Config] Merged fragment from: Core:GAS/target_dispatch_presets.json
[INF][Config] Merged fragment from: Core:GAS/clock.json
[INF][Config] Merged fragment from: Core:Physics2D/clock.json
[INF][Config] Merged fragment from: Core:Physics2D/solver.json
[INF][Config] Merged fragment from: Core:Physics2D/kinematic.json
[INF][Config] Merged fragment from: Core:GAS/attribute_constraints.json
[INF][Config] Merged fragment from: MassNavigationMod:assets/GAS/attribute_constraints.json
[INF][Config] Merged fragment from: Core:Enums/enums.json
[INF][Config] Merged fragment from: Core:Vision/fog_layers.json
[INF][Config] Merged fragment from: LudotsCoreMod:assets/Presentation/text_tokens.json
[INF][Config] Merged fragment from: LudotsCoreMod:assets/Presentation/text_tokens.json
[INF][Config] Merged fragment from: LudotsCoreMod:assets/Presentation/text_locales.json
[INF][Config] Merged fragment from: Core:GraphTables/lookup_tables.json
[INF][Config] Merged fragment from: Core:GAS/graphs.json
[INF][Config] Merged fragment from: SelectionInteractionMod:assets/GAS/graphs/graph.case_e.box_begin.json
[INF][Config] Merged fragment from: SelectionInteractionMod:assets/GAS/graphs/graph.case_e.box_commit.json
[INF][Config] Merged fragment from: SelectionInteractionMod:assets/GAS/graphs/graph.case_e.box_hit.json
[INF][Config] Merged fragment from: SelectionInteractionMod:assets/GAS/graphs/graph.case_e.selection_commit.json
[INF][Config] Merged fragment from: SelectionInteractionMod:assets/GAS/graphs/graph.case_e.selection_preview_clear.json
[INF][Config] Merged fragment from: SelectionInteractionMod:assets/GAS/graphs/graph.case_e.selection_preview_tick.json
[INF][Config] Merged fragment from: SelectionInteractionMod:assets/GAS/graphs/graph.selection.rectangle_hits.json
[INF][Config] Merged fragment from: MassNavigationMod:assets/GAS/graphs.json
[INF][Config] Merged fragment from: MassNavigationMod:assets/GAS/graphs/graph.case_e.box_hit.json
[INF][Config] Merged fragment from: MassNavigationMod:assets/GAS/graphs/graph.mass_navigation.selection_candidates.json
[INF][Config] Merged fragment from: MassNavigationMod:assets/GAS/graphs/graph.mass_navigation.selection_roster.json
[INF][Config] Merged fragment from: Core:GAS/preset_types.json
[INF][Config] Merged fragment from: Core:Exchange/operations.json
[INF][Config] Merged fragment from: Core:Progression/scopes.json
[INF][Config] Merged fragment from: Core:Progression/progressions.json
[INF][Config] Merged fragment from: Core:Progression/requirements.json
[INF][Config] Merged fragment from: LudotsCoreMod:assets/GAS/order_types.json
[INF][Config] Merged fragment from: MassNavigationMod:assets/GAS/order_types.json
[INF][Config] Merged fragment from: Core:GAS/effects.json
[INF][Config] Merged fragment from: MassNavigationMod:assets/GAS/effects.json
[INF][Config] Merged fragment from: MassNavigationMod:assets/GAS/tag_rules.json
[INF][Config] Merged fragment from: Core:GAS/func_lib.json
[INF][Config] Merged fragment from: Core:GAS/action_lib.json
[INF][Config] Merged fragment from: Core:Items/shapes.json
[INF][Config] Merged fragment from: Core:Items/layouts.json
[INF][Config] Merged fragment from: Core:Items/definitions.json
[INF][Config] Merged fragment from: Core:Exchange/operations.json
[INF][Config] Merged fragment from: Core:Panels/panel_templates.json
[INF][Config] Merged fragment from: Core:Input/filter_profiles.json
[INF][Config] Merged fragment from: Core:Presentation/lod_profiles.json
[INF][Config] Merged fragment from: Core:Presentation/particle_vfx.json
[INF][Config] Merged fragment from: LudotsCoreMod:assets/Presentation/mesh_assets.json
[INF][Config] Merged fragment from: SelectionInteractionMod:assets/Presentation/mesh_assets.json
[INF][Config] Merged fragment from: MassNavigationMod:assets/Presentation/mesh_assets.json
[INF][Config] Merged fragment from: LudotsCoreMod:assets/Presentation/material_assets.json
[INF][Config] Merged fragment from: LudotsCoreMod:assets/Presentation/animator_controllers.json
[INF][Config] Merged fragment from: MassNavigationMod:assets/Presentation/animator_controllers.json
[INF][Config] Merged fragment from: LudotsCoreMod:assets/Presentation/animation_clips.json
[INF][Config] Merged fragment from: MassNavigationMod:assets/Presentation/animation_clips.json
[INF][Config] Merged fragment from: LudotsCoreMod:assets/Presentation/animation_profiles.json
[INF][Config] Merged fragment from: MassNavigationMod:assets/Presentation/animation_profiles.json
[INF][Config] Merged fragment from: Core:Input/interaction_context_profiles.json
[INF][Config] Merged fragment from: SelectionInteractionMod:assets/Input/interaction_context_profiles.json
[INF][Config] Merged fragment from: LudotsCoreMod:assets/Presentation/presenters.json
[INF][Config] Merged fragment from: CoreInputMod:assets/Presentation/presenters.json
[INF][Config] Merged fragment from: SelectionInteractionMod:assets/Presentation/presenters.json
[INF][Config] Merged fragment from: MassNavigationMod:assets/Presentation/presenters.json
[INF][Config] Merged fragment from: Core:GAS/attribute_bindings.json
[INF][Config] Merged fragment from: Core:config_catalog.json
[INF][Config] Merged fragment from: MassNavigationMod:assets/config_catalog.json
[INF][Config] Merged fragment from: CapabilityStandardMassNavigationLargeWorld10kMod:assets/config_catalog.json
[INF][Config] Merged fragment from: Core:Input/default_input.json
[INF][Config] Merged fragment from: CoreInputMod:assets/Input/default_input.json
[INF][Config] Merged fragment from: SelectionInteractionMod:assets/Input/default_input.json
[INF][Config] Merged fragment from: Core:Input/action_attribute_bindings.json
[INF][Config] Merged fragment from: Core:Input/command_intent_profiles.json
[INF][Config] Merged fragment from: CapabilityStandardMassNavigationLargeWorld10kMod:assets/Input/command_intent_profiles.json
[INF][Config] Merged fragment from: Core:Input/cast_commit_profiles.json
[INF][Config] Merged fragment from: Core:Input/cast_commit_locks.json
[INF][Config] Merged fragment from: Core:Input/cast_dispatch_profiles.json
[INF][Config] Merged fragment from: Core:Input/control_schemes.json
[INF][Config] Merged fragment from: Core:Input/interaction_prefs.json
[INF][Config] Merged fragment from: Core:Input/interaction_modes.json
[INF][Config] Merged fragment from: Core:UI/ability_aggregation_profiles.json
[INF][Config] Merged fragment from: Core:UI/command_deck_profiles.json
[INF][Config] Merged fragment from: Core:UI/production_overview_profiles.json
[INF][Config] Merged fragment from: Core:AI/behavior_trees.json
[INF][Config] Merged fragment from: Core:AI/hfsm.json
[INF][Config] Merged fragment from: Core:Presentation/semantic_maps.json
[INF][Config] Merged fragment from: Core:Presentation/image_assets.json
[INF][Config] Merged fragment from: Core:Camera/virtual_cameras.json
[INF][Config] Merged fragment from: MassNavigationMod:assets/Camera/virtual_cameras.json
[INF][Config] Merged fragment from: Core:Story/lines.json
[INF][Config] Merged fragment from: Core:Story/presentation_profiles.json
[INF][Config] Merged fragment from: Core:Story/speakers.json
[INF][Config] Merged fragment from: Core:Dialogue/dialogues.json
[INF][Config] Merged fragment from: Core:Sequencer/sequences.json
[INF][ModLoader] No registration conflicts detected.
[INF][Config] Merged fragment from: MassNavigationMod:assets/Presentation/host_assets.json
[INF][Config] Merged fragment from: Core:config_catalog.json
[INF][Config] Merged fragment from: MassNavigationMod:assets/config_catalog.json
[INF][Config] Merged fragment from: CapabilityStandardMassNavigationLargeWorld10kMod:assets/config_catalog.json
[INF][Config] Merged fragment from: Core:Input/default_input.json
[INF][Config] Merged fragment from: CoreInputMod:assets/Input/default_input.json
[INF][Config] Merged fragment from: SelectionInteractionMod:assets/Input/default_input.json
[INF][Engine] Firing GameStart event...
[LudotsCoreMod] Core systems installed
[INF][Mod.CoreInputMod] [CoreInputMod] No viewmodes.json found, skipping.
[INF][Mod.CoreInputMod] [CoreInputMod] No viewmodes.json found, skipping.
[INF][Mod.CoreInputMod] [CoreInputMod] No viewmodes.json found, skipping.
[INF][Mod.CoreInputMod] [CoreInputMod] No viewmodes.json found, skipping.
[INF][Mod.CoreInputMod] [CoreInputMod] No viewmodes.json found, skipping.
[INF][Mod.CoreInputMod] [CoreInputMod] Acquisition enabled: False; input and presentation systems registered.
[INF][Engine] Loading Map: mass_navigation
[INF][Map] Loading Map: mass_navigation
[INF][Config] Merged fragment from: MassNavigationMod:assets/Maps/mass_navigation.json
[INF][Config] Merged fragment from: CapabilityStandardMassNavigationLargeWorld10kMod:assets/Maps/mass_navigation.json
[INF][Map] Map 'mass_navigation' loaded.
[INF][Map] Creating GridBoard 'default' (250x250 macroTiles, cell=100cm)
[INF][Engine] Created Board 'default' (type=Grid) for map 'mass_navigation'
[INF][Map] Map 'mass_navigation' pushed to focus (stack depth=1).
[INF][Engine] ContinuousHeightmap does not cover board 'default' extent 6400000x6400000cm; keeping flat grid terrain.
[INF][Engine] Created flat grid LogicTerrainField 64000x64000 cells for board 'default'
[INF][Config] Merged fragment from: Core:Navigation/pathing.json
[INF][Engine] Pathing bootstrap skipped for map 'mass_navigation': no node-graph board or navmesh query service is loaded.
[INF][Engine] Creating Entities from MapConfig...
[INF][Engine] Registered 2 triggers for map 'mass_navigation'.
[INF][Engine] Applied DefaultCamera: yaw=45 pitch=42 dist=14000cm fov=60
[INF][Config] Merged fragment from: MassNavigationMod:assets/MassNavigationConfig.json
[INF][Engine] [MassNavigation runtime] Installed mass-navigation runtime.
[INF][Engine] Firing MapLoaded event for mass_navigation...
[WRN][Engine] Duplicate registration for trigger type TriggerGraphMountTrigger. Keeping original.
[WRN][Engine] Duplicate registration for trigger type TriggerGraphResumeTrigger. Keeping original.
[INF][Engine] Appended 2 triggers to map 'mass_navigation'.
[DEBUG-a4f2] longalloc warmup=300 frames=120 agents=10000 gen0=1 gen1=0
[DEBUG-a4f2] remove_range calls=13922 hash_misses=13922 signature_bytes=19271504 event_bytes=0 move_bytes=0
[DEBUG-a4f2] direct_attribute_add aggregate=6940 presentation=42
[DEBUG-a4f2] frame,total_bytes,aggregator_bytes,aggregator_removes,aggregator_playback_bytes,clear_bytes,clear_removes,clear_playback_bytes,spatial_bytes,new_cells,new_cell_bytes
[DEBUG-a4f2] 0,18032,0,0,0,0,0,0,0,0,0
[DEBUG-a4f2] 1,520664,244528,161,236056,220256,162,211776,32296,36,16704
[DEBUG-a4f2] 2,1080,0,0,0,0,0,0,0,0,0
[DEBUG-a4f2] 3,472176,242832,160,234592,218760,161,210520,0,0,0
[DEBUG-a4f2] 4,35896,0,0,0,0,0,0,34480,41,19024
[DEBUG-a4f2] 5,1080,0,0,0,0,0,0,0,0,0
[DEBUG-a4f2] 6,485992,250160,165,241920,225248,166,217008,0,0,0
[DEBUG-a4f2] 7,47432,0,0,0,0,0,0,46016,57,26448
[DEBUG-a4f2] 8,1080,0,0,0,0,0,0,0,0,0
[DEBUG-a4f2] 9,513840,264824,175,256584,238432,176,230192,0,0,0
[DEBUG-a4f2] 10,1416,0,0,0,0,0,0,0,0,0
[DEBUG-a4f2] 11,1080,0,0,0,0,0,0,0,0,0
[DEBUG-a4f2] 12,505376,261784,173,253544,233008,174,224768,0,0,0
[DEBUG-a4f2] 13,40344,0,0,0,0,0,0,38928,45,20880
[DEBUG-a4f2] 14,1080,0,0,0,0,0,0,0,0,0
[DEBUG-a4f2] 15,467600,239936,158,231696,217080,159,208840,0,0,0
[DEBUG-a4f2] 16,45344,0,0,0,0,0,0,43928,51,23664
[DEBUG-a4f2] 17,1080,0,0,0,0,0,0,0,0,0
[DEBUG-a4f2] 18,9320,0,0,0,0,0,0,0,0,0
[DEBUG-a4f2] 19,563672,275136,182,266896,248888,183,240648,36968,46,21344
[DEBUG-a4f2] 20,1080,0,0,0,0,0,0,0,0,0
[DEBUG-a4f2] 21,481976,248648,164,240408,222744,165,214504,0,0,0
[DEBUG-a4f2] 22,1416,0,0,0,0,0,0,0,0,0
[DEBUG-a4f2] 23,1080,0,0,0,0,0,0,0,0,0
[DEBUG-a4f2] 24,537456,277968,184,269728,248904,185,240664,0,0,0
[DEBUG-a4f2] 25,34280,0,0,0,0,0,0,32864,46,21344
[DEBUG-a4f2] 26,1080,0,0,0,0,0,0,0,0,0
[DEBUG-a4f2] 27,9320,0,0,0,0,0,0,0,0,0
[DEBUG-a4f2] 28,515240,248656,164,240416,222952,165,214712,40952,46,21344
[DEBUG-a4f2] 29,1080,0,0,0,0,0,0,0,0,0
[DEBUG-a4f2] 30,469080,220832,145,212592,198880,146,190640,38448,48,22272
[DEBUG-a4f2] 31,1080,0,0,0,0,0,0,0,0,0
[DEBUG-a4f2] 32,9320,0,0,0,0,0,0,0,0,0
[DEBUG-a4f2] 33,491688,257480,170,249240,231528,171,223288,0,0,0
[DEBUG-a4f2] 34,1080,0,0,0,0,0,0,0,0,0
[DEBUG-a4f2] 35,470432,226736,149,218496,205152,150,196912,27624,39,18096
[DEBUG-a4f2] 36,1080,0,0,0,0,0,0,0,0,0
[DEBUG-a4f2] 37,9320,0,0,0,0,0,0,0,0,0
[DEBUG-a4f2] 38,545720,264800,175,256560,237808,176,229568,40432,46,21344
[DEBUG-a4f2] 39,1080,0,0,0,0,0,0,0,0,0
[DEBUG-a4f2] 40,500368,258872,171,250632,230912,172,222672,0,0,0
[DEBUG-a4f2] 41,32936,0,0,0,0,0,0,31520,40,18560
[DEBUG-a4f2] 42,1080,0,0,0,0,0,0,0,0,0
[DEBUG-a4f2] 43,542896,280896,186,272656,251416,187,243176,0,0,0
[DEBUG-a4f2] 44,1416,0,0,0,0,0,0,0,0,0
[DEBUG-a4f2] 45,1080,0,0,0,0,0,0,0,0,0
[DEBUG-a4f2] 46,9320,0,0,0,0,0,0,0,0,0
[DEBUG-a4f2] 47,476072,234000,154,225760,209976,155,201736,29416,35,16240
[DEBUG-a4f2] 48,1080,0,0,0,0,0,0,0,0,0
[DEBUG-a4f2] 49,9320,0,0,0,0,0,0,0,0,0
[DEBUG-a4f2] 50,475648,231104,152,222864,208296,153,200056,33568,44,20416
[DEBUG-a4f2] 51,1080,0,0,0,0,0,0,0,0,0
[DEBUG-a4f2] 52,466952,239912,158,231672,216456,159,208216,0,0,0
[DEBUG-a4f2] 53,33200,0,0,0,0,0,0,31784,33,15312
[DEBUG-a4f2] 54,1080,0,0,0,0,0,0,0,0,0
[DEBUG-a4f2] 55,471744,242816,160,234576,218344,161,210104,0,0,0
[DEBUG-a4f2] 56,1416,0,0,0,0,0,0,0,0,0
[DEBUG-a4f2] 57,1080,0,0,0,0,0,0,0,0,0
[DEBUG-a4f2] 58,503648,261720,173,253480,231344,174,223104,0,0,0
[DEBUG-a4f2] 59,30760,0,0,0,0,0,0,29344,38,17632
[DEBUG-a4f2] 60,1080,0,0,0,0,0,0,0,0,0
[DEBUG-a4f2] 61,505912,242792,160,234552,217720,161,209480,34480,47,21808
[DEBUG-a4f2] 62,1080,0,0,0,0,0,0,0,0,0
[DEBUG-a4f2] 63,9320,0,0,0,0,0,0,0,0,0
[DEBUG-a4f2] 64,509664,251568,166,243328,225048,167,216808,30368,42,19488
[DEBUG-a4f2] 65,1080,0,0,0,0,0,0,0,0,0
[DEBUG-a4f2] 66,465864,238496,157,230256,216448,158,208208,0,0,0
[DEBUG-a4f2] 67,1080,0,0,0,0,0,0,0,0,0
[DEBUG-a4f2] 68,463584,238424,157,230184,214576,158,206336,0,0,0
[DEBUG-a4f2] 69,32952,0,0,0,0,0,0,31536,39,18096
[DEBUG-a4f2] 70,1080,0,0,0,0,0,0,0,0,0
[DEBUG-a4f2] 71,9320,0,0,0,0,0,0,0,0,0
[DEBUG-a4f2] 72,492600,244208,161,235968,217728,162,209488,27984,42,19488
[DEBUG-a4f2] 73,1080,0,0,0,0,0,0,0,0,0
[DEBUG-a4f2] 74,510472,263336,174,255096,236552,175,228312,0,0,0
[DEBUG-a4f2] 75,32648,0,0,0,0,0,0,31232,40,18560
[DEBUG-a4f2] 76,1080,0,0,0,0,0,0,0,0,0
[DEBUG-a4f2] 77,523784,266224,176,257984,238264,177,229784,0,0,0
[DEBUG-a4f2] 78,13768,0,0,0,0,0,0,240,0,0
[DEBUG-a4f2] 79,1080,0,0,0,0,0,0,0,0,0
[DEBUG-a4f2] 80,493816,235728,155,227256,212064,156,203824,26312,31,14384
[DEBUG-a4f2] 81,1080,0,0,0,0,0,0,0,0,0
[DEBUG-a4f2] 82,457624,236840,156,228600,210200,157,201960,0,0,0
[DEBUG-a4f2] 83,29136,0,0,0,0,0,0,27720,39,18096
[DEBUG-a4f2] 84,1080,0,0,0,0,0,0,0,0,0
[DEBUG-a4f2] 85,532880,275072,182,266832,247224,183,238984,0,0,0
[DEBUG-a4f2] 86,25088,0,0,0,0,0,0,23672,34,15776
[DEBUG-a4f2] 87,1080,0,0,0,0,0,0,0,0,0
[DEBUG-a4f2] 88,494800,254576,168,246336,229640,169,221400,0,0,0
[DEBUG-a4f2] 89,1416,0,0,0,0,0,0,0,0,0
[DEBUG-a4f2] 90,1080,0,0,0,0,0,0,0,0,0
[DEBUG-a4f2] 91,503952,260368,172,252128,233000,173,224760,0,0,0
[DEBUG-a4f2] 92,29320,0,0,0,0,0,0,27904,38,17632
[DEBUG-a4f2] 93,1080,0,0,0,0,0,0,0,0,0
[DEBUG-a4f2] 94,491000,253072,167,244832,227344,168,219104,0,0,0
[DEBUG-a4f2] 95,33200,0,0,0,0,0,0,31784,43,19952
[DEBUG-a4f2] 96,1080,0,0,0,0,0,0,0,0,0
[DEBUG-a4f2] 97,9320,0,0,0,0,0,0,0,0,0
[DEBUG-a4f2] 98,486632,242784,160,234544,217512,161,209272,23656,32,14848
[DEBUG-a4f2] 99,1080,0,0,0,0,0,0,0,0,0
[DEBUG-a4f2] 100,489704,253024,167,244784,226096,168,217856,0,0,0
[DEBUG-a4f2] 101,1416,0,0,0,0,0,0,0,0,0
[DEBUG-a4f2] 102,1080,0,0,0,0,0,0,0,0,0
[DEBUG-a4f2] 103,456416,235432,155,227192,210400,156,202160,0,0,0
[DEBUG-a4f2] 104,23152,0,0,0,0,0,0,21736,23,10672
[DEBUG-a4f2] 105,1080,0,0,0,0,0,0,0,0,0
[DEBUG-a4f2] 106,502312,258944,171,250704,232784,172,224544,0,0,0
[DEBUG-a4f2] 107,21712,0,0,0,0,0,0,20296,32,14848
[DEBUG-a4f2] 108,1080,0,0,0,0,0,0,0,0,0
[DEBUG-a4f2] 109,552784,285352,189,277112,256848,190,248608,0,0,0
[DEBUG-a4f2] 110,22936,0,0,0,0,0,0,21520,29,13456
[DEBUG-a4f2] 111,1080,0,0,0,0,0,0,0,0,0
[DEBUG-a4f2] 112,396696,203216,133,194976,182560,134,174320,0,0,0
[DEBUG-a4f2] 113,1080,0,0,0,0,0,0,0,0,0
[DEBUG-a4f2] 114,520488,269160,178,260920,240744,179,232504,0,0,0
[DEBUG-a4f2] 115,31184,0,0,0,0,0,0,29768,43,19952
[DEBUG-a4f2] 116,1080,0,0,0,0,0,0,0,0,0
[DEBUG-a4f2] 117,463800,238432,157,230192,214784,158,206544,0,0,0
[DEBUG-a4f2] 118,25744,0,0,0,0,0,0,24328,38,17632
[DEBUG-a4f2] 119,1080,0,0,0,0,0,0,0,0,0
[INF][Engine] Unloading ModLoader contexts...
[INF][Engine] Disposing JobScheduler...

NUnit Adapter 4.6.0.0: Test execution complete
  已通过 Probe_A4F2_LongAllocationAndStructuralCounts [28 s]

测试运行成功。
测试总数: 1
     通过数: 1
总时间: 29.9508 秒

有可用的工作负载更新。有关详细信息，请运行 `dotnet workload list`。
