adapter=raylib
pid=54732
bootstrap=C:\001_AI\LudotsProd-shell\src\Apps\Raylib\Ludots.App.Raylib\bin\Release\net8.0\launcher.runtime.json
rootMods=ChampionSkillStressEntryMod
orderedMods=LudotsCoreMod, CoreInputMod, CameraProfilesMod, DiagnosticsOverlayMod, EntityCommandPanelMod, ChampionSkillSandboxMod, ChampionSkillStressEntryMod
startup:
  defaultCoreMod=LudotsCoreMod @ assets/game.json
  startupMapId=champion_skill_stress @ mods/showcases/champion_skill_stress_entry/ChampionSkillStressEntryMod/assets/game.json
    - mods/LudotsCoreMod/assets/game.json -> entry
    - mods/showcases/champion_skill_sandbox/ChampionSkillSandboxMod/assets/game.json -> champion_skill_sandbox
    * mods/showcases/champion_skill_stress_entry/ChampionSkillStressEntryMod/assets/game.json -> champion_skill_stress
  startupInputContexts=[Default_Gameplay, ChampionSkillSandbox.Controls] @ mods/showcases/champion_skill_sandbox/ChampionSkillSandboxMod/assets/game.json
    - mods/LudotsCoreMod/assets/game.json -> [Default_Gameplay]
    - mods/showcases/champion_skill_sandbox/ChampionSkillSandboxMod/assets/game.json -> [Default_Gameplay, ChampionSkillSandbox.Controls]
  browserRuntime=(unset) @ (unset)
[INF][Engine] Initializing with ConfigPipeline...
[INF][Engine] Applying launcher-resolved mod plan: fingerprint=6cf6abf6d1c9f5fab6797b8cf74a7ae85c7e68198b6645bef24ca017506fb420, schema=1, mods=7
[INF][ModLoader] Resolved Mod Load Order (launcher graph):
[INF][ModLoader] - LudotsCoreMod (P:-1000)
[INF][ModLoader] - CoreInputMod (P:0)
[INF][ModLoader] - CameraProfilesMod (P:0)
[INF][ModLoader] - DiagnosticsOverlayMod (P:900)
[INF][ModLoader] - EntityCommandPanelMod (P:130)
[INF][ModLoader] - ChampionSkillSandboxMod (P:200)
[INF][ModLoader] - ChampionSkillStressEntryMod (P:0)
[INF][ModLoader] Loading DLL for LudotsCoreMod at C:\001_AI\LudotsProd-shell\mods\LudotsCoreMod\bin\net8.0\LudotsCoreMod.dll
[INF][ModLoader] Scanning 2 types in assembly...
[INF][ModLoader] Instantiated entry for LudotsCoreMod. Calling OnLoad...
[INF][Mod.LudotsCoreMod] [LudotsCoreMod] Loaded - Core game framework initialized
[INF][ModLoader] LudotsCoreMod OnLoad completed.
[INF][ModLoader] Loaded LudotsCoreMod
[INF][ModLoader] Loading DLL for CoreInputMod at C:\001_AI\LudotsProd-shell\mods\CoreInputMod\bin\net8.0\CoreInputMod.dll
[INF][ModLoader] Scanning 33 types in assembly...
[INF][ModLoader] Instantiated entry for CoreInputMod. Calling OnLoad...
[INF][Mod.CoreInputMod] [CoreInputMod] Loaded - generic command-source and GAS input
[INF][ModLoader] CoreInputMod OnLoad completed.
[INF][ModLoader] Loaded CoreInputMod
[INF][ModLoader] Loading DLL for CameraProfilesMod at C:\001_AI\LudotsProd-shell\mods\capabilities\camera\CameraProfilesMod\bin\net8.0\CameraProfilesMod.dll
[INF][ModLoader] Scanning 2 types in assembly...
[INF][ModLoader] Instantiated entry for CameraProfilesMod. Calling OnLoad...
[INF][Mod.CameraProfilesMod] [CameraProfilesMod] Loaded
[INF][ModLoader] CameraProfilesMod OnLoad completed.
[INF][ModLoader] Loaded CameraProfilesMod
[INF][ModLoader] Loading DLL for DiagnosticsOverlayMod at C:\001_AI\LudotsProd-shell\mods\DiagnosticsOverlayMod\bin\net8.0\DiagnosticsOverlayMod.dll
[INF][ModLoader] Scanning 9 types in assembly...
[INF][ModLoader] Instantiated entry for DiagnosticsOverlayMod. Calling OnLoad...
[INF][Mod.DiagnosticsOverlayMod] [DiagnosticsOverlayMod] Loaded ¡ª F5: Config | F6: Mods | F7: Attributes
[INF][ModLoader] DiagnosticsOverlayMod OnLoad completed.
[INF][ModLoader] Loaded DiagnosticsOverlayMod
[INF][ModLoader] Loading DLL for EntityCommandPanelMod at C:\001_AI\LudotsProd-shell\mods\EntityCommandPanelMod\bin\net8.0\EntityCommandPanelMod.dll
[INF][ModLoader] Scanning 27 types in assembly...
[INF][ModLoader] Instantiated entry for EntityCommandPanelMod. Calling OnLoad...
[INF][Mod.EntityCommandPanelMod] [EntityCommandPanelMod] Loaded
[INF][ModLoader] EntityCommandPanelMod OnLoad completed.
[INF][ModLoader] Loaded EntityCommandPanelMod
[INF][ModLoader] Loading DLL for ChampionSkillSandboxMod at C:\001_AI\LudotsProd-shell\mods\showcases\champion_skill_sandbox\ChampionSkillSandboxMod\bin\net8.0\ChampionSkillSandboxMod.dll
[INF][ModLoader] Scanning 27 types in assembly...
[INF][ModLoader] Instantiated entry for ChampionSkillSandboxMod. Calling OnLoad...
[INF][Mod.ChampionSkillSandboxMod] [ChampionSkillSandboxMod] Loaded
[INF][ModLoader] ChampionSkillSandboxMod OnLoad completed.
[INF][ModLoader] Loaded ChampionSkillSandboxMod
[INF][ModLoader] Loading DLL for ChampionSkillStressEntryMod at C:\001_AI\LudotsProd-shell\mods\showcases\champion_skill_stress_entry\ChampionSkillStressEntryMod\bin\net8.0\ChampionSkillStressEntryMod.dll
[INF][ModLoader] Scanning 1 types in assembly...
[INF][ModLoader] Instantiated entry for ChampionSkillStressEntryMod. Calling OnLoad...
[INF][ModLoader] ChampionSkillStressEntryMod OnLoad completed.
[INF][ModLoader] Loaded ChampionSkillStressEntryMod
[INF][Config] Merged fragment from: Core:game.json
[INF][Config] Merged fragment from: LudotsCoreMod:assets/game.json
[INF][Config] Merged fragment from: DiagnosticsOverlayMod:assets/game.json
[INF][Config] Merged fragment from: ChampionSkillSandboxMod:assets/game.json
[INF][Config] Merged fragment from: ChampionSkillStressEntryMod:assets/game.json
[INF][Config] Merged fragment from: Core:config_catalog.json
[INF][Config] Merged fragment from: Core:Navigation/agent_profiles.json
[INF][Engine] Merged GameConfig: StartupMapId=champion_skill_stress, DefaultCoreMod=LudotsCoreMod
[INF][Engine] Constants loaded: OrderTypeIds=4, ResponseChainOrderTypeIds=3
[INF][Engine] Initializing JobScheduler...
[INF][Config] Loading DataRegistry<EntityTemplate> from Entities/templates.json...
[INF][Config] Merged fragment from: LudotsCoreMod:assets/Entities/templates.json
[INF][Config] Merged fragment from: ChampionSkillSandboxMod:assets/Entities/templates.json
[INF][Config] Loaded 27 DataRegistry<EntityTemplate> items.
[INF][Engine] Initializing Core GAS Systems...
[INF][Config] Merged fragment from: Core:Engine/clock.json
[INF][Config] Merged fragment from: Core:Relationships/catalog.json
[INF][Config] Merged fragment from: LudotsCoreMod:assets/Relationships/catalog.json
[INF][Config] Merged fragment from: ChampionSkillSandboxMod:assets/Relationships/catalog.json
[INF][Config] Merged fragment from: Core:Relationships/control_profiles.json
[INF][Config] Merged fragment from: Core:GAS/target_dispatch_presets.json
[INF][Config] Merged fragment from: Core:GAS/clock.json
[INF][Config] Merged fragment from: Core:Physics2D/clock.json
[INF][Config] Merged fragment from: Core:Physics2D/solver.json
[INF][Config] Merged fragment from: Core:Physics2D/kinematic.json
[INF][Config] Merged fragment from: Core:GAS/attribute_constraints.json
[INF][Config] Merged fragment from: Core:Vision/fog_layers.json
[INF][Config] Merged fragment from: LudotsCoreMod:assets/Presentation/text_tokens.json
[INF][Config] Merged fragment from: LudotsCoreMod:assets/Presentation/text_tokens.json
[INF][Config] Merged fragment from: LudotsCoreMod:assets/Presentation/text_locales.json
[INF][Config] Merged fragment from: Core:GraphTables/lookup_tables.json
[INF][Config] Merged fragment from: Core:GAS/graphs.json
[INF][Config] Merged fragment from: ChampionSkillSandboxMod:assets/GAS/graphs.json
[INF][Config] Merged fragment from: Core:GAS/preset_types.json
[INF][Config] Merged fragment from: Core:Exchange/operations.json
[INF][Config] Merged fragment from: Core:Progression/scopes.json
[INF][Config] Merged fragment from: Core:Progression/progressions.json
[INF][Config] Merged fragment from: Core:Progression/requirements.json
[INF][Config] Merged fragment from: LudotsCoreMod:assets/GAS/order_types.json
[INF][Config] Merged fragment from: Core:GAS/effects.json
[INF][Config] Merged fragment from: ChampionSkillSandboxMod:assets/GAS/effects.json
[INF][Config] Merged fragment from: ChampionSkillSandboxMod:assets/GAS/abilities.json
[INF][Config] Merged fragment from: ChampionSkillSandboxMod:assets/GAS/ability_form_sets.json
[INF][Config] Merged fragment from: Core:GAS/func_lib.json
[INF][Config] Merged fragment from: Core:GAS/action_lib.json
[INF][Config] Merged fragment from: Core:Items/shapes.json
[INF][Config] Merged fragment from: Core:Items/layouts.json
[INF][Config] Merged fragment from: Core:Items/definitions.json
[INF][Config] Merged fragment from: Core:Exchange/operations.json
[INF][Config] Merged fragment from: Core:Panels/panel_templates.json
[INF][Config] Merged fragment from: Core:Input/filter_profiles.json
[INF][Config] Merged fragment from: Core:Presentation/lod_profiles.json
[INF][Config] Merged fragment from: Core:Presentation/particle_vfx.json
[INF][Config] Merged fragment from: LudotsCoreMod:assets/Presentation/mesh_assets.json
[INF][Config] Merged fragment from: LudotsCoreMod:assets/Presentation/material_assets.json
[INF][Config] Merged fragment from: LudotsCoreMod:assets/Presentation/animator_controllers.json
[INF][Config] Merged fragment from: LudotsCoreMod:assets/Presentation/animation_clips.json
[INF][Config] Merged fragment from: LudotsCoreMod:assets/Presentation/animation_profiles.json
[INF][Config] Merged fragment from: LudotsCoreMod:assets/Presentation/presenters.json
[INF][Config] Merged fragment from: CoreInputMod:assets/Presentation/presenters.json
[INF][Config] Merged fragment from: ChampionSkillSandboxMod:assets/Presentation/presenters.json
[INF][Config] Merged fragment from: Core:GAS/attribute_bindings.json
[INF][Config] Merged fragment from: Core:config_catalog.json
[INF][Config] Merged fragment from: Core:Input/default_input.json
[INF][Config] Merged fragment from: CoreInputMod:assets/Input/default_input.json
[INF][Config] Merged fragment from: CameraProfilesMod:assets/Input/default_input.json
[INF][Config] Merged fragment from: DiagnosticsOverlayMod:assets/Input/default_input.json
[INF][Config] Merged fragment from: ChampionSkillSandboxMod:assets/Input/default_input.json
[INF][Config] Merged fragment from: Core:Input/action_attribute_bindings.json
[INF][Config] Merged fragment from: Core:Input/command_intent_profiles.json
[INF][Config] Merged fragment from: ChampionSkillSandboxMod:assets/Input/command_intent_profiles.json
[INF][Config] Merged fragment from: Core:Input/interaction_context_profiles.json
[INF][Config] Merged fragment from: Core:Input/cast_commit_profiles.json
[INF][Config] Merged fragment from: Core:Input/cast_commit_locks.json
[INF][Config] Merged fragment from: Core:Input/cast_dispatch_profiles.json
[INF][Config] Merged fragment from: Core:Input/control_schemes.json
[INF][Config] Merged fragment from: Core:UI/ability_aggregation_profiles.json
[INF][Config] Merged fragment from: EntityCommandPanelMod:assets/UI/ability_aggregation_profiles.json
[INF][Config] Merged fragment from: Core:UI/command_deck_profiles.json
[INF][Config] Merged fragment from: Core:UI/production_overview_profiles.json
[INF][Config] Merged fragment from: Core:AI/behavior_trees.json
[INF][Config] Merged fragment from: Core:AI/hfsm.json
[INF][Config] Merged fragment from: Core:Camera/virtual_cameras.json
[INF][Config] Merged fragment from: CameraProfilesMod:assets/Camera/virtual_cameras.json
[INF][Config] Merged fragment from: ChampionSkillSandboxMod:assets/Camera/virtual_cameras.json
[INF][Config] Merged fragment from: Core:Quests/quests.json
[INF][Config] Merged fragment from: Core:Narrative/variables.json
[INF][Config] Merged fragment from: Core:Narrative/dialogues.json
[INF][Config] Merged fragment from: Core:Narrative/cinematics.json
[INF][ModLoader] No registration conflicts detected.
[INF][Config] Merged fragment from: Core:config_catalog.json
[INF][Config] Merged fragment from: Core:Input/default_input.json
[INF][Config] Merged fragment from: CoreInputMod:assets/Input/default_input.json
[INF][Config] Merged fragment from: CameraProfilesMod:assets/Input/default_input.json
[INF][Config] Merged fragment from: DiagnosticsOverlayMod:assets/Input/default_input.json
[INF][Config] Merged fragment from: ChampionSkillSandboxMod:assets/Input/default_input.json
INFO: Initializing raylib 5.5
INFO: Platform backend: DESKTOP (GLFW)
INFO: Supported raylib modules:
INFO:     > rcore:..... loaded (mandatory)
INFO:     > rlgl:...... loaded (mandatory)
INFO:     > rshapes:... loaded (optional)
INFO:     > rtextures:. loaded (optional)
INFO:     > rtext:..... loaded (optional)
INFO:     > rmodels:... loaded (optional)
INFO:     > raudio:.... loaded (optional)
INFO: DISPLAY: Device initialized successfully
INFO:     > Display size: 2560 x 1600
INFO:     > Screen size:  1280 x 720
INFO:     > Render size:  1280 x 720
INFO:     > Viewport offsets: 0, 0
INFO: GLAD: OpenGL extensions loaded successfully
INFO: GL: Supported extensions count: 296
INFO: GL: OpenGL device information:
INFO:     > Vendor:   ATI Technologies Inc.
INFO:     > Renderer: AMD Radeon(TM) 8060S Graphics
INFO:     > Version:  3.3.0 Core Profile Context 25.30.33.05.260603
INFO:     > GLSL:     4.60
INFO: GL: VAO extension detected, VAO functions loaded successfully
INFO: GL: NPOT textures extension detected, full NPOT textures supported
INFO: GL: DXT compressed textures supported
INFO: GL: ETC2/EAC compressed textures supported
INFO: PLATFORM: DESKTOP (GLFW - Win32): Initialized successfully
INFO: TEXTURE: [ID 1] Texture loaded successfully (1x1 | R8G8B8A8 | 1 mipmaps)
INFO: TEXTURE: [ID 1] Default texture loaded successfully
INFO: SHADER: [ID 1] Vertex shader compiled successfully
INFO: SHADER: [ID 2] Fragment shader compiled successfully
INFO: SHADER: [ID 3] Program shader loaded successfully
INFO: SHADER: [ID 3] Default shader loaded successfully
INFO: RLGL: Render batch vertex buffers loaded successfully in RAM (CPU)
INFO: RLGL: Render batch vertex buffers loaded successfully in VRAM (GPU)
INFO: RLGL: Default OpenGL state initialized successfully
INFO: TEXTURE: [ID 2] Texture loaded successfully (128x128 | GRAY_ALPHA | 1 mipmaps)
INFO: FONT: Default font loaded successfully (224 glyphs)
INFO: SYSTEM: Working Directory: C:\001_AI\LudotsProd-shell\src\Apps\Raylib\Ludots.App.Raylib\bin\Release\net8.0
INFO: TIMER: Target time per frame: 0.000 milliseconds
[INF][Presentation] GPU Accelerated: False (raster UI compositor)
INFO: TEXTURE: [ID 3] Texture loaded successfully (1280x720 | R8G8B8A8 | 1 mipmaps)
[INF][Presentation] Skia overlay backend: GPU direct framebuffer underlay with raster compositor for UI/top overlay
[INF][Engine] Firing GameStart event...
[LudotsCoreMod] Core systems installed
[INF][Mod.CoreInputMod] [CoreInputMod] No viewmodes.json found, skipping.
[INF][Mod.CoreInputMod] [CoreInputMod] No viewmodes.json found, skipping.
[INF][Mod.CoreInputMod] [CoreInputMod] Registered 3 view modes from CameraProfilesMod.
[INF][Mod.CoreInputMod] [CoreInputMod] No viewmodes.json found, skipping.
[INF][Mod.CoreInputMod] [CoreInputMod] No viewmodes.json found, skipping.
[INF][Mod.CoreInputMod] [CoreInputMod] Registered 3 view modes from ChampionSkillSandboxMod.
[INF][Mod.CoreInputMod] [CoreInputMod] No viewmodes.json found, skipping.
[INF][Mod.CoreInputMod] [CoreInputMod] CommandSourceAcquisition, GasInputResponse, SkillBar, CommandSourceDragOverlay, AbilityAimPresentation, CommandActorMovePathPresentation, TabTarget, ViewMode registered
[INF][Config] Merged fragment from: Core:game.json
[INF][Config] Merged fragment from: LudotsCoreMod:assets/game.json
[INF][Config] Merged fragment from: DiagnosticsOverlayMod:assets/game.json
[INF][Config] Merged fragment from: ChampionSkillSandboxMod:assets/game.json
[INF][Config] Merged fragment from: ChampionSkillStressEntryMod:assets/game.json
[INF][Engine] Activated system 'DiagnosticsOverlay' (group=SchemaUpdate, presentation=True).
[INF][Mod.EntityCommandPanelMod] [EntityCommandPanelMod] Installed GAS entity command panel runtime.
[INF][Mod.ChampionSkillSandboxMod] [ChampionSkillSandboxMod] Local order source, command panel focus runtime, and cast mode toolbar registered.
[INF][Engine] Loading Map: champion_skill_stress
[INF][Map] Loading Map: champion_skill_stress
[INF][Config] Merged fragment from: ChampionSkillSandboxMod:assets/Maps/champion_skill_stress.json
[INF][Map] Map 'champion_skill_stress' loaded.
[INF][Map] Map 'champion_skill_stress' pushed to focus (stack depth=1).
[INF][Config] Merged fragment from: Core:Navigation/pathing.json
[INF][Config] Merged fragment from: ChampionSkillSandboxMod:assets/Navigation/pathing.json
[INF][Engine] Pathing bootstrap ready for map 'champion_skill_stress': service=DirectPathService, board='<none>', loadedGraphChunks=0.
[INF][Engine] Creating Entities from MapConfig...
[INF][Engine] Applied DefaultCamera: yaw=180 pitch=58 dist=5200cm fov=44
[INF][Engine] Firing MapLoaded event for champion_skill_stress...
INFO: TEXTURE: [ID 4] Texture loaded successfully (1280x720 | R8G8B8A8 | 1 mipmaps)
INFO: TEXTURE: [ID 1] Depth renderbuffer loaded successfully (32 bits)
INFO: FBO: [ID 1] Framebuffer object created successfully
INFO: FILEIO: [C:\001_AI\LudotsProd-shell\src\Apps\Raylib\Ludots.App.Raylib\bin\Release\net8.0\postprocess.fs] Text file loaded successfully
INFO: SHADER: [ID 4] Fragment shader compiled successfully
INFO: SHADER: [ID 5] Program shader loaded successfully
INFO: SHADER: [ID 4] Vertex shader compiled successfully
INFO: SHADER: [ID 6] Fragment shader compiled successfully
INFO: SHADER: [ID 7] Program shader loaded successfully
INFO: VAO: [ID 2] Mesh uploaded successfully to VRAM (GPU)
INFO: VAO: [ID 3] Mesh uploaded successfully to VRAM (GPU)
WARNING: VAO: [ID 3] Trying to re-load an already loaded mesh
INFO: VAO: [ID 4] Mesh uploaded successfully to VRAM (GPU)
WARNING: VAO: [ID 4] Trying to re-load an already loaded mesh
INFO: VAO: [ID 5] Mesh uploaded successfully to VRAM (GPU)
WARNING: VAO: [ID 5] Trying to re-load an already loaded mesh
INFO: VAO: [ID 6] Mesh uploaded successfully to VRAM (GPU)
INFO: FILEIO: [C:\001_AI\LudotsProd-shell\src\Apps\Raylib\Ludots.App.Raylib\bin\Release\net8.0\vfx_unlit_tint.vs] Text file loaded successfully
INFO: FILEIO: [C:\001_AI\LudotsProd-shell\src\Apps\Raylib\Ludots.App.Raylib\bin\Release\net8.0\vfx_unlit_tint.fs] Text file loaded successfully
INFO: SHADER: [ID 4] Vertex shader compiled successfully
INFO: SHADER: [ID 6] Fragment shader compiled successfully
INFO: SHADER: [ID 8] Program shader loaded successfully
INFO: SHADER: [ID 4] Vertex shader compiled successfully
INFO: SHADER: [ID 6] Fragment shader compiled successfully
INFO: SHADER: [ID 9] Program shader loaded successfully
INFO: TEXTURE: [ID 5] Texture loaded successfully (512x512 | R8G8B8A8 | 1 mipmaps)
INFO: TEXTURE: [ID 6] Cubemap texture loaded successfully (64x64)
[INF][Presentation] GPU Accelerated: True (Raylib Skia direct framebuffer overlay)
[INF][Presentation] GPU Accelerated: True (Raylib Skia direct framebuffer overlay)
INFO: SHADER: [ID 0] Unloaded shader program data from VRAM (GPU)
INFO: SHADER: [ID 8] Unloaded shader program data from VRAM (GPU)
INFO: TEXTURE: [ID 6] Unloaded texture data from VRAM (GPU)
INFO: TEXTURE: [ID 5] Unloaded texture data from VRAM (GPU)
INFO: VAO: [ID 3] Unloaded vertex array data from VRAM (GPU)
INFO: VAO: [ID 4] Unloaded vertex array data from VRAM (GPU)
INFO: VAO: [ID 5] Unloaded vertex array data from VRAM (GPU)
INFO: VAO: [ID 6] Unloaded vertex array data from VRAM (GPU)
INFO: SHADER: [ID 0] Unloaded shader program data from VRAM (GPU)
INFO: SHADER: [ID 9] Unloaded shader program data from VRAM (GPU)
INFO: FBO: [ID 1] Unloaded framebuffer from VRAM (GPU)
INFO: SHADER: [ID 5] Unloaded shader program data from VRAM (GPU)
INFO: TEXTURE: [ID 3] Unloaded texture data from VRAM (GPU)
INFO: TEXTURE: [ID 2] Unloaded texture data from VRAM (GPU)
INFO: SHADER: [ID 3] Default shader unloaded successfully
INFO: TEXTURE: [ID 1] Default texture unloaded successfully
INFO: Window closed successfully
INFO: VAO: [ID 2] Unloaded vertex array data from VRAM (GPU)
INFO: SHADER: [ID 0] Unloaded shader program data from VRAM (GPU)
INFO: SHADER: [ID 7] Unloaded shader program data from VRAM (GPU)
[INF][Engine] Unloading ModLoader contexts...
[INF][Engine] Disposing JobScheduler...
