[2026-07-25T22:52:56.1419885Z] screenshot frame=600 cameraPos=(212.00,50.07,180.56) cameraTarget=(212.00,8.00,150.00)
[2026-07-25T22:52:56.1584981Z] timing frame=0.84ms fps=1187.5 cleanPerf=0 visibleEntities=6 performerActive=32 performerDefs=rts.frontline.harvester.team_band:2,rts.frontline.harvester.cab:2,rts.frontline.harvester.cargo:2,rts.frontline.harvester.chassis:2,rts.frontline.infantry.team_band:2,rts.frontline.infantry.helmet:2,rts.frontline.infantry.body:2,rts.frontline.crystal.right:2 primitiveRaw=21 primitiveStaticRaw=21 skinnedRaw=0 gpuSkinned=0/0 gpuSkinBuild=0.00 gpuSkinDraw=0.00 gap=0.00 poll=0.00 pre=0.01 tick=0.33 post=0.01 begin=0.00 sim=0.00 simTop1=:0.00 simTop2=:0.00 simTop3=:0.00 presentation=0.22 presTop1=:0.00 presTop2=:0.00 presTop3=:0.00 behavior=0.03 behaviorBoot=1 behaviorOwner=0 behaviorAttr=0 behaviorTag=0 behaviorTick=0 animator=0.00 transformSync=0.00 minimapCollect=0.00 minimapMarkers=0/0 minimapProject=0.00 minimapScreen=0/0 heightSync=0.00 heightSamples=7 requestFlush=0.01 spawnBatch=0.00/0.00/0.00/0.00 spawnPerf=0.00/0.00/0.00 spawnPerfParts=0.00/0.00/0.00/0.00/0.00/0.00 spawnPerfChildParts=0.00/0.00/0.00/0.00/0.00 cull=0.07 cullSpatial=0.06 cullStatic=0.00 cullDyn=0.01 cullEntity=0.01 cullSync=0.00 hudProj=0.00 hudRaw=0 hudProjected=0 hudDensitySkip=0 mode3D=0.31 terrain=0.05 terrainChunks=16/0 field=0.00 fieldCount=0 fieldDirty=0 fieldArea=0 fieldDraws=0 primitive=0.10 primSync=0.00 primBucket=0.00 primImmediate=0.09 primImmediateSkip=0 primBuild=0.00 primDraw=0.00 primInstances=21 primBatches=12 primCache=0/0 ground=0.05 groundCount=1 groundRaw=1 spline=0.00 splineCount=0 splineRaw=0 debugDraw=0.00 debugDrawCount=0 debugDrawRaw=0 overlay=0.10 overlayBuild=0.00 overlayDirtyLanes=0 overlayItems=12 overlayRebuilt=0 overlayPaint=0.00 overlayComposite=0.00 uiRender=0.00 uiUpload=0.00 overlayFinal=0.10 nativeDiag=0.00 emit=0.03 emitDirty=0.00 emitDirtyCount=0 emitRetained=0.01 emitRetainedCount=1 emitRetainedDirectPath=0/1/1 endDraw=0.09 screenshot=0.00 worldHud=0 screenBars=0 screenText=0 worldHudDrops=0 screenHudDrops=0 overlaySceneDrops=0
[2026-07-25T22:52:56.1605843Z] prefab-visual-counts lastFrame(mesh=21,decal=0,vfx=0,surface=0) total(mesh=11658,decal=0,vfx=0,surface=0)
[2026-07-25T22:52:56.1626298Z] primitive-lane bucketCount=0
[2026-07-25T22:52:56.1749060Z] presentation-receipt template=rts.frontline.core.base templateId=41 submitted=1 onscreen=1 minShortEdgePx=54.32 minAreaPx2=4329.29
[2026-07-25T22:52:56.1756332Z] presentation-receipt template=rts.frontline.core.reactor templateId=42 submitted=1 onscreen=1 minShortEdgePx=19.96 minAreaPx2=423.59
[2026-07-25T22:52:56.1759757Z] presentation-receipt template=rts.frontline.core.beacon templateId=43 submitted=1 onscreen=1 minShortEdgePx=2.91 minAreaPx2=10.21
[2026-07-25T22:52:56.1762669Z] presentation-receipt template=rts.frontline.core.team_band templateId=44 submitted=1 onscreen=1 minShortEdgePx=27.08 minAreaPx2=1099.13
[2026-07-25T22:52:56.1765750Z] presentation-receipt template=rts.frontline.harvester.chassis templateId=46 submitted=2 onscreen=2 minShortEdgePx=30.71 minAreaPx2=1041.66
[2026-07-25T22:52:56.1768434Z] presentation-receipt template=rts.frontline.harvester.cargo templateId=47 submitted=2 onscreen=2 minShortEdgePx=11.99 minAreaPx2=194.50
[2026-07-25T22:52:56.1771040Z] presentation-receipt template=rts.frontline.harvester.cab templateId=48 submitted=2 onscreen=2 minShortEdgePx=7.39 minAreaPx2=60.65
[2026-07-25T22:52:56.1774762Z] presentation-receipt template=rts.frontline.harvester.team_band templateId=49 submitted=2 onscreen=2 minShortEdgePx=32.94 minAreaPx2=1263.46
[2026-07-25T22:52:56.1777514Z] presentation-receipt template=rts.frontline.infantry.body templateId=50 submitted=2 onscreen=2 minShortEdgePx=23.03 minAreaPx2=591.07
[2026-07-25T22:52:56.1780288Z] presentation-receipt template=rts.frontline.infantry.helmet templateId=51 submitted=2 onscreen=2 minShortEdgePx=16.07 minAreaPx2=404.21
[2026-07-25T22:52:56.1782883Z] presentation-receipt template=rts.frontline.infantry.team_band templateId=52 submitted=2 onscreen=2 minShortEdgePx=14.04 minAreaPx2=357.19
[2026-07-25T22:52:56.1786476Z] presentation-receipt template=rts.frontline.crystal.center templateId=54 submitted=1 onscreen=1 minShortEdgePx=38.96 minAreaPx2=1615.60
[2026-07-25T22:52:56.1789271Z] presentation-receipt template=rts.frontline.crystal.left templateId=55 submitted=1 onscreen=1 minShortEdgePx=20.52 minAreaPx2=440.74
[2026-07-25T22:52:56.1791929Z] presentation-receipt template=rts.frontline.crystal.right templateId=56 submitted=1 onscreen=1 minShortEdgePx=15.15 minAreaPx2=241.39
[2026-07-25T22:52:56.1833536Z] windowFocused=True pointer=(0,0) authPointer=(0,0) liveSelect[down=False,pressed=False,released=False] authSelect[down=False,pressed=False,released=False] liveCommand[down=False,pressed=False,released=False] authCommand[down=False,pressed=False,released=False] hovered=(none) commandSource=Crystal Harvester#11 uiCaptured=False drag=idle targets=(none)
[2026-07-25T22:53:02.2487844Z] screenshot frame=6100 cameraPos=(212.00,50.07,180.56) cameraTarget=(212.00,8.00,150.00)
[2026-07-25T22:53:02.2498685Z] timing frame=0.61ms fps=1638.8 cleanPerf=0 visibleEntities=6 performerActive=32 performerDefs=rts.frontline.harvester.team_band:2,rts.frontline.harvester.cab:2,rts.frontline.harvester.cargo:2,rts.frontline.harvester.chassis:2,rts.frontline.infantry.team_band:2,rts.frontline.infantry.helmet:2,rts.frontline.infantry.body:2,rts.frontline.crystal.right:2 primitiveRaw=21 primitiveStaticRaw=21 skinnedRaw=0 gpuSkinned=0/0 gpuSkinBuild=0.00 gpuSkinDraw=0.00 gap=0.00 poll=0.00 pre=0.00 tick=0.19 post=0.00 begin=0.00 sim=0.00 simTop1=:0.00 simTop2=:0.00 simTop3=:0.00 presentation=0.11 presTop1=:0.00 presTop2=:0.00 presTop3=:0.00 behavior=0.01 behaviorBoot=1 behaviorOwner=0 behaviorAttr=0 behaviorTag=0 behaviorTick=0 animator=0.00 transformSync=0.00 minimapCollect=0.00 minimapMarkers=0/0 minimapProject=0.00 minimapScreen=0/0 heightSync=0.00 heightSamples=7 requestFlush=0.01 spawnBatch=0.00/0.00/0.00/0.00 spawnPerf=0.00/0.00/0.00 spawnPerfParts=0.00/0.00/0.00/0.00/0.00/0.00 spawnPerfChildParts=0.00/0.00/0.00/0.00/0.00 cull=0.03 cullSpatial=0.02 cullStatic=0.00 cullDyn=0.00 cullEntity=0.01 cullSync=0.00 hudProj=0.00 hudRaw=0 hudProjected=0 hudDensitySkip=0 mode3D=0.28 terrain=0.04 terrainChunks=16/0 field=0.00 fieldCount=0 fieldDirty=0 fieldArea=0 fieldDraws=0 primitive=0.08 primSync=0.00 primBucket=0.00 primImmediate=0.08 primImmediateSkip=0 primBuild=0.00 primDraw=0.00 primInstances=21 primBatches=12 primCache=0/0 ground=0.05 groundCount=1 groundRaw=1 spline=0.00 splineCount=0 splineRaw=0 debugDraw=0.00 debugDrawCount=0 debugDrawRaw=0 overlay=0.06 overlayBuild=0.00 overlayDirtyLanes=0 overlayItems=12 overlayRebuilt=0 overlayPaint=0.00 overlayComposite=0.00 uiRender=0.00 uiUpload=0.00 overlayFinal=0.06 nativeDiag=0.00 emit=0.02 emitDirty=0.00 emitDirtyCount=0 emitRetained=0.00 emitRetainedCount=1 emitRetainedDirectPath=0/1/1 endDraw=0.07 screenshot=150.62 worldHud=0 screenBars=0 screenText=0 worldHudDrops=0 screenHudDrops=0 overlaySceneDrops=0
[2026-07-25T22:53:02.2505388Z] prefab-visual-counts lastFrame(mesh=21,decal=0,vfx=0,surface=0) total(mesh=127158,decal=0,vfx=0,surface=0)
[2026-07-25T22:53:02.2509208Z] primitive-lane bucketCount=0
[2026-07-25T22:53:02.2515134Z] presentation-receipt template=rts.frontline.core.base templateId=41 submitted=1 onscreen=1 minShortEdgePx=54.32 minAreaPx2=4329.29
[2026-07-25T22:53:02.2521714Z] presentation-receipt template=rts.frontline.core.reactor templateId=42 submitted=1 onscreen=1 minShortEdgePx=19.96 minAreaPx2=423.59
[2026-07-25T22:53:02.2526522Z] presentation-receipt template=rts.frontline.core.beacon templateId=43 submitted=1 onscreen=1 minShortEdgePx=2.91 minAreaPx2=10.21
[2026-07-25T22:53:02.2532837Z] presentation-receipt template=rts.frontline.core.team_band templateId=44 submitted=1 onscreen=1 minShortEdgePx=27.08 minAreaPx2=1099.13
[2026-07-25T22:53:02.2537477Z] presentation-receipt template=rts.frontline.harvester.chassis templateId=46 submitted=2 onscreen=2 minShortEdgePx=30.71 minAreaPx2=1041.66
[2026-07-25T22:53:02.2542112Z] presentation-receipt template=rts.frontline.harvester.cargo templateId=47 submitted=2 onscreen=2 minShortEdgePx=11.99 minAreaPx2=194.50
[2026-07-25T22:53:02.2546542Z] presentation-receipt template=rts.frontline.harvester.cab templateId=48 submitted=2 onscreen=2 minShortEdgePx=7.39 minAreaPx2=60.65
[2026-07-25T22:53:02.2550055Z] presentation-receipt template=rts.frontline.harvester.team_band templateId=49 submitted=2 onscreen=2 minShortEdgePx=32.94 minAreaPx2=1263.46
[2026-07-25T22:53:02.2553652Z] presentation-receipt template=rts.frontline.infantry.body templateId=50 submitted=2 onscreen=2 minShortEdgePx=23.03 minAreaPx2=591.07
[2026-07-25T22:53:02.2557460Z] presentation-receipt template=rts.frontline.infantry.helmet templateId=51 submitted=2 onscreen=2 minShortEdgePx=16.07 minAreaPx2=404.21
[2026-07-25T22:53:02.2566045Z] presentation-receipt template=rts.frontline.infantry.team_band templateId=52 submitted=2 onscreen=2 minShortEdgePx=14.04 minAreaPx2=357.19
[2026-07-25T22:53:02.2570773Z] presentation-receipt template=rts.frontline.crystal.center templateId=54 submitted=1 onscreen=1 minShortEdgePx=38.96 minAreaPx2=1615.60
[2026-07-25T22:53:02.2574351Z] presentation-receipt template=rts.frontline.crystal.left templateId=55 submitted=1 onscreen=1 minShortEdgePx=20.52 minAreaPx2=440.74
[2026-07-25T22:53:02.2579339Z] presentation-receipt template=rts.frontline.crystal.right templateId=56 submitted=1 onscreen=1 minShortEdgePx=15.15 minAreaPx2=241.39
[2026-07-25T22:53:02.2586857Z] windowFocused=True pointer=(0,0) authPointer=(0,0) liveSelect[down=False,pressed=False,released=False] authSelect[down=False,pressed=False,released=False] liveCommand[down=False,pressed=False,released=False] authCommand[down=False,pressed=False,released=False] hovered=(none) commandSource=Crystal Harvester#11 uiCaptured=False drag=idle targets=(none)
[2026-07-25T22:53:03.3071616Z] screenshot frame=7000 cameraPos=(212.00,50.07,180.56) cameraTarget=(212.00,8.00,150.00)
[2026-07-25T22:53:03.3085063Z] timing frame=0.68ms fps=1477.5 cleanPerf=0 visibleEntities=6 performerActive=32 performerDefs=rts.frontline.harvester.team_band:2,rts.frontline.harvester.cab:2,rts.frontline.harvester.cargo:2,rts.frontline.harvester.chassis:2,rts.frontline.infantry.team_band:2,rts.frontline.infantry.helmet:2,rts.frontline.infantry.body:2,rts.frontline.crystal.right:2 primitiveRaw=21 primitiveStaticRaw=21 skinnedRaw=0 gpuSkinned=0/0 gpuSkinBuild=0.00 gpuSkinDraw=0.00 gap=0.01 poll=0.00 pre=0.01 tick=0.23 post=0.00 begin=0.00 sim=0.00 simTop1=:0.00 simTop2=:0.00 simTop3=:0.00 presentation=0.13 presTop1=:0.00 presTop2=:0.00 presTop3=:0.00 behavior=0.01 behaviorBoot=1 behaviorOwner=0 behaviorAttr=0 behaviorTag=0 behaviorTick=0 animator=0.00 transformSync=0.00 minimapCollect=0.00 minimapMarkers=0/0 minimapProject=0.00 minimapScreen=0/0 heightSync=0.00 heightSamples=7 requestFlush=0.01 spawnBatch=0.00/0.00/0.00/0.00 spawnPerf=0.00/0.00/0.00 spawnPerfParts=0.00/0.00/0.00/0.00/0.00/0.00 spawnPerfChildParts=0.00/0.00/0.00/0.00/0.00 cull=0.04 cullSpatial=0.02 cullStatic=0.00 cullDyn=0.01 cullEntity=0.01 cullSync=0.00 hudProj=0.00 hudRaw=0 hudProjected=0 hudDensitySkip=0 mode3D=0.28 terrain=0.05 terrainChunks=16/0 field=0.00 fieldCount=0 fieldDirty=0 fieldArea=0 fieldDraws=0 primitive=0.09 primSync=0.00 primBucket=0.00 primImmediate=0.09 primImmediateSkip=0 primBuild=0.00 primDraw=0.00 primInstances=21 primBatches=12 primCache=0/0 ground=0.05 groundCount=1 groundRaw=1 spline=0.00 splineCount=0 splineRaw=0 debugDraw=0.00 debugDrawCount=0 debugDrawRaw=0 overlay=0.08 overlayBuild=0.00 overlayDirtyLanes=0 overlayItems=12 overlayRebuilt=0 overlayPaint=0.00 overlayComposite=0.00 uiRender=0.00 uiUpload=0.00 overlayFinal=0.08 nativeDiag=0.00 emit=0.02 emitDirty=0.00 emitDirtyCount=0 emitRetained=0.00 emitRetainedCount=1 emitRetainedDirectPath=0/1/1 endDraw=0.07 screenshot=193.67 worldHud=0 screenBars=0 screenText=0 worldHudDrops=0 screenHudDrops=0 overlaySceneDrops=0
[2026-07-25T22:53:03.3091549Z] prefab-visual-counts lastFrame(mesh=21,decal=0,vfx=0,surface=0) total(mesh=146058,decal=0,vfx=0,surface=0)
[2026-07-25T22:53:03.3096998Z] primitive-lane bucketCount=0
[2026-07-25T22:53:03.3102776Z] presentation-receipt template=rts.frontline.core.base templateId=41 submitted=1 onscreen=1 minShortEdgePx=54.32 minAreaPx2=4329.29
[2026-07-25T22:53:03.3107569Z] presentation-receipt template=rts.frontline.core.reactor templateId=42 submitted=1 onscreen=1 minShortEdgePx=19.96 minAreaPx2=423.59
[2026-07-25T22:53:03.3111168Z] presentation-receipt template=rts.frontline.core.beacon templateId=43 submitted=1 onscreen=1 minShortEdgePx=2.91 minAreaPx2=10.21
[2026-07-25T22:53:03.3114473Z] presentation-receipt template=rts.frontline.core.team_band templateId=44 submitted=1 onscreen=1 minShortEdgePx=27.08 minAreaPx2=1099.13
[2026-07-25T22:53:03.3117802Z] presentation-receipt template=rts.frontline.harvester.chassis templateId=46 submitted=2 onscreen=2 minShortEdgePx=30.71 minAreaPx2=1041.66
[2026-07-25T22:53:03.3121063Z] presentation-receipt template=rts.frontline.harvester.cargo templateId=47 submitted=2 onscreen=2 minShortEdgePx=11.99 minAreaPx2=194.50
[2026-07-25T22:53:03.3125470Z] presentation-receipt template=rts.frontline.harvester.cab templateId=48 submitted=2 onscreen=2 minShortEdgePx=7.39 minAreaPx2=60.65
[2026-07-25T22:53:03.3129129Z] presentation-receipt template=rts.frontline.harvester.team_band templateId=49 submitted=2 onscreen=2 minShortEdgePx=32.94 minAreaPx2=1263.46
[2026-07-25T22:53:03.3132331Z] presentation-receipt template=rts.frontline.infantry.body templateId=50 submitted=2 onscreen=2 minShortEdgePx=23.03 minAreaPx2=591.07
[2026-07-25T22:53:03.3135434Z] presentation-receipt template=rts.frontline.infantry.helmet templateId=51 submitted=2 onscreen=2 minShortEdgePx=16.07 minAreaPx2=404.21
[2026-07-25T22:53:03.3138548Z] presentation-receipt template=rts.frontline.infantry.team_band templateId=52 submitted=2 onscreen=2 minShortEdgePx=14.04 minAreaPx2=357.19
[2026-07-25T22:53:03.3141612Z] presentation-receipt template=rts.frontline.crystal.center templateId=54 submitted=1 onscreen=1 minShortEdgePx=38.96 minAreaPx2=1615.60
[2026-07-25T22:53:03.3145061Z] presentation-receipt template=rts.frontline.crystal.left templateId=55 submitted=1 onscreen=1 minShortEdgePx=20.52 minAreaPx2=440.74
[2026-07-25T22:53:03.3148454Z] presentation-receipt template=rts.frontline.crystal.right templateId=56 submitted=1 onscreen=1 minShortEdgePx=15.15 minAreaPx2=241.39
[2026-07-25T22:53:03.3152735Z] windowFocused=True pointer=(0,0) authPointer=(0,0) liveSelect[down=False,pressed=False,released=False] authSelect[down=False,pressed=False,released=False] liveCommand[down=False,pressed=False,released=False] authCommand[down=False,pressed=False,released=False] hovered=(none) commandSource=Crystal Harvester#11 uiCaptured=False drag=idle targets=(none)
