[2026-07-25T22:32:23.4002275Z] screenshot frame=600 cameraPos=(88.00,48.07,180.56) cameraTarget=(88.00,6.00,150.00)
[2026-07-25T22:32:23.4245467Z] timing frame=2.42ms fps=414.0 cleanPerf=0 visibleEntities=6 performerActive=32 performerDefs=rts.frontline.harvester.team_band:2,rts.frontline.harvester.cab:2,rts.frontline.harvester.cargo:2,rts.frontline.harvester.chassis:2,rts.frontline.infantry.team_band:2,rts.frontline.infantry.helmet:2,rts.frontline.infantry.body:2,rts.frontline.crystal.right:2 primitiveRaw=21 primitiveStaticRaw=21 skinnedRaw=0 gpuSkinned=0/0 gpuSkinBuild=0.00 gpuSkinDraw=0.00 gap=0.00 poll=0.00 pre=0.04 tick=1.28 post=0.02 begin=0.00 sim=0.00 simTop1=:0.00 simTop2=:0.00 simTop3=:0.00 presentation=0.82 presTop1=:0.00 presTop2=:0.00 presTop3=:0.00 behavior=0.11 behaviorBoot=1 behaviorOwner=0 behaviorAttr=0 behaviorTag=0 behaviorTick=0 animator=0.00 transformSync=0.01 minimapCollect=0.00 minimapMarkers=0/0 minimapProject=0.00 minimapScreen=0/0 heightSync=0.01 heightSamples=7 requestFlush=0.02 spawnBatch=0.00/0.00/0.00/0.00 spawnPerf=0.00/0.00/0.00 spawnPerfParts=0.00/0.00/0.00/0.00/0.00/0.00 spawnPerfChildParts=0.00/0.00/0.00/0.00/0.00 cull=0.23 cullSpatial=0.15 cullStatic=0.01 cullDyn=0.05 cullEntity=0.06 cullSync=0.00 hudProj=0.00 hudRaw=0 hudProjected=0 hudDensitySkip=0 mode3D=0.52 terrain=0.10 terrainChunks=16/0 field=0.00 fieldCount=0 fieldDirty=0 fieldArea=0 fieldDraws=0 primitive=0.16 primSync=0.00 primBucket=0.00 primImmediate=0.15 primImmediateSkip=0 primBuild=0.00 primDraw=0.00 primInstances=21 primBatches=12 primCache=0/0 ground=0.07 groundCount=1 groundRaw=1 spline=0.00 splineCount=0 splineRaw=0 debugDraw=0.00 debugDrawCount=0 debugDrawRaw=0 overlay=0.36 overlayBuild=0.01 overlayDirtyLanes=0 overlayItems=12 overlayRebuilt=0 overlayPaint=0.00 overlayComposite=0.00 uiRender=0.00 uiUpload=0.00 overlayFinal=0.34 nativeDiag=0.00 emit=0.08 emitDirty=0.00 emitDirtyCount=0 emitRetained=0.04 emitRetainedCount=1 emitRetainedDirectPath=0/1/1 endDraw=0.17 screenshot=0.00 worldHud=0 screenBars=0 screenText=0 worldHudDrops=0 screenHudDrops=0 overlaySceneDrops=0
[2026-07-25T22:32:23.4342998Z] prefab-visual-counts lastFrame(mesh=21,decal=0,vfx=0,surface=0) total(mesh=11574,decal=0,vfx=0,surface=0)
[2026-07-25T22:32:23.4368322Z] primitive-lane bucketCount=0
[2026-07-25T22:32:23.4559708Z] presentation-receipt template=rts.frontline.core.base templateId=41 submitted=1 onscreen=1 minShortEdgePx=54.32 minAreaPx2=4329.29
[2026-07-25T22:32:23.4571499Z] presentation-receipt template=rts.frontline.core.reactor templateId=42 submitted=1 onscreen=1 minShortEdgePx=19.96 minAreaPx2=423.59
[2026-07-25T22:32:23.4577208Z] presentation-receipt template=rts.frontline.core.beacon templateId=43 submitted=1 onscreen=1 minShortEdgePx=2.91 minAreaPx2=10.21
[2026-07-25T22:32:23.4581128Z] presentation-receipt template=rts.frontline.core.team_band templateId=44 submitted=1 onscreen=1 minShortEdgePx=27.08 minAreaPx2=1099.11
[2026-07-25T22:32:23.4586087Z] presentation-receipt template=rts.frontline.harvester.chassis templateId=46 submitted=2 onscreen=2 minShortEdgePx=30.71 minAreaPx2=1041.65
[2026-07-25T22:32:23.4590369Z] presentation-receipt template=rts.frontline.harvester.cargo templateId=47 submitted=2 onscreen=2 minShortEdgePx=11.99 minAreaPx2=194.51
[2026-07-25T22:32:23.4593952Z] presentation-receipt template=rts.frontline.harvester.cab templateId=48 submitted=2 onscreen=2 minShortEdgePx=7.38 minAreaPx2=60.65
[2026-07-25T22:32:23.4601499Z] presentation-receipt template=rts.frontline.harvester.team_band templateId=49 submitted=2 onscreen=2 minShortEdgePx=32.94 minAreaPx2=1263.45
[2026-07-25T22:32:23.4608223Z] presentation-receipt template=rts.frontline.infantry.body templateId=50 submitted=2 onscreen=2 minShortEdgePx=23.03 minAreaPx2=591.07
[2026-07-25T22:32:23.4614802Z] presentation-receipt template=rts.frontline.infantry.helmet templateId=51 submitted=2 onscreen=2 minShortEdgePx=16.07 minAreaPx2=404.20
[2026-07-25T22:32:23.4620181Z] presentation-receipt template=rts.frontline.infantry.team_band templateId=52 submitted=2 onscreen=2 minShortEdgePx=14.04 minAreaPx2=357.20
[2026-07-25T22:32:23.4626726Z] presentation-receipt template=rts.frontline.crystal.center templateId=54 submitted=1 onscreen=1 minShortEdgePx=38.96 minAreaPx2=1615.61
[2026-07-25T22:32:23.4631197Z] presentation-receipt template=rts.frontline.crystal.left templateId=55 submitted=1 onscreen=1 minShortEdgePx=19.29 minAreaPx2=395.70
[2026-07-25T22:32:23.4635232Z] presentation-receipt template=rts.frontline.crystal.right templateId=56 submitted=1 onscreen=1 minShortEdgePx=15.93 minAreaPx2=265.93
[2026-07-25T22:32:23.4720666Z] windowFocused=True pointer=(0,0) authPointer=(0,0) liveSelect[down=False,pressed=False,released=False] authSelect[down=False,pressed=False,released=False] liveCommand[down=False,pressed=False,released=False] authCommand[down=False,pressed=False,released=False] hovered=(none) commandSource=Crystal Harvester#11 uiCaptured=False drag=idle targets=(none)
[2026-07-25T22:32:36.9651617Z] screenshot frame=6100 cameraPos=(88.00,48.07,180.56) cameraTarget=(88.00,6.00,150.00)
[2026-07-25T22:32:36.9665180Z] timing frame=1.08ms fps=922.0 cleanPerf=0 visibleEntities=6 performerActive=32 performerDefs=rts.frontline.harvester.team_band:2,rts.frontline.harvester.cab:2,rts.frontline.harvester.cargo:2,rts.frontline.harvester.chassis:2,rts.frontline.infantry.team_band:2,rts.frontline.infantry.helmet:2,rts.frontline.infantry.body:2,rts.frontline.crystal.right:2 primitiveRaw=21 primitiveStaticRaw=21 skinnedRaw=0 gpuSkinned=0/0 gpuSkinBuild=0.00 gpuSkinDraw=0.00 gap=0.00 poll=0.00 pre=0.01 tick=0.43 post=0.01 begin=0.00 sim=0.00 simTop1=:0.00 simTop2=:0.00 simTop3=:0.00 presentation=0.31 presTop1=:0.00 presTop2=:0.00 presTop3=:0.00 behavior=0.03 behaviorBoot=1 behaviorOwner=0 behaviorAttr=0 behaviorTag=0 behaviorTick=0 animator=0.00 transformSync=0.00 minimapCollect=0.00 minimapMarkers=0/0 minimapProject=0.00 minimapScreen=0/0 heightSync=0.00 heightSamples=7 requestFlush=0.01 spawnBatch=0.00/0.00/0.00/0.00 spawnPerf=0.00/0.00/0.00 spawnPerfParts=0.00/0.00/0.00/0.00/0.00/0.00 spawnPerfChildParts=0.00/0.00/0.00/0.00/0.00 cull=0.11 cullSpatial=0.09 cullStatic=0.00 cullDyn=0.01 cullEntity=0.01 cullSync=0.00 hudProj=0.00 hudRaw=0 hudProjected=0 hudDensitySkip=0 mode3D=0.34 terrain=0.05 terrainChunks=16/0 field=0.00 fieldCount=0 fieldDirty=0 fieldArea=0 fieldDraws=0 primitive=0.11 primSync=0.00 primBucket=0.00 primImmediate=0.10 primImmediateSkip=0 primBuild=0.00 primDraw=0.00 primInstances=21 primBatches=12 primCache=0/0 ground=0.05 groundCount=1 groundRaw=1 spline=0.00 splineCount=0 splineRaw=0 debugDraw=0.00 debugDrawCount=0 debugDrawRaw=0 overlay=0.17 overlayBuild=0.00 overlayDirtyLanes=0 overlayItems=12 overlayRebuilt=0 overlayPaint=0.00 overlayComposite=0.00 uiRender=0.00 uiUpload=0.00 overlayFinal=0.16 nativeDiag=0.00 emit=0.04 emitDirty=0.00 emitDirtyCount=0 emitRetained=0.01 emitRetainedCount=1 emitRetainedDirectPath=0/1/1 endDraw=0.11 screenshot=248.73 worldHud=0 screenBars=0 screenText=0 worldHudDrops=0 screenHudDrops=0 overlaySceneDrops=0
[2026-07-25T22:32:36.9678361Z] prefab-visual-counts lastFrame(mesh=21,decal=0,vfx=0,surface=0) total(mesh=127074,decal=0,vfx=0,surface=0)
[2026-07-25T22:32:36.9685768Z] primitive-lane bucketCount=0
[2026-07-25T22:32:36.9707158Z] presentation-receipt template=rts.frontline.core.base templateId=41 submitted=1 onscreen=1 minShortEdgePx=54.32 minAreaPx2=4329.29
[2026-07-25T22:32:36.9716749Z] presentation-receipt template=rts.frontline.core.reactor templateId=42 submitted=1 onscreen=1 minShortEdgePx=19.96 minAreaPx2=423.59
[2026-07-25T22:32:36.9736201Z] presentation-receipt template=rts.frontline.core.beacon templateId=43 submitted=1 onscreen=1 minShortEdgePx=2.91 minAreaPx2=10.21
[2026-07-25T22:32:36.9743162Z] presentation-receipt template=rts.frontline.core.team_band templateId=44 submitted=1 onscreen=1 minShortEdgePx=27.08 minAreaPx2=1099.11
[2026-07-25T22:32:36.9750440Z] presentation-receipt template=rts.frontline.harvester.chassis templateId=46 submitted=2 onscreen=2 minShortEdgePx=30.71 minAreaPx2=1041.65
[2026-07-25T22:32:36.9780965Z] presentation-receipt template=rts.frontline.harvester.cargo templateId=47 submitted=2 onscreen=2 minShortEdgePx=11.99 minAreaPx2=194.51
[2026-07-25T22:32:36.9787675Z] presentation-receipt template=rts.frontline.harvester.cab templateId=48 submitted=2 onscreen=2 minShortEdgePx=7.38 minAreaPx2=60.65
[2026-07-25T22:32:36.9793465Z] presentation-receipt template=rts.frontline.harvester.team_band templateId=49 submitted=2 onscreen=2 minShortEdgePx=32.94 minAreaPx2=1263.45
[2026-07-25T22:32:36.9801271Z] presentation-receipt template=rts.frontline.infantry.body templateId=50 submitted=2 onscreen=2 minShortEdgePx=23.03 minAreaPx2=591.07
[2026-07-25T22:32:36.9807377Z] presentation-receipt template=rts.frontline.infantry.helmet templateId=51 submitted=2 onscreen=2 minShortEdgePx=16.07 minAreaPx2=404.20
[2026-07-25T22:32:36.9813450Z] presentation-receipt template=rts.frontline.infantry.team_band templateId=52 submitted=2 onscreen=2 minShortEdgePx=14.04 minAreaPx2=357.20
[2026-07-25T22:32:36.9819376Z] presentation-receipt template=rts.frontline.crystal.center templateId=54 submitted=1 onscreen=1 minShortEdgePx=38.96 minAreaPx2=1615.61
[2026-07-25T22:32:36.9825779Z] presentation-receipt template=rts.frontline.crystal.left templateId=55 submitted=1 onscreen=1 minShortEdgePx=19.29 minAreaPx2=395.70
[2026-07-25T22:32:36.9835043Z] presentation-receipt template=rts.frontline.crystal.right templateId=56 submitted=1 onscreen=1 minShortEdgePx=15.93 minAreaPx2=265.93
[2026-07-25T22:32:36.9843752Z] windowFocused=True pointer=(0,0) authPointer=(0,0) liveSelect[down=False,pressed=False,released=False] authSelect[down=False,pressed=False,released=False] liveCommand[down=False,pressed=False,released=False] authCommand[down=False,pressed=False,released=False] hovered=(none) commandSource=Crystal Harvester#11 uiCaptured=False drag=idle targets=(none)
[2026-07-25T22:32:39.0442123Z] screenshot frame=7000 cameraPos=(88.00,48.07,180.56) cameraTarget=(88.00,6.00,150.00)
[2026-07-25T22:32:39.0459965Z] timing frame=3.35ms fps=298.7 cleanPerf=0 visibleEntities=6 performerActive=32 performerDefs=rts.frontline.harvester.team_band:2,rts.frontline.harvester.cab:2,rts.frontline.harvester.cargo:2,rts.frontline.harvester.chassis:2,rts.frontline.infantry.team_band:2,rts.frontline.infantry.helmet:2,rts.frontline.infantry.body:2,rts.frontline.crystal.right:2 primitiveRaw=21 primitiveStaticRaw=21 skinnedRaw=0 gpuSkinned=0/0 gpuSkinBuild=0.00 gpuSkinDraw=0.00 gap=0.03 poll=0.00 pre=0.07 tick=1.53 post=0.02 begin=0.00 sim=0.00 simTop1=:0.00 simTop2=:0.00 simTop3=:0.00 presentation=1.00 presTop1=:0.00 presTop2=:0.00 presTop3=:0.00 behavior=0.08 behaviorBoot=1 behaviorOwner=0 behaviorAttr=0 behaviorTag=0 behaviorTick=0 animator=0.00 transformSync=0.01 minimapCollect=0.00 minimapMarkers=0/0 minimapProject=0.00 minimapScreen=0/0 heightSync=0.02 heightSamples=7 requestFlush=0.03 spawnBatch=0.00/0.00/0.00/0.00 spawnPerf=0.00/0.00/0.00 spawnPerfParts=0.00/0.00/0.00/0.00/0.00/0.00 spawnPerfChildParts=0.00/0.00/0.00/0.00/0.00 cull=0.35 cullSpatial=0.29 cullStatic=0.01 cullDyn=0.03 cullEntity=0.04 cullSync=0.00 hudProj=0.01 hudRaw=0 hudProjected=0 hudDensitySkip=0 mode3D=0.41 terrain=0.07 terrainChunks=16/0 field=0.00 fieldCount=0 fieldDirty=0 fieldArea=0 fieldDraws=0 primitive=0.10 primSync=0.00 primBucket=0.00 primImmediate=0.10 primImmediateSkip=0 primBuild=0.00 primDraw=0.00 primInstances=21 primBatches=12 primCache=0/0 ground=0.04 groundCount=1 groundRaw=1 spline=0.00 splineCount=0 splineRaw=0 debugDraw=0.00 debugDrawCount=0 debugDrawRaw=0 overlay=0.17 overlayBuild=0.00 overlayDirtyLanes=0 overlayItems=12 overlayRebuilt=0 overlayPaint=0.00 overlayComposite=0.00 uiRender=0.00 uiUpload=0.00 overlayFinal=0.17 nativeDiag=0.00 emit=0.08 emitDirty=0.00 emitDirtyCount=0 emitRetained=0.03 emitRetainedCount=1 emitRetainedDirectPath=0/1/1 endDraw=1.14 screenshot=219.65 worldHud=0 screenBars=0 screenText=0 worldHudDrops=0 screenHudDrops=0 overlaySceneDrops=0
[2026-07-25T22:32:39.0470603Z] prefab-visual-counts lastFrame(mesh=21,decal=0,vfx=0,surface=0) total(mesh=145974,decal=0,vfx=0,surface=0)
[2026-07-25T22:32:39.0479607Z] primitive-lane bucketCount=0
[2026-07-25T22:32:39.0488518Z] presentation-receipt template=rts.frontline.core.base templateId=41 submitted=1 onscreen=1 minShortEdgePx=54.32 minAreaPx2=4329.29
[2026-07-25T22:32:39.0494291Z] presentation-receipt template=rts.frontline.core.reactor templateId=42 submitted=1 onscreen=1 minShortEdgePx=19.96 minAreaPx2=423.59
[2026-07-25T22:32:39.0499561Z] presentation-receipt template=rts.frontline.core.beacon templateId=43 submitted=1 onscreen=1 minShortEdgePx=2.91 minAreaPx2=10.21
[2026-07-25T22:32:39.0505099Z] presentation-receipt template=rts.frontline.core.team_band templateId=44 submitted=1 onscreen=1 minShortEdgePx=27.08 minAreaPx2=1099.11
[2026-07-25T22:32:39.0511311Z] presentation-receipt template=rts.frontline.harvester.chassis templateId=46 submitted=2 onscreen=2 minShortEdgePx=30.71 minAreaPx2=1041.65
[2026-07-25T22:32:39.0516241Z] presentation-receipt template=rts.frontline.harvester.cargo templateId=47 submitted=2 onscreen=2 minShortEdgePx=11.99 minAreaPx2=194.51
[2026-07-25T22:32:39.0521023Z] presentation-receipt template=rts.frontline.harvester.cab templateId=48 submitted=2 onscreen=2 minShortEdgePx=7.38 minAreaPx2=60.65
[2026-07-25T22:32:39.0527126Z] presentation-receipt template=rts.frontline.harvester.team_band templateId=49 submitted=2 onscreen=2 minShortEdgePx=32.94 minAreaPx2=1263.45
[2026-07-25T22:32:39.0532031Z] presentation-receipt template=rts.frontline.infantry.body templateId=50 submitted=2 onscreen=2 minShortEdgePx=23.03 minAreaPx2=591.07
[2026-07-25T22:32:39.0536449Z] presentation-receipt template=rts.frontline.infantry.helmet templateId=51 submitted=2 onscreen=2 minShortEdgePx=16.07 minAreaPx2=404.21
[2026-07-25T22:32:39.0540518Z] presentation-receipt template=rts.frontline.infantry.team_band templateId=52 submitted=2 onscreen=2 minShortEdgePx=14.04 minAreaPx2=357.20
[2026-07-25T22:32:39.0545183Z] presentation-receipt template=rts.frontline.crystal.center templateId=54 submitted=1 onscreen=1 minShortEdgePx=38.96 minAreaPx2=1615.61
[2026-07-25T22:32:39.0549695Z] presentation-receipt template=rts.frontline.crystal.left templateId=55 submitted=1 onscreen=1 minShortEdgePx=19.29 minAreaPx2=395.70
[2026-07-25T22:32:39.0554345Z] presentation-receipt template=rts.frontline.crystal.right templateId=56 submitted=1 onscreen=1 minShortEdgePx=15.93 minAreaPx2=265.93
[2026-07-25T22:32:39.0560741Z] windowFocused=True pointer=(0,0) authPointer=(0,0) liveSelect[down=False,pressed=False,released=False] authSelect[down=False,pressed=False,released=False] liveCommand[down=False,pressed=False,released=False] authCommand[down=False,pressed=False,released=False] hovered=(none) commandSource=Crystal Harvester#11 uiCaptured=False drag=idle targets=(none)
