<?xml version="1.0" encoding="utf-8"?>
<TestRun id="4d6d8354-775c-483f-ade2-d84e55242c3b" name="sietg@CODESEAL 2026-09-09 18:51:03" runUser="CODESEAL\sietg" xmlns="http://microsoft.com/schemas/VisualStudio/TeamTest/2010">
  <Times creation="2026-09-09T18:51:03.3398892+08:00" queuing="2026-09-09T18:51:03.3398904+08:00" start="2026-09-09T18:50:51.8998197+08:00" finish="2026-09-09T18:51:03.3678437+08:00" />
  <TestSettings name="default" id="5643d99b-a28a-465e-ac08-8513cef55af8">
    <Deployment runDeploymentRoot="sietg_CODESEAL_2026-09-09_18_51_03" />
  </TestSettings>
  <Results>
    <UnitTestResult executionId="6cb0ad32-9e84-4cd9-b2d9-c4363aa8fd75" testId="0c20d4be-52ad-a139-c750-54935743b401" testName="MapLoad_WiresQuarksParticleAssetsIntoRaylibVfxPresenterPath" computerName="CODESEAL" duration="00:00:04.3281170" startTime="2026-09-09T18:50:58.6950337+08:00" endTime="2026-09-09T18:51:03.0228771+08:00" testType="13cdc9d9-ddb5-4fa4-a97d-d965ccfc6d4b" outcome="Failed" testListId="8c84fa94-04c1-424b-9868-57a2d4851a1d" relativeResultsDirectory="6cb0ad32-9e84-4cd9-b2d9-c4363aa8fd75">
      <Output>
        <StdOut>[INF][Engine] Initializing with ConfigPipeline...&#xD;
[INF][Engine] Resolving mod dependencies from explicit mod paths: mods=2&#xD;
[INF][ModLoader] Mod Load Order:&#xD;
[INF][ModLoader] - LudotsCoreMod (P:-1000)&#xD;
[INF][ModLoader] - VfxForgeRaylibShowcaseMod (P:0)&#xD;
[INF][ModLoader] Resolved Mod Load Order (launcher graph):&#xD;
[INF][ModLoader] - LudotsCoreMod (P:-1000)&#xD;
[INF][ModLoader] - VfxForgeRaylibShowcaseMod (P:0)&#xD;
[INF][ModLoader] Loading DLL for LudotsCoreMod at C:\001_AI\Ludots-entity-attachment-motion-contract\mods\LudotsCoreMod\bin\net9.0\LudotsCoreMod.dll&#xD;
[INF][ModLoader] Scanning 2 types in assembly...&#xD;
[INF][ModLoader] Instantiated entry for LudotsCoreMod. Calling OnLoad...&#xD;
[INF][Mod.LudotsCoreMod] [LudotsCoreMod] Loaded - Core game framework initialized&#xD;
[INF][ModLoader] LudotsCoreMod OnLoad completed.&#xD;
[INF][ModLoader] Loaded LudotsCoreMod&#xD;
[INF][ModLoader] Skip code load for VfxForgeRaylibShowcaseMod: manifest has no 'main' (asset-only mod).&#xD;
[INF][Config] Merged fragment from: Core:game.json&#xD;
[INF][Config] Merged fragment from: LudotsCoreMod:assets/game.json&#xD;
[INF][Config] Merged fragment from: VfxForgeRaylibShowcaseMod:assets/game.json&#xD;
[INF][Config] Merged fragment from: Core:config_catalog.json&#xD;
[INF][Config] Merged fragment from: Core:Navigation/agent_profiles.json&#xD;
[INF][Engine] Merged GameConfig: StartupMapId=vfx_forge_raylib_showcase, DefaultCoreMod=LudotsCoreMod&#xD;
[INF][Engine] Constants loaded: OrderTypeIds=4, ResponseChainOrderTypeIds=3&#xD;
[INF][Engine] Initializing JobScheduler...&#xD;
[INF][Config] Loading DataRegistry&lt;EntityTemplate&gt; from Entities/templates.json...&#xD;
[INF][Config] Merged fragment from: LudotsCoreMod:assets/Entities/templates.json&#xD;
[INF][Config] Merged fragment from: VfxForgeRaylibShowcaseMod:assets/Entities/templates.json&#xD;
[INF][Config] Loaded 5 DataRegistry&lt;EntityTemplate&gt; items.&#xD;
[INF][Engine] Initializing Core GAS Systems...&#xD;
[INF][Config] Merged fragment from: Core:Engine/clock.json&#xD;
[INF][Config] Merged fragment from: Core:Relationships/catalog.json&#xD;
[INF][Config] Merged fragment from: LudotsCoreMod:assets/Relationships/catalog.json&#xD;
[INF][Config] Merged fragment from: Core:Relationships/control_profiles.json&#xD;
[INF][Config] Merged fragment from: Core:GAS/target_dispatch_presets.json&#xD;
[INF][Config] Merged fragment from: Core:GAS/clock.json&#xD;
[INF][Config] Merged fragment from: Core:Physics2D/clock.json&#xD;
[INF][Config] Merged fragment from: Core:Physics2D/solver.json&#xD;
[INF][Config] Merged fragment from: Core:Physics2D/kinematic.json&#xD;
[INF][Config] Merged fragment from: Core:GAS/attribute_constraints.json&#xD;
[INF][Config] Merged fragment from: Core:Enums/enums.json&#xD;
[INF][Config] Merged fragment from: Core:Vision/fog_layers.json&#xD;
[INF][Config] Merged fragment from: LudotsCoreMod:assets/Presentation/text_tokens.json&#xD;
[INF][Config] Merged fragment from: LudotsCoreMod:assets/Presentation/text_tokens.json&#xD;
[INF][Config] Merged fragment from: LudotsCoreMod:assets/Presentation/text_locales.json&#xD;
[INF][Config] Merged fragment from: Core:GraphTables/lookup_tables.json&#xD;
[INF][Config] Merged fragment from: Core:GAS/graphs.json&#xD;
[INF][Config] Merged fragment from: Core:GAS/preset_types.json&#xD;
[INF][Config] Merged fragment from: Core:Exchange/operations.json&#xD;
[INF][Config] Merged fragment from: Core:Progression/scopes.json&#xD;
[INF][Config] Merged fragment from: Core:Progression/progressions.json&#xD;
[INF][Config] Merged fragment from: Core:Progression/requirements.json&#xD;
[INF][Config] Merged fragment from: LudotsCoreMod:assets/GAS/order_types.json&#xD;
[INF][Config] Merged fragment from: Core:GAS/effects.json&#xD;
[INF][Config] Merged fragment from: Core:GAS/func_lib.json&#xD;
[INF][Config] Merged fragment from: Core:GAS/action_lib.json&#xD;
[INF][Config] Merged fragment from: Core:Items/shapes.json&#xD;
[INF][Config] Merged fragment from: Core:Items/layouts.json&#xD;
[INF][Config] Merged fragment from: Core:Items/definitions.json&#xD;
[INF][Config] Merged fragment from: Core:Exchange/operations.json&#xD;
[INF][Config] Merged fragment from: Core:Panels/panel_templates.json&#xD;
[INF][Config] Merged fragment from: Core:Input/filter_profiles.json&#xD;
[INF][Config] Merged fragment from: Core:Presentation/lod_profiles.json&#xD;
[INF][Config] Merged fragment from: Core:Presentation/particle_vfx.json&#xD;
[INF][Config] Merged fragment from: VfxForgeRaylibShowcaseMod:assets/Presentation/particle_vfx.json&#xD;
[INF][Config] Merged fragment from: LudotsCoreMod:assets/Presentation/mesh_assets.json&#xD;
[INF][Config] Merged fragment from: VfxForgeRaylibShowcaseMod:assets/Presentation/mesh_assets.json&#xD;
[INF][Config] Merged fragment from: LudotsCoreMod:assets/Presentation/material_assets.json&#xD;
[INF][Config] Merged fragment from: LudotsCoreMod:assets/Presentation/animator_controllers.json&#xD;
[INF][Config] Merged fragment from: LudotsCoreMod:assets/Presentation/animation_clips.json&#xD;
[INF][Config] Merged fragment from: LudotsCoreMod:assets/Presentation/animation_profiles.json&#xD;
[INF][Config] Merged fragment from: Core:Input/interaction_context_profiles.json&#xD;
[INF][Config] Merged fragment from: LudotsCoreMod:assets/Presentation/presenters.json&#xD;
[INF][Config] Merged fragment from: VfxForgeRaylibShowcaseMod:assets/Presentation/presenters.json&#xD;
[INF][Config] Merged fragment from: Core:GAS/attribute_bindings.json&#xD;
[INF][Config] Merged fragment from: Core:config_catalog.json&#xD;
[INF][Config] Merged fragment from: Core:Input/default_input.json&#xD;
[INF][Config] Merged fragment from: Core:Input/action_attribute_bindings.json&#xD;
[INF][Config] Merged fragment from: Core:Input/command_intent_profiles.json&#xD;
[INF][Config] Merged fragment from: Core:Input/cast_commit_profiles.json&#xD;
[INF][Config] Merged fragment from: Core:Input/cast_commit_locks.json&#xD;
[INF][Config] Merged fragment from: Core:Input/cast_dispatch_profiles.json&#xD;
[INF][Config] Merged fragment from: Core:Input/control_schemes.json&#xD;
[INF][Config] Merged fragment from: Core:Input/interaction_prefs.json&#xD;
[INF][Config] Merged fragment from: Core:Input/interaction_modes.json&#xD;
[INF][Config] Merged fragment from: Core:UI/ability_aggregation_profiles.json&#xD;
[INF][Config] Merged fragment from: Core:UI/command_deck_profiles.json&#xD;
[INF][Config] Merged fragment from: Core:UI/production_overview_profiles.json&#xD;
[INF][Config] Merged fragment from: Core:AI/behavior_trees.json&#xD;
[INF][Config] Merged fragment from: Core:AI/hfsm.json&#xD;
[INF][Config] Merged fragment from: Core:Presentation/semantic_maps.json&#xD;
[INF][Config] Merged fragment from: Core:Presentation/image_assets.json&#xD;
[INF][Config] Merged fragment from: Core:Camera/virtual_cameras.json&#xD;
[INF][Config] Merged fragment from: Core:Story/lines.json&#xD;
[INF][Config] Merged fragment from: Core:Story/presentation_profiles.json&#xD;
[INF][Config] Merged fragment from: Core:Story/speakers.json&#xD;
[INF][Config] Merged fragment from: Core:Dialogue/dialogues.json&#xD;
[INF][Config] Merged fragment from: Core:Sequencer/sequences.json&#xD;
[INF][ModLoader] No registration conflicts detected.&#xD;
[INF][Engine] Firing GameStart event...&#xD;
[LudotsCoreMod] Core systems installed&#xD;
[INF][Engine] Loading Map: vfx_forge_raylib_showcase&#xD;
[INF][Map] Loading Map: vfx_forge_raylib_showcase&#xD;
[INF][Config] Merged fragment from: VfxForgeRaylibShowcaseMod:assets/Maps/vfx_forge_raylib_showcase.json&#xD;
[INF][Map] Map 'vfx_forge_raylib_showcase' loaded.&#xD;
[INF][Map] Creating GridBoard 'default' (1x1 macroTiles, cell=100cm)&#xD;
[INF][Engine] Created Board 'default' (type=Grid) for map 'vfx_forge_raylib_showcase'&#xD;
[INF][Map] Map 'vfx_forge_raylib_showcase' pushed to focus (stack depth=1).&#xD;
[INF][Engine] Created flat grid LogicTerrainField 256x256 cells for board 'default'&#xD;
[INF][Config] Merged fragment from: Core:Navigation/pathing.json&#xD;
[INF][Engine] Pathing bootstrap skipped for map 'vfx_forge_raylib_showcase': no node-graph board or navmesh query service is loaded.&#xD;
[INF][Engine] Creating Entities from MapConfig...&#xD;
[INF][Engine] Applied DefaultCamera: yaw=180 pitch=54 dist=5600cm fov=55&#xD;
[INF][Engine] Firing MapLoaded event for vfx_forge_raylib_showcase...&#xD;
[WRN][Presentation] Terrain height sync requested ContinuousHeightmap, but none is registered; undeclared static pending may resolve flat while declared heightmap pending stays unresolved.&#xD;
[INF][Engine] Unloading ModLoader contexts...&#xD;
[INF][Engine] Disposing JobScheduler...</StdOut>
        <ErrorInfo>
          <Message>  The player-facing scene should emit all nine VFX presenter visuals.&#xD;
Assert.That(visibleVfxCount, Is.GreaterThanOrEqualTo(ParticleVfxKeys.Length))&#xD;
  Expected: greater than or equal to 9&#xD;
  But was:  0&#xD;
</Message>
          <StackTrace>   at Ludots.Tests.Presentation.VfxForgeRaylibShowcaseAcceptanceTests.MapLoad_WiresQuarksParticleAssetsIntoRaylibVfxPresenterPath() in C:\001_AI\Ludots-entity-attachment-motion-contract\src\Tests\PresentationTests\Showcases\VfxForgeRaylibShowcaseAcceptanceTests.cs:line 213&#xD;

1)    at Ludots.Tests.Presentation.VfxForgeRaylibShowcaseAcceptanceTests.MapLoad_WiresQuarksParticleAssetsIntoRaylibVfxPresenterPath() in C:\001_AI\Ludots-entity-attachment-motion-contract\src\Tests\PresentationTests\Showcases\VfxForgeRaylibShowcaseAcceptanceTests.cs:line 213&#xD;

</StackTrace>
        </ErrorInfo>
      </Output>
    </UnitTestResult>
  </Results>
  <TestDefinitions>
    <UnitTest name="MapLoad_WiresQuarksParticleAssetsIntoRaylibVfxPresenterPath" storage="c:\001_ai\ludots-entity-attachment-motion-contract\src\tests\presentationtests\bin\release\net9.0\presentationtests.dll" id="0c20d4be-52ad-a139-c750-54935743b401">
      <Execution id="6cb0ad32-9e84-4cd9-b2d9-c4363aa8fd75" />
      <TestMethod codeBase="C:\001_AI\Ludots-entity-attachment-motion-contract\src\Tests\PresentationTests\bin\Release\net9.0\PresentationTests.dll" adapterTypeName="executor://nunit3testexecutor/" className="Ludots.Tests.Presentation.VfxForgeRaylibShowcaseAcceptanceTests" name="MapLoad_WiresQuarksParticleAssetsIntoRaylibVfxPresenterPath" />
    </UnitTest>
  </TestDefinitions>
  <TestEntries>
    <TestEntry testId="0c20d4be-52ad-a139-c750-54935743b401" executionId="6cb0ad32-9e84-4cd9-b2d9-c4363aa8fd75" testListId="8c84fa94-04c1-424b-9868-57a2d4851a1d" />
  </TestEntries>
  <TestLists>
    <TestList name="列表中未列出的结果" id="8c84fa94-04c1-424b-9868-57a2d4851a1d" />
    <TestList name="所有已加载的结果" id="19431567-8539-422a-85d7-44ee4e166bda" />
  </TestLists>
  <ResultSummary outcome="Failed">
    <Counters total="1" executed="1" passed="0" failed="1" error="0" timeout="0" aborted="0" inconclusive="0" passedButRunAborted="0" notRunnable="0" notExecuted="0" disconnected="0" warning="0" completed="0" inProgress="0" pending="0" />
    <Output>
      <StdOut>NUnit Adapter 4.6.0.0: Test execution started&#xD;
Running selected tests in C:\001_AI\Ludots-entity-attachment-motion-contract\src\Tests\PresentationTests\bin\Release\net9.0\PresentationTests.dll&#xD;
   NUnit3TestExecutor discovered 1 of 1 NUnit test cases using Current Discovery mode, Non-Explicit run&#xD;
[INF][Engine] Initializing with ConfigPipeline...&#xD;
[INF][Engine] Resolving mod dependencies from explicit mod paths: mods=2&#xD;
[INF][ModLoader] Mod Load Order:&#xD;
[INF][ModLoader] - LudotsCoreMod (P:-1000)&#xD;
[INF][ModLoader] - VfxForgeRaylibShowcaseMod (P:0)&#xD;
[INF][ModLoader] Resolved Mod Load Order (launcher graph):&#xD;
[INF][ModLoader] - LudotsCoreMod (P:-1000)&#xD;
[INF][ModLoader] - VfxForgeRaylibShowcaseMod (P:0)&#xD;
[INF][ModLoader] Loading DLL for LudotsCoreMod at C:\001_AI\Ludots-entity-attachment-motion-contract\mods\LudotsCoreMod\bin\net9.0\LudotsCoreMod.dll&#xD;
[INF][ModLoader] Scanning 2 types in assembly...&#xD;
[INF][ModLoader] Instantiated entry for LudotsCoreMod. Calling OnLoad...&#xD;
[INF][Mod.LudotsCoreMod] [LudotsCoreMod] Loaded - Core game framework initialized&#xD;
[INF][ModLoader] LudotsCoreMod OnLoad completed.&#xD;
[INF][ModLoader] Loaded LudotsCoreMod&#xD;
[INF][ModLoader] Skip code load for VfxForgeRaylibShowcaseMod: manifest has no 'main' (asset-only mod).&#xD;
[INF][Config] Merged fragment from: Core:game.json&#xD;
[INF][Config] Merged fragment from: LudotsCoreMod:assets/game.json&#xD;
[INF][Config] Merged fragment from: VfxForgeRaylibShowcaseMod:assets/game.json&#xD;
[INF][Config] Merged fragment from: Core:config_catalog.json&#xD;
[INF][Config] Merged fragment from: Core:Navigation/agent_profiles.json&#xD;
[INF][Engine] Merged GameConfig: StartupMapId=vfx_forge_raylib_showcase, DefaultCoreMod=LudotsCoreMod&#xD;
[INF][Engine] Constants loaded: OrderTypeIds=4, ResponseChainOrderTypeIds=3&#xD;
[INF][Engine] Initializing JobScheduler...&#xD;
[INF][Config] Loading DataRegistry&lt;EntityTemplate&gt; from Entities/templates.json...&#xD;
[INF][Config] Merged fragment from: LudotsCoreMod:assets/Entities/templates.json&#xD;
[INF][Config] Merged fragment from: VfxForgeRaylibShowcaseMod:assets/Entities/templates.json&#xD;
[INF][Config] Loaded 5 DataRegistry&lt;EntityTemplate&gt; items.&#xD;
[INF][Engine] Initializing Core GAS Systems...&#xD;
[INF][Config] Merged fragment from: Core:Engine/clock.json&#xD;
[INF][Config] Merged fragment from: Core:Relationships/catalog.json&#xD;
[INF][Config] Merged fragment from: LudotsCoreMod:assets/Relationships/catalog.json&#xD;
[INF][Config] Merged fragment from: Core:Relationships/control_profiles.json&#xD;
[INF][Config] Merged fragment from: Core:GAS/target_dispatch_presets.json&#xD;
[INF][Config] Merged fragment from: Core:GAS/clock.json&#xD;
[INF][Config] Merged fragment from: Core:Physics2D/clock.json&#xD;
[INF][Config] Merged fragment from: Core:Physics2D/solver.json&#xD;
[INF][Config] Merged fragment from: Core:Physics2D/kinematic.json&#xD;
[INF][Config] Merged fragment from: Core:GAS/attribute_constraints.json&#xD;
[INF][Config] Merged fragment from: Core:Enums/enums.json&#xD;
[INF][Config] Merged fragment from: Core:Vision/fog_layers.json&#xD;
[INF][Config] Merged fragment from: LudotsCoreMod:assets/Presentation/text_tokens.json&#xD;
[INF][Config] Merged fragment from: LudotsCoreMod:assets/Presentation/text_tokens.json&#xD;
[INF][Config] Merged fragment from: LudotsCoreMod:assets/Presentation/text_locales.json&#xD;
[INF][Config] Merged fragment from: Core:GraphTables/lookup_tables.json&#xD;
[INF][Config] Merged fragment from: Core:GAS/graphs.json&#xD;
[INF][Config] Merged fragment from: Core:GAS/preset_types.json&#xD;
[INF][Config] Merged fragment from: Core:Exchange/operations.json&#xD;
[INF][Config] Merged fragment from: Core:Progression/scopes.json&#xD;
[INF][Config] Merged fragment from: Core:Progression/progressions.json&#xD;
[INF][Config] Merged fragment from: Core:Progression/requirements.json&#xD;
[INF][Config] Merged fragment from: LudotsCoreMod:assets/GAS/order_types.json&#xD;
[INF][Config] Merged fragment from: Core:GAS/effects.json&#xD;
[INF][Config] Merged fragment from: Core:GAS/func_lib.json&#xD;
[INF][Config] Merged fragment from: Core:GAS/action_lib.json&#xD;
[INF][Config] Merged fragment from: Core:Items/shapes.json&#xD;
[INF][Config] Merged fragment from: Core:Items/layouts.json&#xD;
[INF][Config] Merged fragment from: Core:Items/definitions.json&#xD;
[INF][Config] Merged fragment from: Core:Exchange/operations.json&#xD;
[INF][Config] Merged fragment from: Core:Panels/panel_templates.json&#xD;
[INF][Config] Merged fragment from: Core:Input/filter_profiles.json&#xD;
[INF][Config] Merged fragment from: Core:Presentation/lod_profiles.json&#xD;
[INF][Config] Merged fragment from: Core:Presentation/particle_vfx.json&#xD;
[INF][Config] Merged fragment from: VfxForgeRaylibShowcaseMod:assets/Presentation/particle_vfx.json&#xD;
[INF][Config] Merged fragment from: LudotsCoreMod:assets/Presentation/mesh_assets.json&#xD;
[INF][Config] Merged fragment from: VfxForgeRaylibShowcaseMod:assets/Presentation/mesh_assets.json&#xD;
[INF][Config] Merged fragment from: LudotsCoreMod:assets/Presentation/material_assets.json&#xD;
[INF][Config] Merged fragment from: LudotsCoreMod:assets/Presentation/animator_controllers.json&#xD;
[INF][Config] Merged fragment from: LudotsCoreMod:assets/Presentation/animation_clips.json&#xD;
[INF][Config] Merged fragment from: LudotsCoreMod:assets/Presentation/animation_profiles.json&#xD;
[INF][Config] Merged fragment from: Core:Input/interaction_context_profiles.json&#xD;
[INF][Config] Merged fragment from: LudotsCoreMod:assets/Presentation/presenters.json&#xD;
[INF][Config] Merged fragment from: VfxForgeRaylibShowcaseMod:assets/Presentation/presenters.json&#xD;
[INF][Config] Merged fragment from: Core:GAS/attribute_bindings.json&#xD;
[INF][Config] Merged fragment from: Core:config_catalog.json&#xD;
[INF][Config] Merged fragment from: Core:Input/default_input.json&#xD;
[INF][Config] Merged fragment from: Core:Input/action_attribute_bindings.json&#xD;
[INF][Config] Merged fragment from: Core:Input/command_intent_profiles.json&#xD;
[INF][Config] Merged fragment from: Core:Input/cast_commit_profiles.json&#xD;
[INF][Config] Merged fragment from: Core:Input/cast_commit_locks.json&#xD;
[INF][Config] Merged fragment from: Core:Input/cast_dispatch_profiles.json&#xD;
[INF][Config] Merged fragment from: Core:Input/control_schemes.json&#xD;
[INF][Config] Merged fragment from: Core:Input/interaction_prefs.json&#xD;
[INF][Config] Merged fragment from: Core:Input/interaction_modes.json&#xD;
[INF][Config] Merged fragment from: Core:UI/ability_aggregation_profiles.json&#xD;
[INF][Config] Merged fragment from: Core:UI/command_deck_profiles.json&#xD;
[INF][Config] Merged fragment from: Core:UI/production_overview_profiles.json&#xD;
[INF][Config] Merged fragment from: Core:AI/behavior_trees.json&#xD;
[INF][Config] Merged fragment from: Core:AI/hfsm.json&#xD;
[INF][Config] Merged fragment from: Core:Presentation/semantic_maps.json&#xD;
[INF][Config] Merged fragment from: Core:Presentation/image_assets.json&#xD;
[INF][Config] Merged fragment from: Core:Camera/virtual_cameras.json&#xD;
[INF][Config] Merged fragment from: Core:Story/lines.json&#xD;
[INF][Config] Merged fragment from: Core:Story/presentation_profiles.json&#xD;
[INF][Config] Merged fragment from: Core:Story/speakers.json&#xD;
[INF][Config] Merged fragment from: Core:Dialogue/dialogues.json&#xD;
[INF][Config] Merged fragment from: Core:Sequencer/sequences.json&#xD;
[INF][ModLoader] No registration conflicts detected.&#xD;
[INF][Engine] Firing GameStart event...&#xD;
[LudotsCoreMod] Core systems installed&#xD;
[INF][Engine] Loading Map: vfx_forge_raylib_showcase&#xD;
[INF][Map] Loading Map: vfx_forge_raylib_showcase&#xD;
[INF][Config] Merged fragment from: VfxForgeRaylibShowcaseMod:assets/Maps/vfx_forge_raylib_showcase.json&#xD;
[INF][Map] Map 'vfx_forge_raylib_showcase' loaded.&#xD;
[INF][Map] Creating GridBoard 'default' (1x1 macroTiles, cell=100cm)&#xD;
[INF][Engine] Created Board 'default' (type=Grid) for map 'vfx_forge_raylib_showcase'&#xD;
[INF][Map] Map 'vfx_forge_raylib_showcase' pushed to focus (stack depth=1).&#xD;
[INF][Engine] Created flat grid LogicTerrainField 256x256 cells for board 'default'&#xD;
[INF][Config] Merged fragment from: Core:Navigation/pathing.json&#xD;
[INF][Engine] Pathing bootstrap skipped for map 'vfx_forge_raylib_showcase': no node-graph board or navmesh query service is loaded.&#xD;
[INF][Engine] Creating Entities from MapConfig...&#xD;
[INF][Engine] Applied DefaultCamera: yaw=180 pitch=54 dist=5600cm fov=55&#xD;
[INF][Engine] Firing MapLoaded event for vfx_forge_raylib_showcase...&#xD;
[WRN][Presentation] Terrain height sync requested ContinuousHeightmap, but none is registered; undeclared static pending may resolve flat while declared heightmap pending stays unresolved.&#xD;
[INF][Engine] Unloading ModLoader contexts...&#xD;
[INF][Engine] Disposing JobScheduler...&#xD;
&#xD;
NUnit Adapter 4.6.0.0: Test execution complete&#xD;
</StdOut>
    </Output>
  </ResultSummary>
</TestRun>