C:\001_AI\Ludots-effect-transaction-perf\src\Tests\GasTests\Presentation\PresenterBenchmarkTests.cs(30,7): warning CS0105: “Ludots.Platform.Abstractions”的 using 指令以前在此命名空间中出现过 [C:\001_AI\Ludots-effect-transaction-perf\src\Tests\GasTests\GasTests.csproj]
C:\001_AI\Ludots-effect-transaction-perf\src\Tests\GasTests\Presentation\PresenterEndToEndTests.cs(30,7): warning CS0105: “Ludots.Platform.Abstractions”的 using 指令以前在此命名空间中出现过 [C:\001_AI\Ludots-effect-transaction-perf\src\Tests\GasTests\GasTests.csproj]
C:\001_AI\Ludots-effect-transaction-perf\src\Tests\GasTests\Production\ProductionModDemoLogTests.cs(14,7): warning CS0105: “Ludots.Core.Gameplay.GAS.Orders”的 using 指令以前在此命名空间中出现过 [C:\001_AI\Ludots-effect-transaction-perf\src\Tests\GasTests\GasTests.csproj]
C:\001_AI\Ludots-effect-transaction-perf\src\Tests\GasTests\Physics2D\Physics2DKinematicBodyTests.cs(515,50): warning CS8625: 无法将 null 字面量转换为非 null 的引用类型。 [C:\001_AI\Ludots-effect-transaction-perf\src\Tests\GasTests\GasTests.csproj]
C:\001_AI\Ludots-effect-transaction-perf\src\Tests\GasTests\Physics2D\Physics2DKinematicBodyTests.cs(516,49): warning CS8625: 无法将 null 字面量转换为非 null 的引用类型。 [C:\001_AI\Ludots-effect-transaction-perf\src\Tests\GasTests\GasTests.csproj]
C:\001_AI\Ludots-effect-transaction-perf\src\Tests\GasTests\Physics2D\Physics2DKinematicBodyTests.cs(517,49): warning CS8625: 无法将 null 字面量转换为非 null 的引用类型。 [C:\001_AI\Ludots-effect-transaction-perf\src\Tests\GasTests\GasTests.csproj]
C:\001_AI\Ludots-effect-transaction-perf\src\Tests\GasTests\GasCore\TagEffectArchitectureTests.cs(2990,103): warning CS8625: 无法将 null 字面量转换为非 null 的引用类型。 [C:\001_AI\Ludots-effect-transaction-perf\src\Tests\GasTests\GasTests.csproj]
C:\001_AI\Ludots-effect-transaction-perf\src\Tests\GasTests\Association\ParticipantBindingContractTests.cs(721,43): warning CS8625: 无法将 null 字面量转换为非 null 的引用类型。 [C:\001_AI\Ludots-effect-transaction-perf\src\Tests\GasTests\GasTests.csproj]
C:\001_AI\Ludots-effect-transaction-perf\src\Tests\GasTests\Association\ParticipantBindingContractTests.cs(722,53): warning CS8625: 无法将 null 字面量转换为非 null 的引用类型。 [C:\001_AI\Ludots-effect-transaction-perf\src\Tests\GasTests\GasTests.csproj]
C:\001_AI\Ludots-effect-transaction-perf\src\Tests\GasTests\Effect\PhaseListenerBatchHexTests.cs(1832,36): warning CS8625: 无法将 null 字面量转换为非 null 的引用类型。 [C:\001_AI\Ludots-effect-transaction-perf\src\Tests\GasTests\GasTests.csproj]
C:\001_AI\Ludots-effect-transaction-perf\src\Tests\GasTests\Effect\RootBudgetTests.cs(54,10): warning CS0618: “TimeoutAttribute”已过时:“.NET No longer supports aborting threads as it is not a safe thing to do. Update your tests to use CancelAfterAttribute instead” [C:\001_AI\Ludots-effect-transaction-perf\src\Tests\GasTests\GasTests.csproj]
C:\001_AI\Ludots-effect-transaction-perf\src\Tests\GasTests\Config\ConfigMergeE2ETests.cs(48,58): warning CS8625: 无法将 null 字面量转换为非 null 的引用类型。 [C:\001_AI\Ludots-effect-transaction-perf\src\Tests\GasTests\GasTests.csproj]
C:\001_AI\Ludots-effect-transaction-perf\src\Tests\GasTests\InteractionInput\ControlSchemeRuntimeTests.cs(502,73): warning CS8625: 无法将 null 字面量转换为非 null 的引用类型。 [C:\001_AI\Ludots-effect-transaction-perf\src\Tests\GasTests\GasTests.csproj]
C:\001_AI\Ludots-effect-transaction-perf\src\Tests\GasTests\Production\ProductionAllModsValidationTests.cs(23,42): warning CS8625: 无法将 null 字面量转换为非 null 的引用类型。 [C:\001_AI\Ludots-effect-transaction-perf\src\Tests\GasTests\GasTests.csproj]
C:\001_AI\Ludots-effect-transaction-perf\src\Tests\GasTests\Production\ProductionAllModsValidationTests.cs(24,46): warning CS8625: 无法将 null 字面量转换为非 null 的引用类型。 [C:\001_AI\Ludots-effect-transaction-perf\src\Tests\GasTests\GasTests.csproj]
C:\001_AI\Ludots-effect-transaction-perf\src\Tests\GasTests\Production\RtsStrategicShowcaseAcceptanceTests.cs(658,38): warning CS8625: 无法将 null 字面量转换为非 null 的引用类型。 [C:\001_AI\Ludots-effect-transaction-perf\src\Tests\GasTests\GasTests.csproj]
C:\001_AI\Ludots-effect-transaction-perf\src\Tests\GasTests\Ability\AbilityAggregationProfileTests.cs(272,28): warning CS8601: 可能的 null 引用赋值。 [C:\001_AI\Ludots-effect-transaction-perf\src\Tests\GasTests\GasTests.csproj]
C:\001_AI\Ludots-effect-transaction-perf\src\Tests\GasTests\Ability\AbilityAggregationProfileTests.cs(276,17): warning CS8602: 解引用可能出现空引用。 [C:\001_AI\Ludots-effect-transaction-perf\src\Tests\GasTests\GasTests.csproj]
C:\001_AI\Ludots-effect-transaction-perf\src\Tests\GasTests\Ability\AbilityAggregationProfileTests.cs(282,28): warning CS8601: 可能的 null 引用赋值。 [C:\001_AI\Ludots-effect-transaction-perf\src\Tests\GasTests\GasTests.csproj]
C:\001_AI\Ludots-effect-transaction-perf\src\Tests\GasTests\Production\AgentBridgePresenterToolsTests.cs(52,31): warning CS8600: 将 null 文本或可能的 null 值转换为不可为 null 类型。 [C:\001_AI\Ludots-effect-transaction-perf\src\Tests\GasTests\GasTests.csproj]
C:\001_AI\Ludots-effect-transaction-perf\src\Tests\GasTests\Production\AgentBridgePresenterToolsTests.cs(80,31): warning CS8600: 将 null 文本或可能的 null 值转换为不可为 null 类型。 [C:\001_AI\Ludots-effect-transaction-perf\src\Tests\GasTests\GasTests.csproj]
C:\001_AI\Ludots-effect-transaction-perf\src\Tests\GasTests\Production\AgentBridgePresenterToolsTests.cs(82,35): warning CS8600: 将 null 文本或可能的 null 值转换为不可为 null 类型。 [C:\001_AI\Ludots-effect-transaction-perf\src\Tests\GasTests\GasTests.csproj]
C:\001_AI\Ludots-effect-transaction-perf\src\Tests\GasTests\Ability\AbilityAggregationProfileTests.cs(399,80): warning CS8625: 无法将 null 字面量转换为非 null 的引用类型。 [C:\001_AI\Ludots-effect-transaction-perf\src\Tests\GasTests\GasTests.csproj]
C:\001_AI\Ludots-effect-transaction-perf\src\Tests\GasTests\Ability\AbilityAggregationProfileTests.cs(400,75): warning CS8625: 无法将 null 字面量转换为非 null 的引用类型。 [C:\001_AI\Ludots-effect-transaction-perf\src\Tests\GasTests\GasTests.csproj]
C:\001_AI\Ludots-effect-transaction-perf\src\Tests\GasTests\Production\NightRaidPresenterSyncRegressionTests.cs(148,23): warning CS8600: 将 null 文本或可能的 null 值转换为不可为 null 类型。 [C:\001_AI\Ludots-effect-transaction-perf\src\Tests\GasTests\GasTests.csproj]
C:\001_AI\Ludots-effect-transaction-perf\src\Tests\GasTests\Engine\SaveToolsContractTests.cs(198,40): warning CS8604: “JsonNode? IAgentTool.Execute(JsonObject? args, AgentToolContext context)”中的形参“context”可能传入 null 引用实参。 [C:\001_AI\Ludots-effect-transaction-perf\src\Tests\GasTests\GasTests.csproj]
C:\001_AI\Ludots-effect-transaction-perf\src\Tests\GasTests\Config\ModRegistrationConflictTests.cs(63,42): warning CS8603: 可能返回 null 引用。 [C:\001_AI\Ludots-effect-transaction-perf\src\Tests\GasTests\GasTests.csproj]
C:\001_AI\Ludots-effect-transaction-perf\src\Tests\GasTests\Production\AgentBridgePresenterToolsTests.cs(218,23): warning CS8600: 将 null 文本或可能的 null 值转换为不可为 null 类型。 [C:\001_AI\Ludots-effect-transaction-perf\src\Tests\GasTests\GasTests.csproj]
C:\001_AI\Ludots-effect-transaction-perf\src\Tests\GasTests\Presentation\VisualSyncSystemCullTests.cs(62,30): warning CS0618: “GridVisualSyncSystem”已过时:“推荐使用 WorldToVisualSyncSystem。此系统仅用于纯网格定位的实体。” [C:\001_AI\Ludots-effect-transaction-perf\src\Tests\GasTests\GasTests.csproj]
C:\001_AI\Ludots-effect-transaction-perf\src\Tests\GasTests\Ability\ApplyForceEndToEndTests.cs(150,31): warning CS8629: 可为 null 的值类型可为 null。 [C:\001_AI\Ludots-effect-transaction-perf\src\Tests\GasTests\GasTests.csproj]
C:\001_AI\Ludots-effect-transaction-perf\src\Tests\GasTests\Graph\EnumCatalogTests.cs(72,21): warning CS8604: “ConfigFragment.ConfigFragment(JsonNode node, string sourceUri)”中的形参“node”可能传入 null 引用实参。 [C:\001_AI\Ludots-effect-transaction-perf\src\Tests\GasTests\GasTests.csproj]
C:\001_AI\Ludots-effect-transaction-perf\src\Tests\GasTests\Graph\EnumCatalogTests.cs(73,21): warning CS8604: “ConfigFragment.ConfigFragment(JsonNode node, string sourceUri)”中的形参“node”可能传入 null 引用实参。 [C:\001_AI\Ludots-effect-transaction-perf\src\Tests\GasTests\GasTests.csproj]
C:\001_AI\Ludots-effect-transaction-perf\src\Tests\GasTests\GasCore\Phase2InfrastructureTests.cs(377,17): warning CS0219: 变量“injectedValue”已被赋值，但从未使用过它的值 [C:\001_AI\Ludots-effect-transaction-perf\src\Tests\GasTests\GasTests.csproj]
C:\001_AI\Ludots-effect-transaction-perf\src\Tests\GasTests\Map\NavGateShowcaseContractTests.cs(71,51): warning CS8625: 无法将 null 字面量转换为非 null 的引用类型。 [C:\001_AI\Ludots-effect-transaction-perf\src\Tests\GasTests\GasTests.csproj]
C:\001_AI\Ludots-effect-transaction-perf\src\Tests\GasTests\Map\NavGateShowcaseContractTests.cs(89,43): warning CS8625: 无法将 null 字面量转换为非 null 的引用类型。 [C:\001_AI\Ludots-effect-transaction-perf\src\Tests\GasTests\GasTests.csproj]
C:\001_AI\Ludots-effect-transaction-perf\src\Tests\GasTests\Map\NavGateShowcaseContractTests.cs(163,43): warning CS8625: 无法将 null 字面量转换为非 null 的引用类型。 [C:\001_AI\Ludots-effect-transaction-perf\src\Tests\GasTests\GasTests.csproj]
C:\001_AI\Ludots-effect-transaction-perf\src\Tests\GasTests\AI\AiComponentAuthoringTests.cs(40,79): warning CS8625: 无法将 null 字面量转换为非 null 的引用类型。 [C:\001_AI\Ludots-effect-transaction-perf\src\Tests\GasTests\GasTests.csproj]
C:\001_AI\Ludots-effect-transaction-perf\src\Tests\GasTests\GasCore\TagEffectArchitectureTests.cs(226,18): warning CS8602: 解引用可能出现空引用。 [C:\001_AI\Ludots-effect-transaction-perf\src\Tests\GasTests\GasTests.csproj]
C:\001_AI\Ludots-effect-transaction-perf\src\Tests\GasTests\GasCore\TagEffectArchitectureTests.cs(251,18): warning CS8602: 解引用可能出现空引用。 [C:\001_AI\Ludots-effect-transaction-perf\src\Tests\GasTests\GasTests.csproj]
C:\001_AI\Ludots-effect-transaction-perf\src\Tests\GasTests\Graph\TriggerGraphRenameMigrationTests.cs(205,17): warning CS8600: 将 null 文本或可能的 null 值转换为不可为 null 类型。 [C:\001_AI\Ludots-effect-transaction-perf\src\Tests\GasTests\GasTests.csproj]
C:\001_AI\Ludots-effect-transaction-perf\src\Tests\GasTests\Graph\TriggerGraphRenameMigrationTests.cs(205,17): warning CS8604: “TriggerGraphMount TriggerGraphMount.ParseObject(JsonObject obj, string context)”中的形参“obj”可能传入 null 引用实参。 [C:\001_AI\Ludots-effect-transaction-perf\src\Tests\GasTests\GasTests.csproj]
C:\001_AI\Ludots-effect-transaction-perf\src\Tests\GasTests\GasCore\TagEffectArchitectureTests.cs(318,147): warning CS8625: 无法将 null 字面量转换为非 null 的引用类型。 [C:\001_AI\Ludots-effect-transaction-perf\src\Tests\GasTests\GasTests.csproj]
C:\001_AI\Ludots-effect-transaction-perf\src\Tests\GasTests\GasCore\TagEffectArchitectureTests.cs(319,18): warning CS8602: 解引用可能出现空引用。 [C:\001_AI\Ludots-effect-transaction-perf\src\Tests\GasTests\GasTests.csproj]
C:\001_AI\Ludots-effect-transaction-perf\src\Tests\GasTests\GasCore\TagEffectArchitectureTests.cs(324,18): warning CS8602: 解引用可能出现空引用。 [C:\001_AI\Ludots-effect-transaction-perf\src\Tests\GasTests\GasTests.csproj]
C:\001_AI\Ludots-effect-transaction-perf\src\Tests\GasTests\Ability\CommandIntentProfileTests.cs(350,75): warning CS8625: 无法将 null 字面量转换为非 null 的引用类型。 [C:\001_AI\Ludots-effect-transaction-perf\src\Tests\GasTests\GasTests.csproj]
C:\001_AI\Ludots-effect-transaction-perf\src\Tests\GasTests\Ability\CommandIntentProfileTests.cs(353,82): warning CS8625: 无法将 null 字面量转换为非 null 的引用类型。 [C:\001_AI\Ludots-effect-transaction-perf\src\Tests\GasTests\GasTests.csproj]
C:\001_AI\Ludots-effect-transaction-perf\src\Tests\GasTests\Graph\GraphFireEventKeyBridgeTests.cs(30,51): warning CS0618: “ContextKeys”已过时:“Use CoreServiceKeys with ServiceKey<T> for type-safe access. This class will be removed in a future release.” [C:\001_AI\Ludots-effect-transaction-perf\src\Tests\GasTests\GasTests.csproj]
C:\001_AI\Ludots-effect-transaction-perf\src\Tests\GasTests\Graph\GraphFsmSugarTests.cs(59,25): warning CS8629: 可为 null 的值类型可为 null。 [C:\001_AI\Ludots-effect-transaction-perf\src\Tests\GasTests\GasTests.csproj]
C:\001_AI\Ludots-effect-transaction-perf\src\Tests\GasTests\Graph\GraphFsmSugarTests.cs(59,73): warning CS8629: 可为 null 的值类型可为 null。 [C:\001_AI\Ludots-effect-transaction-perf\src\Tests\GasTests\GasTests.csproj]
C:\001_AI\Ludots-effect-transaction-perf\src\Tests\GasTests\InteractionInput\InputOrderContractTests.cs(477,21): warning CS8602: 解引用可能出现空引用。 [C:\001_AI\Ludots-effect-transaction-perf\src\Tests\GasTests\GasTests.csproj]
C:\001_AI\Ludots-effect-transaction-perf\src\Tests\GasTests\InteractionInput\InputOrderContractTests.cs(484,21): warning CS8602: 解引用可能出现空引用。 [C:\001_AI\Ludots-effect-transaction-perf\src\Tests\GasTests\GasTests.csproj]
C:\001_AI\Ludots-effect-transaction-perf\src\Tests\GasTests\Graph\GraphFsmSugarTests.cs(358,45): warning CS8629: 可为 null 的值类型可为 null。 [C:\001_AI\Ludots-effect-transaction-perf\src\Tests\GasTests\GasTests.csproj]
C:\001_AI\Ludots-effect-transaction-perf\src\Tests\GasTests\Config\ConfigMergeE2ETests.cs(302,18): warning CS8602: 解引用可能出现空引用。 [C:\001_AI\Ludots-effect-transaction-perf\src\Tests\GasTests\GasTests.csproj]
C:\001_AI\Ludots-effect-transaction-perf\src\Tests\GasTests\Config\ConfigMergeE2ETests.cs(306,18): warning CS8602: 解引用可能出现空引用。 [C:\001_AI\Ludots-effect-transaction-perf\src\Tests\GasTests\GasTests.csproj]
C:\001_AI\Ludots-effect-transaction-perf\src\Tests\GasTests\Config\PresetTypePerformanceTests.cs(302,23): warning CS8600: 将 null 文本或可能的 null 值转换为不可为 null 类型。 [C:\001_AI\Ludots-effect-transaction-perf\src\Tests\GasTests\GasTests.csproj]
C:\001_AI\Ludots-effect-transaction-perf\src\Tests\GasTests\Config\ConfigMergerEntriesTests.cs(18,39): warning CS8604: “ConfigFragment.ConfigFragment(JsonNode node, string sourceUri)”中的形参“node”可能传入 null 引用实参。 [C:\001_AI\Ludots-effect-transaction-perf\src\Tests\GasTests\GasTests.csproj]
C:\001_AI\Ludots-effect-transaction-perf\src\Tests\GasTests\Graph\TriggerGraphPlacedVariableTests.cs(374,36): warning CS8601: 可能的 null 引用赋值。 [C:\001_AI\Ludots-effect-transaction-perf\src\Tests\GasTests\GasTests.csproj]
C:\001_AI\Ludots-effect-transaction-perf\src\Tests\GasTests\Effect\AuditCoverageTests.cs(545,23): warning CS8600: 将 null 文本或可能的 null 值转换为不可为 null 类型。 [C:\001_AI\Ludots-effect-transaction-perf\src\Tests\GasTests\GasTests.csproj]
C:\001_AI\Ludots-effect-transaction-perf\src\Tests\GasTests\GasCore\TagEffectArchitectureTests.cs(714,50): warning CS8625: 无法将 null 字面量转换为非 null 的引用类型。 [C:\001_AI\Ludots-effect-transaction-perf\src\Tests\GasTests\GasTests.csproj]
C:\001_AI\Ludots-effect-transaction-perf\src\Tests\GasTests\Graph\MapVariableStoreTests.cs(50,29): warning CS8600: 将 null 文本或可能的 null 值转换为不可为 null 类型。 [C:\001_AI\Ludots-effect-transaction-perf\src\Tests\GasTests\GasTests.csproj]
C:\001_AI\Ludots-effect-transaction-perf\src\Tests\GasTests\Graph\MapVariableStoreTests.cs(71,29): warning CS8600: 将 null 文本或可能的 null 值转换为不可为 null 类型。 [C:\001_AI\Ludots-effect-transaction-perf\src\Tests\GasTests\GasTests.csproj]
C:\001_AI\Ludots-effect-transaction-perf\src\Tests\GasTests\Graph\MapVariableStoreTests.cs(81,29): warning CS8600: 将 null 文本或可能的 null 值转换为不可为 null 类型。 [C:\001_AI\Ludots-effect-transaction-perf\src\Tests\GasTests\GasTests.csproj]
C:\001_AI\Ludots-effect-transaction-perf\src\Tests\GasTests\Graph\MapVariableStoreTests.cs(91,29): warning CS8600: 将 null 文本或可能的 null 值转换为不可为 null 类型。 [C:\001_AI\Ludots-effect-transaction-perf\src\Tests\GasTests\GasTests.csproj]
C:\001_AI\Ludots-effect-transaction-perf\src\Tests\GasTests\Graph\TriggerGraphGasBridgeTests.cs(59,42): warning CS0618: “ContextKeys”已过时:“Use CoreServiceKeys with ServiceKey<T> for type-safe access. This class will be removed in a future release.” [C:\001_AI\Ludots-effect-transaction-perf\src\Tests\GasTests\GasTests.csproj]
C:\001_AI\Ludots-effect-transaction-perf\src\Tests\GasTests\Graph\MapVariableStoreTests.cs(101,29): warning CS8600: 将 null 文本或可能的 null 值转换为不可为 null 类型。 [C:\001_AI\Ludots-effect-transaction-perf\src\Tests\GasTests\GasTests.csproj]
C:\001_AI\Ludots-effect-transaction-perf\src\Tests\GasTests\Graph\MapVariableStoreTests.cs(117,29): warning CS8600: 将 null 文本或可能的 null 值转换为不可为 null 类型。 [C:\001_AI\Ludots-effect-transaction-perf\src\Tests\GasTests\GasTests.csproj]
C:\001_AI\Ludots-effect-transaction-perf\src\Tests\GasTests\Graph\MapVariableStoreTests.cs(127,29): warning CS8600: 将 null 文本或可能的 null 值转换为不可为 null 类型。 [C:\001_AI\Ludots-effect-transaction-perf\src\Tests\GasTests\GasTests.csproj]
C:\001_AI\Ludots-effect-transaction-perf\src\Tests\GasTests\Graph\MapVariableStoreTests.cs(137,29): warning CS8600: 将 null 文本或可能的 null 值转换为不可为 null 类型。 [C:\001_AI\Ludots-effect-transaction-perf\src\Tests\GasTests\GasTests.csproj]
C:\001_AI\Ludots-effect-transaction-perf\src\Tests\GasTests\Graph\MapVariableStoreTests.cs(147,29): warning CS8600: 将 null 文本或可能的 null 值转换为不可为 null 类型。 [C:\001_AI\Ludots-effect-transaction-perf\src\Tests\GasTests\GasTests.csproj]
C:\001_AI\Ludots-effect-transaction-perf\src\Tests\GasTests\Graph\TriggerGraphEntryPayloadTests.cs(120,77): warning CS8625: 无法将 null 字面量转换为非 null 的引用类型。 [C:\001_AI\Ludots-effect-transaction-perf\src\Tests\GasTests\GasTests.csproj]
C:\001_AI\Ludots-effect-transaction-perf\src\Tests\GasTests\Graph\MapVariableStoreTests.cs(165,29): warning CS8600: 将 null 文本或可能的 null 值转换为不可为 null 类型。 [C:\001_AI\Ludots-effect-transaction-perf\src\Tests\GasTests\GasTests.csproj]
C:\001_AI\Ludots-effect-transaction-perf\src\Tests\GasTests\Graph\MapVariableStoreTests.cs(186,29): warning CS8600: 将 null 文本或可能的 null 值转换为不可为 null 类型。 [C:\001_AI\Ludots-effect-transaction-perf\src\Tests\GasTests\GasTests.csproj]
C:\001_AI\Ludots-effect-transaction-perf\src\Tests\GasTests\Association\ParticipantBindingContractTests.cs(398,78): warning CS8625: 无法将 null 字面量转换为非 null 的引用类型。 [C:\001_AI\Ludots-effect-transaction-perf\src\Tests\GasTests\GasTests.csproj]
C:\001_AI\Ludots-effect-transaction-perf\src\Tests\GasTests\Graph\TriggerGraphDispatchMapEventTests.cs(201,50): warning CS0618: “ContextKeys”已过时:“Use CoreServiceKeys with ServiceKey<T> for type-safe access. This class will be removed in a future release.” [C:\001_AI\Ludots-effect-transaction-perf\src\Tests\GasTests\GasTests.csproj]
C:\001_AI\Ludots-effect-transaction-perf\src\Tests\GasTests\Graph\TriggerGraphGlobalEventTests.cs(359,36): warning CS8601: 可能的 null 引用赋值。 [C:\001_AI\Ludots-effect-transaction-perf\src\Tests\GasTests\GasTests.csproj]
C:\001_AI\Ludots-effect-transaction-perf\src\Tests\GasTests\Graph\TriggerGraphHookTests.cs(447,36): warning CS8601: 可能的 null 引用赋值。 [C:\001_AI\Ludots-effect-transaction-perf\src\Tests\GasTests\GasTests.csproj]
C:\001_AI\Ludots-effect-transaction-perf\src\Tests\GasTests\Graph\MapTriggerRegionTests.cs(379,34): warning CS8601: 可能的 null 引用赋值。 [C:\001_AI\Ludots-effect-transaction-perf\src\Tests\GasTests\GasTests.csproj]
C:\001_AI\Ludots-effect-transaction-perf\src\Tests\GasTests\Effect\ResponseWindowRobustnessTests.cs(269,73): warning CS8625: 无法将 null 字面量转换为非 null 的引用类型。 [C:\001_AI\Ludots-effect-transaction-perf\src\Tests\GasTests\GasTests.csproj]
C:\001_AI\Ludots-effect-transaction-perf\src\Tests\GasTests\Effect\ResponseWindowRobustnessTests.cs(269,94): warning CS8625: 无法将 null 字面量转换为非 null 的引用类型。 [C:\001_AI\Ludots-effect-transaction-perf\src\Tests\GasTests\GasTests.csproj]
C:\001_AI\Ludots-effect-transaction-perf\src\Tests\GasTests\Graph\TriggerGraphMountTests.cs(616,36): warning CS8601: 可能的 null 引用赋值。 [C:\001_AI\Ludots-effect-transaction-perf\src\Tests\GasTests\GasTests.csproj]
C:\001_AI\Ludots-effect-transaction-perf\src\Tests\GasTests\Effect\ResponseWindowRobustnessTests.cs(298,88): warning CS8625: 无法将 null 字面量转换为非 null 的引用类型。 [C:\001_AI\Ludots-effect-transaction-perf\src\Tests\GasTests\GasTests.csproj]
C:\001_AI\Ludots-effect-transaction-perf\src\Tests\GasTests\Effect\RootBudgetTests.cs(381,25): warning CS8625: 无法将 null 字面量转换为非 null 的引用类型。 [C:\001_AI\Ludots-effect-transaction-perf\src\Tests\GasTests\GasTests.csproj]
C:\001_AI\Ludots-effect-transaction-perf\src\Tests\GasTests\Effect\RootBudgetTests.cs(383,32): warning CS8625: 无法将 null 字面量转换为非 null 的引用类型。 [C:\001_AI\Ludots-effect-transaction-perf\src\Tests\GasTests\GasTests.csproj]
C:\001_AI\Ludots-effect-transaction-perf\src\Tests\GasTests\Effect\RootBudgetTests.cs(384,30): warning CS8625: 无法将 null 字面量转换为非 null 的引用类型。 [C:\001_AI\Ludots-effect-transaction-perf\src\Tests\GasTests\GasTests.csproj]
C:\001_AI\Ludots-effect-transaction-perf\src\Tests\GasTests\GasCore\AttributeAggregatorTests.cs(123,17): warning CS0219: 变量“mods”已被赋值，但从未使用过它的值 [C:\001_AI\Ludots-effect-transaction-perf\src\Tests\GasTests\GasTests.csproj]
C:\001_AI\Ludots-effect-transaction-perf\src\Tests\GasTests\Effect\RootBudgetTests.cs(470,37): warning CS8625: 无法将 null 字面量转换为非 null 的引用类型。 [C:\001_AI\Ludots-effect-transaction-perf\src\Tests\GasTests\GasTests.csproj]
C:\001_AI\Ludots-effect-transaction-perf\src\Tests\GasTests\Graph\GraphApplyEffectTemplateArgsTests.cs(58,27): warning CS8629: 可为 null 的值类型可为 null。 [C:\001_AI\Ludots-effect-transaction-perf\src\Tests\GasTests\GasTests.csproj]
C:\001_AI\Ludots-effect-transaction-perf\src\Tests\GasTests\Graph\GraphNetworkTests.cs(323,66): warning CS8620: 由于引用类型的可为 null 性差异，InterLayerMapping?[] 类型的实参不能用于 MultiLayerGraph.MultiLayerGraph(NodeGraph[] layers, InterLayerMapping[] mappingFineToCoarse) 中 InterLayerMapping[] 类型的形参 mappingFineToCoarse。 [C:\001_AI\Ludots-effect-transaction-perf\src\Tests\GasTests\GasTests.csproj]
C:\001_AI\Ludots-effect-transaction-perf\src\Tests\GasTests\GasCore\TagEffectArchitectureTests.cs(1804,33): warning CS8625: 无法将 null 字面量转换为非 null 的引用类型。 [C:\001_AI\Ludots-effect-transaction-perf\src\Tests\GasTests\GasTests.csproj]
C:\001_AI\Ludots-effect-transaction-perf\src\Tests\GasTests\InteractionInput\InteractionPrefTests.cs(114,100): warning CS8625: 无法将 null 字面量转换为非 null 的引用类型。 [C:\001_AI\Ludots-effect-transaction-perf\src\Tests\GasTests\GasTests.csproj]
C:\001_AI\Ludots-effect-transaction-perf\src\Tests\GasTests\Integration\MudAbilityChainStressDemoTests.cs(160,21): warning CS8625: 无法将 null 字面量转换为非 null 的引用类型。 [C:\001_AI\Ludots-effect-transaction-perf\src\Tests\GasTests\GasTests.csproj]
C:\001_AI\Ludots-effect-transaction-perf\src\Tests\GasTests\Integration\MudAbilityChainStressDemoTests.cs(161,21): warning CS8625: 无法将 null 字面量转换为非 null 的引用类型。 [C:\001_AI\Ludots-effect-transaction-perf\src\Tests\GasTests\GasTests.csproj]
C:\001_AI\Ludots-effect-transaction-perf\src\Tests\GasTests\InteractionInput\ClientLocalSeatInputRuntimeTests.cs(228,38): warning CS8601: 可能的 null 引用赋值。 [C:\001_AI\Ludots-effect-transaction-perf\src\Tests\GasTests\GasTests.csproj]
C:\001_AI\Ludots-effect-transaction-perf\src\Tests\GasTests\InteractionInput\EffectPresetInteractionModeTests.cs(297,23): warning CS8600: 将 null 文本或可能的 null 值转换为不可为 null 类型。 [C:\001_AI\Ludots-effect-transaction-perf\src\Tests\GasTests\GasTests.csproj]
C:\001_AI\Ludots-effect-transaction-perf\src\Tests\GasTests\InteractionInput\AxisMoveOrderSystemTests.cs(351,55): warning CS8625: 无法将 null 字面量转换为非 null 的引用类型。 [C:\001_AI\Ludots-effect-transaction-perf\src\Tests\GasTests\GasTests.csproj]
C:\001_AI\Ludots-effect-transaction-perf\src\Tests\GasTests\Integration\SystemIntegrationTests.cs(57,61): warning CS8625: 无法将 null 字面量转换为非 null 的引用类型。 [C:\001_AI\Ludots-effect-transaction-perf\src\Tests\GasTests\GasTests.csproj]
C:\001_AI\Ludots-effect-transaction-perf\src\Tests\GasTests\Integration\MudAbilityChainStressDemoTests.cs(337,21): warning CS8625: 无法将 null 字面量转换为非 null 的引用类型。 [C:\001_AI\Ludots-effect-transaction-perf\src\Tests\GasTests\GasTests.csproj]
C:\001_AI\Ludots-effect-transaction-perf\src\Tests\GasTests\Integration\MudAbilityChainStressDemoTests.cs(338,21): warning CS8625: 无法将 null 字面量转换为非 null 的引用类型。 [C:\001_AI\Ludots-effect-transaction-perf\src\Tests\GasTests\GasTests.csproj]
C:\001_AI\Ludots-effect-transaction-perf\src\Tests\GasTests\Map\LoadedChunksEventTests.cs(37,39): warning CS8618: 在退出构造函数时，不可为 null 的 事件 "ChunkLoaded" 必须包含非 null 值。请考虑添加 "required" 修饰符或将该 事件 声明为可为 null。 [C:\001_AI\Ludots-effect-transaction-perf\src\Tests\GasTests\GasTests.csproj]
C:\001_AI\Ludots-effect-transaction-perf\src\Tests\GasTests\Map\LoadedChunksEventTests.cs(38,39): warning CS8618: 在退出构造函数时，不可为 null 的 事件 "ChunkUnloaded" 必须包含非 null 值。请考虑添加 "required" 修饰符或将该 事件 声明为可为 null。 [C:\001_AI\Ludots-effect-transaction-perf\src\Tests\GasTests\GasTests.csproj]
C:\001_AI\Ludots-effect-transaction-perf\src\Tests\GasTests\InteractionInput\ControlSchemeRuntimeTests.cs(494,21): warning CS8604: “ControlSchemeRuntime.ControlSchemeRuntime(StringIntRegistry schemeIdRegistry, OrderTypeRegistry orderTypes, Func<PlayerInputHandler> handlerProvider = null, ClientCastPreferenceStore preferences = null, InputConfigRoot inputConfig = null)”中的形参“handlerProvider”可能传入 null 引用实参。 [C:\001_AI\Ludots-effect-transaction-perf\src\Tests\GasTests\GasTests.csproj]
C:\001_AI\Ludots-effect-transaction-perf\src\Tests\GasTests\InteractionInput\ControlSchemeRuntimeTests.cs(496,34): warning CS8604: “ControlSchemeRuntime.ControlSchemeRuntime(StringIntRegistry schemeIdRegistry, OrderTypeRegistry orderTypes, Func<PlayerInputHandler> handlerProvider = null, ClientCastPreferenceStore preferences = null, InputConfigRoot inputConfig = null)”中的形参“inputConfig”可能传入 null 引用实参。 [C:\001_AI\Ludots-effect-transaction-perf\src\Tests\GasTests\GasTests.csproj]
C:\001_AI\Ludots-effect-transaction-perf\src\Tests\GasTests\InteractionInput\ControlSchemeRuntimeTests.cs(453,39): warning CS8618: 在退出构造函数时，不可为 null 的 字段 "Handler" 必须包含非 null 值。请考虑添加 "required" 修饰符或将该 字段 声明为可为 null。 [C:\001_AI\Ludots-effect-transaction-perf\src\Tests\GasTests\GasTests.csproj]
C:\001_AI\Ludots-effect-transaction-perf\src\Tests\GasTests\InteractionInput\ControlSchemeRuntimeTests.cs(454,37): warning CS8618: 在退出构造函数时，不可为 null 的 字段 "Backend" 必须包含非 null 值。请考虑添加 "required" 修饰符或将该 字段 声明为可为 null。 [C:\001_AI\Ludots-effect-transaction-perf\src\Tests\GasTests\GasTests.csproj]
C:\001_AI\Ludots-effect-transaction-perf\src\Tests\GasTests\Integration\MudSc2AndYgoDemoTests.cs(514,21): warning CS8625: 无法将 null 字面量转换为非 null 的引用类型。 [C:\001_AI\Ludots-effect-transaction-perf\src\Tests\GasTests\GasTests.csproj]
C:\001_AI\Ludots-effect-transaction-perf\src\Tests\GasTests\Production\AcceptanceUiEvidenceWriter.cs(140,90): warning CS0618: “SKPaint.TextSize”已过时:“Use SKFont.Size instead.” [C:\001_AI\Ludots-effect-transaction-perf\src\Tests\GasTests\GasTests.csproj]
C:\001_AI\Ludots-effect-transaction-perf\src\Tests\GasTests\Production\AcceptanceUiEvidenceWriter.cs(141,102): warning CS0618: “SKPaint.TextSize”已过时:“Use SKFont.Size instead.” [C:\001_AI\Ludots-effect-transaction-perf\src\Tests\GasTests\GasTests.csproj]
C:\001_AI\Ludots-effect-transaction-perf\src\Tests\GasTests\Production\AcceptanceUiEvidenceWriter.cs(142,103): warning CS0618: “SKPaint.TextSize”已过时:“Use SKFont.Size instead.” [C:\001_AI\Ludots-effect-transaction-perf\src\Tests\GasTests\GasTests.csproj]
C:\001_AI\Ludots-effect-transaction-perf\src\Tests\GasTests\Production\AcceptanceUiEvidenceWriter.cs(143,102): warning CS0618: “SKPaint.TextSize”已过时:“Use SKFont.Size instead.” [C:\001_AI\Ludots-effect-transaction-perf\src\Tests\GasTests\GasTests.csproj]
C:\001_AI\Ludots-effect-transaction-perf\src\Tests\GasTests\Production\AcceptanceUiEvidenceWriter.cs(147,9): warning CS0618: “SKCanvas.DrawText(string, float, float, SKPaint)”已过时:“Use DrawText(string text, float x, float y, SKTextAlign textAlign, SKFont font, SKPaint paint) instead.” [C:\001_AI\Ludots-effect-transaction-perf\src\Tests\GasTests\GasTests.csproj]
C:\001_AI\Ludots-effect-transaction-perf\src\Tests\GasTests\Production\AcceptanceUiEvidenceWriter.cs(174,13): warning CS0618: “SKCanvas.DrawText(string, float, float, SKPaint)”已过时:“Use DrawText(string text, float x, float y, SKTextAlign textAlign, SKFont font, SKPaint paint) instead.” [C:\001_AI\Ludots-effect-transaction-perf\src\Tests\GasTests\GasTests.csproj]
C:\001_AI\Ludots-effect-transaction-perf\src\Tests\GasTests\Production\AcceptanceUiEvidenceWriter.cs(230,9): warning CS0618: “SKCanvas.DrawText(string, float, float, SKPaint)”已过时:“Use DrawText(string text, float x, float y, SKTextAlign textAlign, SKFont font, SKPaint paint) instead.” [C:\001_AI\Ludots-effect-transaction-perf\src\Tests\GasTests\GasTests.csproj]
C:\001_AI\Ludots-effect-transaction-perf\src\Tests\GasTests\Production\AcceptanceUiEvidenceWriter.cs(231,14): warning CS0618: “SKPaint.TextSize”已过时:“Use SKFont.Size instead.” [C:\001_AI\Ludots-effect-transaction-perf\src\Tests\GasTests\GasTests.csproj]
C:\001_AI\Ludots-effect-transaction-perf\src\Tests\GasTests\Production\CapabilityStandardShowcaseTestHarness.cs(144,19): warning CS8600: 将 null 文本或可能的 null 值转换为不可为 null 类型。 [C:\001_AI\Ludots-effect-transaction-perf\src\Tests\GasTests\GasTests.csproj]
C:\001_AI\Ludots-effect-transaction-perf\src\Tests\GasTests\Production\CapabilityStandardPhysics2DShowcaseAcceptanceTests.cs(483,23): warning CS8600: 将 null 文本或可能的 null 值转换为不可为 null 类型。 [C:\001_AI\Ludots-effect-transaction-perf\src\Tests\GasTests\GasTests.csproj]
C:\001_AI\Ludots-effect-transaction-perf\src\Tests\GasTests\Production\GasProductionFeatureReportTests.cs(501,23): warning CS8600: 将 null 文本或可能的 null 值转换为不可为 null 类型。 [C:\001_AI\Ludots-effect-transaction-perf\src\Tests\GasTests\GasTests.csproj]
C:\001_AI\Ludots-effect-transaction-perf\src\Tests\GasTests\Production\ProductionAllModsValidationTests.cs(326,23): warning CS8600: 将 null 文本或可能的 null 值转换为不可为 null 类型。 [C:\001_AI\Ludots-effect-transaction-perf\src\Tests\GasTests\GasTests.csproj]
C:\001_AI\Ludots-effect-transaction-perf\src\Tests\GasTests\Production\PerformanceVisualizationShowcaseAcceptanceTests.cs(214,23): warning CS8600: 将 null 文本或可能的 null 值转换为不可为 null 类型。 [C:\001_AI\Ludots-effect-transaction-perf\src\Tests\GasTests\GasTests.csproj]
C:\001_AI\Ludots-effect-transaction-perf\src\Tests\GasTests\Networking\RtsMultiplayerFrontlineReplicationTests.cs(857,40): warning CS8600: 将 null 文本或可能的 null 值转换为不可为 null 类型。 [C:\001_AI\Ludots-effect-transaction-perf\src\Tests\GasTests\GasTests.csproj]
C:\001_AI\Ludots-effect-transaction-perf\src\Tests\GasTests\Networking\RtsMultiplayerFrontlineReplicationTests.cs(865,13): warning CS8602: 解引用可能出现空引用。 [C:\001_AI\Ludots-effect-transaction-perf\src\Tests\GasTests\GasTests.csproj]
C:\001_AI\Ludots-effect-transaction-perf\src\Tests\GasTests\Production\ItemSystemShowcasePlayableAcceptanceTests.cs(930,33): warning CS8600: 将 null 文本或可能的 null 值转换为不可为 null 类型。 [C:\001_AI\Ludots-effect-transaction-perf\src\Tests\GasTests\GasTests.csproj]
C:\001_AI\Ludots-effect-transaction-perf\src\Tests\GasTests\Production\ItemSystemShowcasePlayableAcceptanceTests.cs(936,33): warning CS8600: 将 null 文本或可能的 null 值转换为不可为 null 类型。 [C:\001_AI\Ludots-effect-transaction-perf\src\Tests\GasTests\GasTests.csproj]
C:\001_AI\Ludots-effect-transaction-perf\src\Tests\GasTests\Production\ItemSystemShowcasePlayableAcceptanceTests.cs(942,31): warning CS8600: 将 null 文本或可能的 null 值转换为不可为 null 类型。 [C:\001_AI\Ludots-effect-transaction-perf\src\Tests\GasTests\GasTests.csproj]
C:\001_AI\Ludots-effect-transaction-perf\src\Tests\GasTests\Production\EntityQueryTacticsShowcasePlayableAcceptanceTests.cs(993,133): warning CS0618: “SKPaint.TextSize”已过时:“Use SKFont.Size instead.” [C:\001_AI\Ludots-effect-transaction-perf\src\Tests\GasTests\GasTests.csproj]
C:\001_AI\Ludots-effect-transaction-perf\src\Tests\GasTests\Production\EntityQueryTacticsShowcasePlayableAcceptanceTests.cs(994,138): warning CS0618: “SKPaint.TextSize”已过时:“Use SKFont.Size instead.” [C:\001_AI\Ludots-effect-transaction-perf\src\Tests\GasTests\GasTests.csproj]
C:\001_AI\Ludots-effect-transaction-perf\src\Tests\GasTests\Production\EntityQueryTacticsShowcasePlayableAcceptanceTests.cs(1021,13): warning CS0618: “SKCanvas.DrawText(string, float, float, SKPaint)”已过时:“Use DrawText(string text, float x, float y, SKTextAlign textAlign, SKFont font, SKPaint paint) instead.” [C:\001_AI\Ludots-effect-transaction-perf\src\Tests\GasTests\GasTests.csproj]
C:\001_AI\Ludots-effect-transaction-perf\src\Tests\GasTests\Production\EntityQueryTacticsShowcasePlayableAcceptanceTests.cs(1022,13): warning CS0618: “SKCanvas.DrawText(string, float, float, SKPaint)”已过时:“Use DrawText(string text, float x, float y, SKTextAlign textAlign, SKFont font, SKPaint paint) instead.” [C:\001_AI\Ludots-effect-transaction-perf\src\Tests\GasTests\GasTests.csproj]
C:\001_AI\Ludots-effect-transaction-perf\src\Tests\GasTests\Production\EntityQueryTacticsShowcasePlayableAcceptanceTests.cs(1030,17): warning CS0618: “SKCanvas.DrawText(string, float, float, SKPaint)”已过时:“Use DrawText(string text, float x, float y, SKTextAlign textAlign, SKFont font, SKPaint paint) instead.” [C:\001_AI\Ludots-effect-transaction-perf\src\Tests\GasTests\GasTests.csproj]
C:\001_AI\Ludots-effect-transaction-perf\src\Tests\GasTests\Production\EntityQueryTacticsShowcasePlayableAcceptanceTests.cs(1105,17): warning CS0618: “SKCanvas.DrawText(string, float, float, SKPaint)”已过时:“Use DrawText(string text, float x, float y, SKTextAlign textAlign, SKFont font, SKPaint paint) instead.” [C:\001_AI\Ludots-effect-transaction-perf\src\Tests\GasTests\GasTests.csproj]
C:\001_AI\Ludots-effect-transaction-perf\src\Tests\GasTests\Production\EntityQueryTacticsShowcasePlayableAcceptanceTests.cs(1109,17): warning CS0618: “SKCanvas.DrawText(string, float, float, SKPaint)”已过时:“Use DrawText(string text, float x, float y, SKTextAlign textAlign, SKFont font, SKPaint paint) instead.” [C:\001_AI\Ludots-effect-transaction-perf\src\Tests\GasTests\GasTests.csproj]
C:\001_AI\Ludots-effect-transaction-perf\src\Tests\GasTests\Production\EntityQueryTacticsShowcasePlayableAcceptanceTests.cs(1185,13): warning CS0618: “SKCanvas.DrawText(string, float, float, SKPaint)”已过时:“Use DrawText(string text, float x, float y, SKTextAlign textAlign, SKFont font, SKPaint paint) instead.” [C:\001_AI\Ludots-effect-transaction-perf\src\Tests\GasTests\GasTests.csproj]
C:\001_AI\Ludots-effect-transaction-perf\src\Tests\GasTests\Production\EntityQueryTacticsShowcasePlayableAcceptanceTests.cs(1186,13): warning CS0618: “SKCanvas.DrawText(string, float, float, SKPaint)”已过时:“Use DrawText(string text, float x, float y, SKTextAlign textAlign, SKFont font, SKPaint paint) instead.” [C:\001_AI\Ludots-effect-transaction-perf\src\Tests\GasTests\GasTests.csproj]
C:\001_AI\Ludots-effect-transaction-perf\src\Tests\GasTests\Production\EntityQueryTacticsShowcasePlayableAcceptanceTests.cs(1187,13): warning CS0618: “SKCanvas.DrawText(string, float, float, SKPaint)”已过时:“Use DrawText(string text, float x, float y, SKTextAlign textAlign, SKFont font, SKPaint paint) instead.” [C:\001_AI\Ludots-effect-transaction-perf\src\Tests\GasTests\GasTests.csproj]
C:\001_AI\Ludots-effect-transaction-perf\src\Tests\GasTests\Production\EntityQueryTacticsShowcasePlayableAcceptanceTests.cs(1316,13): warning CS0618: “SKCanvas.DrawText(string, float, float, SKPaint)”已过时:“Use DrawText(string text, float x, float y, SKTextAlign textAlign, SKFont font, SKPaint paint) instead.” [C:\001_AI\Ludots-effect-transaction-perf\src\Tests\GasTests\GasTests.csproj]
C:\001_AI\Ludots-effect-transaction-perf\src\Tests\GasTests\Production\EntityQueryTacticsShowcasePlayableAcceptanceTests.cs(1317,13): warning CS0618: “SKCanvas.DrawText(string, float, float, SKPaint)”已过时:“Use DrawText(string text, float x, float y, SKTextAlign textAlign, SKFont font, SKPaint paint) instead.” [C:\001_AI\Ludots-effect-transaction-perf\src\Tests\GasTests\GasTests.csproj]
C:\001_AI\Ludots-effect-transaction-perf\src\Tests\GasTests\Production\EntityQueryTacticsShowcasePlayableAcceptanceTests.cs(1318,13): warning CS0618: “SKCanvas.DrawText(string, float, float, SKPaint)”已过时:“Use DrawText(string text, float x, float y, SKTextAlign textAlign, SKFont font, SKPaint paint) instead.” [C:\001_AI\Ludots-effect-transaction-perf\src\Tests\GasTests\GasTests.csproj]
C:\001_AI\Ludots-effect-transaction-perf\src\Tests\GasTests\Production\EntityQueryTacticsShowcasePlayableAcceptanceTests.cs(1375,13): warning CS0618: “SKCanvas.DrawText(string, float, float, SKPaint)”已过时:“Use DrawText(string text, float x, float y, SKTextAlign textAlign, SKFont font, SKPaint paint) instead.” [C:\001_AI\Ludots-effect-transaction-perf\src\Tests\GasTests\GasTests.csproj]
C:\001_AI\Ludots-effect-transaction-perf\src\Tests\GasTests\Production\EntityQueryTacticsShowcasePlayableAcceptanceTests.cs(1385,13): warning CS0618: “SKCanvas.DrawText(string, float, float, SKPaint)”已过时:“Use DrawText(string text, float x, float y, SKTextAlign textAlign, SKFont font, SKPaint paint) instead.” [C:\001_AI\Ludots-effect-transaction-perf\src\Tests\GasTests\GasTests.csproj]
C:\001_AI\Ludots-effect-transaction-perf\src\Tests\GasTests\Production\ProductionModDemoLogTests.cs(1004,23): warning CS8600: 将 null 文本或可能的 null 值转换为不可为 null 类型。 [C:\001_AI\Ludots-effect-transaction-perf\src\Tests\GasTests\GasTests.csproj]
C:\001_AI\Ludots-effect-transaction-perf\src\Tests\GasTests\Production\StaticObstaclePhysicsShowcaseAcceptanceTests.cs(414,23): warning CS8600: 将 null 文本或可能的 null 值转换为不可为 null 类型。 [C:\001_AI\Ludots-effect-transaction-perf\src\Tests\GasTests\GasTests.csproj]
C:\001_AI\Ludots-effect-transaction-perf\src\Tests\GasTests\Production\RtsSpawnTargetAcceptanceTests.cs(418,23): warning CS8600: 将 null 文本或可能的 null 值转换为不可为 null 类型。 [C:\001_AI\Ludots-effect-transaction-perf\src\Tests\GasTests\GasTests.csproj]
C:\001_AI\Ludots-effect-transaction-perf\src\Tests\GasTests\Production\DialogueAuthorKitAcceptanceTests.cs(241,45): warning CS0649: 从未对字段“DialogueAuthorKitAcceptanceTests.TestInputBackend._mousePosition”赋值，字段将一直保持其默认值 [C:\001_AI\Ludots-effect-transaction-perf\src\Tests\GasTests\GasTests.csproj]
C:\001_AI\Ludots-effect-transaction-perf\src\Tests\GasTests\Production\NarrativeTriggerGraphWireAcceptanceTests.cs(212,45): warning CS0649: 从未对字段“NarrativeTriggerGraphWireAcceptanceTests.TestInputBackend._mousePosition”赋值，字段将一直保持其默认值 [C:\001_AI\Ludots-effect-transaction-perf\src\Tests\GasTests\GasTests.csproj]
C:\001_AI\Ludots-effect-transaction-perf\src\Tests\GasTests\Production\MinimapShowcaseAcceptanceTests.cs(747,25): warning CS0649: 从未对字段“MinimapShowcaseAcceptanceTests.TestInputBackend._mousePosition”赋值，字段将一直保持其默认值 [C:\001_AI\Ludots-effect-transaction-perf\src\Tests\GasTests\GasTests.csproj]
C:\001_AI\Ludots-effect-transaction-perf\src\Tests\GasTests\AI\GraphBehaviorArenaAcceptanceTests.cs(88,13): warning NUnit1033: The Write methods are wrappers on TestContext.Out (https://github.com/nunit/nunit.analyzers/tree/master/documentation/NUnit1033.md) [C:\001_AI\Ludots-effect-transaction-perf\src\Tests\GasTests\GasTests.csproj]
C:\001_AI\Ludots-effect-transaction-perf\src\Tests\GasTests\AI\FsmRuntimeTests.cs(208,13): warning NUnit1033: The Write methods are wrappers on TestContext.Out (https://github.com/nunit/nunit.analyzers/tree/master/documentation/NUnit1033.md) [C:\001_AI\Ludots-effect-transaction-perf\src\Tests\GasTests\GasTests.csproj]
C:\001_AI\Ludots-effect-transaction-perf\src\Tests\GasTests\AI\FsmRuntimeTests.cs(153,13): warning NUnit1033: The Write methods are wrappers on TestContext.Out (https://github.com/nunit/nunit.analyzers/tree/master/documentation/NUnit1033.md) [C:\001_AI\Ludots-effect-transaction-perf\src\Tests\GasTests\GasTests.csproj]
C:\001_AI\Ludots-effect-transaction-perf\src\Tests\GasTests\Spatial\ISpatialPartitionWorldTests.cs(43,39): warning CA2014: 潜在的堆栈溢出。将 stackalloc 移出循环。 (https://learn.microsoft.com/dotnet/fundamentals/code-analysis/quality-rules/ca2014) [C:\001_AI\Ludots-effect-transaction-perf\src\Tests\GasTests\GasTests.csproj]
C:\001_AI\Ludots-effect-transaction-perf\src\Tests\GasTests\Spatial\ISpatialPartitionWorldTests.cs(61,39): warning CA2014: 潜在的堆栈溢出。将 stackalloc 移出循环。 (https://learn.microsoft.com/dotnet/fundamentals/code-analysis/quality-rules/ca2014) [C:\001_AI\Ludots-effect-transaction-perf\src\Tests\GasTests\GasTests.csproj]
C:\001_AI\Ludots-effect-transaction-perf\src\Tests\GasTests\Spatial\ISpatialPartitionWorldTests.cs(78,39): warning CA2014: 潜在的堆栈溢出。将 stackalloc 移出循环。 (https://learn.microsoft.com/dotnet/fundamentals/code-analysis/quality-rules/ca2014) [C:\001_AI\Ludots-effect-transaction-perf\src\Tests\GasTests\GasTests.csproj]
C:\001_AI\Ludots-effect-transaction-perf\src\Tests\GasTests\Spatial\ISpatialPartitionWorldTests.cs(109,39): warning CA2014: 潜在的堆栈溢出。将 stackalloc 移出循环。 (https://learn.microsoft.com/dotnet/fundamentals/code-analysis/quality-rules/ca2014) [C:\001_AI\Ludots-effect-transaction-perf\src\Tests\GasTests\GasTests.csproj]
C:\001_AI\Ludots-effect-transaction-perf\src\Tests\GasTests\Spatial\ISpatialPartitionWorldTests.cs(130,39): warning CA2014: 潜在的堆栈溢出。将 stackalloc 移出循环。 (https://learn.microsoft.com/dotnet/fundamentals/code-analysis/quality-rules/ca2014) [C:\001_AI\Ludots-effect-transaction-perf\src\Tests\GasTests\GasTests.csproj]
C:\001_AI\Ludots-effect-transaction-perf\src\Tests\GasTests\Physics2D\Physics2DIntegrationTests.cs(83,13): warning NUnit1033: The Write methods are wrappers on TestContext.Out (https://github.com/nunit/nunit.analyzers/tree/master/documentation/NUnit1033.md) [C:\001_AI\Ludots-effect-transaction-perf\src\Tests\GasTests\GasTests.csproj]
C:\001_AI\Ludots-effect-transaction-perf\src\Tests\GasTests\Production\GraphBehaviorSeparatedShowcaseAcceptanceTests.cs(144,13): warning NUnit1033: The Write methods are wrappers on TestContext.Out (https://github.com/nunit/nunit.analyzers/tree/master/documentation/NUnit1033.md) [C:\001_AI\Ludots-effect-transaction-perf\src\Tests\GasTests\GasTests.csproj]
C:\001_AI\Ludots-effect-transaction-perf\src\Tests\GasTests\Graph\GraphFsmSugarTests.cs(416,17): warning NUnit1033: The Write methods are wrappers on TestContext.Out (https://github.com/nunit/nunit.analyzers/tree/master/documentation/NUnit1033.md) [C:\001_AI\Ludots-effect-transaction-perf\src\Tests\GasTests\GasTests.csproj]
C:\001_AI\Ludots-effect-transaction-perf\src\Tests\GasTests\Graph\GraphFsmSugarTests.cs(450,13): warning NUnit1033: The Write methods are wrappers on TestContext.Out (https://github.com/nunit/nunit.analyzers/tree/master/documentation/NUnit1033.md) [C:\001_AI\Ludots-effect-transaction-perf\src\Tests\GasTests\GasTests.csproj]
C:\001_AI\Ludots-effect-transaction-perf\src\Tests\GasTests\Production\GraphBehaviorSeparatedShowcaseAcceptanceTests.cs(204,13): warning NUnit1033: The Write methods are wrappers on TestContext.Out (https://github.com/nunit/nunit.analyzers/tree/master/documentation/NUnit1033.md) [C:\001_AI\Ludots-effect-transaction-perf\src\Tests\GasTests\GasTests.csproj]
C:\001_AI\Ludots-effect-transaction-perf\src\Tests\GasTests\Production\GraphBehaviorSeparatedShowcaseAcceptanceTests.cs(266,13): warning NUnit1033: The Write methods are wrappers on TestContext.Out (https://github.com/nunit/nunit.analyzers/tree/master/documentation/NUnit1033.md) [C:\001_AI\Ludots-effect-transaction-perf\src\Tests\GasTests\GasTests.csproj]
C:\001_AI\Ludots-effect-transaction-perf\src\Tests\GasTests\Spatial\SpatialQueryBackendParityTests.cs(52,38): warning CA2014: 潜在的堆栈溢出。将 stackalloc 移出循环。 (https://learn.microsoft.com/dotnet/fundamentals/code-analysis/quality-rules/ca2014) [C:\001_AI\Ludots-effect-transaction-perf\src\Tests\GasTests\GasTests.csproj]
C:\001_AI\Ludots-effect-transaction-perf\src\Tests\GasTests\Spatial\SpatialQueryBackendParityTests.cs(53,38): warning CA2014: 潜在的堆栈溢出。将 stackalloc 移出循环。 (https://learn.microsoft.com/dotnet/fundamentals/code-analysis/quality-rules/ca2014) [C:\001_AI\Ludots-effect-transaction-perf\src\Tests\GasTests\GasTests.csproj]
C:\001_AI\Ludots-effect-transaction-perf\src\Tests\GasTests\Spatial\SpatialQueryBackendParityTests.cs(73,38): warning CA2014: 潜在的堆栈溢出。将 stackalloc 移出循环。 (https://learn.microsoft.com/dotnet/fundamentals/code-analysis/quality-rules/ca2014) [C:\001_AI\Ludots-effect-transaction-perf\src\Tests\GasTests\GasTests.csproj]
C:\001_AI\Ludots-effect-transaction-perf\src\Tests\GasTests\Spatial\SpatialQueryBackendParityTests.cs(74,38): warning CA2014: 潜在的堆栈溢出。将 stackalloc 移出循环。 (https://learn.microsoft.com/dotnet/fundamentals/code-analysis/quality-rules/ca2014) [C:\001_AI\Ludots-effect-transaction-perf\src\Tests\GasTests\GasTests.csproj]
C:\001_AI\Ludots-effect-transaction-perf\src\Tests\GasTests\Spatial\SpatialQueryBackendParityTests.cs(129,44): warning CA2014: 潜在的堆栈溢出。将 stackalloc 移出循环。 (https://learn.microsoft.com/dotnet/fundamentals/code-analysis/quality-rules/ca2014) [C:\001_AI\Ludots-effect-transaction-perf\src\Tests\GasTests\GasTests.csproj]
C:\001_AI\Ludots-effect-transaction-perf\src\Tests\GasTests\Spatial\SpatialQueryBackendParityTests.cs(130,47): warning CA2014: 潜在的堆栈溢出。将 stackalloc 移出循环。 (https://learn.microsoft.com/dotnet/fundamentals/code-analysis/quality-rules/ca2014) [C:\001_AI\Ludots-effect-transaction-perf\src\Tests\GasTests\GasTests.csproj]
C:\001_AI\Ludots-effect-transaction-perf\src\Tests\GasTests\Spatial\SpatialQueryBackendParityTests.cs(158,44): warning CA2014: 潜在的堆栈溢出。将 stackalloc 移出循环。 (https://learn.microsoft.com/dotnet/fundamentals/code-analysis/quality-rules/ca2014) [C:\001_AI\Ludots-effect-transaction-perf\src\Tests\GasTests\GasTests.csproj]
C:\001_AI\Ludots-effect-transaction-perf\src\Tests\GasTests\Spatial\SpatialQueryBackendParityTests.cs(159,47): warning CA2014: 潜在的堆栈溢出。将 stackalloc 移出循环。 (https://learn.microsoft.com/dotnet/fundamentals/code-analysis/quality-rules/ca2014) [C:\001_AI\Ludots-effect-transaction-perf\src\Tests\GasTests\GasTests.csproj]
C:\001_AI\Ludots-effect-transaction-perf\src\Tests\GasTests\bin\Release\net9.0\GasTests.dll (.NETCoreApp,Version=v9.0)的测试运行
VSTest 版本 17.14.1 (x64)

正在启动测试执行，请稍候...
总共 1 个测试文件与指定模式相匹配。
NUnit Adapter 4.6.0.0: Test execution started
Running selected tests in C:\001_AI\Ludots-effect-transaction-perf\src\Tests\GasTests\bin\Release\net9.0\GasTests.dll
   NUnit3TestExecutor discovered 7 of 7 NUnit test cases using Current Discovery mode, Non-Explicit run
state-transaction count=1000 medianMs=0.280 p95Ms=0.294 allocated=0

state-transaction count=5000 medianMs=0.992 p95Ms=1.003 allocated=0

state-transaction count=10000 medianMs=1.826 p95Ms=1.876 allocated=0

listener-registration count=10000 distinctEntities=20000 medianMs=1.638 p95Ms=1.753 allocated=0

NUnit Adapter 4.6.0.0: Test execution complete
  已通过 BlackboardChannels_AtCapacityReadOwnWritesRollbackAndReuse [29 ms]
  已通过 GameplayState_DistinctEntities_CommitAndReuseWithinFrameBudget(1000) [18 ms]
  已通过 GameplayState_DistinctEntities_CommitAndReuseWithinFrameBudget(5000) [46 ms]
  已通过 GameplayState_DistinctEntities_CommitAndReuseWithinFrameBudget(10000) [64 ms]
  已通过 ListenerRegistration_DistinctSourceAndTargetCountsRemainLinearAndReusable [242 ms]
  已通过 ListenerRemoval_DeduplicatesEntityAndOwnerAndClearsOnRollback [1 ms]
  已通过 StateCapacity_RestagingRollbackAndEntityVersionReuseRemainIsolated [1 ms]

测试运行成功。
测试总数: 7
     通过数: 7
总时间: 1.0025 秒

有可用的工作负载更新。有关详细信息，请运行 `dotnet workload list`。
