[2026-07-25T22:10:27.4079480Z] screenshot frame=600 cameraPos=(212.00,50.07,180.56) cameraTarget=(212.00,8.00,150.00)
[2026-07-25T22:10:27.4275632Z] timing frame=1.03ms fps=967.0 cleanPerf=0 visibleEntities=6 performerActive=32 performerDefs=rts.frontline.harvester.team_band:2,rts.frontline.harvester.cab:2,rts.frontline.harvester.cargo:2,rts.frontline.harvester.chassis:2,rts.frontline.infantry.team_band:2,rts.frontline.infantry.helmet:2,rts.frontline.infantry.body:2,rts.frontline.crystal.right:2 primitiveRaw=21 primitiveStaticRaw=21 skinnedRaw=0 gpuSkinned=0/0 gpuSkinBuild=0.00 gpuSkinDraw=0.00 gap=0.00 poll=0.00 pre=0.01 tick=0.39 post=0.01 begin=0.00 sim=0.00 simTop1=:0.00 simTop2=:0.00 simTop3=:0.00 presentation=0.24 presTop1=:0.00 presTop2=:0.00 presTop3=:0.00 behavior=0.03 behaviorBoot=1 behaviorOwner=0 behaviorAttr=0 behaviorTag=0 behaviorTick=0 animator=0.00 transformSync=0.00 minimapCollect=0.00 minimapMarkers=0/0 minimapProject=0.00 minimapScreen=0/0 heightSync=0.00 heightSamples=7 requestFlush=0.01 spawnBatch=0.00/0.00/0.00/0.00 spawnPerf=0.00/0.00/0.00 spawnPerfParts=0.00/0.00/0.00/0.00/0.00/0.00 spawnPerfChildParts=0.00/0.00/0.00/0.00/0.00 cull=0.07 cullSpatial=0.05 cullStatic=0.00 cullDyn=0.01 cullEntity=0.02 cullSync=0.00 hudProj=0.00 hudRaw=0 hudProjected=0 hudDensitySkip=0 mode3D=0.28 terrain=0.04 terrainChunks=16/0 field=0.00 fieldCount=0 fieldDirty=0 fieldArea=0 fieldDraws=0 primitive=0.08 primSync=0.00 primBucket=0.00 primImmediate=0.08 primImmediateSkip=0 primBuild=0.00 primDraw=0.00 primInstances=21 primBatches=12 primCache=0/0 ground=0.04 groundCount=1 groundRaw=1 spline=0.00 splineCount=0 splineRaw=0 debugDraw=0.00 debugDrawCount=0 debugDrawRaw=0 overlay=0.10 overlayBuild=0.00 overlayDirtyLanes=0 overlayItems=12 overlayRebuilt=0 overlayPaint=0.00 overlayComposite=0.00 uiRender=0.00 uiUpload=0.00 overlayFinal=0.10 nativeDiag=0.00 emit=0.03 emitDirty=0.00 emitDirtyCount=0 emitRetained=0.01 emitRetainedCount=1 emitRetainedDirectPath=0/1/1 endDraw=0.23 screenshot=0.00 worldHud=0 screenBars=0 screenText=0 worldHudDrops=0 screenHudDrops=0 overlaySceneDrops=0
[2026-07-25T22:10:27.4303770Z] prefab-visual-counts lastFrame(mesh=21,decal=0,vfx=0,surface=0) total(mesh=11091,decal=0,vfx=0,surface=0)
[2026-07-25T22:10:27.4324304Z] primitive-lane bucketCount=0
[2026-07-25T22:10:27.4484340Z] presentation-receipt template=rts.frontline.core.base templateId=41 submitted=1 onscreen=1 minShortEdgePx=54.32 minAreaPx2=4329.29
[2026-07-25T22:10:27.4493315Z] presentation-receipt template=rts.frontline.core.reactor templateId=42 submitted=1 onscreen=1 minShortEdgePx=19.96 minAreaPx2=423.59
[2026-07-25T22:10:27.4502689Z] presentation-receipt template=rts.frontline.core.beacon templateId=43 submitted=1 onscreen=1 minShortEdgePx=2.91 minAreaPx2=10.21
[2026-07-25T22:10:27.4512542Z] presentation-receipt template=rts.frontline.core.team_band templateId=44 submitted=1 onscreen=1 minShortEdgePx=27.08 minAreaPx2=1099.13
[2026-07-25T22:10:27.4518170Z] presentation-receipt template=rts.frontline.harvester.chassis templateId=46 submitted=2 onscreen=2 minShortEdgePx=30.71 minAreaPx2=1041.66
[2026-07-25T22:10:27.4522018Z] presentation-receipt template=rts.frontline.harvester.cargo templateId=47 submitted=2 onscreen=2 minShortEdgePx=11.99 minAreaPx2=194.50
[2026-07-25T22:10:27.4525032Z] presentation-receipt template=rts.frontline.harvester.cab templateId=48 submitted=2 onscreen=2 minShortEdgePx=7.39 minAreaPx2=60.65
[2026-07-25T22:10:27.4529051Z] presentation-receipt template=rts.frontline.harvester.team_band templateId=49 submitted=2 onscreen=2 minShortEdgePx=32.94 minAreaPx2=1263.46
[2026-07-25T22:10:27.4532859Z] presentation-receipt template=rts.frontline.infantry.body templateId=50 submitted=2 onscreen=2 minShortEdgePx=23.03 minAreaPx2=591.07
[2026-07-25T22:10:27.4536052Z] presentation-receipt template=rts.frontline.infantry.helmet templateId=51 submitted=2 onscreen=2 minShortEdgePx=16.07 minAreaPx2=404.21
[2026-07-25T22:10:27.4541893Z] presentation-receipt template=rts.frontline.infantry.team_band templateId=52 submitted=2 onscreen=2 minShortEdgePx=14.04 minAreaPx2=357.19
[2026-07-25T22:10:27.4549931Z] presentation-receipt template=rts.frontline.crystal.center templateId=54 submitted=1 onscreen=1 minShortEdgePx=38.96 minAreaPx2=1615.60
[2026-07-25T22:10:27.4555967Z] presentation-receipt template=rts.frontline.crystal.left templateId=55 submitted=1 onscreen=1 minShortEdgePx=20.52 minAreaPx2=440.74
[2026-07-25T22:10:27.4563850Z] presentation-receipt template=rts.frontline.crystal.right templateId=56 submitted=1 onscreen=1 minShortEdgePx=15.15 minAreaPx2=241.39
[2026-07-25T22:10:27.4611185Z] windowFocused=True pointer=(0,0) authPointer=(0,0) liveSelect[down=False,pressed=False,released=False] authSelect[down=False,pressed=False,released=False] liveCommand[down=False,pressed=False,released=False] authCommand[down=False,pressed=False,released=False] hovered=(none) commandSource=Crystal Harvester#11 uiCaptured=False drag=idle targets=(none)
[2026-07-25T22:10:33.4808257Z] screenshot frame=6100 cameraPos=(212.00,50.07,180.56) cameraTarget=(212.00,8.00,150.00)
[2026-07-25T22:10:33.4818760Z] timing frame=0.79ms fps=1270.0 cleanPerf=0 visibleEntities=6 performerActive=32 performerDefs=rts.frontline.harvester.team_band:2,rts.frontline.harvester.cab:2,rts.frontline.harvester.cargo:2,rts.frontline.harvester.chassis:2,rts.frontline.infantry.team_band:2,rts.frontline.infantry.helmet:2,rts.frontline.infantry.body:2,rts.frontline.crystal.right:2 primitiveRaw=21 primitiveStaticRaw=21 skinnedRaw=0 gpuSkinned=0/0 gpuSkinBuild=0.00 gpuSkinDraw=0.00 gap=0.00 poll=0.00 pre=0.01 tick=0.29 post=0.01 begin=0.00 sim=0.00 simTop1=:0.00 simTop2=:0.00 simTop3=:0.00 presentation=0.19 presTop1=:0.00 presTop2=:0.00 presTop3=:0.00 behavior=0.02 behaviorBoot=1 behaviorOwner=0 behaviorAttr=0 behaviorTag=0 behaviorTick=0 animator=0.00 transformSync=0.00 minimapCollect=0.00 minimapMarkers=0/0 minimapProject=0.00 minimapScreen=0/0 heightSync=0.00 heightSamples=7 requestFlush=0.01 spawnBatch=0.00/0.00/0.00/0.00 spawnPerf=0.00/0.00/0.00 spawnPerfParts=0.00/0.00/0.00/0.00/0.00/0.00 spawnPerfChildParts=0.00/0.00/0.00/0.00/0.00 cull=0.04 cullSpatial=0.03 cullStatic=0.00 cullDyn=0.01 cullEntity=0.01 cullSync=0.00 hudProj=0.00 hudRaw=0 hudProjected=0 hudDensitySkip=0 mode3D=0.27 terrain=0.03 terrainChunks=16/0 field=0.00 fieldCount=0 fieldDirty=0 fieldArea=0 fieldDraws=0 primitive=0.10 primSync=0.00 primBucket=0.00 primImmediate=0.10 primImmediateSkip=0 primBuild=0.00 primDraw=0.00 primInstances=21 primBatches=12 primCache=0/0 ground=0.05 groundCount=1 groundRaw=1 spline=0.00 splineCount=0 splineRaw=0 debugDraw=0.00 debugDrawCount=0 debugDrawRaw=0 overlay=0.11 overlayBuild=0.00 overlayDirtyLanes=0 overlayItems=12 overlayRebuilt=0 overlayPaint=0.00 overlayComposite=0.00 uiRender=0.00 uiUpload=0.00 overlayFinal=0.11 nativeDiag=0.00 emit=0.02 emitDirty=0.00 emitDirtyCount=0 emitRetained=0.01 emitRetainedCount=1 emitRetainedDirectPath=0/1/1 endDraw=0.09 screenshot=199.82 worldHud=0 screenBars=0 screenText=0 worldHudDrops=0 screenHudDrops=0 overlaySceneDrops=0
[2026-07-25T22:10:33.4826153Z] prefab-visual-counts lastFrame(mesh=21,decal=0,vfx=0,surface=0) total(mesh=126591,decal=0,vfx=0,surface=0)
[2026-07-25T22:10:33.4831142Z] primitive-lane bucketCount=0
[2026-07-25T22:10:33.4838211Z] presentation-receipt template=rts.frontline.core.base templateId=41 submitted=1 onscreen=1 minShortEdgePx=54.32 minAreaPx2=4329.29
[2026-07-25T22:10:33.4843658Z] presentation-receipt template=rts.frontline.core.reactor templateId=42 submitted=1 onscreen=1 minShortEdgePx=19.96 minAreaPx2=423.59
[2026-07-25T22:10:33.4847285Z] presentation-receipt template=rts.frontline.core.beacon templateId=43 submitted=1 onscreen=1 minShortEdgePx=2.91 minAreaPx2=10.21
[2026-07-25T22:10:33.4850182Z] presentation-receipt template=rts.frontline.core.team_band templateId=44 submitted=1 onscreen=1 minShortEdgePx=27.08 minAreaPx2=1099.13
[2026-07-25T22:10:33.4854023Z] presentation-receipt template=rts.frontline.harvester.chassis templateId=46 submitted=2 onscreen=2 minShortEdgePx=30.71 minAreaPx2=1041.66
[2026-07-25T22:10:33.4862190Z] presentation-receipt template=rts.frontline.harvester.cargo templateId=47 submitted=2 onscreen=2 minShortEdgePx=11.99 minAreaPx2=194.50
[2026-07-25T22:10:33.4869480Z] presentation-receipt template=rts.frontline.harvester.cab templateId=48 submitted=2 onscreen=2 minShortEdgePx=7.39 minAreaPx2=60.65
[2026-07-25T22:10:33.4874646Z] presentation-receipt template=rts.frontline.harvester.team_band templateId=49 submitted=2 onscreen=2 minShortEdgePx=32.94 minAreaPx2=1263.46
[2026-07-25T22:10:33.4882336Z] presentation-receipt template=rts.frontline.infantry.body templateId=50 submitted=2 onscreen=2 minShortEdgePx=23.03 minAreaPx2=591.07
[2026-07-25T22:10:33.4887569Z] presentation-receipt template=rts.frontline.infantry.helmet templateId=51 submitted=2 onscreen=2 minShortEdgePx=16.07 minAreaPx2=404.21
[2026-07-25T22:10:33.4892091Z] presentation-receipt template=rts.frontline.infantry.team_band templateId=52 submitted=2 onscreen=2 minShortEdgePx=14.04 minAreaPx2=357.19
[2026-07-25T22:10:33.4896387Z] presentation-receipt template=rts.frontline.crystal.center templateId=54 submitted=1 onscreen=1 minShortEdgePx=38.96 minAreaPx2=1615.60
[2026-07-25T22:10:33.4900378Z] presentation-receipt template=rts.frontline.crystal.left templateId=55 submitted=1 onscreen=1 minShortEdgePx=20.52 minAreaPx2=440.74
[2026-07-25T22:10:33.4904491Z] presentation-receipt template=rts.frontline.crystal.right templateId=56 submitted=1 onscreen=1 minShortEdgePx=15.15 minAreaPx2=241.39
[2026-07-25T22:10:33.4910686Z] windowFocused=True pointer=(0,0) authPointer=(0,0) liveSelect[down=False,pressed=False,released=False] authSelect[down=False,pressed=False,released=False] liveCommand[down=False,pressed=False,released=False] authCommand[down=False,pressed=False,released=False] hovered=(none) commandSource=Crystal Harvester#11 uiCaptured=False drag=idle targets=(none)
[2026-07-25T22:10:34.5333475Z] screenshot frame=7000 cameraPos=(212.00,50.07,180.56) cameraTarget=(212.00,8.00,150.00)
[2026-07-25T22:10:34.5343034Z] timing frame=0.93ms fps=1069.6 cleanPerf=0 visibleEntities=6 performerActive=32 performerDefs=rts.frontline.harvester.team_band:2,rts.frontline.harvester.cab:2,rts.frontline.harvester.cargo:2,rts.frontline.harvester.chassis:2,rts.frontline.infantry.team_band:2,rts.frontline.infantry.helmet:2,rts.frontline.infantry.body:2,rts.frontline.crystal.right:2 primitiveRaw=21 primitiveStaticRaw=21 skinnedRaw=0 gpuSkinned=0/0 gpuSkinBuild=0.00 gpuSkinDraw=0.00 gap=0.01 poll=0.00 pre=0.01 tick=0.30 post=0.01 begin=0.00 sim=0.00 simTop1=:0.00 simTop2=:0.00 simTop3=:0.00 presentation=0.18 presTop1=:0.00 presTop2=:0.00 presTop3=:0.00 behavior=0.02 behaviorBoot=1 behaviorOwner=0 behaviorAttr=0 behaviorTag=0 behaviorTick=0 animator=0.00 transformSync=0.00 minimapCollect=0.00 minimapMarkers=0/0 minimapProject=0.00 minimapScreen=0/0 heightSync=0.00 heightSamples=7 requestFlush=0.01 spawnBatch=0.00/0.00/0.00/0.00 spawnPerf=0.00/0.00/0.00 spawnPerfParts=0.00/0.00/0.00/0.00/0.00/0.00 spawnPerfChildParts=0.00/0.00/0.00/0.00/0.00 cull=0.05 cullSpatial=0.03 cullStatic=0.00 cullDyn=0.01 cullEntity=0.01 cullSync=0.00 hudProj=0.00 hudRaw=0 hudProjected=0 hudDensitySkip=0 mode3D=0.34 terrain=0.05 terrainChunks=16/0 field=0.00 fieldCount=0 fieldDirty=0 fieldArea=0 fieldDraws=0 primitive=0.12 primSync=0.00 primBucket=0.00 primImmediate=0.12 primImmediateSkip=0 primBuild=0.00 primDraw=0.00 primInstances=21 primBatches=12 primCache=0/0 ground=0.07 groundCount=1 groundRaw=1 spline=0.00 splineCount=0 splineRaw=0 debugDraw=0.00 debugDrawCount=0 debugDrawRaw=0 overlay=0.15 overlayBuild=0.00 overlayDirtyLanes=0 overlayItems=12 overlayRebuilt=0 overlayPaint=0.00 overlayComposite=0.00 uiRender=0.00 uiUpload=0.00 overlayFinal=0.15 nativeDiag=0.00 emit=0.02 emitDirty=0.00 emitDirtyCount=0 emitRetained=0.01 emitRetainedCount=1 emitRetainedDirectPath=0/1/1 endDraw=0.11 screenshot=169.80 worldHud=0 screenBars=0 screenText=0 worldHudDrops=0 screenHudDrops=0 overlaySceneDrops=0
[2026-07-25T22:10:34.5349204Z] prefab-visual-counts lastFrame(mesh=21,decal=0,vfx=0,surface=0) total(mesh=145491,decal=0,vfx=0,surface=0)
[2026-07-25T22:10:34.5355076Z] primitive-lane bucketCount=0
[2026-07-25T22:10:34.5361546Z] presentation-receipt template=rts.frontline.core.base templateId=41 submitted=1 onscreen=1 minShortEdgePx=54.32 minAreaPx2=4329.29
[2026-07-25T22:10:34.5366380Z] presentation-receipt template=rts.frontline.core.reactor templateId=42 submitted=1 onscreen=1 minShortEdgePx=19.96 minAreaPx2=423.59
[2026-07-25T22:10:34.5370968Z] presentation-receipt template=rts.frontline.core.beacon templateId=43 submitted=1 onscreen=1 minShortEdgePx=2.91 minAreaPx2=10.21
[2026-07-25T22:10:34.5375391Z] presentation-receipt template=rts.frontline.core.team_band templateId=44 submitted=1 onscreen=1 minShortEdgePx=27.08 minAreaPx2=1099.13
[2026-07-25T22:10:34.5380802Z] presentation-receipt template=rts.frontline.harvester.chassis templateId=46 submitted=2 onscreen=2 minShortEdgePx=30.71 minAreaPx2=1041.66
[2026-07-25T22:10:34.5386758Z] presentation-receipt template=rts.frontline.harvester.cargo templateId=47 submitted=2 onscreen=2 minShortEdgePx=11.99 minAreaPx2=194.50
[2026-07-25T22:10:34.5392654Z] presentation-receipt template=rts.frontline.harvester.cab templateId=48 submitted=2 onscreen=2 minShortEdgePx=7.39 minAreaPx2=60.65
[2026-07-25T22:10:34.5398435Z] presentation-receipt template=rts.frontline.harvester.team_band templateId=49 submitted=2 onscreen=2 minShortEdgePx=32.94 minAreaPx2=1263.46
[2026-07-25T22:10:34.5407626Z] presentation-receipt template=rts.frontline.infantry.body templateId=50 submitted=2 onscreen=2 minShortEdgePx=23.03 minAreaPx2=591.07
[2026-07-25T22:10:34.5413782Z] presentation-receipt template=rts.frontline.infantry.helmet templateId=51 submitted=2 onscreen=2 minShortEdgePx=16.07 minAreaPx2=404.21
[2026-07-25T22:10:34.5416818Z] presentation-receipt template=rts.frontline.infantry.team_band templateId=52 submitted=2 onscreen=2 minShortEdgePx=14.04 minAreaPx2=357.19
[2026-07-25T22:10:34.5422738Z] presentation-receipt template=rts.frontline.crystal.center templateId=54 submitted=1 onscreen=1 minShortEdgePx=38.96 minAreaPx2=1615.60
[2026-07-25T22:10:34.5428477Z] presentation-receipt template=rts.frontline.crystal.left templateId=55 submitted=1 onscreen=1 minShortEdgePx=20.52 minAreaPx2=440.74
[2026-07-25T22:10:34.5432446Z] presentation-receipt template=rts.frontline.crystal.right templateId=56 submitted=1 onscreen=1 minShortEdgePx=15.15 minAreaPx2=241.39
[2026-07-25T22:10:34.5436905Z] windowFocused=True pointer=(0,0) authPointer=(0,0) liveSelect[down=False,pressed=False,released=False] authSelect[down=False,pressed=False,released=False] liveCommand[down=False,pressed=False,released=False] authCommand[down=False,pressed=False,released=False] hovered=(none) commandSource=Crystal Harvester#11 uiCaptured=False drag=idle targets=(none)
