[INF][Engine] Initializing with ConfigPipeline...
[INF][Engine] Applying launcher-resolved mod plan: fingerprint=63ae8a3c9ccc5d784510d357eaae34f8d7645853a26caab960c922db7e70f643, schema=1, mods=5
[INF][ModLoader] Resolved Mod Load Order (launcher graph):
[INF][ModLoader] - LudotsCoreMod (P:-1000)
[INF][ModLoader] - CoreInputMod (P:0)
[INF][ModLoader] - SelectionInteractionMod (P:0)
[INF][ModLoader] - MassNavigationMod (P:0)
[INF][ModLoader] - CapabilityStandardMassNavigationLargeWorld10kMod (P:-2000)
[INF][ModLoader] Loading DLL for LudotsCoreMod at C:\001_AI\Ludots-gpu-commercial\mods\LudotsCoreMod\bin\net9.0\LudotsCoreMod.dll
[INF][ModLoader] Scanning 2 types in assembly...
[INF][ModLoader] Instantiated entry for LudotsCoreMod. Calling OnLoad...
[INF][Mod.LudotsCoreMod] [LudotsCoreMod] Loaded - Core game framework initialized
[INF][ModLoader] LudotsCoreMod OnLoad completed.
[INF][ModLoader] Loaded LudotsCoreMod
[INF][ModLoader] Loading DLL for CoreInputMod at C:\001_AI\Ludots-gpu-commercial\mods\CoreInputMod\bin\net9.0\CoreInputMod.dll
[INF][ModLoader] Scanning 36 types in assembly...
[INF][ModLoader] Instantiated entry for CoreInputMod. Calling OnLoad...
[INF][Mod.CoreInputMod] [CoreInputMod] Loaded - generic command-source and GAS input
[INF][ModLoader] CoreInputMod OnLoad completed.
[INF][ModLoader] Loaded CoreInputMod
[INF][ModLoader] Skip code load for SelectionInteractionMod: manifest has no 'main' (asset-only mod).
[INF][ModLoader] Skip code load for MassNavigationMod: manifest has no 'main' (asset-only mod).
[INF][ModLoader] Loading DLL for CapabilityStandardMassNavigationLargeWorld10kMod at C:\001_AI\Ludots-gpu-commercial\mods\showcases\capability_standard\CapabilityStandardMassNavigationLargeWorld10kMod\bin\net9.0\CapabilityStandardMassNavigationLargeWorld10kMod.dll
[INF][ModLoader] Scanning 2 types in assembly...
[INF][ModLoader] Instantiated entry for CapabilityStandardMassNavigationLargeWorld10kMod. Calling OnLoad...
[INF][Mod.CapabilityStandardMassNavigationLargeWorld10kMod] [CapabilityStandardMassNavigationLargeWorld10kMod] Loaded
[INF][ModLoader] CapabilityStandardMassNavigationLargeWorld10kMod OnLoad completed.
[INF][ModLoader] Loaded CapabilityStandardMassNavigationLargeWorld10kMod
[INF][Config] Merged fragment from: Core:game.json
[INF][Config] Merged fragment from: LudotsCoreMod:assets/game.json
[INF][Config] Merged fragment from: MassNavigationMod:assets/game.json
[INF][Config] Merged fragment from: CapabilityStandardMassNavigationLargeWorld10kMod:assets/game.json
[INF][Config] Merged fragment from: Core:config_catalog.json
[INF][Config] Merged fragment from: MassNavigationMod:assets/config_catalog.json
[INF][Config] Merged fragment from: CapabilityStandardMassNavigationLargeWorld10kMod:assets/config_catalog.json
[INF][Config] Merged fragment from: Core:Navigation/agent_profiles.json
[INF][Engine] Merged GameConfig: StartupMapId=mass_navigation, DefaultCoreMod=LudotsCoreMod
[INF][Engine] Constants loaded: OrderTypeIds=4, ResponseChainOrderTypeIds=3
[INF][Map] Loading Map: mass_navigation
[INF][Config] Merged fragment from: MassNavigationMod:assets/Maps/mass_navigation.json
[INF][Config] Merged fragment from: CapabilityStandardMassNavigationLargeWorld10kMod:assets/Maps/mass_navigation.json
[INF][Map] Map 'mass_navigation' loaded.
[INF][Engine] Initializing JobScheduler...
[INF][Config] Loading DataRegistry<EntityTemplate> from Entities/templates.json...
[INF][Config] Merged fragment from: LudotsCoreMod:assets/Entities/templates.json
[INF][Config] Merged fragment from: MassNavigationMod:assets/Entities/templates.json
[INF][Config] Loaded 16 DataRegistry<EntityTemplate> items.
[INF][Engine] Initializing Core GAS Systems...
[INF][Config] Merged fragment from: Core:Engine/clock.json
[INF][Config] Merged fragment from: CapabilityStandardMassNavigationLargeWorld10kMod:assets/Engine/clock.json
[INF][Config] Merged fragment from: Core:Relationships/catalog.json
[INF][Config] Merged fragment from: LudotsCoreMod:assets/Relationships/catalog.json
[INF][Config] Merged fragment from: Core:Relationships/control_profiles.json
[INF][Config] Merged fragment from: Core:GAS/target_dispatch_presets.json
[INF][Config] Merged fragment from: Core:GAS/clock.json
[INF][Config] Merged fragment from: Core:Physics2D/clock.json
[INF][Config] Merged fragment from: Core:Physics2D/solver.json
[INF][Config] Merged fragment from: Core:Physics2D/kinematic.json
[INF][Config] Merged fragment from: Core:GAS/attribute_constraints.json
[INF][Config] Merged fragment from: MassNavigationMod:assets/GAS/attribute_constraints.json
[INF][Config] Merged fragment from: Core:Enums/enums.json
[INF][Config] Merged fragment from: Core:Vision/fog_layers.json
[INF][Config] Merged fragment from: LudotsCoreMod:assets/Presentation/text_tokens.json
[INF][Config] Merged fragment from: LudotsCoreMod:assets/Presentation/text_tokens.json
[INF][Config] Merged fragment from: LudotsCoreMod:assets/Presentation/text_locales.json
[INF][Config] Merged fragment from: Core:GraphTables/lookup_tables.json
[INF][Config] Merged fragment from: Core:GAS/graphs.json
[INF][Config] Merged fragment from: SelectionInteractionMod:assets/GAS/graphs/graph.case_e.box_begin.json
[INF][Config] Merged fragment from: SelectionInteractionMod:assets/GAS/graphs/graph.case_e.box_commit.json
[INF][Config] Merged fragment from: SelectionInteractionMod:assets/GAS/graphs/graph.case_e.box_hit.json
[INF][Config] Merged fragment from: SelectionInteractionMod:assets/GAS/graphs/graph.case_e.selection_commit.json
[INF][Config] Merged fragment from: SelectionInteractionMod:assets/GAS/graphs/graph.case_e.selection_preview_clear.json
[INF][Config] Merged fragment from: SelectionInteractionMod:assets/GAS/graphs/graph.case_e.selection_preview_tick.json
[INF][Config] Merged fragment from: SelectionInteractionMod:assets/GAS/graphs/graph.selection.rectangle_hits.json
[INF][Config] Merged fragment from: MassNavigationMod:assets/GAS/graphs.json
[INF][Config] Merged fragment from: MassNavigationMod:assets/GAS/graphs/graph.case_e.box_hit.json
[INF][Config] Merged fragment from: MassNavigationMod:assets/GAS/graphs/graph.mass_navigation.selection_candidates.json
[INF][Config] Merged fragment from: MassNavigationMod:assets/GAS/graphs/graph.mass_navigation.selection_roster.json
[INF][Config] Merged fragment from: Core:GAS/preset_types.json
[INF][Config] Merged fragment from: Core:Exchange/operations.json
[INF][Config] Merged fragment from: Core:Progression/scopes.json
[INF][Config] Merged fragment from: Core:Progression/progressions.json
[INF][Config] Merged fragment from: Core:Progression/requirements.json
[INF][Config] Merged fragment from: LudotsCoreMod:assets/GAS/order_types.json
[INF][Config] Merged fragment from: MassNavigationMod:assets/GAS/order_types.json
[INF][Config] Merged fragment from: Core:GAS/effects.json
[INF][Config] Merged fragment from: MassNavigationMod:assets/GAS/effects.json
[INF][Config] Merged fragment from: MassNavigationMod:assets/GAS/tag_rules.json
[INF][Config] Merged fragment from: Core:GAS/func_lib.json
[INF][Config] Merged fragment from: Core:GAS/action_lib.json
[INF][Config] Merged fragment from: Core:Items/shapes.json
[INF][Config] Merged fragment from: Core:Items/layouts.json
[INF][Config] Merged fragment from: Core:Items/definitions.json
[INF][Config] Merged fragment from: Core:Exchange/operations.json
[INF][Config] Merged fragment from: Core:Panels/panel_templates.json
[INF][Config] Merged fragment from: Core:Input/filter_profiles.json
[INF][Config] Merged fragment from: Core:Presentation/lod_profiles.json
[INF][Config] Merged fragment from: Core:Presentation/particle_vfx.json
[INF][Config] Merged fragment from: LudotsCoreMod:assets/Presentation/mesh_assets.json
[INF][Config] Merged fragment from: SelectionInteractionMod:assets/Presentation/mesh_assets.json
[INF][Config] Merged fragment from: MassNavigationMod:assets/Presentation/mesh_assets.json
[INF][Config] Merged fragment from: LudotsCoreMod:assets/Presentation/material_assets.json
[INF][Config] Merged fragment from: LudotsCoreMod:assets/Presentation/animator_controllers.json
[INF][Config] Merged fragment from: MassNavigationMod:assets/Presentation/animator_controllers.json
[INF][Config] Merged fragment from: LudotsCoreMod:assets/Presentation/animation_clips.json
[INF][Config] Merged fragment from: MassNavigationMod:assets/Presentation/animation_clips.json
[INF][Config] Merged fragment from: LudotsCoreMod:assets/Presentation/animation_profiles.json
[INF][Config] Merged fragment from: MassNavigationMod:assets/Presentation/animation_profiles.json
[INF][Config] Merged fragment from: Core:Input/interaction_context_profiles.json
[INF][Config] Merged fragment from: SelectionInteractionMod:assets/Input/interaction_context_profiles.json
[INF][Config] Merged fragment from: LudotsCoreMod:assets/Presentation/presenters.json
[INF][Config] Merged fragment from: CoreInputMod:assets/Presentation/presenters.json
[INF][Config] Merged fragment from: SelectionInteractionMod:assets/Presentation/presenters.json
[INF][Config] Merged fragment from: MassNavigationMod:assets/Presentation/presenters.json
[INF][Config] Merged fragment from: Core:GAS/attribute_bindings.json
[INF][Config] Merged fragment from: Core:config_catalog.json
[INF][Config] Merged fragment from: MassNavigationMod:assets/config_catalog.json
[INF][Config] Merged fragment from: CapabilityStandardMassNavigationLargeWorld10kMod:assets/config_catalog.json
[INF][Config] Merged fragment from: Core:Input/default_input.json
[INF][Config] Merged fragment from: CoreInputMod:assets/Input/default_input.json
[INF][Config] Merged fragment from: SelectionInteractionMod:assets/Input/default_input.json
[INF][Config] Merged fragment from: Core:Input/action_attribute_bindings.json
[INF][Config] Merged fragment from: Core:Input/command_intent_profiles.json
[INF][Config] Merged fragment from: CapabilityStandardMassNavigationLargeWorld10kMod:assets/Input/command_intent_profiles.json
[INF][Config] Merged fragment from: Core:Input/cast_commit_profiles.json
[INF][Config] Merged fragment from: Core:Input/cast_commit_locks.json
[INF][Config] Merged fragment from: Core:Input/cast_dispatch_profiles.json
[INF][Config] Merged fragment from: Core:Input/control_schemes.json
[INF][Config] Merged fragment from: Core:Input/interaction_prefs.json
[INF][Config] Merged fragment from: Core:Input/interaction_modes.json
[INF][Config] Merged fragment from: Core:UI/ability_aggregation_profiles.json
[INF][Config] Merged fragment from: Core:UI/command_deck_profiles.json
[INF][Config] Merged fragment from: Core:UI/production_overview_profiles.json
[INF][Config] Merged fragment from: Core:AI/behavior_trees.json
[INF][Config] Merged fragment from: Core:AI/hfsm.json
[INF][Config] Merged fragment from: Core:Presentation/semantic_maps.json
[INF][Config] Merged fragment from: Core:Presentation/image_assets.json
[INF][Config] Merged fragment from: Core:Camera/virtual_cameras.json
[INF][Config] Merged fragment from: MassNavigationMod:assets/Camera/virtual_cameras.json
[INF][Config] Merged fragment from: Core:Story/lines.json
[INF][Config] Merged fragment from: Core:Story/presentation_profiles.json
[INF][Config] Merged fragment from: Core:Story/speakers.json
[INF][Config] Merged fragment from: Core:Dialogue/dialogues.json
[INF][Config] Merged fragment from: Core:Sequencer/sequences.json
[INF][ModLoader] No registration conflicts detected.
[INF][Config] Merged fragment from: MassNavigationMod:assets/Presentation/host_assets.json
[INF][Config] Merged fragment from: Core:config_catalog.json
[INF][Config] Merged fragment from: MassNavigationMod:assets/config_catalog.json
[INF][Config] Merged fragment from: CapabilityStandardMassNavigationLargeWorld10kMod:assets/config_catalog.json
[INF][Config] Merged fragment from: Core:Input/default_input.json
[INF][Config] Merged fragment from: CoreInputMod:assets/Input/default_input.json
[INF][Config] Merged fragment from: SelectionInteractionMod:assets/Input/default_input.json
INFO: Initializing raylib 5.5
INFO: Platform backend: DESKTOP (GLFW)
INFO: Supported raylib modules:
INFO:     > rcore:..... loaded (mandatory)
INFO:     > rlgl:...... loaded (mandatory)
INFO:     > rshapes:... loaded (optional)
INFO:     > rtextures:. loaded (optional)
INFO:     > rtext:..... loaded (optional)
INFO:     > rmodels:... loaded (optional)
INFO:     > raudio:.... loaded (optional)
INFO: DISPLAY: Device initialized successfully
INFO:     > Display size: 2560 x 1600
INFO:     > Screen size:  1600 x 900
INFO:     > Render size:  1600 x 900
INFO:     > Viewport offsets: 0, 0
INFO: GLAD: OpenGL extensions loaded successfully
INFO: GL: Supported extensions count: 296
INFO: GL: OpenGL device information:
INFO:     > Vendor:   ATI Technologies Inc.
INFO:     > Renderer: AMD Radeon(TM) 8060S Graphics
INFO:     > Version:  3.3.0 Core Profile Context 26.10.32.01.260717
INFO:     > GLSL:     4.60
INFO: GL: VAO extension detected, VAO functions loaded successfully
INFO: GL: NPOT textures extension detected, full NPOT textures supported
INFO: GL: DXT compressed textures supported
INFO: GL: ETC2/EAC compressed textures supported
INFO: PLATFORM: DESKTOP (GLFW - Win32): Initialized successfully
INFO: TEXTURE: [ID 1] Texture loaded successfully (1x1 | R8G8B8A8 | 1 mipmaps)
INFO: TEXTURE: [ID 1] Default texture loaded successfully
INFO: SHADER: [ID 1] Vertex shader compiled successfully
INFO: SHADER: [ID 2] Fragment shader compiled successfully
INFO: SHADER: [ID 3] Program shader loaded successfully
INFO: SHADER: [ID 3] Default shader loaded successfully
INFO: RLGL: Render batch vertex buffers loaded successfully in RAM (CPU)
INFO: RLGL: Render batch vertex buffers loaded successfully in VRAM (GPU)
INFO: RLGL: Default OpenGL state initialized successfully
INFO: TEXTURE: [ID 2] Texture loaded successfully (128x128 | GRAY_ALPHA | 1 mipmaps)
INFO: FONT: Default font loaded successfully (224 glyphs)
INFO: SYSTEM: Working Directory: C:\001_AI\Ludots-gpu-commercial\src\Apps\Raylib\Ludots.App.Raylib\bin\Release\net9.0
INFO: TIMER: Target time per frame: 0.000 milliseconds
INFO: AUDIO: Device initialized successfully
INFO:     > Backend:       miniaudio | WASAPI
INFO:     > Format:        32-bit IEEE Floating Point -> 32-bit IEEE Floating Point
INFO:     > Channels:      2 -> 2
INFO:     > Sample rate:   48000 -> 48000
INFO:     > Periods size:  1440
[INF][Presentation] GPU Accelerated: False (raster UI compositor)
INFO: TEXTURE: [ID 3] Texture loaded successfully (1600x900 | R8G8B8A8 | 1 mipmaps)
[INF][Presentation] Skia overlay backend: GPU direct framebuffer underlay with raster compositor for UI/top overlay
INFO: SHADER: [ID 6] Vertex shader compiled successfully
INFO: SHADER: [ID 7] Fragment shader compiled successfully
INFO: SHADER: [ID 8] Program shader loaded successfully
[INF][Config] Merged fragment from: Core:Presentation/raylib_scenes.json
INFO: TEXTURE: [ID 4] Texture loaded successfully (2048x2048 | R8G8B8A8 | 1 mipmaps)
INFO: TEXTURE: [ID 1] Depth renderbuffer loaded successfully (32 bits)
INFO: FBO: [ID 1] Framebuffer object created successfully
INFO: FILEIO: [C:\001_AI\Ludots-gpu-commercial\src\Apps\Raylib\Ludots.App.Raylib\bin\Release\net9.0\shadow_depth.vs] Text file loaded successfully
INFO: FILEIO: [C:\001_AI\Ludots-gpu-commercial\src\Apps\Raylib\Ludots.App.Raylib\bin\Release\net9.0\shadow_depth.fs] Text file loaded successfully
INFO: SHADER: [ID 6] Vertex shader compiled successfully
INFO: SHADER: [ID 7] Fragment shader compiled successfully
INFO: SHADER: [ID 9] Program shader loaded successfully
INFO: FILEIO: [C:\001_AI\Ludots-gpu-commercial\src\Apps\Raylib\Ludots.App.Raylib\bin\Release\net9.0\shadow_depth_instanced.vs] Text file loaded successfully
INFO: FILEIO: [C:\001_AI\Ludots-gpu-commercial\src\Apps\Raylib\Ludots.App.Raylib\bin\Release\net9.0\shadow_depth.fs] Text file loaded successfully
INFO: SHADER: [ID 6] Vertex shader compiled successfully
INFO: SHADER: [ID 7] Fragment shader compiled successfully
INFO: SHADER: [ID 10] Program shader loaded successfully
INFO: FILEIO: [C:\001_AI\Ludots-gpu-commercial\src\Apps\Raylib\Ludots.App.Raylib\bin\Release\net9.0\shadow_depth_skinning_ssbo.vs] Text file loaded successfully
INFO: FILEIO: [C:\001_AI\Ludots-gpu-commercial\src\Apps\Raylib\Ludots.App.Raylib\bin\Release\net9.0\shadow_depth.fs] Text file loaded successfully
INFO: SHADER: [ID 6] Vertex shader compiled successfully
INFO: SHADER: [ID 7] Fragment shader compiled successfully
INFO: SHADER: [ID 11] Program shader loaded successfully
INFO: FILEIO: [C:\001_AI\Ludots-gpu-commercial\src\Apps\Raylib\Ludots.App.Raylib\bin\Release\net9.0\shadow_depth_cutout.vs] Text file loaded successfully
INFO: FILEIO: [C:\001_AI\Ludots-gpu-commercial\src\Apps\Raylib\Ludots.App.Raylib\bin\Release\net9.0\shadow_depth_cutout.fs] Text file loaded successfully
INFO: SHADER: [ID 6] Vertex shader compiled successfully
INFO: SHADER: [ID 7] Fragment shader compiled successfully
INFO: SHADER: [ID 12] Program shader loaded successfully
[INF][Engine] Firing GameStart event...
[LudotsCoreMod] Core systems installed
[INF][Mod.CoreInputMod] [CoreInputMod] No viewmodes.json found, skipping.
[INF][Mod.CoreInputMod] [CoreInputMod] No viewmodes.json found, skipping.
[INF][Mod.CoreInputMod] [CoreInputMod] No viewmodes.json found, skipping.
[INF][Mod.CoreInputMod] [CoreInputMod] No viewmodes.json found, skipping.
[INF][Mod.CoreInputMod] [CoreInputMod] No viewmodes.json found, skipping.
[INF][Mod.CoreInputMod] [CoreInputMod] Installed declared local order source for CapabilityStandardMassNavigationLargeWorld10kMod (InputCollection).
[INF][Mod.CoreInputMod] [CoreInputMod] Acquisition enabled: False; input and presentation systems registered.
[INF][Engine] Loading Map: mass_navigation
[INF][Map] Loading Map: mass_navigation
[INF][Config] Merged fragment from: MassNavigationMod:assets/Maps/mass_navigation.json
[INF][Config] Merged fragment from: CapabilityStandardMassNavigationLargeWorld10kMod:assets/Maps/mass_navigation.json
[INF][Map] Map 'mass_navigation' loaded.
[INF][Map] Creating GridBoard 'default' (250x250 macroTiles, cell=100cm)
[INF][Engine] Created Board 'default' (type=Grid) for map 'mass_navigation'
[INF][Map] Map 'mass_navigation' pushed to focus (stack depth=1).
[INF][Engine] ContinuousHeightmap does not cover board 'default' extent 6400000x6400000cm; keeping flat grid terrain.
[INF][Engine] Created flat grid LogicTerrainField 64000x64000 cells for board 'default'
[INF][Config] Merged fragment from: Core:Navigation/pathing.json
[INF][Engine] Pathing bootstrap skipped for map 'mass_navigation': no node-graph board or navmesh query service is loaded.
[INF][Engine] Creating Entities from MapConfig...
[INF][Engine] Registered 2 triggers for map 'mass_navigation'.
[INF][Engine] MapLoaded deferred for 'mass_navigation'.
INFO: FILEIO: [C:\Users\sietg\AppData\Local\Temp\Ludots.AssetConvert\23BAFB43B88B340CA5607BC6F24058A113E3DB37\mass_navigation_blocker_rock.glb] File loaded successfully
INFO: MODEL: [C:\Users\sietg\AppData\Local\Temp\Ludots.AssetConvert\23BAFB43B88B340CA5607BC6F24058A113E3DB37\mass_navigation_blocker_rock.glb] Model basic data (glb) loaded successfully
INFO:     > Meshes count: 1
INFO:     > Materials count: 2 (+1 default)
WARNING: MODEL: [C:\Users\sietg\AppData\Local\Temp\Ludots.AssetConvert\23BAFB43B88B340CA5607BC6F24058A113E3DB37\mass_navigation_blocker_rock.glb] Indices data converted from u32 to u16, possible loss of data
INFO: VAO: [ID 2] Mesh uploaded successfully to VRAM (GPU)
[INF][Engine] Applied DefaultCamera: yaw=45 pitch=42 dist=14000cm fov=60
[INF][Config] Merged fragment from: MassNavigationMod:assets/MassNavigationConfig.json
[INF][Config] Merged fragment from: CapabilityStandardMassNavigationLargeWorld10kMod:assets/MassNavigationConfig.json
[INF][Engine] [MassNavigation runtime] Installed mass-navigation runtime.
[INF][Engine] Firing MapLoaded event for mass_navigation...
INFO: SHADER: [ID 6] Vertex shader compiled successfully
INFO: SHADER: [ID 7] Fragment shader compiled successfully
INFO: SHADER: [ID 13] Program shader loaded successfully
INFO: VAO: [ID 3] Mesh uploaded successfully to VRAM (GPU)
INFO: VAO: [ID 4] Mesh uploaded successfully to VRAM (GPU)
INFO: VAO: [ID 5] Mesh uploaded successfully to VRAM (GPU)
INFO: VAO: [ID 6] Mesh uploaded successfully to VRAM (GPU)
INFO: VAO: [ID 7] Mesh uploaded successfully to VRAM (GPU)
WARNING: VAO: [ID 7] Trying to re-load an already loaded mesh
INFO: VAO: [ID 8] Mesh uploaded successfully to VRAM (GPU)
WARNING: VAO: [ID 8] Trying to re-load an already loaded mesh
INFO: VAO: [ID 9] Mesh uploaded successfully to VRAM (GPU)
WARNING: VAO: [ID 9] Trying to re-load an already loaded mesh
INFO: VAO: [ID 10] Mesh uploaded successfully to VRAM (GPU)
INFO: FILEIO: [C:\001_AI\Ludots-gpu-commercial\src\Apps\Raylib\Ludots.App.Raylib\bin\Release\net9.0\vfx_unlit_tint.vs] Text file loaded successfully
INFO: FILEIO: [C:\001_AI\Ludots-gpu-commercial\src\Apps\Raylib\Ludots.App.Raylib\bin\Release\net9.0\vfx_unlit_tint.fs] Text file loaded successfully
INFO: SHADER: [ID 6] Vertex shader compiled successfully
INFO: SHADER: [ID 7] Fragment shader compiled successfully
INFO: SHADER: [ID 14] Program shader loaded successfully
INFO: SHADER: [ID 6] Vertex shader compiled successfully
INFO: SHADER: [ID 7] Fragment shader compiled successfully
INFO: SHADER: [ID 15] Program shader loaded successfully
INFO: TEXTURE: [ID 5] Texture loaded successfully (512x512 | R8G8B8A8 | 1 mipmaps)
INFO: TEXTURE: [ID 6] Cubemap texture loaded successfully (64x64)
INFO: TEXTURE: [ID 7] Texture loaded successfully (1600x900 | R8G8B8A8 | 1 mipmaps)
INFO: TEXTURE: [ID 2] Depth renderbuffer loaded successfully (32 bits)
INFO: FBO: [ID 2] Framebuffer object created successfully
INFO: FILEIO: [C:\001_AI\Ludots-gpu-commercial\src\Apps\Raylib\Ludots.App.Raylib\bin\Release\net9.0\postprocess.fs] Text file loaded successfully
INFO: SHADER: [ID 6] Fragment shader compiled successfully
INFO: SHADER: [ID 7] Program shader loaded successfully
INFO: VAO: [ID 3] Unloaded vertex array data from VRAM (GPU)
INFO: VAO: [ID 4] Unloaded vertex array data from VRAM (GPU)
INFO: VAO: [ID 5] Unloaded vertex array data from VRAM (GPU)
INFO: VAO: [ID 6] Unloaded vertex array data from VRAM (GPU)
INFO: VAO: [ID 3] Mesh uploaded successfully to VRAM (GPU)
INFO: VAO: [ID 4] Mesh uploaded successfully to VRAM (GPU)
INFO: VAO: [ID 5] Mesh uploaded successfully to VRAM (GPU)
INFO: VAO: [ID 6] Mesh uploaded successfully to VRAM (GPU)
[INF][Presentation] GPU Accelerated: True (Raylib Skia direct framebuffer overlay)
[WRN][Engine] Duplicate registration for trigger type TriggerGraphMountTrigger. Keeping original.
[WRN][Engine] Duplicate registration for trigger type TriggerGraphResumeTrigger. Keeping original.
[INF][Engine] Appended 2 triggers to map 'mass_navigation'.
INFO: FILEIO: [C:\001_AI\Ludots-gpu-commercial\mods\capabilities\navigation\MassNavigationMod\assets\Models\mannequin_large_idle_walk.glb] File loaded successfully
INFO: MODEL: [C:\001_AI\Ludots-gpu-commercial\mods\capabilities\navigation\MassNavigationMod\assets\Models\mannequin_large_idle_walk.glb] Model basic data (glb) loaded successfully
INFO:     > Meshes count: 1
INFO:     > Materials count: 1 (+1 default)
INFO: IMAGE: Data loaded successfully (512x512 | R8G8B8A8 | 1 mipmaps)
INFO: TEXTURE: [ID 10] Texture loaded successfully (512x512 | R8G8B8A8 | 1 mipmaps)
INFO: VAO: [ID 12] Mesh uploaded successfully to VRAM (GPU)
[WRN][Presentation] Raylib renderer skipped model shadow draw: meshAssetId=9 could not be loaded. No placeholder model is drawn.
INFO: FILEIO: [C:\Users\sietg\AppData\Local\Temp\Ludots.AssetConvert\205AD8B1847926FEA4A83AF4F669FCAB99445602\mass_navigation_hotspot_obelisk.glb] File loaded successfully
INFO: MODEL: [C:\Users\sietg\AppData\Local\Temp\Ludots.AssetConvert\205AD8B1847926FEA4A83AF4F669FCAB99445602\mass_navigation_hotspot_obelisk.glb] Model basic data (glb) loaded successfully
INFO:     > Meshes count: 1
INFO:     > Materials count: 2 (+1 default)
WARNING: MODEL: [C:\Users\sietg\AppData\Local\Temp\Ludots.AssetConvert\205AD8B1847926FEA4A83AF4F669FCAB99445602\mass_navigation_hotspot_obelisk.glb] Indices data converted from u32 to u16, possible loss of data
INFO: VAO: [ID 13] Mesh uploaded successfully to VRAM (GPU)
[INF][Presentation] GPU Accelerated: True (Raylib Skia direct framebuffer overlay)
INFO: FILEIO: [C:\001_AI\Ludots-gpu-commercial\mods\capabilities\navigation\MassNavigationMod\assets\Models\mannequin_large_idle_walk.glb] File loaded successfully
INFO: MODEL: [C:\001_AI\Ludots-gpu-commercial\mods\capabilities\navigation\MassNavigationMod\assets\Models\mannequin_large_idle_walk.glb] Loaded animation: Death_A (99 frames, 1.666667s)
INFO: MODEL: [C:\001_AI\Ludots-gpu-commercial\mods\capabilities\navigation\MassNavigationMod\assets\Models\mannequin_large_idle_walk.glb] Loaded animation: Death_A_Pose (1 frames, 0.000000s)
INFO: MODEL: [C:\001_AI\Ludots-gpu-commercial\mods\capabilities\navigation\MassNavigationMod\assets\Models\mannequin_large_idle_walk.glb] Loaded animation: Hit_A (40 frames, 0.666667s)
INFO: MODEL: [C:\001_AI\Ludots-gpu-commercial\mods\capabilities\navigation\MassNavigationMod\assets\Models\mannequin_large_idle_walk.glb] Loaded animation: Idle_A (116 frames, 1.958333s)
INFO: MODEL: [C:\001_AI\Ludots-gpu-commercial\mods\capabilities\navigation\MassNavigationMod\assets\Models\mannequin_large_idle_walk.glb] Loaded animation: Idle_B (353 frames, 6.000000s)
INFO: MODEL: [C:\001_AI\Ludots-gpu-commercial\mods\capabilities\navigation\MassNavigationMod\assets\Models\mannequin_large_idle_walk.glb] Loaded animation: retarget_Idle_A (116 frames, 1.958333s)
INFO: MODEL: [C:\001_AI\Ludots-gpu-commercial\mods\capabilities\navigation\MassNavigationMod\assets\Models\mannequin_large_idle_walk.glb] Loaded animation: retarget_Walking_A (62 frames, 1.041667s)
INFO: MODEL: [C:\001_AI\Ludots-gpu-commercial\mods\capabilities\navigation\MassNavigationMod\assets\Models\mannequin_large_idle_walk.glb] Loaded animation: Running_A (62 frames, 1.041667s)
INFO: MODEL: [C:\001_AI\Ludots-gpu-commercial\mods\capabilities\navigation\MassNavigationMod\assets\Models\mannequin_large_idle_walk.glb] Loaded animation: T-Pose (1 frames, 0.000000s)
INFO: MODEL: [C:\001_AI\Ludots-gpu-commercial\mods\capabilities\navigation\MassNavigationMod\assets\Models\mannequin_large_idle_walk.glb] Loaded animation: T-Pose.001 (1 frames, 0.000000s)
INFO: MODEL: [C:\001_AI\Ludots-gpu-commercial\mods\capabilities\navigation\MassNavigationMod\assets\Models\mannequin_large_idle_walk.glb] Loaded animation: Walking_A (62 frames, 1.041667s)
INFO: FILEIO: [C:\001_AI\Ludots-gpu-commercial\mods\capabilities\navigation\MassNavigationMod\assets\Models\mannequin_large_idle_walk_lod1.glb] File loaded successfully
INFO: MODEL: [C:\001_AI\Ludots-gpu-commercial\mods\capabilities\navigation\MassNavigationMod\assets\Models\mannequin_large_idle_walk_lod1.glb] Model basic data (glb) loaded successfully
INFO:     > Meshes count: 1
INFO:     > Materials count: 1 (+1 default)
INFO: IMAGE: Data loaded successfully (512x512 | R8G8B8A8 | 1 mipmaps)
INFO: TEXTURE: [ID 13] Texture loaded successfully (512x512 | R8G8B8A8 | 1 mipmaps)
INFO: VAO: [ID 15] Mesh uploaded successfully to VRAM (GPU)
INFO: FILEIO: [C:\001_AI\Ludots-gpu-commercial\mods\capabilities\navigation\MassNavigationMod\assets\Models\mannequin_large_idle_walk_lod1.glb] File loaded successfully
INFO: MODEL: [C:\001_AI\Ludots-gpu-commercial\mods\capabilities\navigation\MassNavigationMod\assets\Models\mannequin_large_idle_walk_lod1.glb] Loaded animation: Death_A (99 frames, 1.666667s)
INFO: MODEL: [C:\001_AI\Ludots-gpu-commercial\mods\capabilities\navigation\MassNavigationMod\assets\Models\mannequin_large_idle_walk_lod1.glb] Loaded animation: Death_A_Pose (1 frames, 0.000000s)
INFO: MODEL: [C:\001_AI\Ludots-gpu-commercial\mods\capabilities\navigation\MassNavigationMod\assets\Models\mannequin_large_idle_walk_lod1.glb] Loaded animation: Hit_A (40 frames, 0.666667s)
INFO: MODEL: [C:\001_AI\Ludots-gpu-commercial\mods\capabilities\navigation\MassNavigationMod\assets\Models\mannequin_large_idle_walk_lod1.glb] Loaded animation: Idle_A (116 frames, 1.958333s)
INFO: MODEL: [C:\001_AI\Ludots-gpu-commercial\mods\capabilities\navigation\MassNavigationMod\assets\Models\mannequin_large_idle_walk_lod1.glb] Loaded animation: Idle_B (353 frames, 6.000000s)
INFO: MODEL: [C:\001_AI\Ludots-gpu-commercial\mods\capabilities\navigation\MassNavigationMod\assets\Models\mannequin_large_idle_walk_lod1.glb] Loaded animation: retarget_Idle_A (116 frames, 1.958333s)
INFO: MODEL: [C:\001_AI\Ludots-gpu-commercial\mods\capabilities\navigation\MassNavigationMod\assets\Models\mannequin_large_idle_walk_lod1.glb] Loaded animation: retarget_Walking_A (62 frames, 1.041667s)
INFO: MODEL: [C:\001_AI\Ludots-gpu-commercial\mods\capabilities\navigation\MassNavigationMod\assets\Models\mannequin_large_idle_walk_lod1.glb] Loaded animation: Running_A (62 frames, 1.041667s)
INFO: MODEL: [C:\001_AI\Ludots-gpu-commercial\mods\capabilities\navigation\MassNavigationMod\assets\Models\mannequin_large_idle_walk_lod1.glb] Loaded animation: T-Pose (1 frames, 0.000000s)
INFO: MODEL: [C:\001_AI\Ludots-gpu-commercial\mods\capabilities\navigation\MassNavigationMod\assets\Models\mannequin_large_idle_walk_lod1.glb] Loaded animation: T-Pose.001 (1 frames, 0.000000s)
INFO: MODEL: [C:\001_AI\Ludots-gpu-commercial\mods\capabilities\navigation\MassNavigationMod\assets\Models\mannequin_large_idle_walk_lod1.glb] Loaded animation: Walking_A (62 frames, 1.041667s)
INFO: FILEIO: [C:\001_AI\Ludots-gpu-commercial\mods\capabilities\navigation\MassNavigationMod\assets\Models\mannequin_large_idle_walk_lod2.glb] File loaded successfully
INFO: MODEL: [C:\001_AI\Ludots-gpu-commercial\mods\capabilities\navigation\MassNavigationMod\assets\Models\mannequin_large_idle_walk_lod2.glb] Model basic data (glb) loaded successfully
INFO:     > Meshes count: 1
INFO:     > Materials count: 1 (+1 default)
INFO: VAO: [ID 16] Mesh uploaded successfully to VRAM (GPU)
INFO: FILEIO: [C:\001_AI\Ludots-gpu-commercial\mods\capabilities\navigation\MassNavigationMod\assets\Models\mannequin_large_idle_walk_lod2.glb] File loaded successfully
INFO: MODEL: [C:\001_AI\Ludots-gpu-commercial\mods\capabilities\navigation\MassNavigationMod\assets\Models\mannequin_large_idle_walk_lod2.glb] Loaded animation: Death_A (99 frames, 1.666667s)
INFO: MODEL: [C:\001_AI\Ludots-gpu-commercial\mods\capabilities\navigation\MassNavigationMod\assets\Models\mannequin_large_idle_walk_lod2.glb] Loaded animation: Death_A_Pose (1 frames, 0.000000s)
INFO: MODEL: [C:\001_AI\Ludots-gpu-commercial\mods\capabilities\navigation\MassNavigationMod\assets\Models\mannequin_large_idle_walk_lod2.glb] Loaded animation: Hit_A (40 frames, 0.666667s)
INFO: MODEL: [C:\001_AI\Ludots-gpu-commercial\mods\capabilities\navigation\MassNavigationMod\assets\Models\mannequin_large_idle_walk_lod2.glb] Loaded animation: Idle_A (116 frames, 1.958333s)
INFO: MODEL: [C:\001_AI\Ludots-gpu-commercial\mods\capabilities\navigation\MassNavigationMod\assets\Models\mannequin_large_idle_walk_lod2.glb] Loaded animation: Idle_B (353 frames, 6.000000s)
INFO: MODEL: [C:\001_AI\Ludots-gpu-commercial\mods\capabilities\navigation\MassNavigationMod\assets\Models\mannequin_large_idle_walk_lod2.glb] Loaded animation: retarget_Idle_A (116 frames, 1.958333s)
INFO: MODEL: [C:\001_AI\Ludots-gpu-commercial\mods\capabilities\navigation\MassNavigationMod\assets\Models\mannequin_large_idle_walk_lod2.glb] Loaded animation: retarget_Walking_A (62 frames, 1.041667s)
INFO: MODEL: [C:\001_AI\Ludots-gpu-commercial\mods\capabilities\navigation\MassNavigationMod\assets\Models\mannequin_large_idle_walk_lod2.glb] Loaded animation: Running_A (62 frames, 1.041667s)
INFO: MODEL: [C:\001_AI\Ludots-gpu-commercial\mods\capabilities\navigation\MassNavigationMod\assets\Models\mannequin_large_idle_walk_lod2.glb] Loaded animation: T-Pose (1 frames, 0.000000s)
INFO: MODEL: [C:\001_AI\Ludots-gpu-commercial\mods\capabilities\navigation\MassNavigationMod\assets\Models\mannequin_large_idle_walk_lod2.glb] Loaded animation: T-Pose.001 (1 frames, 0.000000s)
INFO: MODEL: [C:\001_AI\Ludots-gpu-commercial\mods\capabilities\navigation\MassNavigationMod\assets\Models\mannequin_large_idle_walk_lod2.glb] Loaded animation: Walking_A (62 frames, 1.041667s)
Fatal error. 0xC0000005
   at Ludots.Raylib.Render.RaylibGpuSkinnedBatchRenderer.DrawMeshInstancedSsboDirect(Raylib_cs.Mesh, Raylib_cs.Material ByRef, Int32)
   at Ludots.Raylib.Render.RaylibPrimitiveRenderer.DrawSkinnedBatch(Ludots.Platform.Abstractions.ISkinnedVisualBatchSnapshot, Raylib_cs.Camera3D, Ludots.Platform.Abstractions.IRenderMeshAssets, Single)
   at Ludots.Raylib.Render.RaylibPrimitiveRenderer.Draw(Ludots.Platform.Abstractions.IPrimitiveDrawSnapshot, Raylib_cs.Camera3D, Ludots.Platform.Abstractions.IPrimitiveDrawSnapshot, Ludots.Platform.Abstractions.ISkinnedVisualBatchSnapshot, Ludots.Platform.Abstractions.IRenderMeshAssets, Single, Ludots.Platform.Abstractions.IContinuousHeightmap, Ludots.Platform.Abstractions.PresentationFrameReceiptBuffer, Double)
   at Ludots.Adapter.Raylib.RaylibHostLoop.Run(Ludots.Adapter.Raylib.RaylibHostSetup)
   at Ludots.Adapter.Raylib.RaylibAppHost.Run()
   at Program.<Main>$(System.String[])
