{
  "source": "pointer-soa-allframes-10k-timing.log",
  "warmupFrames": 180,
  "samples": 720,
  "firstFrame": 181,
  "lastFrame": 900,
  "observedFps": 19.786868184865266,
  "metrics": {
    "frame": {
      "mean": 47.62079166666667,
      "median": 40.515,
      "p95": 102.83,
      "max": 145.56
    },
    "sim": {
      "mean": 7.460861111111111,
      "median": 3.875,
      "p95": 35.23,
      "max": 71.96
    },
    "presentation": {
      "mean": 27.140416666666667,
      "median": 22.59,
      "p95": 60.52,
      "max": 91.37
    },
    "transformSync": {
      "mean": 5.440125,
      "median": 3.52,
      "p95": 17.8,
      "max": 24.02
    },
    "behavior": {
      "mean": 0.1331527777777778,
      "median": 0.01,
      "p95": 0.54,
      "max": 0.65
    },
    "animator": {
      "mean": 0.9423055555555556,
      "median": 1.01,
      "p95": 1.18,
      "max": 3.64
    },
    "emit": {
      "mean": 6.416166666666666,
      "median": 3.13,
      "p95": 25.55,
      "max": 31.95
    },
    "emitRetained": {
      "mean": 3.7544444444444443,
      "median": 0.0,
      "p95": 22.96,
      "max": 28.73
    },
    "heightSync": {
      "mean": 0.672375,
      "median": 0.715,
      "p95": 0.85,
      "max": 1.44
    },
    "heightSamples": {
      "mean": 10009.0,
      "median": 10009.0,
      "p95": 10009.0,
      "max": 10009.0
    },
    "cull": {
      "mean": 4.603152777777778,
      "median": 4.81,
      "p95": 5.41,
      "max": 15.11
    },
    "minimapProject": {
      "mean": 4.278944444444445,
      "median": 4.69,
      "p95": 5.58,
      "max": 9.15
    },
    "hudProj": {
      "mean": 1.7294444444444443,
      "median": 1.7,
      "p95": 2.43,
      "max": 7.24
    },
    "gpuSkinBuild": {
      "mean": 1.0892083333333333,
      "median": 1.14,
      "p95": 1.37,
      "max": 2.87
    },
    "gpuSkinDraw": {
      "mean": 1.2339027777777778,
      "median": 1.25,
      "p95": 1.53,
      "max": 10.16
    },
    "overlay": {
      "mean": 5.1189583333333335,
      "median": 5.58,
      "p95": 6.46,
      "max": 23.29
    },
    "endDraw": {
      "mean": 0.8218611111111112,
      "median": 0.25,
      "p95": 3.42,
      "max": 20.4
    },
    "gap": {
      "mean": 2.8763472222222224,
      "median": 2.92,
      "p95": 3.82,
      "max": 14.75
    },
    "hudPositionOnly": {
      "mean": 3017.7805555555556,
      "median": 0.0,
      "p95": 19308.0,
      "max": 19984.0
    },
    "worldHud": {
      "mean": 20000.0,
      "median": 20000.0,
      "p95": 20000.0,
      "max": 20000.0
    },
    "screenBars": {
      "mean": 9674.74861111111,
      "median": 10000.0,
      "p95": 10000.0,
      "max": 10000.0
    },
    "screenText": {
      "mean": 9667.336111111112,
      "median": 10000.0,
      "p95": 10000.0,
      "max": 10000.0
    }
  },
  "hudMoved": {
    "samples": 108,
    "metrics": {
      "frame": {
        "mean": 93.60055555555556,
        "median": 94.34,
        "p95": 121.31,
        "max": 145.56
      },
      "sim": {
        "mean": 27.372037037037035,
        "median": 27.884999999999998,
        "p95": 45.12,
        "max": 71.96
      },
      "presentation": {
        "mean": 55.088425925925925,
        "median": 57.84,
        "p95": 71.77,
        "max": 91.37
      },
      "transformSync": {
        "mean": 15.594444444444445,
        "median": 16.845,
        "p95": 19.02,
        "max": 24.02
      },
      "emitRetained": {
        "mean": 20.14138888888889,
        "median": 21.494999999999997,
        "p95": 26.42,
        "max": 28.73
      }
    }
  },
  "hudQuiet": {
    "samples": 409,
    "metrics": {
      "frame": {
        "mean": 36.36530562347188,
        "median": 36.92,
        "p95": 46.03,
        "max": 88.35
      },
      "sim": {
        "mean": 1.9478728606356968,
        "median": 2.03,
        "p95": 4.59,
        "max": 9.42
      },
      "presentation": {
        "mean": 20.95442542787286,
        "median": 21.5,
        "p95": 26.68,
        "max": 71.72
      },
      "transformSync": {
        "mean": 3.2285330073349634,
        "median": 3.3,
        "p95": 4.04,
        "max": 12.52
      },
      "emitRetained": {
        "mean": 0.0,
        "median": 0.0,
        "p95": 0.0,
        "max": 0.0
      }
    }
  }
}
