[2026-07-25T22:52:56.0539082Z] screenshot frame=600 cameraPos=(88.00,48.07,180.56) cameraTarget=(88.00,6.00,150.00)
[2026-07-25T22:52:56.0708103Z] timing frame=1.13ms fps=886.1 cleanPerf=0 visibleEntities=6 performerActive=32 performerDefs=rts.frontline.harvester.team_band:2,rts.frontline.harvester.cab:2,rts.frontline.harvester.cargo:2,rts.frontline.harvester.chassis:2,rts.frontline.infantry.team_band:2,rts.frontline.infantry.helmet:2,rts.frontline.infantry.body:2,rts.frontline.crystal.right:2 primitiveRaw=21 primitiveStaticRaw=21 skinnedRaw=0 gpuSkinned=0/0 gpuSkinBuild=0.00 gpuSkinDraw=0.00 gap=0.00 poll=0.00 pre=0.01 tick=0.44 post=0.01 begin=0.00 sim=0.00 simTop1=:0.00 simTop2=:0.00 simTop3=:0.00 presentation=0.27 presTop1=:0.00 presTop2=:0.00 presTop3=:0.00 behavior=0.03 behaviorBoot=1 behaviorOwner=0 behaviorAttr=0 behaviorTag=0 behaviorTick=0 animator=0.00 transformSync=0.01 minimapCollect=0.00 minimapMarkers=0/0 minimapProject=0.00 minimapScreen=0/0 heightSync=0.00 heightSamples=7 requestFlush=0.01 spawnBatch=0.00/0.00/0.00/0.00 spawnPerf=0.00/0.00/0.00 spawnPerfParts=0.00/0.00/0.00/0.00/0.00/0.00 spawnPerfChildParts=0.00/0.00/0.00/0.00/0.00 cull=0.08 cullSpatial=0.07 cullStatic=0.00 cullDyn=0.01 cullEntity=0.01 cullSync=0.00 hudProj=0.00 hudRaw=0 hudProjected=0 hudDensitySkip=0 mode3D=0.36 terrain=0.05 terrainChunks=16/0 field=0.00 fieldCount=0 fieldDirty=0 fieldArea=0 fieldDraws=0 primitive=0.13 primSync=0.00 primBucket=0.00 primImmediate=0.12 primImmediateSkip=0 primBuild=0.00 primDraw=0.00 primInstances=21 primBatches=12 primCache=0/0 ground=0.06 groundCount=1 groundRaw=1 spline=0.00 splineCount=0 splineRaw=0 debugDraw=0.00 debugDrawCount=0 debugDrawRaw=0 overlay=0.17 overlayBuild=0.00 overlayDirtyLanes=0 overlayItems=12 overlayRebuilt=0 overlayPaint=0.00 overlayComposite=0.00 uiRender=0.00 uiUpload=0.00 overlayFinal=0.16 nativeDiag=0.00 emit=0.03 emitDirty=0.00 emitDirtyCount=0 emitRetained=0.01 emitRetainedCount=1 emitRetainedDirectPath=0/1/1 endDraw=0.13 screenshot=0.00 worldHud=0 screenBars=0 screenText=0 worldHudDrops=0 screenHudDrops=0 overlaySceneDrops=0
[2026-07-25T22:52:56.0729502Z] prefab-visual-counts lastFrame(mesh=21,decal=0,vfx=0,surface=0) total(mesh=10440,decal=0,vfx=0,surface=0)
[2026-07-25T22:52:56.0747916Z] primitive-lane bucketCount=0
[2026-07-25T22:52:56.0920391Z] presentation-receipt template=rts.frontline.core.base templateId=41 submitted=1 onscreen=1 minShortEdgePx=54.32 minAreaPx2=4329.29
[2026-07-25T22:52:56.0928006Z] presentation-receipt template=rts.frontline.core.reactor templateId=42 submitted=1 onscreen=1 minShortEdgePx=19.96 minAreaPx2=423.59
[2026-07-25T22:52:56.0932180Z] presentation-receipt template=rts.frontline.core.beacon templateId=43 submitted=1 onscreen=1 minShortEdgePx=2.91 minAreaPx2=10.21
[2026-07-25T22:52:56.0935983Z] presentation-receipt template=rts.frontline.core.team_band templateId=44 submitted=1 onscreen=1 minShortEdgePx=27.08 minAreaPx2=1099.11
[2026-07-25T22:52:56.0939242Z] presentation-receipt template=rts.frontline.harvester.chassis templateId=46 submitted=2 onscreen=2 minShortEdgePx=30.71 minAreaPx2=1041.65
[2026-07-25T22:52:56.0942270Z] presentation-receipt template=rts.frontline.harvester.cargo templateId=47 submitted=2 onscreen=2 minShortEdgePx=11.99 minAreaPx2=194.51
[2026-07-25T22:52:56.0945342Z] presentation-receipt template=rts.frontline.harvester.cab templateId=48 submitted=2 onscreen=2 minShortEdgePx=7.38 minAreaPx2=60.65
[2026-07-25T22:52:56.0949296Z] presentation-receipt template=rts.frontline.harvester.team_band templateId=49 submitted=2 onscreen=2 minShortEdgePx=32.94 minAreaPx2=1263.45
[2026-07-25T22:52:56.0952634Z] presentation-receipt template=rts.frontline.infantry.body templateId=50 submitted=2 onscreen=2 minShortEdgePx=23.03 minAreaPx2=591.07
[2026-07-25T22:52:56.0955951Z] presentation-receipt template=rts.frontline.infantry.helmet templateId=51 submitted=2 onscreen=2 minShortEdgePx=16.07 minAreaPx2=404.20
[2026-07-25T22:52:56.0959293Z] presentation-receipt template=rts.frontline.infantry.team_band templateId=52 submitted=2 onscreen=2 minShortEdgePx=14.04 minAreaPx2=357.20
[2026-07-25T22:52:56.0963385Z] presentation-receipt template=rts.frontline.crystal.center templateId=54 submitted=1 onscreen=1 minShortEdgePx=38.96 minAreaPx2=1615.61
[2026-07-25T22:52:56.0966850Z] presentation-receipt template=rts.frontline.crystal.left templateId=55 submitted=1 onscreen=1 minShortEdgePx=19.29 minAreaPx2=395.70
[2026-07-25T22:52:56.0970224Z] presentation-receipt template=rts.frontline.crystal.right templateId=56 submitted=1 onscreen=1 minShortEdgePx=15.93 minAreaPx2=265.93
[2026-07-25T22:52:56.1018293Z] windowFocused=True pointer=(0,0) authPointer=(0,0) liveSelect[down=False,pressed=False,released=False] authSelect[down=False,pressed=False,released=False] liveCommand[down=False,pressed=False,released=False] authCommand[down=False,pressed=False,released=False] hovered=(none) commandSource=Crystal Harvester#11 uiCaptured=False drag=idle targets=(none)
[2026-07-25T22:53:02.0911378Z] screenshot frame=6100 cameraPos=(88.00,48.07,180.56) cameraTarget=(88.00,6.00,150.00)
[2026-07-25T22:53:02.0926752Z] timing frame=0.89ms fps=1119.4 cleanPerf=0 visibleEntities=6 performerActive=32 performerDefs=rts.frontline.harvester.team_band:2,rts.frontline.harvester.cab:2,rts.frontline.harvester.cargo:2,rts.frontline.harvester.chassis:2,rts.frontline.infantry.team_band:2,rts.frontline.infantry.helmet:2,rts.frontline.infantry.body:2,rts.frontline.crystal.right:2 primitiveRaw=21 primitiveStaticRaw=21 skinnedRaw=0 gpuSkinned=0/0 gpuSkinBuild=0.00 gpuSkinDraw=0.00 gap=0.00 poll=0.00 pre=0.00 tick=0.18 post=0.00 begin=0.00 sim=0.00 simTop1=:0.00 simTop2=:0.00 simTop3=:0.00 presentation=0.10 presTop1=:0.00 presTop2=:0.00 presTop3=:0.00 behavior=0.01 behaviorBoot=1 behaviorOwner=0 behaviorAttr=0 behaviorTag=0 behaviorTick=0 animator=0.00 transformSync=0.00 minimapCollect=0.00 minimapMarkers=0/0 minimapProject=0.00 minimapScreen=0/0 heightSync=0.00 heightSamples=7 requestFlush=0.00 spawnBatch=0.00/0.00/0.00/0.00 spawnPerf=0.00/0.00/0.00 spawnPerfParts=0.00/0.00/0.00/0.00/0.00/0.00 spawnPerfChildParts=0.00/0.00/0.00/0.00/0.00 cull=0.03 cullSpatial=0.02 cullStatic=0.00 cullDyn=0.00 cullEntity=0.01 cullSync=0.00 hudProj=0.00 hudRaw=0 hudProjected=0 hudDensitySkip=0 mode3D=0.27 terrain=0.03 terrainChunks=16/0 field=0.00 fieldCount=0 fieldDirty=0 fieldArea=0 fieldDraws=0 primitive=0.09 primSync=0.00 primBucket=0.00 primImmediate=0.09 primImmediateSkip=0 primBuild=0.00 primDraw=0.00 primInstances=21 primBatches=12 primCache=0/0 ground=0.05 groundCount=1 groundRaw=1 spline=0.00 splineCount=0 splineRaw=0 debugDraw=0.00 debugDrawCount=0 debugDrawRaw=0 overlay=0.06 overlayBuild=0.00 overlayDirtyLanes=0 overlayItems=12 overlayRebuilt=0 overlayPaint=0.00 overlayComposite=0.00 uiRender=0.00 uiUpload=0.00 overlayFinal=0.06 nativeDiag=0.00 emit=0.01 emitDirty=0.00 emitDirtyCount=0 emitRetained=0.00 emitRetainedCount=1 emitRetainedDirectPath=0/1/1 endDraw=0.36 screenshot=147.53 worldHud=0 screenBars=0 screenText=0 worldHudDrops=0 screenHudDrops=0 overlaySceneDrops=0
[2026-07-25T22:53:02.0934447Z] prefab-visual-counts lastFrame(mesh=21,decal=0,vfx=0,surface=0) total(mesh=125940,decal=0,vfx=0,surface=0)
[2026-07-25T22:53:02.0941469Z] primitive-lane bucketCount=0
[2026-07-25T22:53:02.0950960Z] presentation-receipt template=rts.frontline.core.base templateId=41 submitted=1 onscreen=1 minShortEdgePx=54.32 minAreaPx2=4329.29
[2026-07-25T22:53:02.0955807Z] presentation-receipt template=rts.frontline.core.reactor templateId=42 submitted=1 onscreen=1 minShortEdgePx=19.96 minAreaPx2=423.59
[2026-07-25T22:53:02.0959495Z] presentation-receipt template=rts.frontline.core.beacon templateId=43 submitted=1 onscreen=1 minShortEdgePx=2.91 minAreaPx2=10.21
[2026-07-25T22:53:02.0963738Z] presentation-receipt template=rts.frontline.core.team_band templateId=44 submitted=1 onscreen=1 minShortEdgePx=27.08 minAreaPx2=1099.11
[2026-07-25T22:53:02.0968355Z] presentation-receipt template=rts.frontline.harvester.chassis templateId=46 submitted=2 onscreen=2 minShortEdgePx=30.71 minAreaPx2=1041.65
[2026-07-25T22:53:02.0973554Z] presentation-receipt template=rts.frontline.harvester.cargo templateId=47 submitted=2 onscreen=2 minShortEdgePx=11.99 minAreaPx2=194.51
[2026-07-25T22:53:02.0981607Z] presentation-receipt template=rts.frontline.harvester.cab templateId=48 submitted=2 onscreen=2 minShortEdgePx=7.38 minAreaPx2=60.65
[2026-07-25T22:53:02.0986530Z] presentation-receipt template=rts.frontline.harvester.team_band templateId=49 submitted=2 onscreen=2 minShortEdgePx=32.94 minAreaPx2=1263.45
[2026-07-25T22:53:02.0990962Z] presentation-receipt template=rts.frontline.infantry.body templateId=50 submitted=2 onscreen=2 minShortEdgePx=23.03 minAreaPx2=591.07
[2026-07-25T22:53:02.0995465Z] presentation-receipt template=rts.frontline.infantry.helmet templateId=51 submitted=2 onscreen=2 minShortEdgePx=16.07 minAreaPx2=404.20
[2026-07-25T22:53:02.0999833Z] presentation-receipt template=rts.frontline.infantry.team_band templateId=52 submitted=2 onscreen=2 minShortEdgePx=14.04 minAreaPx2=357.20
[2026-07-25T22:53:02.1004163Z] presentation-receipt template=rts.frontline.crystal.center templateId=54 submitted=1 onscreen=1 minShortEdgePx=38.96 minAreaPx2=1615.61
[2026-07-25T22:53:02.1008295Z] presentation-receipt template=rts.frontline.crystal.left templateId=55 submitted=1 onscreen=1 minShortEdgePx=19.29 minAreaPx2=395.70
[2026-07-25T22:53:02.1012483Z] presentation-receipt template=rts.frontline.crystal.right templateId=56 submitted=1 onscreen=1 minShortEdgePx=15.93 minAreaPx2=265.93
[2026-07-25T22:53:02.1019090Z] windowFocused=True pointer=(0,0) authPointer=(0,0) liveSelect[down=False,pressed=False,released=False] authSelect[down=False,pressed=False,released=False] liveCommand[down=False,pressed=False,released=False] authCommand[down=False,pressed=False,released=False] hovered=(none) commandSource=Crystal Harvester#11 uiCaptured=False drag=idle targets=(none)
[2026-07-25T22:53:03.1625539Z] screenshot frame=7000 cameraPos=(88.00,48.07,180.56) cameraTarget=(88.00,6.00,150.00)
[2026-07-25T22:53:03.1637934Z] timing frame=0.89ms fps=1119.7 cleanPerf=0 visibleEntities=6 performerActive=32 performerDefs=rts.frontline.harvester.team_band:2,rts.frontline.harvester.cab:2,rts.frontline.harvester.cargo:2,rts.frontline.harvester.chassis:2,rts.frontline.infantry.team_band:2,rts.frontline.infantry.helmet:2,rts.frontline.infantry.body:2,rts.frontline.crystal.right:2 primitiveRaw=21 primitiveStaticRaw=21 skinnedRaw=0 gpuSkinned=0/0 gpuSkinBuild=0.00 gpuSkinDraw=0.00 gap=0.01 poll=0.00 pre=0.01 tick=0.31 post=0.01 begin=0.00 sim=0.00 simTop1=:0.00 simTop2=:0.00 simTop3=:0.00 presentation=0.18 presTop1=:0.00 presTop2=:0.00 presTop3=:0.00 behavior=0.02 behaviorBoot=1 behaviorOwner=0 behaviorAttr=0 behaviorTag=0 behaviorTick=0 animator=0.00 transformSync=0.00 minimapCollect=0.00 minimapMarkers=0/0 minimapProject=0.00 minimapScreen=0/0 heightSync=0.00 heightSamples=7 requestFlush=0.01 spawnBatch=0.00/0.00/0.00/0.00 spawnPerf=0.00/0.00/0.00 spawnPerfParts=0.00/0.00/0.00/0.00/0.00/0.00 spawnPerfChildParts=0.00/0.00/0.00/0.00/0.00 cull=0.04 cullSpatial=0.02 cullStatic=0.00 cullDyn=0.01 cullEntity=0.01 cullSync=0.00 hudProj=0.00 hudRaw=0 hudProjected=0 hudDensitySkip=0 mode3D=0.25 terrain=0.04 terrainChunks=16/0 field=0.00 fieldCount=0 fieldDirty=0 fieldArea=0 fieldDraws=0 primitive=0.09 primSync=0.00 primBucket=0.00 primImmediate=0.08 primImmediateSkip=0 primBuild=0.00 primDraw=0.00 primInstances=21 primBatches=12 primCache=0/0 ground=0.04 groundCount=1 groundRaw=1 spline=0.00 splineCount=0 splineRaw=0 debugDraw=0.00 debugDrawCount=0 debugDrawRaw=0 overlay=0.18 overlayBuild=0.00 overlayDirtyLanes=0 overlayItems=12 overlayRebuilt=0 overlayPaint=0.00 overlayComposite=0.00 uiRender=0.00 uiUpload=0.00 overlayFinal=0.18 nativeDiag=0.00 emit=0.02 emitDirty=0.00 emitDirtyCount=0 emitRetained=0.01 emitRetainedCount=1 emitRetainedDirectPath=0/1/1 endDraw=0.13 screenshot=176.20 worldHud=0 screenBars=0 screenText=0 worldHudDrops=0 screenHudDrops=0 overlaySceneDrops=0
[2026-07-25T22:53:03.1645217Z] prefab-visual-counts lastFrame(mesh=21,decal=0,vfx=0,surface=0) total(mesh=144840,decal=0,vfx=0,surface=0)
[2026-07-25T22:53:03.1652011Z] primitive-lane bucketCount=0
[2026-07-25T22:53:03.1659769Z] presentation-receipt template=rts.frontline.core.base templateId=41 submitted=1 onscreen=1 minShortEdgePx=54.32 minAreaPx2=4329.29
[2026-07-25T22:53:03.1665464Z] presentation-receipt template=rts.frontline.core.reactor templateId=42 submitted=1 onscreen=1 minShortEdgePx=19.96 minAreaPx2=423.59
[2026-07-25T22:53:03.1670691Z] presentation-receipt template=rts.frontline.core.beacon templateId=43 submitted=1 onscreen=1 minShortEdgePx=2.91 minAreaPx2=10.21
[2026-07-25T22:53:03.1675443Z] presentation-receipt template=rts.frontline.core.team_band templateId=44 submitted=1 onscreen=1 minShortEdgePx=27.08 minAreaPx2=1099.11
[2026-07-25T22:53:03.1680551Z] presentation-receipt template=rts.frontline.harvester.chassis templateId=46 submitted=2 onscreen=2 minShortEdgePx=30.71 minAreaPx2=1041.65
[2026-07-25T22:53:03.1684983Z] presentation-receipt template=rts.frontline.harvester.cargo templateId=47 submitted=2 onscreen=2 minShortEdgePx=11.99 minAreaPx2=194.51
[2026-07-25T22:53:03.1688665Z] presentation-receipt template=rts.frontline.harvester.cab templateId=48 submitted=2 onscreen=2 minShortEdgePx=7.38 minAreaPx2=60.65
[2026-07-25T22:53:03.1695654Z] presentation-receipt template=rts.frontline.harvester.team_band templateId=49 submitted=2 onscreen=2 minShortEdgePx=32.94 minAreaPx2=1263.45
[2026-07-25T22:53:03.1702068Z] presentation-receipt template=rts.frontline.infantry.body templateId=50 submitted=2 onscreen=2 minShortEdgePx=23.03 minAreaPx2=591.07
[2026-07-25T22:53:03.1707273Z] presentation-receipt template=rts.frontline.infantry.helmet templateId=51 submitted=2 onscreen=2 minShortEdgePx=16.07 minAreaPx2=404.20
[2026-07-25T22:53:03.1712094Z] presentation-receipt template=rts.frontline.infantry.team_band templateId=52 submitted=2 onscreen=2 minShortEdgePx=14.04 minAreaPx2=357.20
[2026-07-25T22:53:03.1716420Z] presentation-receipt template=rts.frontline.crystal.center templateId=54 submitted=1 onscreen=1 minShortEdgePx=38.96 minAreaPx2=1615.61
[2026-07-25T22:53:03.1721652Z] presentation-receipt template=rts.frontline.crystal.left templateId=55 submitted=1 onscreen=1 minShortEdgePx=19.29 minAreaPx2=395.70
[2026-07-25T22:53:03.1727996Z] presentation-receipt template=rts.frontline.crystal.right templateId=56 submitted=1 onscreen=1 minShortEdgePx=15.93 minAreaPx2=265.93
[2026-07-25T22:53:03.1735787Z] windowFocused=True pointer=(0,0) authPointer=(0,0) liveSelect[down=False,pressed=False,released=False] authSelect[down=False,pressed=False,released=False] liveCommand[down=False,pressed=False,released=False] authCommand[down=False,pressed=False,released=False] hovered=(none) commandSource=Crystal Harvester#11 uiCaptured=False drag=idle targets=(none)
