
已成功生成。
    0 个警告
    0 个错误

已用时间 00:00:03.45

有可用的工作负载更新。有关详细信息，请运行 `dotnet workload list`。
adapter=raylib
pid=185644
bootstrap=C:\001_AI\wt-issue-1402\src\Apps\Raylib\Ludots.App.Raylib\bin\Release\net9.0\launcher.runtime.json
rootMods=NavBakeIslandShowcaseMod, AgentBridgeMod
orderedMods=LudotsCoreMod, CoreInputMod, CameraProfilesMod, MassNavigationMod, NavBakeIslandShowcaseMod, AgentBridgeMod
startup:
  defaultCoreMod=LudotsCoreMod @ assets/game.json
  startupMapId=nav_bake_island @ mods/showcases/navmesh_bake_island/NavBakeIslandShowcaseMod/assets/game.json
    - mods/LudotsCoreMod/assets/game.json -> entry
    - mods/capabilities/navigation/MassNavigationMod/assets/game.json -> mass_navigation
    * mods/showcases/navmesh_bake_island/NavBakeIslandShowcaseMod/assets/game.json -> nav_bake_island
  startupInputContexts=[Default_Gameplay] @ mods/LudotsCoreMod/assets/game.json
  browserRuntime=(unset) @ (unset)
warnings:
  - Selected 2 root mods (NavBakeIslandShowcaseMod, AgentBridgeMod). Runtime still boots a single startupMapId; inspect the effective startup settings below.
[INF][Engine] Initializing with ConfigPipeline...
[INF][Engine] Applying launcher-resolved mod plan: fingerprint=22fe022e2748d1e4d3370ed29628d609bc926295a666b7f39c14a42ff6363dd9, schema=1, mods=6
[INF][ModLoader] Resolved Mod Load Order (launcher graph):
[INF][ModLoader] - LudotsCoreMod (P:-1000)
[INF][ModLoader] - CoreInputMod (P:0)
[INF][ModLoader] - CameraProfilesMod (P:0)
[INF][ModLoader] - MassNavigationMod (P:0)
[INF][ModLoader] - NavBakeIslandShowcaseMod (P:-2000)
[INF][ModLoader] - AgentBridgeMod (P:950)
[INF][ModLoader] Loading DLL for LudotsCoreMod at C:\001_AI\wt-issue-1402\mods\LudotsCoreMod\bin\net9.0\LudotsCoreMod.dll
[INF][ModLoader] Scanning 2 types in assembly...
[INF][ModLoader] Instantiated entry for LudotsCoreMod. Calling OnLoad...
[INF][Mod.LudotsCoreMod] [LudotsCoreMod] Loaded - Core game framework initialized
[INF][ModLoader] LudotsCoreMod OnLoad completed.
[INF][ModLoader] Loaded LudotsCoreMod
[INF][ModLoader] Loading DLL for CoreInputMod at C:\001_AI\wt-issue-1402\mods\CoreInputMod\bin\net9.0\CoreInputMod.dll
[INF][ModLoader] Scanning 33 types in assembly...
[INF][ModLoader] Instantiated entry for CoreInputMod. Calling OnLoad...
[INF][Mod.CoreInputMod] [CoreInputMod] Loaded - generic command-source and GAS input
[INF][ModLoader] CoreInputMod OnLoad completed.
[INF][ModLoader] Loaded CoreInputMod
[INF][ModLoader] Loading DLL for CameraProfilesMod at C:\001_AI\wt-issue-1402\mods\capabilities\camera\CameraProfilesMod\bin\net9.0\CameraProfilesMod.dll
[INF][ModLoader] Scanning 2 types in assembly...
[INF][ModLoader] Instantiated entry for CameraProfilesMod. Calling OnLoad...
[INF][Mod.CameraProfilesMod] [CameraProfilesMod] Loaded
[INF][ModLoader] CameraProfilesMod OnLoad completed.
[INF][ModLoader] Loaded CameraProfilesMod
[INF][ModLoader] Loading DLL for MassNavigationMod at C:\001_AI\wt-issue-1402\mods\capabilities\navigation\MassNavigationMod\bin\net9.0\MassNavigationMod.dll
[INF][ModLoader] Scanning 2 types in assembly...
[INF][ModLoader] Instantiated entry for MassNavigationMod. Calling OnLoad...
[INF][Mod.MassNavigationMod] [MassNavigationMod] Loaded MassNavigation assets and MovePlan order adapter.
[INF][ModLoader] MassNavigationMod OnLoad completed.
[INF][ModLoader] Loaded MassNavigationMod
[INF][ModLoader] Loading DLL for NavBakeIslandShowcaseMod at C:\001_AI\wt-issue-1402\mods\showcases\navmesh_bake_island\NavBakeIslandShowcaseMod\bin\net9.0\NavBakeIslandShowcaseMod.dll
[INF][ModLoader] Scanning 1 types in assembly...
[INF][ModLoader] Instantiated entry for NavBakeIslandShowcaseMod. Calling OnLoad...
[INF][Mod.NavBakeIslandShowcaseMod] [NavBakeIslandShowcaseMod] Configuration-driven island navigation showcase loaded.
[INF][ModLoader] NavBakeIslandShowcaseMod OnLoad completed.
[INF][ModLoader] Loaded NavBakeIslandShowcaseMod
[INF][ModLoader] Loading DLL for AgentBridgeMod at C:\001_AI\wt-issue-1402\mods\AgentBridgeMod\bin\net9.0\AgentBridgeMod.dll
[INF][ModLoader] Scanning 3 types in assembly...
[INF][ModLoader] Instantiated entry for AgentBridgeMod. Calling OnLoad...
[INF][ModLoader] AgentBridgeMod OnLoad completed.
[INF][ModLoader] Loaded AgentBridgeMod
[INF][Config] Merged fragment from: Core:game.json
[INF][Config] Merged fragment from: LudotsCoreMod:assets/game.json
[INF][Config] Merged fragment from: MassNavigationMod:assets/game.json
[INF][Config] Merged fragment from: NavBakeIslandShowcaseMod:assets/game.json
[INF][Config] Merged fragment from: Core:config_catalog.json
[INF][Config] Merged fragment from: MassNavigationMod:assets/config_catalog.json
[INF][Config] Merged fragment from: NavBakeIslandShowcaseMod:assets/config_catalog.json
[INF][Config] Merged fragment from: Core:Navigation/agent_profiles.json
[INF][Engine] Merged GameConfig: StartupMapId=nav_bake_island, DefaultCoreMod=LudotsCoreMod
[INF][Engine] Constants loaded: OrderTypeIds=4, ResponseChainOrderTypeIds=3
[INF][Engine] Initializing JobScheduler...
[INF][Config] Loading DataRegistry<EntityTemplate> from Entities/templates.json...
[INF][Config] Merged fragment from: LudotsCoreMod:assets/Entities/templates.json
[INF][Config] Merged fragment from: MassNavigationMod:assets/Entities/templates.json
[INF][Config] Loaded 16 DataRegistry<EntityTemplate> items.
[INF][Engine] Initializing Core GAS Systems...
[INF][Config] Merged fragment from: Core:Engine/clock.json
[INF][Config] Merged fragment from: Core:Relationships/catalog.json
[INF][Config] Merged fragment from: LudotsCoreMod:assets/Relationships/catalog.json
[INF][Config] Merged fragment from: Core:Relationships/control_profiles.json
[INF][Config] Merged fragment from: Core:GAS/target_dispatch_presets.json
[INF][Config] Merged fragment from: Core:GAS/clock.json
[INF][Config] Merged fragment from: Core:Physics2D/clock.json
[INF][Config] Merged fragment from: Core:Physics2D/solver.json
[INF][Config] Merged fragment from: Core:Physics2D/kinematic.json
[INF][Config] Merged fragment from: Core:GAS/attribute_constraints.json
[INF][Config] Merged fragment from: MassNavigationMod:assets/GAS/attribute_constraints.json
[INF][Config] Merged fragment from: Core:Enums/enums.json
[INF][Config] Merged fragment from: Core:Vision/fog_layers.json
[INF][Config] Merged fragment from: LudotsCoreMod:assets/Presentation/text_tokens.json
[INF][Config] Merged fragment from: LudotsCoreMod:assets/Presentation/text_tokens.json
[INF][Config] Merged fragment from: LudotsCoreMod:assets/Presentation/text_locales.json
[INF][Config] Merged fragment from: Core:GraphTables/lookup_tables.json
[INF][Config] Merged fragment from: Core:GAS/graphs.json
[INF][Config] Merged fragment from: MassNavigationMod:assets/GAS/graphs.json
[INF][Config] Merged fragment from: Core:GAS/preset_types.json
[INF][Config] Merged fragment from: Core:Exchange/operations.json
[INF][Config] Merged fragment from: Core:Progression/scopes.json
[INF][Config] Merged fragment from: Core:Progression/progressions.json
[INF][Config] Merged fragment from: Core:Progression/requirements.json
[INF][Config] Merged fragment from: LudotsCoreMod:assets/GAS/order_types.json
[INF][Config] Merged fragment from: MassNavigationMod:assets/GAS/order_types.json
[INF][Config] Merged fragment from: Core:GAS/effects.json
[INF][Config] Merged fragment from: MassNavigationMod:assets/GAS/effects.json
[INF][Config] Merged fragment from: Core:GAS/func_lib.json
[INF][Config] Merged fragment from: Core:GAS/action_lib.json
[INF][Config] Merged fragment from: Core:Items/shapes.json
[INF][Config] Merged fragment from: Core:Items/layouts.json
[INF][Config] Merged fragment from: Core:Items/definitions.json
[INF][Config] Merged fragment from: Core:Exchange/operations.json
[INF][Config] Merged fragment from: Core:Panels/panel_templates.json
[INF][Config] Merged fragment from: Core:Input/filter_profiles.json
[INF][Config] Merged fragment from: Core:Presentation/lod_profiles.json
[INF][Config] Merged fragment from: Core:Presentation/particle_vfx.json
[INF][Config] Merged fragment from: LudotsCoreMod:assets/Presentation/mesh_assets.json
[INF][Config] Merged fragment from: MassNavigationMod:assets/Presentation/mesh_assets.json
[INF][Config] Merged fragment from: LudotsCoreMod:assets/Presentation/material_assets.json
[INF][Config] Merged fragment from: LudotsCoreMod:assets/Presentation/animator_controllers.json
[INF][Config] Merged fragment from: MassNavigationMod:assets/Presentation/animator_controllers.json
[INF][Config] Merged fragment from: LudotsCoreMod:assets/Presentation/animation_clips.json
[INF][Config] Merged fragment from: MassNavigationMod:assets/Presentation/animation_clips.json
[INF][Config] Merged fragment from: LudotsCoreMod:assets/Presentation/animation_profiles.json
[INF][Config] Merged fragment from: MassNavigationMod:assets/Presentation/animation_profiles.json
[INF][Config] Merged fragment from: LudotsCoreMod:assets/Presentation/presenters.json
[INF][Config] Merged fragment from: CoreInputMod:assets/Presentation/presenters.json
[INF][Config] Merged fragment from: MassNavigationMod:assets/Presentation/presenters.json
[INF][Config] Merged fragment from: Core:GAS/attribute_bindings.json
[INF][Config] Merged fragment from: Core:config_catalog.json
[INF][Config] Merged fragment from: MassNavigationMod:assets/config_catalog.json
[INF][Config] Merged fragment from: NavBakeIslandShowcaseMod:assets/config_catalog.json
[INF][Config] Merged fragment from: Core:Input/default_input.json
[INF][Config] Merged fragment from: CoreInputMod:assets/Input/default_input.json
[INF][Config] Merged fragment from: CameraProfilesMod:assets/Input/default_input.json
[INF][Config] Merged fragment from: Core:Input/action_attribute_bindings.json
[INF][Config] Merged fragment from: Core:Input/command_intent_profiles.json
[INF][Config] Merged fragment from: Core:Input/interaction_context_profiles.json
[INF][Config] Merged fragment from: Core:Input/cast_commit_profiles.json
[INF][Config] Merged fragment from: Core:Input/cast_commit_locks.json
[INF][Config] Merged fragment from: Core:Input/cast_dispatch_profiles.json
[INF][Config] Merged fragment from: Core:Input/control_schemes.json
[INF][Config] Merged fragment from: Core:Input/command_prefs.json
[INF][Config] Merged fragment from: Core:Input/interaction_modes.json
[INF][Config] Merged fragment from: Core:UI/ability_aggregation_profiles.json
[INF][Config] Merged fragment from: Core:UI/command_deck_profiles.json
[INF][Config] Merged fragment from: Core:UI/production_overview_profiles.json
[INF][Config] Merged fragment from: Core:AI/behavior_trees.json
[INF][Config] Merged fragment from: Core:AI/hfsm.json
[INF][Config] Merged fragment from: Core:Presentation/semantic_maps.json
[INF][Config] Merged fragment from: Core:Presentation/image_assets.json
[INF][Config] Merged fragment from: Core:Camera/virtual_cameras.json
[INF][Config] Merged fragment from: CameraProfilesMod:assets/Camera/virtual_cameras.json
[INF][Config] Merged fragment from: MassNavigationMod:assets/Camera/virtual_cameras.json
[INF][Config] Merged fragment from: NavBakeIslandShowcaseMod:assets/Camera/virtual_cameras.json
[INF][Config] Merged fragment from: Core:Story/lines.json
[INF][Config] Merged fragment from: Core:Story/presentation_profiles.json
[INF][Config] Merged fragment from: Core:Story/speakers.json
[INF][Config] Merged fragment from: Core:Dialogue/dialogues.json
[INF][Config] Merged fragment from: Core:Sequencer/sequences.json
[INF][ModLoader] No registration conflicts detected.
[INF][Config] Merged fragment from: MassNavigationMod:assets/Presentation/host_assets.json
[INF][Config] Merged fragment from: Core:config_catalog.json
[INF][Config] Merged fragment from: MassNavigationMod:assets/config_catalog.json
[INF][Config] Merged fragment from: NavBakeIslandShowcaseMod:assets/config_catalog.json
[INF][Config] Merged fragment from: Core:Input/default_input.json
[INF][Config] Merged fragment from: CoreInputMod:assets/Input/default_input.json
[INF][Config] Merged fragment from: CameraProfilesMod:assets/Input/default_input.json
INFO: Initializing raylib 5.5
INFO: Platform backend: DESKTOP (GLFW)
INFO: Supported raylib modules:
INFO:     > rcore:..... loaded (mandatory)
INFO:     > rlgl:...... loaded (mandatory)
INFO:     > rshapes:... loaded (optional)
INFO:     > rtextures:. loaded (optional)
INFO:     > rtext:..... loaded (optional)
INFO:     > rmodels:... loaded (optional)
INFO:     > raudio:.... loaded (optional)
INFO: DISPLAY: Device initialized successfully
INFO:     > Display size: 2560 x 1600
INFO:     > Screen size:  1280 x 720
INFO:     > Render size:  1280 x 720
INFO:     > Viewport offsets: 0, 0
INFO: GLAD: OpenGL extensions loaded successfully
INFO: GL: Supported extensions count: 296
INFO: GL: OpenGL device information:
INFO:     > Vendor:   ATI Technologies Inc.
INFO:     > Renderer: AMD Radeon(TM) 8060S Graphics
INFO:     > Version:  3.3.0 Core Profile Context 26.10.32.01.260717
INFO:     > GLSL:     4.60
INFO: GL: VAO extension detected, VAO functions loaded successfully
INFO: GL: NPOT textures extension detected, full NPOT textures supported
INFO: GL: DXT compressed textures supported
INFO: GL: ETC2/EAC compressed textures supported
INFO: PLATFORM: DESKTOP (GLFW - Win32): Initialized successfully
INFO: TEXTURE: [ID 1] Texture loaded successfully (1x1 | R8G8B8A8 | 1 mipmaps)
INFO: TEXTURE: [ID 1] Default texture loaded successfully
INFO: SHADER: [ID 1] Vertex shader compiled successfully
INFO: SHADER: [ID 2] Fragment shader compiled successfully
INFO: SHADER: [ID 3] Program shader loaded successfully
INFO: SHADER: [ID 3] Default shader loaded successfully
INFO: RLGL: Render batch vertex buffers loaded successfully in RAM (CPU)
INFO: RLGL: Render batch vertex buffers loaded successfully in VRAM (GPU)
INFO: RLGL: Default OpenGL state initialized successfully
INFO: TEXTURE: [ID 2] Texture loaded successfully (128x128 | GRAY_ALPHA | 1 mipmaps)
INFO: FONT: Default font loaded successfully (224 glyphs)
INFO: SYSTEM: Working Directory: C:\001_AI\wt-issue-1402\src\Apps\Raylib\Ludots.App.Raylib\bin\Release\net9.0
INFO: TIMER: Target time per frame: 0.000 milliseconds
INFO: AUDIO: Device initialized successfully
INFO:     > Backend:       miniaudio | WASAPI
INFO:     > Format:        32-bit IEEE Floating Point -> 32-bit IEEE Floating Point
INFO:     > Channels:      2 -> 2
INFO:     > Sample rate:   48000 -> 48000
INFO:     > Periods size:  1440
[INF][Presentation] GPU Accelerated: False (raster UI compositor)
INFO: TEXTURE: [ID 3] Texture loaded successfully (1280x720 | R8G8B8A8 | 1 mipmaps)
[INF][Presentation] Skia overlay backend: GPU direct framebuffer underlay with raster compositor for UI/top overlay
[INF][Engine] Firing GameStart event...
[LudotsCoreMod] Core systems installed
[INF][Mod.CoreInputMod] [CoreInputMod] No viewmodes.json found, skipping.
[INF][Mod.CoreInputMod] [CoreInputMod] No viewmodes.json found, skipping.
[INF][Mod.CoreInputMod] [CoreInputMod] Registered 3 view modes from CameraProfilesMod.
[INF][Mod.CoreInputMod] [CoreInputMod] No viewmodes.json found, skipping.
[INF][Mod.CoreInputMod] [CoreInputMod] No viewmodes.json found, skipping.
[INF][Mod.CoreInputMod] [CoreInputMod] No viewmodes.json found, skipping.
[INF][Mod.CoreInputMod] [CoreInputMod] CommandSourceAcquisition, GasInputResponse, SkillBar, CommandSourceDragOverlay, AbilityAimPresentation, CommandActorMovePathPresentation, TabTarget, ViewMode registered
[INF][Engine] [AgentBridge] listening on http://127.0.0.1:47921/ (discovery: C:\001_AI\wt-issue-1402\artifacts\agent-bridge\sessions\185644.json)
[INF][Mod.AgentBridgeMod] [AgentBridgeMod] Agent bridge active: http://127.0.0.1:47921/ (38 tools)
[INF][Engine] Activated system 'AgentBridge' (group=SchemaUpdate, presentation=True).
[INF][Engine] Loading Map: nav_bake_island
[INF][Map] Loading Map: nav_bake_island
[INF][Config] Merged fragment from: NavBakeIslandShowcaseMod:assets/Maps/nav_bake_island.json
[INF][Map] Map 'nav_bake_island' loaded.
[INF][Map] Creating GridBoard 'default' (5x5 macroTiles, cell=100cm)
[INF][Engine] Created Board 'default' (type=Grid) for map 'nav_bake_island'
[INF][Map] Map 'nav_bake_island' pushed to focus (stack depth=1).
[INF][Engine] Projected ContinuousHeightmap to grid LogicTerrainField 1280x1280 cells for board 'default'
[INF][Config] Merged fragment from: Core:Navigation/navmesh.json
[INF][Config] Merged fragment from: NavBakeIslandShowcaseMod:assets/Navigation/navmesh.json
[INF][Config] Merged fragment from: Core:Navigation/pathing.json
[INF][Config] Merged fragment from: NavBakeIslandShowcaseMod:assets/Navigation/pathing.json
[INF][Engine] Pathing bootstrap ready for map 'nav_bake_island': service=NavMeshPathServiceAdapter, board='default', loadedGraphChunks=0.
[INF][Engine] Creating Entities from MapConfig...
[INF][Engine] Applied DefaultCamera: yaw=45 pitch=48 dist=26000cm fov=55
[INF][Config] Merged fragment from: MassNavigationMod:assets/MassNavigationConfig.json
[INF][Config] Merged fragment from: NavBakeIslandShowcaseMod:assets/MassNavigationConfig.json
[INF][Engine] [MassNavigation runtime] Installed mass-navigation runtime.
[INF][Engine] Firing MapLoaded event for nav_bake_island...
INFO: TEXTURE: [ID 4] Texture loaded successfully (1280x720 | R8G8B8A8 | 1 mipmaps)
INFO: TEXTURE: [ID 1] Depth renderbuffer loaded successfully (32 bits)
INFO: FBO: [ID 1] Framebuffer object created successfully
INFO: FILEIO: [C:\001_AI\wt-issue-1402\src\Apps\Raylib\Ludots.App.Raylib\bin\Release\net9.0\postprocess.fs] Text file loaded successfully
INFO: SHADER: [ID 4] Fragment shader compiled successfully
INFO: SHADER: [ID 5] Program shader loaded successfully
INFO: SHADER: [ID 4] Vertex shader compiled successfully
INFO: SHADER: [ID 6] Fragment shader compiled successfully
INFO: SHADER: [ID 7] Program shader loaded successfully
INFO: VAO: [ID 2] Mesh uploaded successfully to VRAM (GPU)
INFO: VAO: [ID 3] Mesh uploaded successfully to VRAM (GPU)
INFO: VAO: [ID 4] Mesh uploaded successfully to VRAM (GPU)
INFO: VAO: [ID 5] Mesh uploaded successfully to VRAM (GPU)
INFO: VAO: [ID 6] Mesh uploaded successfully to VRAM (GPU)
INFO: VAO: [ID 7] Mesh uploaded successfully to VRAM (GPU)
INFO: VAO: [ID 8] Mesh uploaded successfully to VRAM (GPU)
INFO: VAO: [ID 9] Mesh uploaded successfully to VRAM (GPU)
INFO: VAO: [ID 10] Mesh uploaded successfully to VRAM (GPU)
INFO: VAO: [ID 11] Mesh uploaded successfully to VRAM (GPU)
INFO: VAO: [ID 12] Mesh uploaded successfully to VRAM (GPU)
INFO: VAO: [ID 13] Mesh uploaded successfully to VRAM (GPU)
INFO: VAO: [ID 14] Mesh uploaded successfully to VRAM (GPU)
INFO: VAO: [ID 15] Mesh uploaded successfully to VRAM (GPU)
INFO: VAO: [ID 16] Mesh uploaded successfully to VRAM (GPU)
INFO: VAO: [ID 17] Mesh uploaded successfully to VRAM (GPU)
INFO: VAO: [ID 18] Mesh uploaded successfully to VRAM (GPU)
INFO: VAO: [ID 19] Mesh uploaded successfully to VRAM (GPU)
INFO: VAO: [ID 20] Mesh uploaded successfully to VRAM (GPU)
INFO: VAO: [ID 21] Mesh uploaded successfully to VRAM (GPU)
INFO: VAO: [ID 22] Mesh uploaded successfully to VRAM (GPU)
INFO: VAO: [ID 23] Mesh uploaded successfully to VRAM (GPU)
INFO: VAO: [ID 24] Mesh uploaded successfully to VRAM (GPU)
INFO: VAO: [ID 25] Mesh uploaded successfully to VRAM (GPU)
INFO: VAO: [ID 26] Mesh uploaded successfully to VRAM (GPU)
INFO: VAO: [ID 27] Mesh uploaded successfully to VRAM (GPU)
INFO: VAO: [ID 28] Mesh uploaded successfully to VRAM (GPU)
INFO: VAO: [ID 29] Mesh uploaded successfully to VRAM (GPU)
INFO: VAO: [ID 30] Mesh uploaded successfully to VRAM (GPU)
INFO: VAO: [ID 31] Mesh uploaded successfully to VRAM (GPU)
INFO: VAO: [ID 32] Mesh uploaded successfully to VRAM (GPU)
INFO: VAO: [ID 33] Mesh uploaded successfully to VRAM (GPU)
INFO: VAO: [ID 34] Mesh uploaded successfully to VRAM (GPU)
INFO: VAO: [ID 35] Mesh uploaded successfully to VRAM (GPU)
INFO: VAO: [ID 36] Mesh uploaded successfully to VRAM (GPU)
INFO: VAO: [ID 37] Mesh uploaded successfully to VRAM (GPU)
INFO: VAO: [ID 38] Mesh uploaded successfully to VRAM (GPU)
INFO: VAO: [ID 39] Mesh uploaded successfully to VRAM (GPU)
INFO: VAO: [ID 40] Mesh uploaded successfully to VRAM (GPU)
INFO: VAO: [ID 41] Mesh uploaded successfully to VRAM (GPU)
INFO: VAO: [ID 42] Mesh uploaded successfully to VRAM (GPU)
INFO: VAO: [ID 43] Mesh uploaded successfully to VRAM (GPU)
INFO: VAO: [ID 44] Mesh uploaded successfully to VRAM (GPU)
INFO: VAO: [ID 45] Mesh uploaded successfully to VRAM (GPU)
INFO: VAO: [ID 46] Mesh uploaded successfully to VRAM (GPU)
INFO: VAO: [ID 47] Mesh uploaded successfully to VRAM (GPU)
INFO: VAO: [ID 48] Mesh uploaded successfully to VRAM (GPU)
INFO: VAO: [ID 49] Mesh uploaded successfully to VRAM (GPU)
INFO: VAO: [ID 50] Mesh uploaded successfully to VRAM (GPU)
INFO: VAO: [ID 51] Mesh uploaded successfully to VRAM (GPU)
INFO: VAO: [ID 52] Mesh uploaded successfully to VRAM (GPU)
INFO: VAO: [ID 53] Mesh uploaded successfully to VRAM (GPU)
INFO: VAO: [ID 54] Mesh uploaded successfully to VRAM (GPU)
INFO: VAO: [ID 55] Mesh uploaded successfully to VRAM (GPU)
INFO: VAO: [ID 56] Mesh uploaded successfully to VRAM (GPU)
INFO: VAO: [ID 57] Mesh uploaded successfully to VRAM (GPU)
INFO: VAO: [ID 58] Mesh uploaded successfully to VRAM (GPU)
INFO: VAO: [ID 59] Mesh uploaded successfully to VRAM (GPU)
INFO: VAO: [ID 60] Mesh uploaded successfully to VRAM (GPU)
INFO: VAO: [ID 61] Mesh uploaded successfully to VRAM (GPU)
INFO: VAO: [ID 62] Mesh uploaded successfully to VRAM (GPU)
INFO: VAO: [ID 63] Mesh uploaded successfully to VRAM (GPU)
INFO: VAO: [ID 64] Mesh uploaded successfully to VRAM (GPU)
INFO: VAO: [ID 65] Mesh uploaded successfully to VRAM (GPU)
INFO: VAO: [ID 66] Mesh uploaded successfully to VRAM (GPU)
INFO: VAO: [ID 67] Mesh uploaded successfully to VRAM (GPU)
INFO: VAO: [ID 68] Mesh uploaded successfully to VRAM (GPU)
INFO: VAO: [ID 69] Mesh uploaded successfully to VRAM (GPU)
INFO: VAO: [ID 70] Mesh uploaded successfully to VRAM (GPU)
INFO: VAO: [ID 71] Mesh uploaded successfully to VRAM (GPU)
INFO: VAO: [ID 72] Mesh uploaded successfully to VRAM (GPU)
INFO: VAO: [ID 73] Mesh uploaded successfully to VRAM (GPU)
INFO: VAO: [ID 74] Mesh uploaded successfully to VRAM (GPU)
INFO: VAO: [ID 75] Mesh uploaded successfully to VRAM (GPU)
INFO: VAO: [ID 76] Mesh uploaded successfully to VRAM (GPU)
INFO: VAO: [ID 77] Mesh uploaded successfully to VRAM (GPU)
INFO: VAO: [ID 78] Mesh uploaded successfully to VRAM (GPU)
INFO: VAO: [ID 79] Mesh uploaded successfully to VRAM (GPU)
INFO: VAO: [ID 80] Mesh uploaded successfully to VRAM (GPU)
INFO: VAO: [ID 81] Mesh uploaded successfully to VRAM (GPU)
INFO: VAO: [ID 82] Mesh uploaded successfully to VRAM (GPU)
INFO: VAO: [ID 83] Mesh uploaded successfully to VRAM (GPU)
INFO: VAO: [ID 84] Mesh uploaded successfully to VRAM (GPU)
INFO: VAO: [ID 85] Mesh uploaded successfully to VRAM (GPU)
INFO: VAO: [ID 86] Mesh uploaded successfully to VRAM (GPU)
INFO: VAO: [ID 87] Mesh uploaded successfully to VRAM (GPU)
INFO: VAO: [ID 88] Mesh uploaded successfully to VRAM (GPU)
INFO: VAO: [ID 89] Mesh uploaded successfully to VRAM (GPU)
INFO: VAO: [ID 90] Mesh uploaded successfully to VRAM (GPU)
INFO: VAO: [ID 91] Mesh uploaded successfully to VRAM (GPU)
INFO: VAO: [ID 92] Mesh uploaded successfully to VRAM (GPU)
INFO: VAO: [ID 93] Mesh uploaded successfully to VRAM (GPU)
INFO: VAO: [ID 94] Mesh uploaded successfully to VRAM (GPU)
INFO: VAO: [ID 95] Mesh uploaded successfully to VRAM (GPU)
INFO: VAO: [ID 96] Mesh uploaded successfully to VRAM (GPU)
INFO: VAO: [ID 97] Mesh uploaded successfully to VRAM (GPU)
INFO: VAO: [ID 98] Mesh uploaded successfully to VRAM (GPU)
INFO: VAO: [ID 99] Mesh uploaded successfully to VRAM (GPU)
INFO: VAO: [ID 100] Mesh uploaded successfully to VRAM (GPU)
INFO: VAO: [ID 101] Mesh uploaded successfully to VRAM (GPU)
INFO: VAO: [ID 102] Mesh uploaded successfully to VRAM (GPU)
INFO: VAO: [ID 103] Mesh uploaded successfully to VRAM (GPU)
INFO: VAO: [ID 104] Mesh uploaded successfully to VRAM (GPU)
INFO: VAO: [ID 105] Mesh uploaded successfully to VRAM (GPU)
INFO: VAO: [ID 106] Mesh uploaded successfully to VRAM (GPU)
INFO: VAO: [ID 107] Mesh uploaded successfully to VRAM (GPU)
INFO: VAO: [ID 108] Mesh uploaded successfully to VRAM (GPU)
INFO: VAO: [ID 109] Mesh uploaded successfully to VRAM (GPU)
INFO: VAO: [ID 110] Mesh uploaded successfully to VRAM (GPU)
INFO: VAO: [ID 111] Mesh uploaded successfully to VRAM (GPU)
INFO: VAO: [ID 112] Mesh uploaded successfully to VRAM (GPU)
INFO: VAO: [ID 113] Mesh uploaded successfully to VRAM (GPU)
INFO: VAO: [ID 114] Mesh uploaded successfully to VRAM (GPU)
INFO: VAO: [ID 115] Mesh uploaded successfully to VRAM (GPU)
INFO: VAO: [ID 116] Mesh uploaded successfully to VRAM (GPU)
INFO: VAO: [ID 117] Mesh uploaded successfully to VRAM (GPU)
INFO: VAO: [ID 118] Mesh uploaded successfully to VRAM (GPU)
INFO: VAO: [ID 119] Mesh uploaded successfully to VRAM (GPU)
INFO: VAO: [ID 120] Mesh uploaded successfully to VRAM (GPU)
INFO: VAO: [ID 121] Mesh uploaded successfully to VRAM (GPU)
INFO: VAO: [ID 122] Mesh uploaded successfully to VRAM (GPU)
INFO: VAO: [ID 123] Mesh uploaded successfully to VRAM (GPU)
INFO: VAO: [ID 124] Mesh uploaded successfully to VRAM (GPU)
INFO: VAO: [ID 125] Mesh uploaded successfully to VRAM (GPU)
INFO: VAO: [ID 126] Mesh uploaded successfully to VRAM (GPU)
INFO: VAO: [ID 127] Mesh uploaded successfully to VRAM (GPU)
INFO: VAO: [ID 128] Mesh uploaded successfully to VRAM (GPU)
INFO: VAO: [ID 129] Mesh uploaded successfully to VRAM (GPU)
INFO: VAO: [ID 130] Mesh uploaded successfully to VRAM (GPU)
INFO: VAO: [ID 131] Mesh uploaded successfully to VRAM (GPU)
INFO: VAO: [ID 132] Mesh uploaded successfully to VRAM (GPU)
INFO: VAO: [ID 133] Mesh uploaded successfully to VRAM (GPU)
INFO: VAO: [ID 134] Mesh uploaded successfully to VRAM (GPU)
INFO: VAO: [ID 135] Mesh uploaded successfully to VRAM (GPU)
INFO: VAO: [ID 136] Mesh uploaded successfully to VRAM (GPU)
INFO: VAO: [ID 137] Mesh uploaded successfully to VRAM (GPU)
INFO: VAO: [ID 138] Mesh uploaded successfully to VRAM (GPU)
INFO: VAO: [ID 139] Mesh uploaded successfully to VRAM (GPU)
INFO: VAO: [ID 140] Mesh uploaded successfully to VRAM (GPU)
INFO: VAO: [ID 141] Mesh uploaded successfully to VRAM (GPU)
INFO: VAO: [ID 142] Mesh uploaded successfully to VRAM (GPU)
INFO: VAO: [ID 143] Mesh uploaded successfully to VRAM (GPU)
INFO: VAO: [ID 144] Mesh uploaded successfully to VRAM (GPU)
INFO: VAO: [ID 145] Mesh uploaded successfully to VRAM (GPU)
INFO: VAO: [ID 146] Mesh uploaded successfully to VRAM (GPU)
INFO: VAO: [ID 147] Mesh uploaded successfully to VRAM (GPU)
INFO: VAO: [ID 148] Mesh uploaded successfully to VRAM (GPU)
INFO: VAO: [ID 149] Mesh uploaded successfully to VRAM (GPU)
INFO: VAO: [ID 150] Mesh uploaded successfully to VRAM (GPU)
INFO: VAO: [ID 151] Mesh uploaded successfully to VRAM (GPU)
INFO: VAO: [ID 152] Mesh uploaded successfully to VRAM (GPU)
INFO: VAO: [ID 153] Mesh uploaded successfully to VRAM (GPU)
INFO: VAO: [ID 154] Mesh uploaded successfully to VRAM (GPU)
INFO: VAO: [ID 155] Mesh uploaded successfully to VRAM (GPU)
INFO: VAO: [ID 156] Mesh uploaded successfully to VRAM (GPU)
INFO: VAO: [ID 157] Mesh uploaded successfully to VRAM (GPU)
INFO: VAO: [ID 158] Mesh uploaded successfully to VRAM (GPU)
INFO: VAO: [ID 159] Mesh uploaded successfully to VRAM (GPU)
INFO: VAO: [ID 160] Mesh uploaded successfully to VRAM (GPU)
INFO: VAO: [ID 161] Mesh uploaded successfully to VRAM (GPU)
INFO: VAO: [ID 162] Mesh uploaded successfully to VRAM (GPU)
INFO: VAO: [ID 163] Mesh uploaded successfully to VRAM (GPU)
INFO: VAO: [ID 164] Mesh uploaded successfully to VRAM (GPU)
INFO: VAO: [ID 165] Mesh uploaded successfully to VRAM (GPU)
INFO: VAO: [ID 166] Mesh uploaded successfully to VRAM (GPU)
INFO: VAO: [ID 167] Mesh uploaded successfully to VRAM (GPU)
INFO: VAO: [ID 168] Mesh uploaded successfully to VRAM (GPU)
INFO: VAO: [ID 169] Mesh uploaded successfully to VRAM (GPU)
INFO: VAO: [ID 170] Mesh uploaded successfully to VRAM (GPU)
INFO: VAO: [ID 171] Mesh uploaded successfully to VRAM (GPU)
INFO: VAO: [ID 172] Mesh uploaded successfully to VRAM (GPU)
INFO: VAO: [ID 173] Mesh uploaded successfully to VRAM (GPU)
INFO: VAO: [ID 174] Mesh uploaded successfully to VRAM (GPU)
INFO: VAO: [ID 175] Mesh uploaded successfully to VRAM (GPU)
INFO: VAO: [ID 176] Mesh uploaded successfully to VRAM (GPU)
INFO: VAO: [ID 177] Mesh uploaded successfully to VRAM (GPU)
INFO: VAO: [ID 178] Mesh uploaded successfully to VRAM (GPU)
INFO: VAO: [ID 179] Mesh uploaded successfully to VRAM (GPU)
INFO: VAO: [ID 180] Mesh uploaded successfully to VRAM (GPU)
INFO: VAO: [ID 181] Mesh uploaded successfully to VRAM (GPU)
INFO: VAO: [ID 182] Mesh uploaded successfully to VRAM (GPU)
INFO: VAO: [ID 183] Mesh uploaded successfully to VRAM (GPU)
INFO: VAO: [ID 184] Mesh uploaded successfully to VRAM (GPU)
INFO: VAO: [ID 185] Mesh uploaded successfully to VRAM (GPU)
INFO: VAO: [ID 186] Mesh uploaded successfully to VRAM (GPU)
INFO: VAO: [ID 187] Mesh uploaded successfully to VRAM (GPU)
INFO: VAO: [ID 188] Mesh uploaded successfully to VRAM (GPU)
INFO: VAO: [ID 189] Mesh uploaded successfully to VRAM (GPU)
INFO: VAO: [ID 190] Mesh uploaded successfully to VRAM (GPU)
INFO: VAO: [ID 191] Mesh uploaded successfully to VRAM (GPU)
INFO: VAO: [ID 192] Mesh uploaded successfully to VRAM (GPU)
INFO: VAO: [ID 193] Mesh uploaded successfully to VRAM (GPU)
INFO: VAO: [ID 194] Mesh uploaded successfully to VRAM (GPU)
INFO: VAO: [ID 195] Mesh uploaded successfully to VRAM (GPU)
INFO: VAO: [ID 196] Mesh uploaded successfully to VRAM (GPU)
INFO: VAO: [ID 197] Mesh uploaded successfully to VRAM (GPU)
INFO: VAO: [ID 198] Mesh uploaded successfully to VRAM (GPU)
INFO: VAO: [ID 199] Mesh uploaded successfully to VRAM (GPU)
INFO: VAO: [ID 200] Mesh uploaded successfully to VRAM (GPU)
INFO: VAO: [ID 201] Mesh uploaded successfully to VRAM (GPU)
INFO: VAO: [ID 202] Mesh uploaded successfully to VRAM (GPU)
INFO: VAO: [ID 203] Mesh uploaded successfully to VRAM (GPU)
INFO: VAO: [ID 204] Mesh uploaded successfully to VRAM (GPU)
INFO: VAO: [ID 205] Mesh uploaded successfully to VRAM (GPU)
INFO: VAO: [ID 206] Mesh uploaded successfully to VRAM (GPU)
INFO: VAO: [ID 207] Mesh uploaded successfully to VRAM (GPU)
INFO: VAO: [ID 208] Mesh uploaded successfully to VRAM (GPU)
INFO: VAO: [ID 209] Mesh uploaded successfully to VRAM (GPU)
INFO: VAO: [ID 210] Mesh uploaded successfully to VRAM (GPU)
INFO: VAO: [ID 211] Mesh uploaded successfully to VRAM (GPU)
INFO: VAO: [ID 212] Mesh uploaded successfully to VRAM (GPU)
INFO: VAO: [ID 213] Mesh uploaded successfully to VRAM (GPU)
INFO: VAO: [ID 214] Mesh uploaded successfully to VRAM (GPU)
INFO: VAO: [ID 215] Mesh uploaded successfully to VRAM (GPU)
INFO: VAO: [ID 216] Mesh uploaded successfully to VRAM (GPU)
INFO: VAO: [ID 217] Mesh uploaded successfully to VRAM (GPU)
INFO: VAO: [ID 218] Mesh uploaded successfully to VRAM (GPU)
INFO: VAO: [ID 219] Mesh uploaded successfully to VRAM (GPU)
INFO: VAO: [ID 220] Mesh uploaded successfully to VRAM (GPU)
INFO: VAO: [ID 221] Mesh uploaded successfully to VRAM (GPU)
INFO: VAO: [ID 222] Mesh uploaded successfully to VRAM (GPU)
INFO: VAO: [ID 223] Mesh uploaded successfully to VRAM (GPU)
INFO: VAO: [ID 224] Mesh uploaded successfully to VRAM (GPU)
INFO: VAO: [ID 225] Mesh uploaded successfully to VRAM (GPU)
INFO: VAO: [ID 226] Mesh uploaded successfully to VRAM (GPU)
INFO: VAO: [ID 227] Mesh uploaded successfully to VRAM (GPU)
INFO: VAO: [ID 228] Mesh uploaded successfully to VRAM (GPU)
INFO: VAO: [ID 229] Mesh uploaded successfully to VRAM (GPU)
INFO: VAO: [ID 230] Mesh uploaded successfully to VRAM (GPU)
INFO: VAO: [ID 231] Mesh uploaded successfully to VRAM (GPU)
INFO: VAO: [ID 232] Mesh uploaded successfully to VRAM (GPU)
INFO: VAO: [ID 233] Mesh uploaded successfully to VRAM (GPU)
INFO: VAO: [ID 234] Mesh uploaded successfully to VRAM (GPU)
INFO: VAO: [ID 235] Mesh uploaded successfully to VRAM (GPU)
INFO: VAO: [ID 236] Mesh uploaded successfully to VRAM (GPU)
INFO: VAO: [ID 237] Mesh uploaded successfully to VRAM (GPU)
INFO: VAO: [ID 238] Mesh uploaded successfully to VRAM (GPU)
INFO: VAO: [ID 239] Mesh uploaded successfully to VRAM (GPU)
INFO: VAO: [ID 240] Mesh uploaded successfully to VRAM (GPU)
INFO: VAO: [ID 241] Mesh uploaded successfully to VRAM (GPU)
INFO: VAO: [ID 242] Mesh uploaded successfully to VRAM (GPU)
INFO: VAO: [ID 243] Mesh uploaded successfully to VRAM (GPU)
INFO: VAO: [ID 244] Mesh uploaded successfully to VRAM (GPU)
INFO: VAO: [ID 245] Mesh uploaded successfully to VRAM (GPU)
INFO: VAO: [ID 246] Mesh uploaded successfully to VRAM (GPU)
INFO: VAO: [ID 247] Mesh uploaded successfully to VRAM (GPU)
INFO: VAO: [ID 248] Mesh uploaded successfully to VRAM (GPU)
INFO: VAO: [ID 249] Mesh uploaded successfully to VRAM (GPU)
INFO: VAO: [ID 250] Mesh uploaded successfully to VRAM (GPU)
INFO: VAO: [ID 251] Mesh uploaded successfully to VRAM (GPU)
INFO: VAO: [ID 252] Mesh uploaded successfully to VRAM (GPU)
INFO: VAO: [ID 253] Mesh uploaded successfully to VRAM (GPU)
INFO: VAO: [ID 254] Mesh uploaded successfully to VRAM (GPU)
INFO: VAO: [ID 255] Mesh uploaded successfully to VRAM (GPU)
INFO: VAO: [ID 256] Mesh uploaded successfully to VRAM (GPU)
INFO: VAO: [ID 257] Mesh uploaded successfully to VRAM (GPU)
INFO: VAO: [ID 258] Mesh uploaded successfully to VRAM (GPU)
WARNING: VAO: [ID 258] Trying to re-load an already loaded mesh
INFO: VAO: [ID 259] Mesh uploaded successfully to VRAM (GPU)
WARNING: VAO: [ID 259] Trying to re-load an already loaded mesh
INFO: VAO: [ID 260] Mesh uploaded successfully to VRAM (GPU)
WARNING: VAO: [ID 260] Trying to re-load an already loaded mesh
INFO: VAO: [ID 261] Mesh uploaded successfully to VRAM (GPU)
INFO: FILEIO: [C:\001_AI\wt-issue-1402\src\Apps\Raylib\Ludots.App.Raylib\bin\Release\net9.0\vfx_unlit_tint.vs] Text file loaded successfully
INFO: FILEIO: [C:\001_AI\wt-issue-1402\src\Apps\Raylib\Ludots.App.Raylib\bin\Release\net9.0\vfx_unlit_tint.fs] Text file loaded successfully
INFO: SHADER: [ID 4] Vertex shader compiled successfully
INFO: SHADER: [ID 6] Fragment shader compiled successfully
INFO: SHADER: [ID 8] Program shader loaded successfully
INFO: SHADER: [ID 4] Vertex shader compiled successfully
INFO: SHADER: [ID 6] Fragment shader compiled successfully
INFO: SHADER: [ID 9] Program shader loaded successfully
INFO: TEXTURE: [ID 5] Texture loaded successfully (512x512 | R8G8B8A8 | 1 mipmaps)
INFO: TEXTURE: [ID 6] Cubemap texture loaded successfully (64x64)
[WRN][Presentation] Raylib renderer skipped instanced static mesh bucket stableId=262: meshAssetId=7 could not be loaded. No placeholder model is drawn.
INFO: FILEIO: [C:\001_AI\wt-issue-1402\mods\capabilities\navigation\MassNavigationMod\assets\Models\mass_navigation_agent_soldier.glb] File loaded successfully
INFO: MODEL: [C:\001_AI\wt-issue-1402\mods\capabilities\navigation\MassNavigationMod\assets\Models\mass_navigation_agent_soldier.glb] Model basic data (glb) loaded successfully
INFO:     > Meshes count: 15
INFO:     > Materials count: 1 (+1 default)
INFO: IMAGE: Data loaded successfully (1024x1024 | R8G8B8A8 | 1 mipmaps)
INFO: TEXTURE: [ID 7] Texture loaded successfully (1024x1024 | R8G8B8A8 | 1 mipmaps)
INFO: VAO: [ID 262] Mesh uploaded successfully to VRAM (GPU)
INFO: VAO: [ID 263] Mesh uploaded successfully to VRAM (GPU)
INFO: VAO: [ID 264] Mesh uploaded successfully to VRAM (GPU)
INFO: VAO: [ID 265] Mesh uploaded successfully to VRAM (GPU)
INFO: VAO: [ID 266] Mesh uploaded successfully to VRAM (GPU)
INFO: VAO: [ID 267] Mesh uploaded successfully to VRAM (GPU)
INFO: VAO: [ID 268] Mesh uploaded successfully to VRAM (GPU)
INFO: VAO: [ID 269] Mesh uploaded successfully to VRAM (GPU)
INFO: VAO: [ID 270] Mesh uploaded successfully to VRAM (GPU)
INFO: VAO: [ID 271] Mesh uploaded successfully to VRAM (GPU)
INFO: VAO: [ID 272] Mesh uploaded successfully to VRAM (GPU)
INFO: VAO: [ID 273] Mesh uploaded successfully to VRAM (GPU)
INFO: VAO: [ID 274] Mesh uploaded successfully to VRAM (GPU)
INFO: VAO: [ID 275] Mesh uploaded successfully to VRAM (GPU)
INFO: VAO: [ID 276] Mesh uploaded successfully to VRAM (GPU)
INFO: FILEIO: [C:\001_AI\wt-issue-1402\mods\capabilities\navigation\MassNavigationMod\assets\Models\mass_navigation_agent_soldier.glb] File loaded successfully
INFO: MODEL: [C:\001_AI\wt-issue-1402\mods\capabilities\navigation\MassNavigationMod\assets\Models\mass_navigation_agent_soldier.glb] Loaded animation: 1H_Melee_Attack_Chop (63 frames, 1.066667s)
INFO: MODEL: [C:\001_AI\wt-issue-1402\mods\capabilities\navigation\MassNavigationMod\assets\Models\mass_navigation_agent_soldier.glb] Loaded animation: 1H_Melee_Attack_Slice_Diagonal (59 frames, 1.000000s)
INFO: MODEL: [C:\001_AI\wt-issue-1402\mods\capabilities\navigation\MassNavigationMod\assets\Models\mass_navigation_agent_soldier.glb] Loaded animation: 1H_Melee_Attack_Slice_Horizontal (63 frames, 1.066667s)
INFO: MODEL: [C:\001_AI\wt-issue-1402\mods\capabilities\navigation\MassNavigationMod\assets\Models\mass_navigation_agent_soldier.glb] Loaded animation: 1H_Melee_Attack_Stab (95 frames, 1.600000s)
INFO: MODEL: [C:\001_AI\wt-issue-1402\mods\capabilities\navigation\MassNavigationMod\assets\Models\mass_navigation_agent_soldier.glb] Loaded animation: 1H_Ranged_Aiming (63 frames, 1.066667s)
INFO: MODEL: [C:\001_AI\wt-issue-1402\mods\capabilities\navigation\MassNavigationMod\assets\Models\mass_navigation_agent_soldier.glb] Loaded animation: 1H_Ranged_Reload (69 frames, 1.166667s)
INFO: MODEL: [C:\001_AI\wt-issue-1402\mods\capabilities\navigation\MassNavigationMod\assets\Models\mass_navigation_agent_soldier.glb] Loaded animation: 1H_Ranged_Shoot (63 frames, 1.066667s)
INFO: MODEL: [C:\001_AI\wt-issue-1402\mods\capabilities\navigation\MassNavigationMod\assets\Models\mass_navigation_agent_soldier.glb] Loaded animation: 1H_Ranged_Shooting (95 frames, 1.600000s)
INFO: MODEL: [C:\001_AI\wt-issue-1402\mods\capabilities\navigation\MassNavigationMod\assets\Models\mass_navigation_agent_soldier.glb] Loaded animation: 2H_Melee_Attack_Chop (97 frames, 1.633333s)
INFO: MODEL: [C:\001_AI\wt-issue-1402\mods\capabilities\navigation\MassNavigationMod\assets\Models\mass_navigation_agent_soldier.glb] Loaded animation: 2H_Melee_Attack_Slice (65 frames, 1.100000s)
INFO: MODEL: [C:\001_AI\wt-issue-1402\mods\capabilities\navigation\MassNavigationMod\assets\Models\mass_navigation_agent_soldier.glb] Loaded animation: 2H_Melee_Attack_Spin (142 frames, 2.400000s)
INFO: MODEL: [C:\001_AI\wt-issue-1402\mods\capabilities\navigation\MassNavigationMod\assets\Models\mass_navigation_agent_soldier.glb] Loaded animation: 2H_Melee_Attack_Spinning (40 frames, 0.666667s)
INFO: MODEL: [C:\001_AI\wt-issue-1402\mods\capabilities\navigation\MassNavigationMod\assets\Models\mass_navigation_agent_soldier.glb] Loaded animation: 2H_Melee_Attack_Stab (95 frames, 1.600000s)
INFO: MODEL: [C:\001_AI\wt-issue-1402\mods\capabilities\navigation\MassNavigationMod\assets\Models\mass_navigation_agent_soldier.glb] Loaded animation: 2H_Melee_Idle (63 frames, 1.066667s)
INFO: MODEL: [C:\001_AI\wt-issue-1402\mods\capabilities\navigation\MassNavigationMod\assets\Models\mass_navigation_agent_soldier.glb] Loaded animation: 2H_Ranged_Aiming (95 frames, 1.600000s)
INFO: MODEL: [C:\001_AI\wt-issue-1402\mods\capabilities\navigation\MassNavigationMod\assets\Models\mass_navigation_agent_soldier.glb] Loaded animation: 2H_Ranged_Reload (95 frames, 1.600000s)
INFO: MODEL: [C:\001_AI\wt-issue-1402\mods\capabilities\navigation\MassNavigationMod\assets\Models\mass_navigation_agent_soldier.glb] Loaded animation: 2H_Ranged_Shoot (63 frames, 1.066667s)
INFO: MODEL: [C:\001_AI\wt-issue-1402\mods\capabilities\navigation\MassNavigationMod\assets\Models\mass_navigation_agent_soldier.glb] Loaded animation: 2H_Ranged_Shooting (63 frames, 1.066667s)
INFO: MODEL: [C:\001_AI\wt-issue-1402\mods\capabilities\navigation\MassNavigationMod\assets\Models\mass_navigation_agent_soldier.glb] Loaded animation: Block (63 frames, 1.066667s)
INFO: MODEL: [C:\001_AI\wt-issue-1402\mods\capabilities\navigation\MassNavigationMod\assets\Models\mass_navigation_agent_soldier.glb] Loaded animation: Block_Attack (63 frames, 1.066667s)
INFO: MODEL: [C:\001_AI\wt-issue-1402\mods\capabilities\navigation\MassNavigationMod\assets\Models\mass_navigation_agent_soldier.glb] Loaded animation: Block_Hit (63 frames, 1.066667s)
INFO: MODEL: [C:\001_AI\wt-issue-1402\mods\capabilities\navigation\MassNavigationMod\assets\Models\mass_navigation_agent_soldier.glb] Loaded animation: Blocking (63 frames, 1.066667s)
INFO: MODEL: [C:\001_AI\wt-issue-1402\mods\capabilities\navigation\MassNavigationMod\assets\Models\mass_navigation_agent_soldier.glb] Loaded animation: Cheer (99 frames, 1.666667s)
INFO: MODEL: [C:\001_AI\wt-issue-1402\mods\capabilities\navigation\MassNavigationMod\assets\Models\mass_navigation_agent_soldier.glb] Loaded animation: Death_A (48 frames, 0.800000s)
INFO: MODEL: [C:\001_AI\wt-issue-1402\mods\capabilities\navigation\MassNavigationMod\assets\Models\mass_navigation_agent_soldier.glb] Loaded animation: Death_A_Pose (1 frames, 0.000000s)
INFO: MODEL: [C:\001_AI\wt-issue-1402\mods\capabilities\navigation\MassNavigationMod\assets\Models\mass_navigation_agent_soldier.glb] Loaded animation: Death_B (155 frames, 2.633333s)
INFO: MODEL: [C:\001_AI\wt-issue-1402\mods\capabilities\navigation\MassNavigationMod\assets\Models\mass_navigation_agent_soldier.glb] Loaded animation: Death_B_Pose (1 frames, 0.000000s)
INFO: MODEL: [C:\001_AI\wt-issue-1402\mods\capabilities\navigation\MassNavigationMod\assets\Models\mass_navigation_agent_soldier.glb] Loaded animation: Dodge_Backward (24 frames, 0.400000s)
INFO: MODEL: [C:\001_AI\wt-issue-1402\mods\capabilities\navigation\MassNavigationMod\assets\Models\mass_navigation_agent_soldier.glb] Loaded animation: Dodge_Forward (24 frames, 0.400000s)
INFO: MODEL: [C:\001_AI\wt-issue-1402\mods\capabilities\navigation\MassNavigationMod\assets\Models\mass_navigation_agent_soldier.glb] Loaded animation: Dodge_Left (24 frames, 0.400000s)
INFO: MODEL: [C:\001_AI\wt-issue-1402\mods\capabilities\navigation\MassNavigationMod\assets\Models\mass_navigation_agent_soldier.glb] Loaded animation: Dodge_Right (24 frames, 0.400000s)
INFO: MODEL: [C:\001_AI\wt-issue-1402\mods\capabilities\navigation\MassNavigationMod\assets\Models\mass_navigation_agent_soldier.glb] Loaded animation: Dualwield_Melee_Attack_Chop (75 frames, 1.266667s)
INFO: MODEL: [C:\001_AI\wt-issue-1402\mods\capabilities\navigation\MassNavigationMod\assets\Models\mass_navigation_agent_soldier.glb] Loaded animation: Dualwield_Melee_Attack_Slice (69 frames, 1.166667s)
INFO: MODEL: [C:\001_AI\wt-issue-1402\mods\capabilities\navigation\MassNavigationMod\assets\Models\mass_navigation_agent_soldier.glb] Loaded animation: Dualwield_Melee_Attack_Stab (95 frames, 1.600000s)
INFO: MODEL: [C:\001_AI\wt-issue-1402\mods\capabilities\navigation\MassNavigationMod\assets\Models\mass_navigation_agent_soldier.glb] Loaded animation: Hit_A (40 frames, 0.666667s)
INFO: MODEL: [C:\001_AI\wt-issue-1402\mods\capabilities\navigation\MassNavigationMod\assets\Models\mass_navigation_agent_soldier.glb] Loaded animation: Hit_B (51 frames, 0.866667s)
INFO: MODEL: [C:\001_AI\wt-issue-1402\mods\capabilities\navigation\MassNavigationMod\assets\Models\mass_navigation_agent_soldier.glb] Loaded animation: Idle (63 frames, 1.066667s)
INFO: MODEL: [C:\001_AI\wt-issue-1402\mods\capabilities\navigation\MassNavigationMod\assets\Models\mass_navigation_agent_soldier.glb] Loaded animation: Interact (77 frames, 1.300000s)
INFO: MODEL: [C:\001_AI\wt-issue-1402\mods\capabilities\navigation\MassNavigationMod\assets\Models\mass_navigation_agent_soldier.glb] Loaded animation: Jump_Full_Long (138 frames, 2.333333s)
INFO: MODEL: [C:\001_AI\wt-issue-1402\mods\capabilities\navigation\MassNavigationMod\assets\Models\mass_navigation_agent_soldier.glb] Loaded animation: Jump_Full_Short (69 frames, 1.166667s)
INFO: MODEL: [C:\001_AI\wt-issue-1402\mods\capabilities\navigation\MassNavigationMod\assets\Models\mass_navigation_agent_soldier.glb] Loaded animation: Jump_Idle (63 frames, 1.066667s)
INFO: MODEL: [C:\001_AI\wt-issue-1402\mods\capabilities\navigation\MassNavigationMod\assets\Models\mass_navigation_agent_soldier.glb] Loaded animation: Jump_Land (40 frames, 0.666667s)
INFO: MODEL: [C:\001_AI\wt-issue-1402\mods\capabilities\navigation\MassNavigationMod\assets\Models\mass_navigation_agent_soldier.glb] Loaded animation: Jump_Start (36 frames, 0.600000s)
INFO: MODEL: [C:\001_AI\wt-issue-1402\mods\capabilities\navigation\MassNavigationMod\assets\Models\mass_navigation_agent_soldier.glb] Loaded animation: Lie_Down (177 frames, 3.000000s)
INFO: MODEL: [C:\001_AI\wt-issue-1402\mods\capabilities\navigation\MassNavigationMod\assets\Models\mass_navigation_agent_soldier.glb] Loaded animation: Lie_Idle (157 frames, 2.666667s)
INFO: MODEL: [C:\001_AI\wt-issue-1402\mods\capabilities\navigation\MassNavigationMod\assets\Models\mass_navigation_agent_soldier.glb] Loaded animation: Lie_Pose (1 frames, 0.000000s)
INFO: MODEL: [C:\001_AI\wt-issue-1402\mods\capabilities\navigation\MassNavigationMod\assets\Models\mass_navigation_agent_soldier.glb] Loaded animation: Lie_StandUp (138 frames, 2.333333s)
INFO: MODEL: [C:\001_AI\wt-issue-1402\mods\capabilities\navigation\MassNavigationMod\assets\Models\mass_navigation_agent_soldier.glb] Loaded animation: PickUp (77 frames, 1.300000s)
INFO: MODEL: [C:\001_AI\wt-issue-1402\mods\capabilities\navigation\MassNavigationMod\assets\Models\mass_navigation_agent_soldier.glb] Loaded animation: Running_A (48 frames, 0.800000s)
INFO: MODEL: [C:\001_AI\wt-issue-1402\mods\capabilities\navigation\MassNavigationMod\assets\Models\mass_navigation_agent_soldier.glb] Loaded animation: Running_B (63 frames, 1.066667s)
INFO: MODEL: [C:\001_AI\wt-issue-1402\mods\capabilities\navigation\MassNavigationMod\assets\Models\mass_navigation_agent_soldier.glb] Loaded animation: Running_Strafe_Left (48 frames, 0.800000s)
INFO: MODEL: [C:\001_AI\wt-issue-1402\mods\capabilities\navigation\MassNavigationMod\assets\Models\mass_navigation_agent_soldier.glb] Loaded animation: Running_Strafe_Right (48 frames, 0.800000s)
INFO: MODEL: [C:\001_AI\wt-issue-1402\mods\capabilities\navigation\MassNavigationMod\assets\Models\mass_navigation_agent_soldier.glb] Loaded animation: Sit_Chair_Down (48 frames, 0.800000s)
INFO: MODEL: [C:\001_AI\wt-issue-1402\mods\capabilities\navigation\MassNavigationMod\assets\Models\mass_navigation_agent_soldier.glb] Loaded animation: Sit_Chair_Idle (212 frames, 3.600000s)
INFO: MODEL: [C:\001_AI\wt-issue-1402\mods\capabilities\navigation\MassNavigationMod\assets\Models\mass_navigation_agent_soldier.glb] Loaded animation: Sit_Chair_Pose (1 frames, 0.000000s)
INFO: MODEL: [C:\001_AI\wt-issue-1402\mods\capabilities\navigation\MassNavigationMod\assets\Models\mass_navigation_agent_soldier.glb] Loaded animation: Sit_Chair_StandUp (48 frames, 0.800000s)
INFO: MODEL: [C:\001_AI\wt-issue-1402\mods\capabilities\navigation\MassNavigationMod\assets\Models\mass_navigation_agent_soldier.glb] Loaded animation: Sit_Floor_Down (59 frames, 1.000000s)
INFO: MODEL: [C:\001_AI\wt-issue-1402\mods\capabilities\navigation\MassNavigationMod\assets\Models\mass_navigation_agent_soldier.glb] Loaded animation: Sit_Floor_Idle (236 frames, 4.000000s)
INFO: MODEL: [C:\001_AI\wt-issue-1402\mods\capabilities\navigation\MassNavigationMod\assets\Models\mass_navigation_agent_soldier.glb] Loaded animation: Sit_Floor_Pose (1 frames, 0.000000s)
INFO: MODEL: [C:\001_AI\wt-issue-1402\mods\capabilities\navigation\MassNavigationMod\assets\Models\mass_navigation_agent_soldier.glb] Loaded animation: Sit_Floor_StandUp (67 frames, 1.133333s)
INFO: MODEL: [C:\001_AI\wt-issue-1402\mods\capabilities\navigation\MassNavigationMod\assets\Models\mass_navigation_agent_soldier.glb] Loaded animation: Spellcast_Long (150 frames, 2.533333s)
INFO: MODEL: [C:\001_AI\wt-issue-1402\mods\capabilities\navigation\MassNavigationMod\assets\Models\mass_navigation_agent_soldier.glb] Loaded animation: Spellcast_Raise (124 frames, 2.100000s)
INFO: MODEL: [C:\001_AI\wt-issue-1402\mods\capabilities\navigation\MassNavigationMod\assets\Models\mass_navigation_agent_soldier.glb] Loaded animation: Spellcast_Shoot (55 frames, 0.933333s)
INFO: MODEL: [C:\001_AI\wt-issue-1402\mods\capabilities\navigation\MassNavigationMod\assets\Models\mass_navigation_agent_soldier.glb] Loaded animation: Spellcasting (40 frames, 0.666667s)
INFO: MODEL: [C:\001_AI\wt-issue-1402\mods\capabilities\navigation\MassNavigationMod\assets\Models\mass_navigation_agent_soldier.glb] Loaded animation: T-Pose (1 frames, 0.000000s)
INFO: MODEL: [C:\001_AI\wt-issue-1402\mods\capabilities\navigation\MassNavigationMod\assets\Models\mass_navigation_agent_soldier.glb] Loaded animation: Throw (81 frames, 1.366667s)
INFO: MODEL: [C:\001_AI\wt-issue-1402\mods\capabilities\navigation\MassNavigationMod\assets\Models\mass_navigation_agent_soldier.glb] Loaded animation: Unarmed_Idle (63 frames, 1.066667s)
INFO: MODEL: [C:\001_AI\wt-issue-1402\mods\capabilities\navigation\MassNavigationMod\assets\Models\mass_navigation_agent_soldier.glb] Loaded animation: Unarmed_Melee_Attack_Kick (55 frames, 0.933333s)
INFO: MODEL: [C:\001_AI\wt-issue-1402\mods\capabilities\navigation\MassNavigationMod\assets\Models\mass_navigation_agent_soldier.glb] Loaded animation: Unarmed_Melee_Attack_Punch_A (87 frames, 1.466667s)
INFO: MODEL: [C:\001_AI\wt-issue-1402\mods\capabilities\navigation\MassNavigationMod\assets\Models\mass_navigation_agent_soldier.glb] Loaded animation: Unarmed_Melee_Attack_Punch_B (99 frames, 1.666667s)
INFO: MODEL: [C:\001_AI\wt-issue-1402\mods\capabilities\navigation\MassNavigationMod\assets\Models\mass_navigation_agent_soldier.glb] Loaded animation: Unarmed_Pose (1 frames, 0.000000s)
INFO: MODEL: [C:\001_AI\wt-issue-1402\mods\capabilities\navigation\MassNavigationMod\assets\Models\mass_navigation_agent_soldier.glb] Loaded animation: Use_Item (95 frames, 1.600000s)
INFO: MODEL: [C:\001_AI\wt-issue-1402\mods\capabilities\navigation\MassNavigationMod\assets\Models\mass_navigation_agent_soldier.glb] Loaded animation: Walking_A (63 frames, 1.066667s)
INFO: MODEL: [C:\001_AI\wt-issue-1402\mods\capabilities\navigation\MassNavigationMod\assets\Models\mass_navigation_agent_soldier.glb] Loaded animation: Walking_B (63 frames, 1.066667s)
INFO: MODEL: [C:\001_AI\wt-issue-1402\mods\capabilities\navigation\MassNavigationMod\assets\Models\mass_navigation_agent_soldier.glb] Loaded animation: Walking_Backwards (63 frames, 1.066667s)
INFO: MODEL: [C:\001_AI\wt-issue-1402\mods\capabilities\navigation\MassNavigationMod\assets\Models\mass_navigation_agent_soldier.glb] Loaded animation: Walking_C (95 frames, 1.600000s)
INFO: TEXTURE: [ID 8] Texture loaded successfully (1024x64 | R32G32B32A32 | 1 mipmaps)
INFO: TEXTURE: [ID 9] Texture loaded successfully (1024x8 | R32G32B32A32 | 1 mipmaps)
INFO: SHADER: [ID 4] Vertex shader compiled successfully
INFO: SHADER: [ID 6] Fragment shader compiled successfully
INFO: SHADER: [ID 10] Program shader loaded successfully
INFO: TEXTURE: [ID 8] Unloaded texture data from VRAM (GPU)
INFO: TEXTURE: [ID 8] Texture loaded successfully (1024x192 | R32G32B32A32 | 1 mipmaps)
INFO: FILEIO: [C:\Users\sietg\AppData\Local\Temp\Ludots.AssetConvert\C0D8E1464D8708D4A442731268B941DF7B2D80D4\mass_navigation_hotspot_obelisk.glb] File loaded successfully
INFO: MODEL: [C:\Users\sietg\AppData\Local\Temp\Ludots.AssetConvert\C0D8E1464D8708D4A442731268B941DF7B2D80D4\mass_navigation_hotspot_obelisk.glb] Model basic data (glb) loaded successfully
INFO:     > Meshes count: 1
INFO:     > Materials count: 2 (+1 default)
WARNING: MODEL: [C:\Users\sietg\AppData\Local\Temp\Ludots.AssetConvert\C0D8E1464D8708D4A442731268B941DF7B2D80D4\mass_navigation_hotspot_obelisk.glb] Indices data converted from u32 to u16, possible loss of data
INFO: VAO: [ID 277] Mesh uploaded successfully to VRAM (GPU)
[ERR][Engine] Unhandled exception in game loop: System.InvalidOperationException: MassNavigation route execution failed for order 1, agent 0: status=SolveFailed, pathStatus=InvalidRequest, domain=None, errorCode=2.
   at Ludots.Core.MassNavigation.Systems.MassNavigationSimulationStepSystem.ApplyRouteExecutionTargets(MassNavigationSimulationRuntime simulation) in C:\001_AI\wt-issue-1402\src\Core\MassNavigation\Systems\MassNavigationSimulationStepSystem.cs:line 119
   at Ludots.Core.MassNavigation.Systems.MassNavigationSimulationStepSystem.Update(Single& dt) in C:\001_AI\wt-issue-1402\src\Core\MassNavigation\Systems\MassNavigationSimulationStepSystem.cs:line 53
   at Ludots.Core.Engine.Pacemaker.PhaseOrderedCooperativeSimulation.Step(Single fixedDt, Int32 timeBudgetMs) in C:\001_AI\wt-issue-1402\src\Core\Engine\Pacemaker\PhaseOrderedCooperativeSimulation.cs:line 69
   at Ludots.Core.Engine.Pacemaker.RealtimePacemaker.Update(Single dt, ICooperativeSimulation cooperativeSimulation, Int32 timeBudgetMs, Int32 maxSlicesPerLogicFrame) in C:\001_AI\wt-issue-1402\src\Core\Engine\Pacemaker\IPacemaker.cs:line 69
   at Ludots.Core.Engine.GameEngine.Tick(Single platformDeltaTime) in C:\001_AI\wt-issue-1402\src\Core\Engine\GameEngine.cs:line 4346
   at Ludots.Adapter.Raylib.RaylibHostLoop.Run(RaylibHostSetup setup) in C:\001_AI\wt-issue-1402\src\Adapters\Raylib\Ludots.Adapter.Raylib\RaylibHostLoop.cs:line 540
INFO: SHADER: [ID 0] Unloaded shader program data from VRAM (GPU)
INFO: TEXTURE: [ID 8] Unloaded texture data from VRAM (GPU)
INFO: TEXTURE: [ID 9] Unloaded texture data from VRAM (GPU)
INFO: SHADER: [ID 10] Unloaded shader program data from VRAM (GPU)
INFO: SHADER: [ID 8] Unloaded shader program data from VRAM (GPU)
INFO: TEXTURE: [ID 6] Unloaded texture data from VRAM (GPU)
INFO: TEXTURE: [ID 5] Unloaded texture data from VRAM (GPU)
INFO: VAO: [ID 258] Unloaded vertex array data from VRAM (GPU)
INFO: VAO: [ID 259] Unloaded vertex array data from VRAM (GPU)
INFO: VAO: [ID 260] Unloaded vertex array data from VRAM (GPU)
INFO: VAO: [ID 261] Unloaded vertex array data from VRAM (GPU)
INFO: SHADER: [ID 0] Unloaded shader program data from VRAM (GPU)
INFO: SHADER: [ID 9] Unloaded shader program data from VRAM (GPU)
INFO: VAO: [ID 277] Unloaded vertex array data from VRAM (GPU)
INFO: MODEL: Unloaded model (and meshes) from RAM and VRAM
INFO: VAO: [ID 262] Unloaded vertex array data from VRAM (GPU)
INFO: VAO: [ID 263] Unloaded vertex array data from VRAM (GPU)
INFO: VAO: [ID 264] Unloaded vertex array data from VRAM (GPU)
INFO: VAO: [ID 265] Unloaded vertex array data from VRAM (GPU)
INFO: VAO: [ID 266] Unloaded vertex array data from VRAM (GPU)
INFO: VAO: [ID 267] Unloaded vertex array data from VRAM (GPU)
INFO: VAO: [ID 268] Unloaded vertex array data from VRAM (GPU)
INFO: VAO: [ID 269] Unloaded vertex array data from VRAM (GPU)
INFO: VAO: [ID 270] Unloaded vertex array data from VRAM (GPU)
INFO: VAO: [ID 271] Unloaded vertex array data from VRAM (GPU)
INFO: VAO: [ID 272] Unloaded vertex array data from VRAM (GPU)
INFO: VAO: [ID 273] Unloaded vertex array data from VRAM (GPU)
INFO: VAO: [ID 274] Unloaded vertex array data from VRAM (GPU)
INFO: VAO: [ID 275] Unloaded vertex array data from VRAM (GPU)
INFO: VAO: [ID 276] Unloaded vertex array data from VRAM (GPU)
INFO: MODEL: Unloaded model (and meshes) from RAM and VRAM
INFO: FBO: [ID 1] Unloaded framebuffer from VRAM (GPU)
INFO: SHADER: [ID 5] Unloaded shader program data from VRAM (GPU)
INFO: TEXTURE: [ID 3] Unloaded texture data from VRAM (GPU)
INFO: AUDIO: Device closed successfully
INFO: TEXTURE: [ID 2] Unloaded texture data from VRAM (GPU)
INFO: SHADER: [ID 3] Default shader unloaded successfully
INFO: TEXTURE: [ID 1] Default texture unloaded successfully
INFO: Window closed successfully
INFO: VAO: [ID 2] Unloaded vertex array data from VRAM (GPU)
INFO: VAO: [ID 3] Unloaded vertex array data from VRAM (GPU)
INFO: VAO: [ID 4] Unloaded vertex array data from VRAM (GPU)
INFO: VAO: [ID 5] Unloaded vertex array data from VRAM (GPU)
INFO: VAO: [ID 6] Unloaded vertex array data from VRAM (GPU)
INFO: VAO: [ID 7] Unloaded vertex array data from VRAM (GPU)
INFO: VAO: [ID 8] Unloaded vertex array data from VRAM (GPU)
INFO: VAO: [ID 9] Unloaded vertex array data from VRAM (GPU)
INFO: VAO: [ID 10] Unloaded vertex array data from VRAM (GPU)
INFO: VAO: [ID 11] Unloaded vertex array data from VRAM (GPU)
INFO: VAO: [ID 12] Unloaded vertex array data from VRAM (GPU)
INFO: VAO: [ID 13] Unloaded vertex array data from VRAM (GPU)
INFO: VAO: [ID 14] Unloaded vertex array data from VRAM (GPU)
INFO: VAO: [ID 15] Unloaded vertex array data from VRAM (GPU)
INFO: VAO: [ID 16] Unloaded vertex array data from VRAM (GPU)
INFO: VAO: [ID 17] Unloaded vertex array data from VRAM (GPU)
INFO: VAO: [ID 18] Unloaded vertex array data from VRAM (GPU)
INFO: VAO: [ID 19] Unloaded vertex array data from VRAM (GPU)
INFO: VAO: [ID 20] Unloaded vertex array data from VRAM (GPU)
INFO: VAO: [ID 21] Unloaded vertex array data from VRAM (GPU)
INFO: VAO: [ID 22] Unloaded vertex array data from VRAM (GPU)
INFO: VAO: [ID 23] Unloaded vertex array data from VRAM (GPU)
INFO: VAO: [ID 24] Unloaded vertex array data from VRAM (GPU)
INFO: VAO: [ID 25] Unloaded vertex array data from VRAM (GPU)
INFO: VAO: [ID 26] Unloaded vertex array data from VRAM (GPU)
INFO: VAO: [ID 27] Unloaded vertex array data from VRAM (GPU)
INFO: VAO: [ID 28] Unloaded vertex array data from VRAM (GPU)
INFO: VAO: [ID 29] Unloaded vertex array data from VRAM (GPU)
INFO: VAO: [ID 30] Unloaded vertex array data from VRAM (GPU)
INFO: VAO: [ID 31] Unloaded vertex array data from VRAM (GPU)
INFO: VAO: [ID 32] Unloaded vertex array data from VRAM (GPU)
INFO: VAO: [ID 33] Unloaded vertex array data from VRAM (GPU)
INFO: VAO: [ID 34] Unloaded vertex array data from VRAM (GPU)
INFO: VAO: [ID 35] Unloaded vertex array data from VRAM (GPU)
INFO: VAO: [ID 36] Unloaded vertex array data from VRAM (GPU)
INFO: VAO: [ID 37] Unloaded vertex array data from VRAM (GPU)
INFO: VAO: [ID 38] Unloaded vertex array data from VRAM (GPU)
INFO: VAO: [ID 39] Unloaded vertex array data from VRAM (GPU)
INFO: VAO: [ID 40] Unloaded vertex array data from VRAM (GPU)
INFO: VAO: [ID 41] Unloaded vertex array data from VRAM (GPU)
INFO: VAO: [ID 42] Unloaded vertex array data from VRAM (GPU)
INFO: VAO: [ID 43] Unloaded vertex array data from VRAM (GPU)
INFO: VAO: [ID 44] Unloaded vertex array data from VRAM (GPU)
INFO: VAO: [ID 45] Unloaded vertex array data from VRAM (GPU)
INFO: VAO: [ID 46] Unloaded vertex array data from VRAM (GPU)
INFO: VAO: [ID 47] Unloaded vertex array data from VRAM (GPU)
INFO: VAO: [ID 48] Unloaded vertex array data from VRAM (GPU)
INFO: VAO: [ID 49] Unloaded vertex array data from VRAM (GPU)
INFO: VAO: [ID 50] Unloaded vertex array data from VRAM (GPU)
INFO: VAO: [ID 51] Unloaded vertex array data from VRAM (GPU)
INFO: VAO: [ID 52] Unloaded vertex array data from VRAM (GPU)
INFO: VAO: [ID 53] Unloaded vertex array data from VRAM (GPU)
INFO: VAO: [ID 54] Unloaded vertex array data from VRAM (GPU)
INFO: VAO: [ID 55] Unloaded vertex array data from VRAM (GPU)
INFO: VAO: [ID 56] Unloaded vertex array data from VRAM (GPU)
INFO: VAO: [ID 57] Unloaded vertex array data from VRAM (GPU)
INFO: VAO: [ID 58] Unloaded vertex array data from VRAM (GPU)
INFO: VAO: [ID 59] Unloaded vertex array data from VRAM (GPU)
INFO: VAO: [ID 60] Unloaded vertex array data from VRAM (GPU)
INFO: VAO: [ID 61] Unloaded vertex array data from VRAM (GPU)
INFO: VAO: [ID 62] Unloaded vertex array data from VRAM (GPU)
INFO: VAO: [ID 63] Unloaded vertex array data from VRAM (GPU)
INFO: VAO: [ID 64] Unloaded vertex array data from VRAM (GPU)
INFO: VAO: [ID 65] Unloaded vertex array data from VRAM (GPU)
INFO: VAO: [ID 66] Unloaded vertex array data from VRAM (GPU)
INFO: VAO: [ID 67] Unloaded vertex array data from VRAM (GPU)
INFO: VAO: [ID 68] Unloaded vertex array data from VRAM (GPU)
INFO: VAO: [ID 69] Unloaded vertex array data from VRAM (GPU)
INFO: VAO: [ID 70] Unloaded vertex array data from VRAM (GPU)
INFO: VAO: [ID 71] Unloaded vertex array data from VRAM (GPU)
INFO: VAO: [ID 72] Unloaded vertex array data from VRAM (GPU)
INFO: VAO: [ID 73] Unloaded vertex array data from VRAM (GPU)
INFO: VAO: [ID 74] Unloaded vertex array data from VRAM (GPU)
INFO: VAO: [ID 75] Unloaded vertex array data from VRAM (GPU)
INFO: VAO: [ID 76] Unloaded vertex array data from VRAM (GPU)
INFO: VAO: [ID 77] Unloaded vertex array data from VRAM (GPU)
INFO: VAO: [ID 78] Unloaded vertex array data from VRAM (GPU)
INFO: VAO: [ID 79] Unloaded vertex array data from VRAM (GPU)
INFO: VAO: [ID 80] Unloaded vertex array data from VRAM (GPU)
INFO: VAO: [ID 81] Unloaded vertex array data from VRAM (GPU)
INFO: VAO: [ID 82] Unloaded vertex array data from VRAM (GPU)
INFO: VAO: [ID 83] Unloaded vertex array data from VRAM (GPU)
INFO: VAO: [ID 84] Unloaded vertex array data from VRAM (GPU)
INFO: VAO: [ID 85] Unloaded vertex array data from VRAM (GPU)
INFO: VAO: [ID 86] Unloaded vertex array data from VRAM (GPU)
INFO: VAO: [ID 87] Unloaded vertex array data from VRAM (GPU)
INFO: VAO: [ID 88] Unloaded vertex array data from VRAM (GPU)
INFO: VAO: [ID 89] Unloaded vertex array data from VRAM (GPU)
INFO: VAO: [ID 90] Unloaded vertex array data from VRAM (GPU)
INFO: VAO: [ID 91] Unloaded vertex array data from VRAM (GPU)
INFO: VAO: [ID 92] Unloaded vertex array data from VRAM (GPU)
INFO: VAO: [ID 93] Unloaded vertex array data from VRAM (GPU)
INFO: VAO: [ID 94] Unloaded vertex array data from VRAM (GPU)
INFO: VAO: [ID 95] Unloaded vertex array data from VRAM (GPU)
INFO: VAO: [ID 96] Unloaded vertex array data from VRAM (GPU)
INFO: VAO: [ID 97] Unloaded vertex array data from VRAM (GPU)
INFO: VAO: [ID 98] Unloaded vertex array data from VRAM (GPU)
INFO: VAO: [ID 99] Unloaded vertex array data from VRAM (GPU)
INFO: VAO: [ID 100] Unloaded vertex array data from VRAM (GPU)
INFO: VAO: [ID 101] Unloaded vertex array data from VRAM (GPU)
INFO: VAO: [ID 102] Unloaded vertex array data from VRAM (GPU)
INFO: VAO: [ID 103] Unloaded vertex array data from VRAM (GPU)
INFO: VAO: [ID 104] Unloaded vertex array data from VRAM (GPU)
INFO: VAO: [ID 105] Unloaded vertex array data from VRAM (GPU)
INFO: VAO: [ID 106] Unloaded vertex array data from VRAM (GPU)
INFO: VAO: [ID 107] Unloaded vertex array data from VRAM (GPU)
INFO: VAO: [ID 108] Unloaded vertex array data from VRAM (GPU)
INFO: VAO: [ID 109] Unloaded vertex array data from VRAM (GPU)
INFO: VAO: [ID 110] Unloaded vertex array data from VRAM (GPU)
INFO: VAO: [ID 111] Unloaded vertex array data from VRAM (GPU)
INFO: VAO: [ID 112] Unloaded vertex array data from VRAM (GPU)
INFO: VAO: [ID 113] Unloaded vertex array data from VRAM (GPU)
INFO: VAO: [ID 114] Unloaded vertex array data from VRAM (GPU)
INFO: VAO: [ID 115] Unloaded vertex array data from VRAM (GPU)
INFO: VAO: [ID 116] Unloaded vertex array data from VRAM (GPU)
INFO: VAO: [ID 117] Unloaded vertex array data from VRAM (GPU)
INFO: VAO: [ID 118] Unloaded vertex array data from VRAM (GPU)
INFO: VAO: [ID 119] Unloaded vertex array data from VRAM (GPU)
INFO: VAO: [ID 120] Unloaded vertex array data from VRAM (GPU)
INFO: VAO: [ID 121] Unloaded vertex array data from VRAM (GPU)
INFO: VAO: [ID 122] Unloaded vertex array data from VRAM (GPU)
INFO: VAO: [ID 123] Unloaded vertex array data from VRAM (GPU)
INFO: VAO: [ID 124] Unloaded vertex array data from VRAM (GPU)
INFO: VAO: [ID 125] Unloaded vertex array data from VRAM (GPU)
INFO: VAO: [ID 126] Unloaded vertex array data from VRAM (GPU)
INFO: VAO: [ID 127] Unloaded vertex array data from VRAM (GPU)
INFO: VAO: [ID 128] Unloaded vertex array data from VRAM (GPU)
INFO: VAO: [ID 129] Unloaded vertex array data from VRAM (GPU)
INFO: VAO: [ID 130] Unloaded vertex array data from VRAM (GPU)
INFO: VAO: [ID 131] Unloaded vertex array data from VRAM (GPU)
INFO: VAO: [ID 132] Unloaded vertex array data from VRAM (GPU)
INFO: VAO: [ID 133] Unloaded vertex array data from VRAM (GPU)
INFO: VAO: [ID 134] Unloaded vertex array data from VRAM (GPU)
INFO: VAO: [ID 135] Unloaded vertex array data from VRAM (GPU)
INFO: VAO: [ID 136] Unloaded vertex array data from VRAM (GPU)
INFO: VAO: [ID 137] Unloaded vertex array data from VRAM (GPU)
INFO: VAO: [ID 138] Unloaded vertex array data from VRAM (GPU)
INFO: VAO: [ID 139] Unloaded vertex array data from VRAM (GPU)
INFO: VAO: [ID 140] Unloaded vertex array data from VRAM (GPU)
INFO: VAO: [ID 141] Unloaded vertex array data from VRAM (GPU)
INFO: VAO: [ID 142] Unloaded vertex array data from VRAM (GPU)
INFO: VAO: [ID 143] Unloaded vertex array data from VRAM (GPU)
INFO: VAO: [ID 144] Unloaded vertex array data from VRAM (GPU)
INFO: VAO: [ID 145] Unloaded vertex array data from VRAM (GPU)
INFO: VAO: [ID 146] Unloaded vertex array data from VRAM (GPU)
INFO: VAO: [ID 147] Unloaded vertex array data from VRAM (GPU)
INFO: VAO: [ID 148] Unloaded vertex array data from VRAM (GPU)
INFO: VAO: [ID 149] Unloaded vertex array data from VRAM (GPU)
INFO: VAO: [ID 150] Unloaded vertex array data from VRAM (GPU)
INFO: VAO: [ID 151] Unloaded vertex array data from VRAM (GPU)
INFO: VAO: [ID 152] Unloaded vertex array data from VRAM (GPU)
INFO: VAO: [ID 153] Unloaded vertex array data from VRAM (GPU)
INFO: VAO: [ID 154] Unloaded vertex array data from VRAM (GPU)
INFO: VAO: [ID 155] Unloaded vertex array data from VRAM (GPU)
INFO: VAO: [ID 156] Unloaded vertex array data from VRAM (GPU)
INFO: VAO: [ID 157] Unloaded vertex array data from VRAM (GPU)
INFO: VAO: [ID 158] Unloaded vertex array data from VRAM (GPU)
INFO: VAO: [ID 159] Unloaded vertex array data from VRAM (GPU)
INFO: VAO: [ID 160] Unloaded vertex array data from VRAM (GPU)
INFO: VAO: [ID 161] Unloaded vertex array data from VRAM (GPU)
INFO: VAO: [ID 162] Unloaded vertex array data from VRAM (GPU)
INFO: VAO: [ID 163] Unloaded vertex array data from VRAM (GPU)
INFO: VAO: [ID 164] Unloaded vertex array data from VRAM (GPU)
INFO: VAO: [ID 165] Unloaded vertex array data from VRAM (GPU)
INFO: VAO: [ID 166] Unloaded vertex array data from VRAM (GPU)
INFO: VAO: [ID 167] Unloaded vertex array data from VRAM (GPU)
INFO: VAO: [ID 168] Unloaded vertex array data from VRAM (GPU)
INFO: VAO: [ID 169] Unloaded vertex array data from VRAM (GPU)
INFO: VAO: [ID 170] Unloaded vertex array data from VRAM (GPU)
INFO: VAO: [ID 171] Unloaded vertex array data from VRAM (GPU)
INFO: VAO: [ID 172] Unloaded vertex array data from VRAM (GPU)
INFO: VAO: [ID 173] Unloaded vertex array data from VRAM (GPU)
INFO: VAO: [ID 174] Unloaded vertex array data from VRAM (GPU)
INFO: VAO: [ID 175] Unloaded vertex array data from VRAM (GPU)
INFO: VAO: [ID 176] Unloaded vertex array data from VRAM (GPU)
INFO: VAO: [ID 177] Unloaded vertex array data from VRAM (GPU)
INFO: VAO: [ID 178] Unloaded vertex array data from VRAM (GPU)
INFO: VAO: [ID 179] Unloaded vertex array data from VRAM (GPU)
INFO: VAO: [ID 180] Unloaded vertex array data from VRAM (GPU)
INFO: VAO: [ID 181] Unloaded vertex array data from VRAM (GPU)
INFO: VAO: [ID 182] Unloaded vertex array data from VRAM (GPU)
INFO: VAO: [ID 183] Unloaded vertex array data from VRAM (GPU)
INFO: VAO: [ID 184] Unloaded vertex array data from VRAM (GPU)
INFO: VAO: [ID 185] Unloaded vertex array data from VRAM (GPU)
INFO: VAO: [ID 186] Unloaded vertex array data from VRAM (GPU)
INFO: VAO: [ID 187] Unloaded vertex array data from VRAM (GPU)
INFO: VAO: [ID 188] Unloaded vertex array data from VRAM (GPU)
INFO: VAO: [ID 189] Unloaded vertex array data from VRAM (GPU)
INFO: VAO: [ID 190] Unloaded vertex array data from VRAM (GPU)
INFO: VAO: [ID 191] Unloaded vertex array data from VRAM (GPU)
INFO: VAO: [ID 192] Unloaded vertex array data from VRAM (GPU)
INFO: VAO: [ID 193] Unloaded vertex array data from VRAM (GPU)
INFO: VAO: [ID 194] Unloaded vertex array data from VRAM (GPU)
INFO: VAO: [ID 195] Unloaded vertex array data from VRAM (GPU)
INFO: VAO: [ID 196] Unloaded vertex array data from VRAM (GPU)
INFO: VAO: [ID 197] Unloaded vertex array data from VRAM (GPU)
INFO: VAO: [ID 198] Unloaded vertex array data from VRAM (GPU)
INFO: VAO: [ID 199] Unloaded vertex array data from VRAM (GPU)
INFO: VAO: [ID 200] Unloaded vertex array data from VRAM (GPU)
INFO: VAO: [ID 201] Unloaded vertex array data from VRAM (GPU)
INFO: VAO: [ID 202] Unloaded vertex array data from VRAM (GPU)
INFO: VAO: [ID 203] Unloaded vertex array data from VRAM (GPU)
INFO: VAO: [ID 204] Unloaded vertex array data from VRAM (GPU)
INFO: VAO: [ID 205] Unloaded vertex array data from VRAM (GPU)
INFO: VAO: [ID 206] Unloaded vertex array data from VRAM (GPU)
INFO: VAO: [ID 207] Unloaded vertex array data from VRAM (GPU)
INFO: VAO: [ID 208] Unloaded vertex array data from VRAM (GPU)
INFO: VAO: [ID 209] Unloaded vertex array data from VRAM (GPU)
INFO: VAO: [ID 210] Unloaded vertex array data from VRAM (GPU)
INFO: VAO: [ID 211] Unloaded vertex array data from VRAM (GPU)
INFO: VAO: [ID 212] Unloaded vertex array data from VRAM (GPU)
INFO: VAO: [ID 213] Unloaded vertex array data from VRAM (GPU)
INFO: VAO: [ID 214] Unloaded vertex array data from VRAM (GPU)
INFO: VAO: [ID 215] Unloaded vertex array data from VRAM (GPU)
INFO: VAO: [ID 216] Unloaded vertex array data from VRAM (GPU)
INFO: VAO: [ID 217] Unloaded vertex array data from VRAM (GPU)
INFO: VAO: [ID 218] Unloaded vertex array data from VRAM (GPU)
INFO: VAO: [ID 219] Unloaded vertex array data from VRAM (GPU)
INFO: VAO: [ID 220] Unloaded vertex array data from VRAM (GPU)
INFO: VAO: [ID 221] Unloaded vertex array data from VRAM (GPU)
INFO: VAO: [ID 222] Unloaded vertex array data from VRAM (GPU)
INFO: VAO: [ID 223] Unloaded vertex array data from VRAM (GPU)
INFO: VAO: [ID 224] Unloaded vertex array data from VRAM (GPU)
INFO: VAO: [ID 225] Unloaded vertex array data from VRAM (GPU)
INFO: VAO: [ID 226] Unloaded vertex array data from VRAM (GPU)
INFO: VAO: [ID 227] Unloaded vertex array data from VRAM (GPU)
INFO: VAO: [ID 228] Unloaded vertex array data from VRAM (GPU)
INFO: VAO: [ID 229] Unloaded vertex array data from VRAM (GPU)
INFO: VAO: [ID 230] Unloaded vertex array data from VRAM (GPU)
INFO: VAO: [ID 231] Unloaded vertex array data from VRAM (GPU)
INFO: VAO: [ID 232] Unloaded vertex array data from VRAM (GPU)
INFO: VAO: [ID 233] Unloaded vertex array data from VRAM (GPU)
INFO: VAO: [ID 234] Unloaded vertex array data from VRAM (GPU)
INFO: VAO: [ID 235] Unloaded vertex array data from VRAM (GPU)
INFO: VAO: [ID 236] Unloaded vertex array data from VRAM (GPU)
INFO: VAO: [ID 237] Unloaded vertex array data from VRAM (GPU)
INFO: VAO: [ID 238] Unloaded vertex array data from VRAM (GPU)
INFO: VAO: [ID 239] Unloaded vertex array data from VRAM (GPU)
INFO: VAO: [ID 240] Unloaded vertex array data from VRAM (GPU)
INFO: VAO: [ID 241] Unloaded vertex array data from VRAM (GPU)
INFO: VAO: [ID 242] Unloaded vertex array data from VRAM (GPU)
INFO: VAO: [ID 243] Unloaded vertex array data from VRAM (GPU)
INFO: VAO: [ID 244] Unloaded vertex array data from VRAM (GPU)
INFO: VAO: [ID 245] Unloaded vertex array data from VRAM (GPU)
INFO: VAO: [ID 246] Unloaded vertex array data from VRAM (GPU)
INFO: VAO: [ID 247] Unloaded vertex array data from VRAM (GPU)
INFO: VAO: [ID 248] Unloaded vertex array data from VRAM (GPU)
INFO: VAO: [ID 249] Unloaded vertex array data from VRAM (GPU)
INFO: VAO: [ID 250] Unloaded vertex array data from VRAM (GPU)
INFO: VAO: [ID 251] Unloaded vertex array data from VRAM (GPU)
INFO: VAO: [ID 252] Unloaded vertex array data from VRAM (GPU)
INFO: VAO: [ID 253] Unloaded vertex array data from VRAM (GPU)
INFO: VAO: [ID 254] Unloaded vertex array data from VRAM (GPU)
INFO: VAO: [ID 255] Unloaded vertex array data from VRAM (GPU)
INFO: VAO: [ID 256] Unloaded vertex array data from VRAM (GPU)
INFO: VAO: [ID 257] Unloaded vertex array data from VRAM (GPU)
INFO: SHADER: [ID 0] Unloaded shader program data from VRAM (GPU)
INFO: SHADER: [ID 7] Unloaded shader program data from VRAM (GPU)
[INF][Engine] Unloading ModLoader contexts...
[INF][Engine] Disposing JobScheduler...
